https://herdofworship.bandcamp.com/album/-
https://herdofworship.bandcamp.com/album/c-the-many-things-a-day-may-have-contained
https://herdofworship.bandcamp.com/album/i-some-new-wheels-for-his-grin
https://herdofworship.bandcamp.com/album/ii-wasteful-trip-admirer
https://herdofworship.bandcamp.com/album/iii-you-cant-miss-a-forest-for-the-healed
https://herdofworship.bandcamp.com/album/iv-we-heed-the-basics-that-which-is-fully-formed-in-even-dirt
https://herdofworship.bandcamp.com/album/ix-the-ponds-left-by-said-precipitation-brought-all-these-once-thought-goners-to-be-honored
https://herdofworship.bandcamp.com/album/l-the-accomplishment-of-a-beautiful-dream
https://herdofworship.bandcamp.com/album/li-the-reward-of-virtue
https://herdofworship.bandcamp.com/album/lii-where-words-fail-music-speaks
https://herdofworship.bandcamp.com/album/liii-unless-he-be-willing-to-climb-a-little-himself
https://herdofworship.bandcamp.com/album/liv-in-celebration-of-tonights-delights
https://herdofworship.bandcamp.com/album/lix-jump-and-you-will-find-out-how-to-unfold-your-wings-as-you-fall
https://herdofworship.bandcamp.com/album/lv-to-the-looming-tune-of-pitch-black-skies
https://herdofworship.bandcamp.com/album/lvi-sorrow-alleviated-by-a-bath
https://herdofworship.bandcamp.com/album/lvii-and-sorry-i-could-not-travel-both
https://herdofworship.bandcamp.com/album/lviii-when-the-rock-was-hid-by-the-surges-swell
https://herdofworship.bandcamp.com/album/lx-home-is-the-bright-cave-under
https://herdofworship.bandcamp.com/album/lxi-youll-have-time-to-rest
https://herdofworship.bandcamp.com/album/lxii-and-thou-wilt-give-thyself-relief
https://herdofworship.bandcamp.com/album/lxiii-to-summon-up-courage-to-fulfill-dormant-dreams
https://herdofworship.bandcamp.com/album/lxiv-she-approaches-with-delicacy
https://herdofworship.bandcamp.com/album/lxix-the-weather-which-lends-itself-well-to-connections-untethered
https://herdofworship.bandcamp.com/album/lxv-the-ocean-is-a-central-image
https://herdofworship.bandcamp.com/album/lxvi-a-song-that-echoes-cheerly-from-the-river-winding-clearly
https://herdofworship.bandcamp.com/album/lxvii-stories-that-stir-with-an-upward-touch
https://herdofworship.bandcamp.com/album/lxviii-so-all-the-cracks-had-gathered-to-the-fray
https://herdofworship.bandcamp.com/album/lxx-something-there-is-that-doesnt-love-a-wall
https://herdofworship.bandcamp.com/album/lxxi-spring-is-the-mischief-in-me-and-i-wonder
https://herdofworship.bandcamp.com/album/lxxii-i-make-the-netted-sunbeam-dance
https://herdofworship.bandcamp.com/album/lxxiii-willows-whiten-aspens-quiver
https://herdofworship.bandcamp.com/album/lxxiv-a-natural-web-with-colors-gay
https://herdofworship.bandcamp.com/album/lxxix-i-spot-the-hills-with-yellow-balls-in-autumn
https://herdofworship.bandcamp.com/album/lxxv-from-the-river-winding-clearly-piling-sheaves-in-uplands-airy
https://herdofworship.bandcamp.com/album/lxxvi-have-glimpses-that-would-make-me-less-forlorn
https://herdofworship.bandcamp.com/album/lxxvii-they-are-not-long-the-weeping-and-the-laughter
https://herdofworship.bandcamp.com/album/lxxviii-catch-your-thoughts-and-hold-them-tightly
https://herdofworship.bandcamp.com/album/lxxx-cries-out-the-empty-well
https://herdofworship.bandcamp.com/album/lxxxi-weather-and-rain-have-undone-it-again
https://herdofworship.bandcamp.com/album/lxxxii-the-way-that-lovers-use-is-this
https://herdofworship.bandcamp.com/album/lxxxiii-going-to-him-happy-letter-tell-him
https://herdofworship.bandcamp.com/album/lxxxiv-only-this-one-is-so-small-so-small-and-unusual
https://herdofworship.bandcamp.com/album/lxxxix-cement-doesnt-give-as-much-as-snow
https://herdofworship.bandcamp.com/album/lxxxv-of-ordered-woods-and-gardens
https://herdofworship.bandcamp.com/album/lxxxvi-when-the-night-air-cools-on-the-trout-ringed-pools
https://herdofworship.bandcamp.com/album/lxxxvii-by-a-misty-fen-that-rang-all-night
https://herdofworship.bandcamp.com/album/lxxxviii-there-in-the-hush-of-the-wood-that-reposes
https://herdofworship.bandcamp.com/album/spore-1-the-first-21-26078s-22-24035e
https://herdofworship.bandcamp.com/album/spore-2-the-second-21-48408s-48-58011e
https://herdofworship.bandcamp.com/album/spore-3-the-third-75-39211s-53-25512e
https://herdofworship.bandcamp.com/album/spore-4-the-fourth-39-08009n-102-10497w
https://herdofworship.bandcamp.com/album/spore-5-the-fifth-18-01245s-58-31529w
https://herdofworship.bandcamp.com/album/spore-6-the-sixth-3-31326n-37-46105e
https://herdofworship.bandcamp.com/album/spore-7-the-seventh-40-06439n-122-28092e
https://herdofworship.bandcamp.com/album/spore-8-the-eighth-5-07141s-70-11361w
https://herdofworship.bandcamp.com/album/v-i-see-the-sky-for-all-its-worth-that-of-course-being-everything
https://herdofworship.bandcamp.com/album/vi-when-the-cavernous-come-calling-your-utmost-respect-is-always-warranted
https://herdofworship.bandcamp.com/album/vii-with-feathers-from-the-fountain-our-daily-replenishment-is-underway
https://herdofworship.bandcamp.com/album/viii-reaches-for-rain-fallen-from-the-top-graced-again-with-its-patter
https://herdofworship.bandcamp.com/album/x-where-the-rainbow-folds-my-hopes-follow
https://herdofworship.bandcamp.com/album/xc-the-fragrance-of-flowers-spreads-only-in-the-direction-of-the-wind
https://herdofworship.bandcamp.com/album/xci-a-wounded-deer-leaps-highest
https://herdofworship.bandcamp.com/album/xcii-and-knock-to-the-echoes-as-beggars-for-roses
https://herdofworship.bandcamp.com/album/xciii-it-does-it-does-change-in-more-water
https://herdofworship.bandcamp.com/album/xciv-such-as-these-have-lived-and-died
https://herdofworship.bandcamp.com/album/xcix-not-so-cold-some-snow-fell-i-went-inside-and-said-goodbye-to-mother
https://herdofworship.bandcamp.com/album/xcv-so-we-must-join-hands-in-the-dew-coming-coldly
https://herdofworship.bandcamp.com/album/xcvi-and-if-indeed-i-fail-at-least-to-know-the-worst-is-sweet
https://herdofworship.bandcamp.com/album/xcvii-how-sweet-unto-that-breast-to-cling
https://herdofworship.bandcamp.com/album/xcviii-this-sea-that-bares-her-bosom-to-the-moon
https://herdofworship.bandcamp.com/album/xi-notes-further-for-their-growth-gaining-new-nutrients-in-the-patience
https://herdofworship.bandcamp.com/album/xii-meetings-with-the-watchful-moon-and-all-its-light-provided
https://herdofworship.bandcamp.com/album/xiii-in-appreciation-of-all-progress-the-days-activities-mustnt-go-to-waste
https://herdofworship.bandcamp.com/album/xiv-for-the-knowledge-we-lack-is-merely-potential-untapped
https://herdofworship.bandcamp.com/album/xix-take-no-hammer-for-granted
https://herdofworship.bandcamp.com/album/xl-the-game-is-not-lost-or-won-until-the-last-bell-goes
https://herdofworship.bandcamp.com/album/xli-we-make-no-comparisons-between-right-and-wrong-stars-nor-between-well-and-badly-arranged-constellations
https://herdofworship.bandcamp.com/album/xlii-it-is-a-process-of-discovery
https://herdofworship.bandcamp.com/album/xliii-and-say-my-glory-was-i-had-such-friends
https://herdofworship.bandcamp.com/album/xliv-thats-why-we-call-it-the-present
https://herdofworship.bandcamp.com/album/xlix-woods-grave-in-the-river-this-mistake-will-never-again-be-made
https://herdofworship.bandcamp.com/album/xlv-there-is-no-place-more-uniquely-wonderful
https://herdofworship.bandcamp.com/album/xlvi-and-that-mushroom-which-has-blessed-the-world
https://herdofworship.bandcamp.com/album/xlvii-that-moment-will-spread-beyond-all-boundaries
https://herdofworship.bandcamp.com/album/xlviii-to-watch-his-woods-fill-up-with-snow
https://herdofworship.bandcamp.com/album/xv-irrespective-of-any-emotional-state-your-presence-is-always-welcome-in-this-landscape
https://herdofworship.bandcamp.com/album/xvi-with-breaches-of-containment-peace-is-always-eventually-regained
https://herdofworship.bandcamp.com/album/xvii-as-we-graze-in-greenest-pastures
https://herdofworship.bandcamp.com/album/xviii-boundaries-set-by-the-ground
https://herdofworship.bandcamp.com/album/xx-all-sand-is-sacred
https://herdofworship.bandcamp.com/album/xxi-with-what-you-make-of-everything-its-your-turn-to-create
https://herdofworship.bandcamp.com/album/xxii-better-methods-of-the-mark
https://herdofworship.bandcamp.com/album/xxiii-each-species-proves-to-be-a-crucial-piece-of-these-ecosystems
https://herdofworship.bandcamp.com/album/xxiv-seek-this-world-when-reflected
https://herdofworship.bandcamp.com/album/xxix-when-pleased-to-meet-lean-in-and-reconvene
https://herdofworship.bandcamp.com/album/xxv-as-the-forest-provides-a-necessary-level-of-solitude
https://herdofworship.bandcamp.com/album/xxvi-float-or-removal-of-pollution
https://herdofworship.bandcamp.com/album/xxvii-look-onward-and-recover-your-comradery
https://herdofworship.bandcamp.com/album/xxviii-calm-and-collected-yet-again-we-decompress
https://herdofworship.bandcamp.com/album/xxx-three-clean-keys-to-the-communal-upkeep
https://herdofworship.bandcamp.com/album/xxxi-invitations-received-by-the-best-of-feathered-friends
https://herdofworship.bandcamp.com/album/xxxii-top-of-the-crops-to-all-a-healer
https://herdofworship.bandcamp.com/album/xxxiii-a-light-wind-swept-over-the-corn-and-all-nature-laughed-in-the-sunshine
https://herdofworship.bandcamp.com/album/xxxiv-i-prefer-being-a-small-fish-in-a-big-pond
https://herdofworship.bandcamp.com/album/xxxix-together-we-are-an-ocean
https://herdofworship.bandcamp.com/album/xxxv-the-art-of-the-hole-and-the-lump
https://herdofworship.bandcamp.com/album/xxxvi-i-wish-to-swim-alongside-thee
https://herdofworship.bandcamp.com/album/xxxvii-over-every-mountain-there-is-a-path-although-it-may-not-be-seen-from-the-valley
https://herdofworship.bandcamp.com/album/xxxviii-a-leaf-of-grass-is-no-less-than-the-journey-work-of-the-stars
