https://cassetteartclassics.bandcamp.com/album/cause-and-effect-january-1985-catalog-aural-sampler
https://cassetteartclassics.bandcamp.com/album/cause-and-effect-may-1985-catalog-aural-sampler
https://causeandeffectk7.bandcamp.com/album/60-minutes-of-laughter
https://causeandeffectk7.bandcamp.com/album/a-whole-universe-of-horror-movies
https://causeandeffectk7.bandcamp.com/album/coffee-spleen-the-barking-dog
https://causeandeffectk7.bandcamp.com/album/swamp-patrol-84
https://causeandeffectk7.bandcamp.com/album/the-concrete-etendue
https://causeandeffectk7.bandcamp.com/album/who-is-this-one
https://causeandeffectk7.bandcamp.com/track/in-a-foreign-film
https://halmcgee.bandcamp.com/album/a-different-kind-of-music
https://halmcgee.bandcamp.com/album/a-fish-devoid-of-memory
https://halmcgee.bandcamp.com/album/an-organized-accident
https://halmcgee.bandcamp.com/album/black-body-2
https://halmcgee.bandcamp.com/album/brash-pussy
https://halmcgee.bandcamp.com/album/club-sandwiches
https://halmcgee.bandcamp.com/album/conduit
https://halmcgee.bandcamp.com/album/corroboree
https://halmcgee.bandcamp.com/album/devices-and-mechanisms
https://halmcgee.bandcamp.com/album/dog-food
https://halmcgee.bandcamp.com/album/five-feuilletons-outlined-in-red
https://halmcgee.bandcamp.com/album/get-in-the-action-sweat
https://halmcgee.bandcamp.com/album/green
https://halmcgee.bandcamp.com/album/hot-and-cold-2
https://halmcgee.bandcamp.com/album/incidental-vibrations-collection
https://halmcgee.bandcamp.com/album/joint-venture
https://halmcgee.bandcamp.com/album/live-in-memphis
https://halmcgee.bandcamp.com/album/live-in-toronto
https://halmcgee.bandcamp.com/album/no-specific-answer
https://halmcgee.bandcamp.com/album/painting
https://halmcgee.bandcamp.com/album/perverted-soundtracks
https://halmcgee.bandcamp.com/album/places-without-air
https://halmcgee.bandcamp.com/album/pure-torture
https://halmcgee.bandcamp.com/album/sacrifice-of-reason
https://halmcgee.bandcamp.com/album/sheets-of-cruelty
https://halmcgee.bandcamp.com/album/snot
https://halmcgee.bandcamp.com/album/the-splendor-live-in-pittsburgh
https://halmcgee.bandcamp.com/album/trompeur-et-sournois
https://halmcgee.bandcamp.com/album/untranslatable-symbolic-accidents-of-ceremony
https://halmcgee.bandcamp.com/album/weed
https://halmcgee.bandcamp.com/album/zaoum
https://halmcgee.bandcamp.com/track/invisible-shadows
