https://junkyardshaman.bandcamp.com/album/-
https://junkyardshaman.bandcamp.com/album/--10
https://junkyardshaman.bandcamp.com/album/--11
https://junkyardshaman.bandcamp.com/album/--12
https://junkyardshaman.bandcamp.com/album/--14
https://junkyardshaman.bandcamp.com/album/--15
https://junkyardshaman.bandcamp.com/album/--16
https://junkyardshaman.bandcamp.com/album/--17
https://junkyardshaman.bandcamp.com/album/--18
https://junkyardshaman.bandcamp.com/album/--19
https://junkyardshaman.bandcamp.com/album/--2
https://junkyardshaman.bandcamp.com/album/--20
https://junkyardshaman.bandcamp.com/album/--21
https://junkyardshaman.bandcamp.com/album/--22
https://junkyardshaman.bandcamp.com/album/--23
https://junkyardshaman.bandcamp.com/album/--24
https://junkyardshaman.bandcamp.com/album/--25
https://junkyardshaman.bandcamp.com/album/--26
https://junkyardshaman.bandcamp.com/album/--27
https://junkyardshaman.bandcamp.com/album/--28
https://junkyardshaman.bandcamp.com/album/--29
https://junkyardshaman.bandcamp.com/album/--3
https://junkyardshaman.bandcamp.com/album/--30
https://junkyardshaman.bandcamp.com/album/--31
https://junkyardshaman.bandcamp.com/album/--32
https://junkyardshaman.bandcamp.com/album/--33
https://junkyardshaman.bandcamp.com/album/--34
https://junkyardshaman.bandcamp.com/album/--35
https://junkyardshaman.bandcamp.com/album/--36
https://junkyardshaman.bandcamp.com/album/--37
https://junkyardshaman.bandcamp.com/album/--38
https://junkyardshaman.bandcamp.com/album/--39
https://junkyardshaman.bandcamp.com/album/--4
https://junkyardshaman.bandcamp.com/album/--40
https://junkyardshaman.bandcamp.com/album/--41
https://junkyardshaman.bandcamp.com/album/--42
https://junkyardshaman.bandcamp.com/album/--43
https://junkyardshaman.bandcamp.com/album/--44
https://junkyardshaman.bandcamp.com/album/--45
https://junkyardshaman.bandcamp.com/album/--46
https://junkyardshaman.bandcamp.com/album/--47
https://junkyardshaman.bandcamp.com/album/--48
https://junkyardshaman.bandcamp.com/album/--49
https://junkyardshaman.bandcamp.com/album/--5
https://junkyardshaman.bandcamp.com/album/--50
https://junkyardshaman.bandcamp.com/album/--51
https://junkyardshaman.bandcamp.com/album/--53
https://junkyardshaman.bandcamp.com/album/--54
https://junkyardshaman.bandcamp.com/album/--55
https://junkyardshaman.bandcamp.com/album/--56
https://junkyardshaman.bandcamp.com/album/--57
https://junkyardshaman.bandcamp.com/album/--58
https://junkyardshaman.bandcamp.com/album/--59
https://junkyardshaman.bandcamp.com/album/--6
https://junkyardshaman.bandcamp.com/album/--60
https://junkyardshaman.bandcamp.com/album/--61
https://junkyardshaman.bandcamp.com/album/--62
https://junkyardshaman.bandcamp.com/album/--63
https://junkyardshaman.bandcamp.com/album/--64
https://junkyardshaman.bandcamp.com/album/--66
https://junkyardshaman.bandcamp.com/album/--67
https://junkyardshaman.bandcamp.com/album/--68
https://junkyardshaman.bandcamp.com/album/--69
https://junkyardshaman.bandcamp.com/album/--7
https://junkyardshaman.bandcamp.com/album/--70
https://junkyardshaman.bandcamp.com/album/--71
https://junkyardshaman.bandcamp.com/album/--72
https://junkyardshaman.bandcamp.com/album/--73
https://junkyardshaman.bandcamp.com/album/--8
https://junkyardshaman.bandcamp.com/album/--9
https://junkyardshaman.bandcamp.com/album/10-000-breaths-2
https://junkyardshaman.bandcamp.com/album/6
https://junkyardshaman.bandcamp.com/album/a-bed-for-a-ghost
https://junkyardshaman.bandcamp.com/album/a-bird-who-flew-out-of-the-sky
https://junkyardshaman.bandcamp.com/album/a-clay-ox-enters-the-sea
https://junkyardshaman.bandcamp.com/album/a-god-who-disappeared-into-a-smile
https://junkyardshaman.bandcamp.com/album/a-page-from-a-diary-of-the-21st-century-hermit
https://junkyardshaman.bandcamp.com/album/a-poem-without-words
https://junkyardshaman.bandcamp.com/album/absent
https://junkyardshaman.bandcamp.com/album/afterglow
https://junkyardshaman.bandcamp.com/album/all-rivers-run-up-towards-hell
https://junkyardshaman.bandcamp.com/album/amplified-silence
https://junkyardshaman.bandcamp.com/album/amplified-zazen
https://junkyardshaman.bandcamp.com/album/as-the-flower-opens
https://junkyardshaman.bandcamp.com/album/as-the-light-grows-brighter
https://junkyardshaman.bandcamp.com/album/as-the-shadows-grow-my-own-dissolves
https://junkyardshaman.bandcamp.com/album/away
https://junkyardshaman.bandcamp.com/album/blacklight
https://junkyardshaman.bandcamp.com/album/bliss
https://junkyardshaman.bandcamp.com/album/bone-music
https://junkyardshaman.bandcamp.com/album/bones
https://junkyardshaman.bandcamp.com/album/burn-down-the-sky
https://junkyardshaman.bandcamp.com/album/burnt-to-ashes
https://junkyardshaman.bandcamp.com/album/caught-in-the-light
https://junkyardshaman.bandcamp.com/album/circles-of-death
https://junkyardshaman.bandcamp.com/album/circular-breathing-underwater
https://junkyardshaman.bandcamp.com/album/city-of-dead-rats
https://junkyardshaman.bandcamp.com/album/colorless-mind
https://junkyardshaman.bandcamp.com/album/comment-cest
https://junkyardshaman.bandcamp.com/album/creation-of-the-new-flesh
https://junkyardshaman.bandcamp.com/album/crowd-pleaser
https://junkyardshaman.bandcamp.com/album/dada-bones
https://junkyardshaman.bandcamp.com/album/darkness-infused-in-light-the-spiral
https://junkyardshaman.bandcamp.com/album/death-meditations
https://junkyardshaman.bandcamp.com/album/desert-of-delay
https://junkyardshaman.bandcamp.com/album/desert-trip
https://junkyardshaman.bandcamp.com/album/destination-nowhere
https://junkyardshaman.bandcamp.com/album/disappearance-reappearance
https://junkyardshaman.bandcamp.com/album/disappearing
https://junkyardshaman.bandcamp.com/album/disintegrating
https://junkyardshaman.bandcamp.com/album/distance
https://junkyardshaman.bandcamp.com/album/dokk-d-the-path-of-aloneness
https://junkyardshaman.bandcamp.com/album/doomed-experiment
https://junkyardshaman.bandcamp.com/album/dreadlock-junkie-funk
https://junkyardshaman.bandcamp.com/album/drifter
https://junkyardshaman.bandcamp.com/album/drones-from-a-surrounded-room
https://junkyardshaman.bandcamp.com/album/echoing-bones
https://junkyardshaman.bandcamp.com/album/el-v-n-tajunnan-laidalla
https://junkyardshaman.bandcamp.com/album/emotional-distancing-music
https://junkyardshaman.bandcamp.com/album/empty
https://junkyardshaman.bandcamp.com/album/empty-bell
https://junkyardshaman.bandcamp.com/album/ethereal
https://junkyardshaman.bandcamp.com/album/evaporating-cities
https://junkyardshaman.bandcamp.com/album/exhausted
https://junkyardshaman.bandcamp.com/album/february-experimental-album-writing-month
https://junkyardshaman.bandcamp.com/album/flesh-consciousness
https://junkyardshaman.bandcamp.com/album/flesh-hole
https://junkyardshaman.bandcamp.com/album/floating-dreams
https://junkyardshaman.bandcamp.com/album/fluttering-in-the-wind-i-heard-the-darkness-coming
https://junkyardshaman.bandcamp.com/album/for-beckett
https://junkyardshaman.bandcamp.com/album/gentle-sunday-blues
https://junkyardshaman.bandcamp.com/album/get-the-f-k-out-of-my-desert
https://junkyardshaman.bandcamp.com/album/grief-machine
https://junkyardshaman.bandcamp.com/album/h-m-h-kit-kehr-siv-t-unta-kalloissaan
https://junkyardshaman.bandcamp.com/album/haihtuma
https://junkyardshaman.bandcamp.com/album/hesitations-in-b
https://junkyardshaman.bandcamp.com/album/houses-of-blues
https://junkyardshaman.bandcamp.com/album/houses-of-healing-2
https://junkyardshaman.bandcamp.com/album/houses-of-voodoo
https://junkyardshaman.bandcamp.com/album/houses-of-voodoo-ii
https://junkyardshaman.bandcamp.com/album/houses-of-voodoo-iii
https://junkyardshaman.bandcamp.com/album/houses-of-zen
https://junkyardshaman.bandcamp.com/album/how-the-sad-winds-bent-the-weeds-as-the-winter-howled-in-the-night
https://junkyardshaman.bandcamp.com/album/i-am-full-of-love-i-regret-nothing
https://junkyardshaman.bandcamp.com/album/i-exist
https://junkyardshaman.bandcamp.com/album/i-hope-ill-get-better-but-im-not-holding-my-breath
https://junkyardshaman.bandcamp.com/album/i-love-the-silence-that-you-make
https://junkyardshaman.bandcamp.com/album/i-was-never-anywhere
https://junkyardshaman.bandcamp.com/album/in-a-desolate-landscape
https://junkyardshaman.bandcamp.com/album/in-a-semi-mental-mood
https://junkyardshaman.bandcamp.com/album/in-the-endless-wastelands-of-no-self
https://junkyardshaman.bandcamp.com/album/isolation
https://junkyardshaman.bandcamp.com/album/junk-collage-1
https://junkyardshaman.bandcamp.com/album/junk-collage-2
https://junkyardshaman.bandcamp.com/album/junk-loops
https://junkyardshaman.bandcamp.com/album/junk-loops-2
https://junkyardshaman.bandcamp.com/album/junk-loops-4
https://junkyardshaman.bandcamp.com/album/junk-loops-for-an-amplified-typewriter
https://junkyardshaman.bandcamp.com/album/junk-love
https://junkyardshaman.bandcamp.com/album/junk-magic
https://junkyardshaman.bandcamp.com/album/junk-soul-blues
https://junkyardshaman.bandcamp.com/album/junk-spare-parts
https://junkyardshaman.bandcamp.com/album/junk-spare-parts-2
https://junkyardshaman.bandcamp.com/album/junkyard-of-unseen-dreams
https://junkyardshaman.bandcamp.com/album/kaijurnus
https://junkyardshaman.bandcamp.com/album/kaikkeus
https://junkyardshaman.bandcamp.com/album/kalmio
https://junkyardshaman.bandcamp.com/album/katkos
https://junkyardshaman.bandcamp.com/album/killing-gods-with-a-hammer
https://junkyardshaman.bandcamp.com/album/kirahtaja
https://junkyardshaman.bandcamp.com/album/kuinka-kiveksi-tullaan
https://junkyardshaman.bandcamp.com/album/kujo-dada
https://junkyardshaman.bandcamp.com/album/kuoleman-verho
https://junkyardshaman.bandcamp.com/album/kuolleet-etanat
https://junkyardshaman.bandcamp.com/album/late-night-meditations
https://junkyardshaman.bandcamp.com/album/learning-to-be-silent
https://junkyardshaman.bandcamp.com/album/libe-ra
https://junkyardshaman.bandcamp.com/album/light-infused-in-darkness-the-twisting-pyramid
https://junkyardshaman.bandcamp.com/album/like-a-light-leaking-through-the-leaves
https://junkyardshaman.bandcamp.com/album/like-rain
https://junkyardshaman.bandcamp.com/album/live-at-nowhere-never
https://junkyardshaman.bandcamp.com/album/live-experimentations-at-cafe-mascot
https://junkyardshaman.bandcamp.com/album/live-experimentations-at-semifinaali
https://junkyardshaman.bandcamp.com/album/live-experimentations-at-torvi
https://junkyardshaman.bandcamp.com/album/live-experimentations-at-vastavirta
https://junkyardshaman.bandcamp.com/album/living-in-the-world-of-hungry-ghosts
https://junkyardshaman.bandcamp.com/album/living-transmission
https://junkyardshaman.bandcamp.com/album/lopun-ajan-kansan-lauluja
https://junkyardshaman.bandcamp.com/album/lost-mind
https://junkyardshaman.bandcamp.com/album/lotus-out-of-the-sludge
https://junkyardshaman.bandcamp.com/album/love-is-a-prison
https://junkyardshaman.bandcamp.com/album/lucid-dreams
https://junkyardshaman.bandcamp.com/album/lumen-maa
https://junkyardshaman.bandcamp.com/album/lysergic-synaesthesia-demonstration
https://junkyardshaman.bandcamp.com/album/manan-majat
https://junkyardshaman.bandcamp.com/album/marras
https://junkyardshaman.bandcamp.com/album/materia
https://junkyardshaman.bandcamp.com/album/meditations
https://junkyardshaman.bandcamp.com/album/meditations-for-junk-guitar
https://junkyardshaman.bandcamp.com/album/meditations-for-piano-dish-washer
https://junkyardshaman.bandcamp.com/album/meditations-for-rain-shakuhachi-and-a-construction-site
https://junkyardshaman.bandcamp.com/album/medronetations
https://junkyardshaman.bandcamp.com/album/melancholist
https://junkyardshaman.bandcamp.com/album/melting-a-hole-in-the-sky
https://junkyardshaman.bandcamp.com/album/moonflower
https://junkyardshaman.bandcamp.com/album/mountain-path
https://junkyardshaman.bandcamp.com/album/mudpeople
https://junkyardshaman.bandcamp.com/album/music-for-burning-cars
https://junkyardshaman.bandcamp.com/album/music-for-burning-houses
https://junkyardshaman.bandcamp.com/album/music-for-sinking-submarines
https://junkyardshaman.bandcamp.com/album/music-for-the-observation-tree
https://junkyardshaman.bandcamp.com/album/neva
https://junkyardshaman.bandcamp.com/album/night-flowers
https://junkyardshaman.bandcamp.com/album/no-ignorance
https://junkyardshaman.bandcamp.com/album/nocturnal-delights
https://junkyardshaman.bandcamp.com/album/nocturnal-delights-2
https://junkyardshaman.bandcamp.com/album/nocturnal-delights-3
https://junkyardshaman.bandcamp.com/album/noise-eater
https://junkyardshaman.bandcamp.com/album/nontransient
https://junkyardshaman.bandcamp.com/album/not-there
https://junkyardshaman.bandcamp.com/album/not-this
https://junkyardshaman.bandcamp.com/album/o
https://junkyardshaman.bandcamp.com/album/old-junk
https://junkyardshaman.bandcamp.com/album/old-world-new-people
https://junkyardshaman.bandcamp.com/album/out-of-body-experience
https://junkyardshaman.bandcamp.com/album/outo-piiri-ii-2
https://junkyardshaman.bandcamp.com/album/phantoms-of-the-future-events-imprinted-in-the-past-collapsing-all-around-the-empty-spaces-i-used-to-call-my-mind-but-no-longer-recognize
https://junkyardshaman.bandcamp.com/album/pour-rien
https://junkyardshaman.bandcamp.com/album/radavarsi
https://junkyardshaman.bandcamp.com/album/radio-dead-air
https://junkyardshaman.bandcamp.com/album/redistribution-of-energy
https://junkyardshaman.bandcamp.com/album/remaining-light-2
https://junkyardshaman.bandcamp.com/album/resonations-in-b
https://junkyardshaman.bandcamp.com/album/riitti
https://junkyardshaman.bandcamp.com/album/romuhypnoosi
https://junkyardshaman.bandcamp.com/album/ruostuva-maailma-palava-mieli
https://junkyardshaman.bandcamp.com/album/rust-meditations
https://junkyardshaman.bandcamp.com/album/rust-meditations-ii
https://junkyardshaman.bandcamp.com/album/rusty-november-blues
https://junkyardshaman.bandcamp.com/album/saatana-saa-aina-omansa
https://junkyardshaman.bandcamp.com/album/sapphire-haze-purple-glow
https://junkyardshaman.bandcamp.com/album/seasons-in-the-sky
https://junkyardshaman.bandcamp.com/album/seep
https://junkyardshaman.bandcamp.com/album/shortcuts
https://junkyardshaman.bandcamp.com/album/silence-at-last
https://junkyardshaman.bandcamp.com/album/silence-then-pause
https://junkyardshaman.bandcamp.com/album/simple-songs-from-the-mouth-of-a-dog-2
https://junkyardshaman.bandcamp.com/album/slow-disintegration-blues
https://junkyardshaman.bandcamp.com/album/solitude
https://junkyardshaman.bandcamp.com/album/some-things-you-just-need-to-get-off-your-chest
https://junkyardshaman.bandcamp.com/album/sometimes-in-my-dreams
https://junkyardshaman.bandcamp.com/album/songs-for-nothing
https://junkyardshaman.bandcamp.com/album/songs-for-the-old-chestnut-tree
https://junkyardshaman.bandcamp.com/album/songs-for-the-trees
https://junkyardshaman.bandcamp.com/album/soul-deconstruction-site
https://junkyardshaman.bandcamp.com/album/soul-distortion-blues
https://junkyardshaman.bandcamp.com/album/sound-of-a-thousand-donkeys-braying
https://junkyardshaman.bandcamp.com/album/sounds-of-a-world-collapsing
https://junkyardshaman.bandcamp.com/album/sounds-of-a-world-crumbling-down
https://junkyardshaman.bandcamp.com/album/sounds-of-the-abandoned-world
https://junkyardshaman.bandcamp.com/album/soundtrack-for-drowning
https://junkyardshaman.bandcamp.com/album/standing-at-the-end-of-time
https://junkyardshaman.bandcamp.com/album/strange-loops
https://junkyardshaman.bandcamp.com/album/studies-on-silence
https://junkyardshaman.bandcamp.com/album/suljetut-keh-t
https://junkyardshaman.bandcamp.com/album/sunflower
https://junkyardshaman.bandcamp.com/album/sunnuntailauluja
https://junkyardshaman.bandcamp.com/album/sunroot
https://junkyardshaman.bandcamp.com/album/syntethic-satori
https://junkyardshaman.bandcamp.com/album/syyt
https://junkyardshaman.bandcamp.com/album/temples-of-echo
https://junkyardshaman.bandcamp.com/album/the-best-at-murder-are-those-who-preach-against-it
https://junkyardshaman.bandcamp.com/album/the-bleak-blue-light
https://junkyardshaman.bandcamp.com/album/the-devil-the-deep-blue-river
https://junkyardshaman.bandcamp.com/album/the-floating-moon
https://junkyardshaman.bandcamp.com/album/the-great-wave
https://junkyardshaman.bandcamp.com/album/the-hand-of-death-cant-reach-this-far-ill-disappear-into-the-sky
https://junkyardshaman.bandcamp.com/album/the-hermit-and-the-sea
https://junkyardshaman.bandcamp.com/album/the-holy-mountain-pt-1-that-which-always-remains-unseen-and-eternally-evades-the-logical-mind
https://junkyardshaman.bandcamp.com/album/the-holy-mountain-pt-2
https://junkyardshaman.bandcamp.com/album/the-last-night-on-earth
https://junkyardshaman.bandcamp.com/album/the-poetry-of-flesh-and-rust
https://junkyardshaman.bandcamp.com/album/the-sky-is-there-for-the-birds-to-fall-from
https://junkyardshaman.bandcamp.com/album/the-unborn
https://junkyardshaman.bandcamp.com/album/the-universe-is-dead
https://junkyardshaman.bandcamp.com/album/the-valley-of-magnolias
https://junkyardshaman.bandcamp.com/album/there-is-no-up
https://junkyardshaman.bandcamp.com/album/theres-a-fire-escape-in-the-sky
https://junkyardshaman.bandcamp.com/album/theres-a-voice-without-a-mouth
https://junkyardshaman.bandcamp.com/album/theres-a-way-out-somewhere
https://junkyardshaman.bandcamp.com/album/theres-no-place-like-gone
https://junkyardshaman.bandcamp.com/album/this-dancing-flower-i-hide-inside-my-heart
https://junkyardshaman.bandcamp.com/album/torn-apart
https://junkyardshaman.bandcamp.com/album/tyhj-taivas
https://junkyardshaman.bandcamp.com/album/uni
https://junkyardshaman.bandcamp.com/album/unnamed
https://junkyardshaman.bandcamp.com/album/unwanted-songs
https://junkyardshaman.bandcamp.com/album/vacant-bodies-absent-minds
https://junkyardshaman.bandcamp.com/album/vaikerrus
https://junkyardshaman.bandcamp.com/album/vihre-t-kalat
https://junkyardshaman.bandcamp.com/album/viimeiset-sanat
https://junkyardshaman.bandcamp.com/album/vomiting-elbow-other-strange-tales
https://junkyardshaman.bandcamp.com/album/voodoo-in-c-minor
https://junkyardshaman.bandcamp.com/album/vorkistus
https://junkyardshaman.bandcamp.com/album/we-become-our-own-ghosts-the-second-iteration-of-the-ghost-i-used-to-be
https://junkyardshaman.bandcamp.com/album/what-if-we-both-are-just-somebody-elses-dream
