https://aversiontoreality.bandcamp.com/album/22-massages
https://aversiontoreality.bandcamp.com/album/almost-october
https://aversiontoreality.bandcamp.com/album/caramelized-mosquito-head
https://aversiontoreality.bandcamp.com/album/coma-zone
https://aversiontoreality.bandcamp.com/album/ectobra-n
https://aversiontoreality.bandcamp.com/album/extracts-from-the-present-and-past
https://aversiontoreality.bandcamp.com/album/fishy-leftfoot
https://aversiontoreality.bandcamp.com/album/fizzled-fantasy
https://aversiontoreality.bandcamp.com/album/floaters
https://aversiontoreality.bandcamp.com/album/grumblers-park
https://aversiontoreality.bandcamp.com/album/happy-in-our-netherworld
https://aversiontoreality.bandcamp.com/album/i-heard-him
https://aversiontoreality.bandcamp.com/album/lurking-under-glass-tables
https://aversiontoreality.bandcamp.com/album/machines-by-nature
https://aversiontoreality.bandcamp.com/album/mass-mongrels
https://aversiontoreality.bandcamp.com/album/muckazonez
https://aversiontoreality.bandcamp.com/album/procrastinoise-an-electronic-cottage-compilation
https://aversiontoreality.bandcamp.com/album/re-flex
https://aversiontoreality.bandcamp.com/album/remnants
https://aversiontoreality.bandcamp.com/album/see-the-reflection
https://aversiontoreality.bandcamp.com/album/skipping-the-parade
https://aversiontoreality.bandcamp.com/album/sliding-unsteadily
https://aversiontoreality.bandcamp.com/album/someone-elses-fantasy-world
https://aversiontoreality.bandcamp.com/album/sprinting-in-muck
https://aversiontoreality.bandcamp.com/album/swell-singles
https://aversiontoreality.bandcamp.com/album/swell-singles-2
https://aversiontoreality.bandcamp.com/album/the-meanest-gag
https://aversiontoreality.bandcamp.com/album/thud-direction
https://aversiontoreality.bandcamp.com/album/time-for-dinner-bed-23
https://aversiontoreality.bandcamp.com/album/too-many-roaches
https://aversiontoreality.bandcamp.com/album/triggers-4-u
https://aversiontoreality.bandcamp.com/album/wixked-wind
https://aversiontoreality.bandcamp.com/track/atr-2019
https://aversiontoreality.bandcamp.com/track/buy-one-minute-for-1-get-another-minute-free
https://aversiontoreality.bandcamp.com/track/droney-drawers
https://aversiontoreality.bandcamp.com/track/end-of-season
https://aversiontoreality.bandcamp.com/track/feasting-on-nightstalkers
https://aversiontoreality.bandcamp.com/track/goodbye-shorty
https://aversiontoreality.bandcamp.com/track/luvmusik
https://aversiontoreality.bandcamp.com/track/plays-hal-mcgee
https://aversiontoreality.bandcamp.com/track/regurgitations
https://aversiontoreality.bandcamp.com/track/saturday-afternoon-special
https://aversiontoreality.bandcamp.com/track/stop-all-wars
https://aversiontoreality.bandcamp.com/track/this-is-not-a-drone
