https://astro-hasegawa.bandcamp.com/album/acid-beach
https://astro-hasegawa.bandcamp.com/album/acid-safari
https://astro-hasegawa.bandcamp.com/album/astral-orange-sunshine-2
https://astro-hasegawa.bandcamp.com/album/astromero-2
https://astro-hasegawa.bandcamp.com/album/bio-galaxy
https://astro-hasegawa.bandcamp.com/album/black-bloody-cosmos
https://astro-hasegawa.bandcamp.com/album/black-hallucination
https://astro-hasegawa.bandcamp.com/album/blood-relationship
https://astro-hasegawa.bandcamp.com/album/compilation-album-vol-1
https://astro-hasegawa.bandcamp.com/album/compilation-album-vol-2
https://astro-hasegawa.bandcamp.com/album/compilation-album-vol-3
https://astro-hasegawa.bandcamp.com/album/compilation-album-vol-4
https://astro-hasegawa.bandcamp.com/album/cosmic-mosque-on-the-magical-mountain-top
https://astro-hasegawa.bandcamp.com/album/cosmic-mosque-on-the-magical-mountain-top-2
https://astro-hasegawa.bandcamp.com/album/cruel-street-goddess-higher-than-mountain-heaven
https://astro-hasegawa.bandcamp.com/album/darkness-dynamics-complete-version
https://astro-hasegawa.bandcamp.com/album/dawn-mission
https://astro-hasegawa.bandcamp.com/album/deer-heads-magic
https://astro-hasegawa.bandcamp.com/album/deformation-receiver
https://astro-hasegawa.bandcamp.com/album/devils-come-true
https://astro-hasegawa.bandcamp.com/album/endophasia-experiment-i
https://astro-hasegawa.bandcamp.com/album/five-meditations-on-melancholy
https://astro-hasegawa.bandcamp.com/album/fracture-composition
https://astro-hasegawa.bandcamp.com/album/gas
https://astro-hasegawa.bandcamp.com/album/idioblast
https://astro-hasegawa.bandcamp.com/album/japanese-royal-blue
https://astro-hasegawa.bandcamp.com/album/live-at-borealis-festival
https://astro-hasegawa.bandcamp.com/album/live-at-muryoku-muzen-temple
https://astro-hasegawa.bandcamp.com/album/mesomorphic-phase
https://astro-hasegawa.bandcamp.com/album/microphone-feedback-manipulation-prague-autumn
https://astro-hasegawa.bandcamp.com/album/motorcycle-fuck-with-the-ghost-rider
https://astro-hasegawa.bandcamp.com/album/mud-wasp
https://astro-hasegawa.bandcamp.com/album/necromancy
https://astro-hasegawa.bandcamp.com/album/never-ending-story-of-noise-forest
https://astro-hasegawa.bandcamp.com/album/perpetual-motion
https://astro-hasegawa.bandcamp.com/album/personal-morning-mists
https://astro-hasegawa.bandcamp.com/album/resonance-universe
https://astro-hasegawa.bandcamp.com/album/sanzagaike
https://astro-hasegawa.bandcamp.com/album/scone-stone
https://astro-hasegawa.bandcamp.com/album/shell-star-spica
https://astro-hasegawa.bandcamp.com/album/strata
https://astro-hasegawa.bandcamp.com/album/studio-and-live
https://astro-hasegawa.bandcamp.com/album/synthetic-spectra
https://astro-hasegawa.bandcamp.com/album/the-depth-of-a-death
https://astro-hasegawa.bandcamp.com/album/the-echo-from-the-purple-dawn
https://astro-hasegawa.bandcamp.com/album/time-blend
https://astro-hasegawa.bandcamp.com/track/a-story-of-the-labyrinth
https://astro-hasegawa.bandcamp.com/track/ambivalent-ambits
https://astro-hasegawa.bandcamp.com/track/bring-me-to-brain-yard
https://astro-hasegawa.bandcamp.com/track/conspiracy-catastrophe
https://astro-hasegawa.bandcamp.com/track/doku-ja
https://astro-hasegawa.bandcamp.com/track/kiyoshima-apartment
https://astro-hasegawa.bandcamp.com/track/live-at-fete-dela-wsk-in-philippine
https://astro-hasegawa.bandcamp.com/track/live-at-sonique-in-lyon-09-04-2009
https://astro-hasegawa.bandcamp.com/track/missing-reincarnation
https://astro-hasegawa.bandcamp.com/track/radiation-no-9
https://astro-hasegawa.bandcamp.com/track/silver-crystal-dream-machine
https://astro-hasegawa.bandcamp.com/track/sounds-for-unconsciousness-behavior
https://astro-hasegawa.bandcamp.com/track/subconscious-particles
https://astro-hasegawa.bandcamp.com/track/the-gods-of-noise-forest
https://astro-hasegawa.bandcamp.com/track/the-omen-of-transformation
https://astro-hasegawa.bandcamp.com/track/unconditional-surrender
