https://albaecstasy.bandcamp.com/album/1975-2003
https://albaecstasy.bandcamp.com/album/a-classic-move
https://albaecstasy.bandcamp.com/album/a-moon-story
https://albaecstasy.bandcamp.com/album/albastru-infinit-vol-1
https://albaecstasy.bandcamp.com/album/albastru-infinit-vol-2
https://albaecstasy.bandcamp.com/album/albastru-infinit-vol-3
https://albaecstasy.bandcamp.com/album/albastru-infinit-vol-4
https://albaecstasy.bandcamp.com/album/albastru-infinit-vol-5
https://albaecstasy.bandcamp.com/album/albastru-infinit-vol-6
https://albaecstasy.bandcamp.com/album/archangels-2013
https://albaecstasy.bandcamp.com/album/bedtime-stories
https://albaecstasy.bandcamp.com/album/before-the-big-bang
https://albaecstasy.bandcamp.com/album/behind-the-horizon-line
https://albaecstasy.bandcamp.com/album/bergenon
https://albaecstasy.bandcamp.com/album/berlin-school-poetry
https://albaecstasy.bandcamp.com/album/berlin-school-reveries-vol-1
https://albaecstasy.bandcamp.com/album/berlin-school-reveries-vol-2
https://albaecstasy.bandcamp.com/album/berlin-shades
https://albaecstasy.bandcamp.com/album/bionic-memories-2017
https://albaecstasy.bandcamp.com/album/black-velvet-vol-1
https://albaecstasy.bandcamp.com/album/breathing
https://albaecstasy.bandcamp.com/album/consequences
https://albaecstasy.bandcamp.com/album/d-mmerlicht
https://albaecstasy.bandcamp.com/album/dawns
https://albaecstasy.bandcamp.com/album/day-of-the-sun-the-lost-equinox
https://albaecstasy.bandcamp.com/album/dezbrac-te-de-trecut-ost
https://albaecstasy.bandcamp.com/album/digital-meditation
https://albaecstasy.bandcamp.com/album/earth-to-space
https://albaecstasy.bandcamp.com/album/echoes-of-silence-2010
https://albaecstasy.bandcamp.com/album/electric-night-memories-2010
https://albaecstasy.bandcamp.com/album/elements-2013
https://albaecstasy.bandcamp.com/album/endless-space
https://albaecstasy.bandcamp.com/album/endless-time
https://albaecstasy.bandcamp.com/album/entity
https://albaecstasy.bandcamp.com/album/euphony-remastered-2023
https://albaecstasy.bandcamp.com/album/focus
https://albaecstasy.bandcamp.com/album/from-mars-to-jupiter-vol-1-2019
https://albaecstasy.bandcamp.com/album/from-mars-to-jupiter-vol-2-2020
https://albaecstasy.bandcamp.com/album/from-mars-to-jupiter-vol-3
https://albaecstasy.bandcamp.com/album/frozen-thoughts-2019
https://albaecstasy.bandcamp.com/album/hypnos-touch
https://albaecstasy.bandcamp.com/album/hypothesis
https://albaecstasy.bandcamp.com/album/i-am
https://albaecstasy.bandcamp.com/album/ideity
https://albaecstasy.bandcamp.com/album/imaginary-waves
https://albaecstasy.bandcamp.com/album/immersion-into-the-dead-sea
https://albaecstasy.bandcamp.com/album/imminent
https://albaecstasy.bandcamp.com/album/impetus-music
https://albaecstasy.bandcamp.com/album/indigo-iridium-and-the-cosmic-tree
https://albaecstasy.bandcamp.com/album/inside-outside-2014
https://albaecstasy.bandcamp.com/album/invisible-caves
https://albaecstasy.bandcamp.com/album/journey-to-the-edge-of-the-universe-vol-1
https://albaecstasy.bandcamp.com/album/journey-to-the-edge-of-the-universe-vol-2
https://albaecstasy.bandcamp.com/album/journey-to-the-edge-of-the-universe-vol-3
https://albaecstasy.bandcamp.com/album/letters-to-charon
https://albaecstasy.bandcamp.com/album/life-on-jupiter-2012
https://albaecstasy.bandcamp.com/album/mahabhuta
https://albaecstasy.bandcamp.com/album/night-sky
https://albaecstasy.bandcamp.com/album/nodes-vol-1
https://albaecstasy.bandcamp.com/album/nodes-vol-2
https://albaecstasy.bandcamp.com/album/nodes-vol-3
https://albaecstasy.bandcamp.com/album/nodes-vol-4
https://albaecstasy.bandcamp.com/album/over-the-clouds
https://albaecstasy.bandcamp.com/album/prelude-to-space
https://albaecstasy.bandcamp.com/album/quantum-principles
https://albaecstasy.bandcamp.com/album/quiet-saturdays-vol-1
https://albaecstasy.bandcamp.com/album/quiet-saturdays-vol-2
https://albaecstasy.bandcamp.com/album/quiet-saturdays-vol-3
https://albaecstasy.bandcamp.com/album/quiet-saturdays-vol-4
https://albaecstasy.bandcamp.com/album/quiet-saturdays-vol-5
https://albaecstasy.bandcamp.com/album/quiet-saturdays-vol-6
https://albaecstasy.bandcamp.com/album/quiet-saturdays-vol-7
https://albaecstasy.bandcamp.com/album/quiet-saturdays-vol-8
https://albaecstasy.bandcamp.com/album/quiet-saturdays-vol-9
https://albaecstasy.bandcamp.com/album/quiet-saturdays-vol-x
https://albaecstasy.bandcamp.com/album/reaching-for-the-stars
https://albaecstasy.bandcamp.com/album/realm-of-silence
https://albaecstasy.bandcamp.com/album/requiem
https://albaecstasy.bandcamp.com/album/rewired-classics-2006
https://albaecstasy.bandcamp.com/album/rhuthmos-vol-1
https://albaecstasy.bandcamp.com/album/rhuthmos-vol-2
https://albaecstasy.bandcamp.com/album/s3q-2014
https://albaecstasy.bandcamp.com/album/sacramental-confession
https://albaecstasy.bandcamp.com/album/sehnsucht
https://albaecstasy.bandcamp.com/album/seqsuite-2019-remastered
https://albaecstasy.bandcamp.com/album/sequencing-virus-disease
https://albaecstasy.bandcamp.com/album/seven-earths
https://albaecstasy.bandcamp.com/album/shadows-in-the-dark
https://albaecstasy.bandcamp.com/album/spectrum
https://albaecstasy.bandcamp.com/album/spells
https://albaecstasy.bandcamp.com/album/spiritual-1999
https://albaecstasy.bandcamp.com/album/stories-from-a-distant-space-vol-1
https://albaecstasy.bandcamp.com/album/stories-from-a-distant-space-vol-2
https://albaecstasy.bandcamp.com/album/studio-collections-1
https://albaecstasy.bandcamp.com/album/studio-collections-2
https://albaecstasy.bandcamp.com/album/studio-collections-3
https://albaecstasy.bandcamp.com/album/sublunary
https://albaecstasy.bandcamp.com/album/synergy
https://albaecstasy.bandcamp.com/album/synth-collection-vol-1
https://albaecstasy.bandcamp.com/album/synth-therapy
https://albaecstasy.bandcamp.com/album/synthethics
https://albaecstasy.bandcamp.com/album/telirium-dremens
https://albaecstasy.bandcamp.com/album/ten-stories-vol-1
https://albaecstasy.bandcamp.com/album/ten-stories-vol-2
https://albaecstasy.bandcamp.com/album/tension-in-the-string
https://albaecstasy.bandcamp.com/album/the-best-of-live-studio-vol-1
https://albaecstasy.bandcamp.com/album/the-best-of-live-studio-vol-2
https://albaecstasy.bandcamp.com/album/the-best-of-live-studio-vol-3
https://albaecstasy.bandcamp.com/album/the-best-of-live-studio-vol-4
https://albaecstasy.bandcamp.com/album/the-best-of-live-studio-vol-5
https://albaecstasy.bandcamp.com/album/the-best-of-vol-1
https://albaecstasy.bandcamp.com/album/the-best-of-vol-2
https://albaecstasy.bandcamp.com/album/the-dome
https://albaecstasy.bandcamp.com/album/the-epsilon-project-2013
https://albaecstasy.bandcamp.com/album/the-fields-of-mars-2012
https://albaecstasy.bandcamp.com/album/the-floating-body
https://albaecstasy.bandcamp.com/album/the-long-way-to-mars
https://albaecstasy.bandcamp.com/album/the-moons-of-monday-v-1
https://albaecstasy.bandcamp.com/album/the-moons-of-monday-v-2
https://albaecstasy.bandcamp.com/album/the-moons-of-monday-v-3
https://albaecstasy.bandcamp.com/album/the-night-shift
https://albaecstasy.bandcamp.com/album/the-quest
https://albaecstasy.bandcamp.com/album/the-realm-of-a-spotless-mind
https://albaecstasy.bandcamp.com/album/the-reckoning-of-time
https://albaecstasy.bandcamp.com/album/the-secret-collection-vol-1
https://albaecstasy.bandcamp.com/album/the-stargazer
https://albaecstasy.bandcamp.com/album/the-story-of-a-dying-sun
https://albaecstasy.bandcamp.com/album/the-storyteller
https://albaecstasy.bandcamp.com/album/the-strings-of-hades-2015
https://albaecstasy.bandcamp.com/album/the-untitled-album
https://albaecstasy.bandcamp.com/album/this-flow-is-not-real
https://albaecstasy.bandcamp.com/album/time-machine
https://albaecstasy.bandcamp.com/album/time-variant
https://albaecstasy.bandcamp.com/album/to-nowhere-and-back
https://albaecstasy.bandcamp.com/album/twentyone
https://albaecstasy.bandcamp.com/album/unidentified-sounds-from-space-vol-1
https://albaecstasy.bandcamp.com/album/unidentified-sounds-from-space-vol-2
https://albaecstasy.bandcamp.com/album/unpredictable-intersections-over-the-time-and-now-2015
https://albaecstasy.bandcamp.com/album/voices-from-the-past-2016
https://albaecstasy.bandcamp.com/album/vox-of-sequencing
https://albaecstasy.bandcamp.com/album/voyager-2015
https://albaecstasy.bandcamp.com/album/when-the-silence-continues
https://albaecstasy.bandcamp.com/album/where-are-the-quiet-saturdays-vol-1
https://albaecstasy.bandcamp.com/album/where-are-the-quiet-saturdays-vol-2
https://albaecstasy.bandcamp.com/album/where-are-the-quiet-saturdays-vol-3
https://albaecstasy.bandcamp.com/album/x-edition
https://albaecstasy.bandcamp.com/album/y-edition
https://albaecstasy.bandcamp.com/track/a-space-journey
