https://henrykaiser.bandcamp.com/album/above-protocol
https://henrykaiser.bandcamp.com/album/aloha
https://henrykaiser.bandcamp.com/album/at-one-time
https://henrykaiser.bandcamp.com/album/beyond-protocol
https://henrykaiser.bandcamp.com/album/blue-water-ascent
https://henrykaiser.bandcamp.com/album/buddhist-stories-of-awakening
https://henrykaiser.bandcamp.com/album/cant-stop-to-boogie
https://henrykaiser.bandcamp.com/album/crazy-backwards-alphabet-vol-1
https://henrykaiser.bandcamp.com/album/crazy-backwards-alphabet-vol-2
https://henrykaiser.bandcamp.com/album/devil-in-the-drain
https://henrykaiser.bandcamp.com/album/domo-arigato-derek-sensei
https://henrykaiser.bandcamp.com/album/fan-the-hammer
https://henrykaiser.bandcamp.com/album/ghidorah
https://henrykaiser.bandcamp.com/album/hard-left-hard-right
https://henrykaiser.bandcamp.com/album/haunted-by-eternity
https://henrykaiser.bandcamp.com/album/heavy-meta
https://henrykaiser.bandcamp.com/album/improvised
https://henrykaiser.bandcamp.com/album/in-a-cord
https://henrykaiser.bandcamp.com/album/in-the-realm-of
https://henrykaiser.bandcamp.com/album/indestructible-fantasy
https://henrykaiser.bandcamp.com/album/invincible-fantasy
https://henrykaiser.bandcamp.com/album/its-a-wonderful-life
https://henrykaiser.bandcamp.com/album/jazz-free
https://henrykaiser.bandcamp.com/album/leaps
https://henrykaiser.bandcamp.com/album/live-love-larf-loaf
https://henrykaiser.bandcamp.com/album/mahalo-nui
https://henrykaiser.bandcamp.com/album/more-requia-2
https://henrykaiser.bandcamp.com/album/mudang-rock
https://henrykaiser.bandcamp.com/album/music-for-werner-herzogs-encounters-at-the-end-of-the-world
https://henrykaiser.bandcamp.com/album/my-favorite-licks-vol-1
https://henrykaiser.bandcamp.com/album/nazca-lines
https://henrykaiser.bandcamp.com/album/night-sky-day-dream
https://henrykaiser.bandcamp.com/album/ninja-star-danger-rock
https://henrykaiser.bandcamp.com/album/no-trouble-with-the-tromba
https://henrykaiser.bandcamp.com/album/no-way-back
https://henrykaiser.bandcamp.com/album/nostalgia-for-infinity
https://henrykaiser.bandcamp.com/album/ocean-of-storms
https://henrykaiser.bandcamp.com/album/outside-pleasure
https://henrykaiser.bandcamp.com/album/paintings
https://henrykaiser.bandcamp.com/album/passwords
https://henrykaiser.bandcamp.com/album/plane-crash
https://henrykaiser.bandcamp.com/album/popular-science
https://henrykaiser.bandcamp.com/album/positively-space-music
https://henrykaiser.bandcamp.com/album/protocol
https://henrykaiser.bandcamp.com/album/re-marrying-for-money
https://henrykaiser.bandcamp.com/album/renzoku-jump-henry-kaiser-remembers-toshinori-kondo-1948-2020
https://henrykaiser.bandcamp.com/album/the-birds-return-to-the-forest
https://henrykaiser.bandcamp.com/album/the-deep-unreal-henry-kaiser-solo-guitar-2017
https://henrykaiser.bandcamp.com/album/the-five-heavenly-truths
https://henrykaiser.bandcamp.com/album/the-lost-chord
https://henrykaiser.bandcamp.com/album/the-science-set
https://henrykaiser.bandcamp.com/album/the-seance
https://henrykaiser.bandcamp.com/album/the-social-set
https://henrykaiser.bandcamp.com/album/the-starbreak-splatterlight
https://henrykaiser.bandcamp.com/album/through
https://henrykaiser.bandcamp.com/album/together-apart
https://henrykaiser.bandcamp.com/album/two-views-of-steve-lacy-s-the-wire
https://henrykaiser.bandcamp.com/album/ultraviolet-licorice
https://henrykaiser.bandcamp.com/album/where-endless-meets-disappearing
https://henrykaiser.bandcamp.com/album/wireforks
https://henrykaiser.bandcamp.com/album/yo-miles-lightning
https://henrykaiser.bandcamp.com/album/yo-miles-shinjuku
https://henrykaiser.bandcamp.com/album/you-cant-get-there-from-here
https://henrykaiser.bandcamp.com/album/zen-kaiju
