https://djhypergiant.bandcamp.com/album/b-r-a-i-n-c-h-e-m-i-c-a-l-s-full-mixtape
https://djhypergiant.bandcamp.com/album/ch-teau-damour-a-very-special-hyperchateaux-mixtape
https://djhypergiant.bandcamp.com/album/ch-teaux-d-t-mixtape
https://djhypergiant.bandcamp.com/album/ch-teaux-dautomne-mixtape
https://djhypergiant.bandcamp.com/album/ch-teaux-de-printemps-mixtape
https://djhypergiant.bandcamp.com/album/ch-teaux-dhiver-mixtape
https://djhypergiant.bandcamp.com/album/dissociating-in-hyperland-full-mixtape
https://djhypergiant.bandcamp.com/album/doomscrolling-the-lost-beat-tapes-vol-1-mixtape
https://djhypergiant.bandcamp.com/album/dreaming-about-you-again-the-hyperhouse-mixtape
https://djhypergiant.bandcamp.com/album/full-moon-mixtapes-full-album
https://djhypergiant.bandcamp.com/album/hyperdreams-reloaded-mixtape
https://djhypergiant.bandcamp.com/album/hyperpunk-research-chemicals-full-mixtapes
https://djhypergiant.bandcamp.com/album/hypersimulation-theory-mixtape
https://djhypergiant.bandcamp.com/album/in-the-stars-full-mixtape
https://djhypergiant.bandcamp.com/album/ive-had-dreams-like-this-lo-fi-house-mixtape
https://djhypergiant.bandcamp.com/album/le-petit-ch-teau-the-minimal-mixtape
https://djhypergiant.bandcamp.com/album/none-of-this-is-real-bootleg-booster-pack-planet-earth-about-to-be-recycled
https://djhypergiant.bandcamp.com/album/none-of-this-is-real-bootleg-booster-pack-the-mystery-of-the-pyramids
https://djhypergiant.bandcamp.com/album/none-of-this-is-real-bootleg-expansion-pack-its-still-real-to-me-damn-it-mixtape
https://djhypergiant.bandcamp.com/album/none-of-this-is-real-bootleg-expansion-pack-the-hyperreality-mixtape
https://djhypergiant.bandcamp.com/album/powerlines-2-lo-fi-techno-mixtape
https://djhypergiant.bandcamp.com/album/powerlines-3-lo-fi-techno-mixtape
https://djhypergiant.bandcamp.com/album/powerlines-lo-fi-techno-mixtape
https://djhypergiant.bandcamp.com/album/return-of-the-friendly-space-wizard-lo-fi-techno-mixtape
https://djhypergiant.bandcamp.com/album/the-feast-mixtape
https://djhypergiant.bandcamp.com/album/the-friendly-space-wizard-mixtape-pt-i
https://djhypergiant.bandcamp.com/album/the-friendly-space-wizard-mixtape-pt-ii
https://djhypergiant.bandcamp.com/album/the-friendly-space-wizard-mixtape-pt-iii
https://djhypergiant.bandcamp.com/album/the-hyperbeast-mixtapes-vol-1
https://djhypergiant.bandcamp.com/album/the-hyperbeast-mixtapes-vol-2-the-lunarshark-omen
https://djhypergiant.bandcamp.com/album/the-hyperbeast-mixtapes-vol-3-abyss-king
https://djhypergiant.bandcamp.com/album/the-hyperbeast-mixtapes-vol-4-the-cosmic-sorcerer
https://djhypergiant.bandcamp.com/album/the-hyperbeast-mixtapes-vol-5-the-journey-of-the-friendly-space-wizard-pt-i
https://djhypergiant.bandcamp.com/album/the-hyperbeast-mixtapes-vol-6-the-journey-of-the-friendly-space-wizard-pt-ii-the-friends-we-made-along-the-way
https://djhypergiant.bandcamp.com/album/the-hyperbeast-mixtapes-vol-7-the-legend-of-the-hyperbeast
https://djhypergiant.bandcamp.com/album/the-hypercryptid-mixtapes-vol-4
https://djhypergiant.bandcamp.com/album/the-hyperdrive-chaos-mixtapes-vol-i
https://djhypergiant.bandcamp.com/album/the-hyperdrive-chaos-mixtapes-vol-ii-escape-velocity
https://djhypergiant.bandcamp.com/album/the-hypermemory-mixtapes-vol-z-slow-dreams
https://djhypergiant.bandcamp.com/album/the-hypermind-mixtape
https://djhypergiant.bandcamp.com/album/the-hyperspace-mixtapes-vol-2-powerhouse
https://djhypergiant.bandcamp.com/album/the-hyperspace-mixtapes-vol-3-the-brainwasher
https://djhypergiant.bandcamp.com/album/the-hyperspace-mixtapes-vol-4-electric-synapse-prophet
https://djhypergiant.bandcamp.com/album/the-hyperspace-mixtapes-vol-i
https://djhypergiant.bandcamp.com/album/the-hyperwitch-mixtape-reloaded
https://djhypergiant.bandcamp.com/album/the-infamous-hackerspace-odyssey-full-mixtape
https://djhypergiant.bandcamp.com/album/the-raw-techno-mixtape
https://djhypergiant.bandcamp.com/album/the-space-madness-mixtape
https://djhypergiant.bandcamp.com/album/the-thinking-really-hard-mixtapes-vol-1
https://djhypergiant.bandcamp.com/album/the-thinking-really-really-hard-mixtapes-vol-2-hyperthinking-or-music-for-locking-in
https://djhypergiant.bandcamp.com/album/the-thinking-really-really-really-hard-mixtapes-vol-3-thinking-even-harder-than-previously-thought-possible
https://djhypergiant.bandcamp.com/album/until-the-tape-runs-out-vol-i
https://djhypergiant.bandcamp.com/album/until-the-tape-runs-out-vol-ii
https://djhypergiant.bandcamp.com/album/until-the-tape-runs-out-vol-iii
https://djhypergiant.bandcamp.com/album/until-the-tape-runs-out-vol-iv
https://djhypergiant.bandcamp.com/album/until-the-tape-runs-out-vol-ix
https://djhypergiant.bandcamp.com/album/until-the-tape-runs-out-vol-v
https://djhypergiant.bandcamp.com/album/until-the-tape-runs-out-vol-vi
https://djhypergiant.bandcamp.com/album/until-the-tape-runs-out-vol-vii
https://djhypergiant.bandcamp.com/album/until-the-tape-runs-out-vol-viii
https://djhypergiant.bandcamp.com/album/until-the-tape-runs-out-vol-x
https://djhypergiant.bandcamp.com/album/until-the-tape-runs-out-vol-xi
https://djhypergiant.bandcamp.com/album/until-the-tape-runs-out-vol-xii
https://djhypergiant.bandcamp.com/album/what-if-youre-dreaming-ch-teau-de-r-ve-the-hyperchateaux-mixtape
