https://k2music3.bandcamp.com/album/311-365-1
https://k2music3.bandcamp.com/album/amk2-ep
https://k2music3.bandcamp.com/album/audio-pathology-archive-vol-1-the-brain-tumors
https://k2music3.bandcamp.com/album/audio-pathology-archives-vol-10-the-ovarian-tumors
https://k2music3.bandcamp.com/album/audio-pathology-archives-vol-11-the-salivary-gland-tumors
https://k2music3.bandcamp.com/album/audio-pathology-archives-vol-12-the-blood-tumors
https://k2music3.bandcamp.com/album/audio-pathology-archives-vol-2-the-esophageal-lesions
https://k2music3.bandcamp.com/album/audio-pathology-archives-vol-3-the-thyroidal-tumors-2
https://k2music3.bandcamp.com/album/audio-pathology-archives-vol-4-the-lung-tumors
https://k2music3.bandcamp.com/album/audio-pathology-archives-vol-5-the-breast-tumors
https://k2music3.bandcamp.com/album/audio-pathology-archives-vol-6-the-urinary-bladder-tumor
https://k2music3.bandcamp.com/album/audio-pathology-archives-vol-7-the-gastric-tumors
https://k2music3.bandcamp.com/album/audio-pathology-archives-vol-8-the-colonic-tumors
https://k2music3.bandcamp.com/album/audio-pathology-archives-vol-9-the-liver-tumors
https://k2music3.bandcamp.com/album/brainwash-education
https://k2music3.bandcamp.com/album/carthago
https://k2music3.bandcamp.com/album/chemical-bomb
https://k2music3.bandcamp.com/album/choke-your-ego-ep
https://k2music3.bandcamp.com/album/concerto-grosso-hate-piano
https://k2music3.bandcamp.com/album/crack-the-sun
https://k2music3.bandcamp.com/album/crude-soup
https://k2music3.bandcamp.com/album/dance-macabre
https://k2music3.bandcamp.com/album/demise-symphonika-2
https://k2music3.bandcamp.com/album/demokratika-spastika
https://k2music3.bandcamp.com/album/disambient
https://k2music3.bandcamp.com/album/disambient-2
https://k2music3.bandcamp.com/album/drug-delivery-system
https://k2music3.bandcamp.com/album/early-kinky-works-1983-1988-a-b
https://k2music3.bandcamp.com/album/early-kinky-works-1983-1988-c-d
https://k2music3.bandcamp.com/album/facismusik
https://k2music3.bandcamp.com/album/flake-nitro
https://k2music3.bandcamp.com/album/food-fascism
https://k2music3.bandcamp.com/album/funeral-songs
https://k2music3.bandcamp.com/album/galeomagnetism
https://k2music3.bandcamp.com/album/ha-ga-ne
https://k2music3.bandcamp.com/album/hawaiian-speed
https://k2music3.bandcamp.com/album/herzmuskelgewebe-2
https://k2music3.bandcamp.com/album/human-voltage
https://k2music3.bandcamp.com/album/hypertrophy
https://k2music3.bandcamp.com/album/improvised-electro-core-vol-1
https://k2music3.bandcamp.com/album/improvised-electro-core-vol-10
https://k2music3.bandcamp.com/album/improvised-electro-core-vol-11
https://k2music3.bandcamp.com/album/improvised-electro-core-vol-12
https://k2music3.bandcamp.com/album/improvised-electro-core-vol-13
https://k2music3.bandcamp.com/album/improvised-electro-core-vol-14
https://k2music3.bandcamp.com/album/improvised-electro-core-vol-15
https://k2music3.bandcamp.com/album/improvised-electro-core-vol-2-2
https://k2music3.bandcamp.com/album/improvised-electro-core-vol-3
https://k2music3.bandcamp.com/album/improvised-electro-core-vol-4
https://k2music3.bandcamp.com/album/improvised-electro-core-vol-5
https://k2music3.bandcamp.com/album/improvised-electro-core-vol-6
https://k2music3.bandcamp.com/album/improvised-electro-core-vol-7
https://k2music3.bandcamp.com/album/improvised-electro-core-vol-8
https://k2music3.bandcamp.com/album/improvised-electro-core-vol-9
https://k2music3.bandcamp.com/album/in-the-monotonous-flowers
https://k2music3.bandcamp.com/album/isodoping
https://k2music3.bandcamp.com/album/jakuzure
https://k2music3.bandcamp.com/album/junk-a-tohgenkyo
https://k2music3.bandcamp.com/album/k-1
https://k2music3.bandcamp.com/album/k-2
https://k2music3.bandcamp.com/album/k-3
https://k2music3.bandcamp.com/album/k-4
https://k2music3.bandcamp.com/album/k-5
https://k2music3.bandcamp.com/album/k-6
https://k2music3.bandcamp.com/album/k2-blackfire
https://k2music3.bandcamp.com/album/k2-god-pussy-split
https://k2music3.bandcamp.com/album/k2-live-at-sougen-2018-04-21
https://k2music3.bandcamp.com/album/k2-vs-hyware
https://k2music3.bandcamp.com/album/land-of-volcano
https://k2music3.bandcamp.com/album/lazar-blade-2
https://k2music3.bandcamp.com/album/lithotolite
https://k2music3.bandcamp.com/album/live-at-akihabara-club-goodman-feb-23-2021-2
https://k2music3.bandcamp.com/album/live-at-daytrive-2017
https://k2music3.bandcamp.com/album/live-at-forestlimit-nov-3-2018
https://k2music3.bandcamp.com/album/live-at-hatagaya-forestlimit-jan-212017
https://k2music3.bandcamp.com/album/live-at-kgr-n-july-27-2019
https://k2music3.bandcamp.com/album/live-at-namba-bears-jul-15-2017
https://k2music3.bandcamp.com/album/live-at-ochiai-soup-nov-24-2018
https://k2music3.bandcamp.com/album/live-at-roppongi-super-deluxe-may-19-2018
https://k2music3.bandcamp.com/album/live-at-shizuoka-so-gen-feb-15-2020
https://k2music3.bandcamp.com/album/live-at-watarium-2002
https://k2music3.bandcamp.com/album/live-at-yoyogi-bungaloo-aug-02-2012
https://k2music3.bandcamp.com/album/live-drive-to-2000
https://k2music3.bandcamp.com/album/live-in-u-s-a-1999
https://k2music3.bandcamp.com/album/live-unknown-10-18-2020
https://k2music3.bandcamp.com/album/looped-hell
https://k2music3.bandcamp.com/album/los-cuerpos-mutilapos
https://k2music3.bandcamp.com/album/lost-land-of-chiba
https://k2music3.bandcamp.com/album/maaaa-k2-split
https://k2music3.bandcamp.com/album/made-in-erehwon-0-pan-de-mix-influenzalis
https://k2music3.bandcamp.com/album/made-in-erehwon-1-rusty-head
https://k2music3.bandcamp.com/album/made-in-erehwon-2-foggy-pathology
https://k2music3.bandcamp.com/album/made-in-erehwon-3-falling-into-the-maze
https://k2music3.bandcamp.com/album/mafia-conference
https://k2music3.bandcamp.com/album/marbled-skin-2
https://k2music3.bandcamp.com/album/mass-sound-pain-pleasure-1
https://k2music3.bandcamp.com/album/mass-sound-pain-pleasure-6
https://k2music3.bandcamp.com/album/mass-sound-pain-pleasure-8
https://k2music3.bandcamp.com/album/maximum-lateral-pressure
https://k2music3.bandcamp.com/album/metal-dysplasia-2
https://k2music3.bandcamp.com/album/metal-language
https://k2music3.bandcamp.com/album/metalnoisemusic
https://k2music3.bandcamp.com/album/metaloplakia
https://k2music3.bandcamp.com/album/minimal-change
https://k2music3.bandcamp.com/album/molekular-terrorism-2
https://k2music3.bandcamp.com/album/motors-on-the-blink
https://k2music3.bandcamp.com/album/musik-fur-enthauptung
https://k2music3.bandcamp.com/album/n-g-musik
https://k2music3.bandcamp.com/album/no-more-n-p-p-ver-1
https://k2music3.bandcamp.com/album/no-more-n-p-p-version-2
https://k2music3.bandcamp.com/album/novella-operativa
https://k2music3.bandcamp.com/album/oogonia
https://k2music3.bandcamp.com/album/out-burn
https://k2music3.bandcamp.com/album/overwork-for-the-death
https://k2music3.bandcamp.com/album/palelliniki-antartiki-organosis
https://k2music3.bandcamp.com/album/pandemix-coronalis
https://k2music3.bandcamp.com/album/panties-go-to-the-west
https://k2music3.bandcamp.com/album/pink-drug-mono-no-aware-2
https://k2music3.bandcamp.com/album/polygon-you-dream
https://k2music3.bandcamp.com/album/psycho-dance-party
https://k2music3.bandcamp.com/album/quaking-earth
https://k2music3.bandcamp.com/album/rainy-tritium-1
https://k2music3.bandcamp.com/album/rainy-tritium-2
https://k2music3.bandcamp.com/album/rainy-tritium-3-the-3rd-and-final-report
https://k2music3.bandcamp.com/album/re-musik
https://k2music3.bandcamp.com/album/requiem-in-the-sun
https://k2music3.bandcamp.com/album/residue-scrape
https://k2music3.bandcamp.com/album/s-t
https://k2music3.bandcamp.com/album/s-t-2
https://k2music3.bandcamp.com/album/schizophereniak-signal-transduktion-3
https://k2music3.bandcamp.com/album/scum-technology-disc-1
https://k2music3.bandcamp.com/album/scum-technology-disc-2
https://k2music3.bandcamp.com/album/scumming-for-the-earth
https://k2music3.bandcamp.com/album/simple-study-1
https://k2music3.bandcamp.com/album/sludge-consume-1
https://k2music3.bandcamp.com/album/sludge-consume-2
https://k2music3.bandcamp.com/album/songs-for-ameloblastoma-ep
https://k2music3.bandcamp.com/album/soukanbokujou-vol-1
https://k2music3.bandcamp.com/album/soukanbokujou-vol-2
https://k2music3.bandcamp.com/album/soukanbokujou-vol-3
https://k2music3.bandcamp.com/album/soukanbokujou-vol-4
https://k2music3.bandcamp.com/album/soukanbokujou-vol-5
https://k2music3.bandcamp.com/album/soukanbokujou-vol-6
https://k2music3.bandcamp.com/album/spiral-short-circuit
https://k2music3.bandcamp.com/album/split-kassette-1
https://k2music3.bandcamp.com/album/split-live-in-usa-1998-1999
https://k2music3.bandcamp.com/album/sprouts-and-memories
https://k2music3.bandcamp.com/album/student-apathy-the-first-tape-as-k2
https://k2music3.bandcamp.com/album/studio-outtakes-1984
https://k2music3.bandcamp.com/album/tamayura
https://k2music3.bandcamp.com/album/tape-demo-unbalance-split-cassette-for-nuclear-terror
https://k2music3.bandcamp.com/album/target-to-nowhere
https://k2music3.bandcamp.com/album/the-cement-beach
https://k2music3.bandcamp.com/album/the-golden-bootleg
https://k2music3.bandcamp.com/album/the-structures-of-unknown-mantras
https://k2music3.bandcamp.com/album/the-structures-of-unknown-mantras-2
https://k2music3.bandcamp.com/album/three-phenomena
https://k2music3.bandcamp.com/album/traumantra
https://k2music3.bandcamp.com/album/ultra-split-tapes
https://k2music3.bandcamp.com/album/unlimited-edition-2012
https://k2music3.bandcamp.com/album/untitled
https://k2music3.bandcamp.com/album/untitled-collaboration
https://k2music3.bandcamp.com/album/variation-ii-for-piano-and-feedback-perfect-version
https://k2music3.bandcamp.com/album/weight-over-emergency
https://k2music3.bandcamp.com/album/when-the-mushroom-man-is-laughing
https://k2music3.bandcamp.com/album/zero-as-a-triumph
https://k2music3.bandcamp.com/album/zombieanatomy-1
https://k2music3.bandcamp.com/album/zombieanatomy-2
https://k2music3.bandcamp.com/album/zombieanatomy-3
https://k2music3.bandcamp.com/track/its-new
