https://dirkserries.bandcamp.com/album/00
https://dirkserries.bandcamp.com/album/aesthetics
https://dirkserries.bandcamp.com/album/akhet
https://dirkserries.bandcamp.com/album/arbor
https://dirkserries.bandcamp.com/album/arcas-callisto
https://dirkserries.bandcamp.com/album/ashes-and-blues
https://dirkserries.bandcamp.com/album/at-future-dawn
https://dirkserries.bandcamp.com/album/background-curtain
https://dirkserries.bandcamp.com/album/black-box
https://dirkserries.bandcamp.com/album/black-frost
https://dirkserries.bandcamp.com/album/brecht
https://dirkserries.bandcamp.com/album/buoyant
https://dirkserries.bandcamp.com/album/buoyant-live
https://dirkserries.bandcamp.com/album/cb
https://dirkserries.bandcamp.com/album/cerebral-wired
https://dirkserries.bandcamp.com/album/chapel
https://dirkserries.bandcamp.com/album/collaboration-albums
https://dirkserries.bandcamp.com/album/continuum
https://dirkserries.bandcamp.com/album/daelman-serries-troch
https://dirkserries.bandcamp.com/album/day-realms
https://dirkserries.bandcamp.com/album/defiance-of-self
https://dirkserries.bandcamp.com/album/deformation-haze
https://dirkserries.bandcamp.com/album/density-dots
https://dirkserries.bandcamp.com/album/die-h-fner-akten
https://dirkserries.bandcamp.com/album/disorientation-flow
https://dirkserries.bandcamp.com/album/distant-curving-horizon-the-primal-broken-passage-beneath-the-scorching-sun
https://dirkserries.bandcamp.com/album/dripping
https://dirkserries.bandcamp.com/album/driven-live-at-roadburn-festival-2022
https://dirkserries.bandcamp.com/album/dual-activity
https://dirkserries.bandcamp.com/album/earthworks
https://dirkserries.bandcamp.com/album/empty-homes
https://dirkserries.bandcamp.com/album/endless-void
https://dirkserries.bandcamp.com/album/enomeni
https://dirkserries.bandcamp.com/album/epitaph
https://dirkserries.bandcamp.com/album/epitaph-companion
https://dirkserries.bandcamp.com/album/epitaph-home-concert-stream
https://dirkserries.bandcamp.com/album/epitaph-live-at-roadburn-redux-2021
https://dirkserries.bandcamp.com/album/escaper
https://dirkserries.bandcamp.com/album/etched-above-the-bow-grip
https://dirkserries.bandcamp.com/album/first-meeting
https://dirkserries.bandcamp.com/album/floating-similarities
https://dirkserries.bandcamp.com/album/fog-curtains
https://dirkserries.bandcamp.com/album/frontier
https://dirkserries.bandcamp.com/album/gargoyles
https://dirkserries.bandcamp.com/album/garland-in-grey-2
https://dirkserries.bandcamp.com/album/governed-by-decay
https://dirkserries.bandcamp.com/album/gratitude
https://dirkserries.bandcamp.com/album/hell
https://dirkserries.bandcamp.com/album/horizon-short-film-soundtrack
https://dirkserries.bandcamp.com/album/humming-the-earth
https://dirkserries.bandcamp.com/album/hymnal
https://dirkserries.bandcamp.com/album/i
https://dirkserries.bandcamp.com/album/ideal-principle
https://dirkserries.bandcamp.com/album/ii
https://dirkserries.bandcamp.com/album/ii-2
https://dirkserries.bandcamp.com/album/iii
https://dirkserries.bandcamp.com/album/infinite-and-unbound
https://dirkserries.bandcamp.com/album/intermediate-obscurities-iii-live-at-spontaneous-music-festival-2019
https://dirkserries.bandcamp.com/album/intervention-model
https://dirkserries.bandcamp.com/album/invincible-time
https://dirkserries.bandcamp.com/album/island-on-the-moon
https://dirkserries.bandcamp.com/album/island-on-the-moon-live-at-the-loods
https://dirkserries.bandcamp.com/album/jazzblazzt
https://dirkserries.bandcamp.com/album/keeper-of-the-flame
https://dirkserries.bandcamp.com/album/kehr
https://dirkserries.bandcamp.com/album/kodian-trio
https://dirkserries.bandcamp.com/album/le-sud
https://dirkserries.bandcamp.com/album/lenny
https://dirkserries.bandcamp.com/album/live-at-br-k
https://dirkserries.bandcamp.com/album/live-at-br-kfest
https://dirkserries.bandcamp.com/album/live-at-cafe-oto
https://dirkserries.bandcamp.com/album/live-at-cafe-oto-2
https://dirkserries.bandcamp.com/album/live-at-citadelic-festival
https://dirkserries.bandcamp.com/album/live-at-de-loods-stramproy-nl
https://dirkserries.bandcamp.com/album/live-at-deep-listening-3
https://dirkserries.bandcamp.com/album/live-at-heart-of-noise-2
https://dirkserries.bandcamp.com/album/live-at-lokerse-jazzclub
https://dirkserries.bandcamp.com/album/live-at-oude-klooster-kapel-brecht
https://dirkserries.bandcamp.com/album/live-at-ozo-land
https://dirkserries.bandcamp.com/album/live-at-paradox
https://dirkserries.bandcamp.com/album/live-at-roadburn-2022
https://dirkserries.bandcamp.com/album/live-at-walk-the-line-festival
https://dirkserries.bandcamp.com/album/live-in-leeds
https://dirkserries.bandcamp.com/album/live-in-the-lowlands
https://dirkserries.bandcamp.com/album/live-oude-klooster-chapel-2025
https://dirkserries.bandcamp.com/album/live-selections-2014-2016
https://dirkserries.bandcamp.com/album/loud-as-giants
https://dirkserries.bandcamp.com/album/low
https://dirkserries.bandcamp.com/album/low-volume-music
https://dirkserries.bandcamp.com/album/magnetar-2
https://dirkserries.bandcamp.com/album/martina-verhoeven-invites
https://dirkserries.bandcamp.com/album/mn
https://dirkserries.bandcamp.com/album/modulation-grid-ii
https://dirkserries.bandcamp.com/album/monograph-50
https://dirkserries.bandcamp.com/album/night-realms
https://dirkserries.bandcamp.com/album/nocturnal-discord
https://dirkserries.bandcamp.com/album/nocturnal-discord-outtakes
https://dirkserries.bandcamp.com/album/obscured-by-beams-of-sorrow
https://dirkserries.bandcamp.com/album/obsidian
https://dirkserries.bandcamp.com/album/origin
https://dirkserries.bandcamp.com/album/oud-klooster
https://dirkserries.bandcamp.com/album/out-of-nowhere
https://dirkserries.bandcamp.com/album/outermission
https://dirkserries.bandcamp.com/album/peck-and-fleet
https://dirkserries.bandcamp.com/album/phenomenology-of-mind
https://dirkserries.bandcamp.com/album/recloose
https://dirkserries.bandcamp.com/album/regeneration-live-at-hundred-years-gallery
https://dirkserries.bandcamp.com/album/scatterwound
https://dirkserries.bandcamp.com/album/schneider-serries
https://dirkserries.bandcamp.com/album/schneider-serries-2
https://dirkserries.bandcamp.com/album/second-edition
https://dirkserries.bandcamp.com/album/smothered-hope-infinite-daze
https://dirkserries.bandcamp.com/album/smothered-hope-infinite-daze-2
https://dirkserries.bandcamp.com/album/solo-albums
https://dirkserries.bandcamp.com/album/streams-of-consciousness-compiled
https://dirkserries.bandcamp.com/album/surface-chord-extraction
https://dirkserries.bandcamp.com/album/the-chapters-of-the-eclipse
https://dirkserries.bandcamp.com/album/the-devastation-chant
https://dirkserries.bandcamp.com/album/the-devastation-chant-ii
https://dirkserries.bandcamp.com/album/the-disintegration-of-silence
https://dirkserries.bandcamp.com/album/the-eightfold-model
https://dirkserries.bandcamp.com/album/the-fluctuation-of-being
https://dirkserries.bandcamp.com/album/the-invisible
https://dirkserries.bandcamp.com/album/the-listening-place
https://dirkserries.bandcamp.com/album/the-might-of-stars-sublime
https://dirkserries.bandcamp.com/album/the-origin-reversal
https://dirkserries.bandcamp.com/album/the-rapture-of-seclusion
https://dirkserries.bandcamp.com/album/the-ruin-of-all-space
https://dirkserries.bandcamp.com/album/the-sage-flower
https://dirkserries.bandcamp.com/album/the-short-noise-we-left-behind
https://dirkserries.bandcamp.com/album/the-sleep-of-reason
https://dirkserries.bandcamp.com/album/the-storm-of-silence
https://dirkserries.bandcamp.com/album/the-void-of-expansion
https://dirkserries.bandcamp.com/album/tl-trilogy-live
https://dirkserries.bandcamp.com/album/tonus
https://dirkserries.bandcamp.com/album/transmission
https://dirkserries.bandcamp.com/album/treasure-of-stars-a-streams-of-consciousness-album
https://dirkserries.bandcamp.com/album/unseen-descending-and-lamentations
https://dirkserries.bandcamp.com/album/vectorial-spaces
https://dirkserries.bandcamp.com/album/volt-pletterij
https://dirkserries.bandcamp.com/album/zonal-disturbances-bandcamp-version
https://dirkserries.bandcamp.com/album/zonal-disturbances-ii
https://dirkserries.bandcamp.com/album/zonal-disturbances-iii
