https://koobaatooasparagus.bandcamp.com/album/1-shot-kill
https://koobaatooasparagus.bandcamp.com/album/14-windows
https://koobaatooasparagus.bandcamp.com/album/1994-p-t-s-d
https://koobaatooasparagus.bandcamp.com/album/2-hours-of-hnw
https://koobaatooasparagus.bandcamp.com/album/2020-on-lock-down
https://koobaatooasparagus.bandcamp.com/album/365
https://koobaatooasparagus.bandcamp.com/album/51-50
https://koobaatooasparagus.bandcamp.com/album/777-deadly-sins
https://koobaatooasparagus.bandcamp.com/album/7th-infantry-division
https://koobaatooasparagus.bandcamp.com/album/a-bottomless-pit
https://koobaatooasparagus.bandcamp.com/album/a-brick-for-every-sin
https://koobaatooasparagus.bandcamp.com/album/a-gentleman-of-leisure
https://koobaatooasparagus.bandcamp.com/album/a-girl-who-likes-to-disappear
https://koobaatooasparagus.bandcamp.com/album/a-life-of-prostitution-in-oakland
https://koobaatooasparagus.bandcamp.com/album/a-long-way
https://koobaatooasparagus.bandcamp.com/album/a-mans-journey-through-time
https://koobaatooasparagus.bandcamp.com/album/a-mistress-love
https://koobaatooasparagus.bandcamp.com/album/a-new-form
https://koobaatooasparagus.bandcamp.com/album/a-scolded-gag
https://koobaatooasparagus.bandcamp.com/album/a-sovereign-heart
https://koobaatooasparagus.bandcamp.com/album/a-study
https://koobaatooasparagus.bandcamp.com/album/a-touch-of-vaudeville
https://koobaatooasparagus.bandcamp.com/album/a-wifes-revenge
https://koobaatooasparagus.bandcamp.com/album/a-woman-scorned
https://koobaatooasparagus.bandcamp.com/album/a-womans-bisexuality
https://koobaatooasparagus.bandcamp.com/album/a-womens-lust
https://koobaatooasparagus.bandcamp.com/album/a-wonderful-farm
https://koobaatooasparagus.bandcamp.com/album/absurd-reality-janky-funeral-2
https://koobaatooasparagus.bandcamp.com/album/absurd-reality-koobaatoo-asparagus-split
https://koobaatooasparagus.bandcamp.com/album/abusive-families
https://koobaatooasparagus.bandcamp.com/album/accepting-my-past
https://koobaatooasparagus.bandcamp.com/album/act-of-resistance
https://koobaatooasparagus.bandcamp.com/album/active
https://koobaatooasparagus.bandcamp.com/album/adriana-lima
https://koobaatooasparagus.bandcamp.com/album/after-shocks
https://koobaatooasparagus.bandcamp.com/album/aionia-mache
https://koobaatooasparagus.bandcamp.com/album/alex-morgan
https://koobaatooasparagus.bandcamp.com/album/always-a-man-wishes-to-escalate-the-relationship
https://koobaatooasparagus.bandcamp.com/album/alyx-star
https://koobaatooasparagus.bandcamp.com/album/amber-jade
https://koobaatooasparagus.bandcamp.com/album/america
https://koobaatooasparagus.bandcamp.com/album/american-politics
https://koobaatooasparagus.bandcamp.com/album/americas-sweethearts
https://koobaatooasparagus.bandcamp.com/album/amerikkkas-nightmare
https://koobaatooasparagus.bandcamp.com/album/angelina-jolie
https://koobaatooasparagus.bandcamp.com/album/angels-without-time
https://koobaatooasparagus.bandcamp.com/album/angiotensin-2
https://koobaatooasparagus.bandcamp.com/album/anglers-dream
https://koobaatooasparagus.bandcamp.com/album/anita-ekberg
https://koobaatooasparagus.bandcamp.com/album/anna-paulina-luna
https://koobaatooasparagus.bandcamp.com/album/antisocial
https://koobaatooasparagus.bandcamp.com/album/armenia-koobaatoo-asparagus-split
https://koobaatooasparagus.bandcamp.com/album/ashley-benefield
https://koobaatooasparagus.bandcamp.com/album/ass-kill
https://koobaatooasparagus.bandcamp.com/album/assassinations
https://koobaatooasparagus.bandcamp.com/album/assault-of-insanity
https://koobaatooasparagus.bandcamp.com/album/assyrian-kings
https://koobaatooasparagus.bandcamp.com/album/attack-at-douaumont
https://koobaatooasparagus.bandcamp.com/album/avoid-feelings-of-closeness
https://koobaatooasparagus.bandcamp.com/album/back-against-the-wall
https://koobaatooasparagus.bandcamp.com/album/back-rooms-dark-corners
https://koobaatooasparagus.bandcamp.com/album/backless-shapewear-bodysuit-latte
https://koobaatooasparagus.bandcamp.com/album/backwash
https://koobaatooasparagus.bandcamp.com/album/bantu
https://koobaatooasparagus.bandcamp.com/album/basting
https://koobaatooasparagus.bandcamp.com/album/battles-for-scandinavia
https://koobaatooasparagus.bandcamp.com/album/bdsm-noise-wall
https://koobaatooasparagus.bandcamp.com/album/beast-of-the-feast
https://koobaatooasparagus.bandcamp.com/album/beautiful-dominatrix-s
https://koobaatooasparagus.bandcamp.com/album/beautiful-mess
https://koobaatooasparagus.bandcamp.com/album/beauty-the-wall
https://koobaatooasparagus.bandcamp.com/album/beautys-beast
https://koobaatooasparagus.bandcamp.com/album/becoming-more-sophisticated
https://koobaatooasparagus.bandcamp.com/album/bedroom-bondage
https://koobaatooasparagus.bandcamp.com/album/behanzin
https://koobaatooasparagus.bandcamp.com/album/behind-these-walls
https://koobaatooasparagus.bandcamp.com/album/belong-to-the-streets
https://koobaatooasparagus.bandcamp.com/album/benchwarmer
https://koobaatooasparagus.bandcamp.com/album/berbak
https://koobaatooasparagus.bandcamp.com/album/between-the-wall
https://koobaatooasparagus.bandcamp.com/album/beyond-the-crumbling-wall
https://koobaatooasparagus.bandcamp.com/album/biological-weapon
https://koobaatooasparagus.bandcamp.com/album/black-latex-wall
https://koobaatooasparagus.bandcamp.com/album/blood-and-screaming
https://koobaatooasparagus.bandcamp.com/album/blood-tribe
https://koobaatooasparagus.bandcamp.com/album/body-shame
https://koobaatooasparagus.bandcamp.com/album/bond-girl
https://koobaatooasparagus.bandcamp.com/album/bondage-together
https://koobaatooasparagus.bandcamp.com/album/boot-licking
https://koobaatooasparagus.bandcamp.com/album/bootblacking-lover
https://koobaatooasparagus.bandcamp.com/album/born-in-chaos
https://koobaatooasparagus.bandcamp.com/album/born-in-the-trenches
https://koobaatooasparagus.bandcamp.com/album/born-into-war
https://koobaatooasparagus.bandcamp.com/album/born-this-way
https://koobaatooasparagus.bandcamp.com/album/bottom
https://koobaatooasparagus.bandcamp.com/album/bottom-drop
https://koobaatooasparagus.bandcamp.com/album/bound-and-degraded
https://koobaatooasparagus.bandcamp.com/album/bound-broken-bliss
https://koobaatooasparagus.bandcamp.com/album/boundless-pleasures
https://koobaatooasparagus.bandcamp.com/album/box-quarantine
https://koobaatooasparagus.bandcamp.com/album/brainwashing-tactics
https://koobaatooasparagus.bandcamp.com/album/break-the-system
https://koobaatooasparagus.bandcamp.com/album/broad-daylight
https://koobaatooasparagus.bandcamp.com/album/broken
https://koobaatooasparagus.bandcamp.com/album/broken-ego
https://koobaatooasparagus.bandcamp.com/album/broken-sound
https://koobaatooasparagus.bandcamp.com/album/brook-shields
https://koobaatooasparagus.bandcamp.com/album/brothel
https://koobaatooasparagus.bandcamp.com/album/brothels-in-dallas
https://koobaatooasparagus.bandcamp.com/album/brothels-madams
https://koobaatooasparagus.bandcamp.com/album/brutal-sessions
https://koobaatooasparagus.bandcamp.com/album/brutal-terror-attack
https://koobaatooasparagus.bandcamp.com/album/bunny-ranch
https://koobaatooasparagus.bandcamp.com/album/burglary-homicide
https://koobaatooasparagus.bandcamp.com/album/call-girl
https://koobaatooasparagus.bandcamp.com/album/caos-sonoro-mente-atada-janky-funeral-3way-split
https://koobaatooasparagus.bandcamp.com/album/caught-off-guard
https://koobaatooasparagus.bandcamp.com/album/celestial-realm
https://koobaatooasparagus.bandcamp.com/album/centaur-of-swords
https://koobaatooasparagus.bandcamp.com/album/central-powers
https://koobaatooasparagus.bandcamp.com/album/cesspool
https://koobaatooasparagus.bandcamp.com/album/chain-of-balance
https://koobaatooasparagus.bandcamp.com/album/chains-and-shackles
https://koobaatooasparagus.bandcamp.com/album/charlize-theron
https://koobaatooasparagus.bandcamp.com/album/chattel
https://koobaatooasparagus.bandcamp.com/album/cheating-spouse
https://koobaatooasparagus.bandcamp.com/album/chemical-wedding
https://koobaatooasparagus.bandcamp.com/album/cherry-creek
https://koobaatooasparagus.bandcamp.com/album/childhood-trauma
https://koobaatooasparagus.bandcamp.com/album/children-born-of-war
https://koobaatooasparagus.bandcamp.com/album/choking
https://koobaatooasparagus.bandcamp.com/album/chollas-lake-car-sex
https://koobaatooasparagus.bandcamp.com/album/circus-illusions
https://koobaatooasparagus.bandcamp.com/album/city-of-god
https://koobaatooasparagus.bandcamp.com/album/claimed-by-the-collar
https://koobaatooasparagus.bandcamp.com/album/close-range
https://koobaatooasparagus.bandcamp.com/album/closet-freaks
https://koobaatooasparagus.bandcamp.com/album/cock-carousel
https://koobaatooasparagus.bandcamp.com/album/cognitive-process
https://koobaatooasparagus.bandcamp.com/album/cointelpro
https://koobaatooasparagus.bandcamp.com/album/cold-madness
https://koobaatooasparagus.bandcamp.com/album/comfort-zone
https://koobaatooasparagus.bandcamp.com/album/communist-party
https://koobaatooasparagus.bandcamp.com/album/complex-social-dynamics
https://koobaatooasparagus.bandcamp.com/album/comrade-sisters
https://koobaatooasparagus.bandcamp.com/album/confessions-of-serial-killer
https://koobaatooasparagus.bandcamp.com/album/confused-sounds
https://koobaatooasparagus.bandcamp.com/album/consent
https://koobaatooasparagus.bandcamp.com/album/controller
https://koobaatooasparagus.bandcamp.com/album/conversion
https://koobaatooasparagus.bandcamp.com/album/coping-mechanisms
https://koobaatooasparagus.bandcamp.com/album/coronavirus-is-slamming-funeral-services
https://koobaatooasparagus.bandcamp.com/album/corporal-punishment
https://koobaatooasparagus.bandcamp.com/album/correctional-emergency-response-team
https://koobaatooasparagus.bandcamp.com/album/cosmogony
https://koobaatooasparagus.bandcamp.com/album/countably-infinite
https://koobaatooasparagus.bandcamp.com/album/crack-down
https://koobaatooasparagus.bandcamp.com/album/cracked-force
https://koobaatooasparagus.bandcamp.com/album/crafting-kinky-tools
https://koobaatooasparagus.bandcamp.com/album/crave-for-your-attention
https://koobaatooasparagus.bandcamp.com/album/creators-and-thieves
https://koobaatooasparagus.bandcamp.com/album/cremation-music
https://koobaatooasparagus.bandcamp.com/album/crucial
https://koobaatooasparagus.bandcamp.com/album/crux
https://koobaatooasparagus.bandcamp.com/album/cuckqueen-dream
https://koobaatooasparagus.bandcamp.com/album/cuffs-and-collars
https://koobaatooasparagus.bandcamp.com/album/cycles-in-nature
https://koobaatooasparagus.bandcamp.com/album/damsels-in-distress
https://koobaatooasparagus.bandcamp.com/album/dancers-of-war
https://koobaatooasparagus.bandcamp.com/album/dark-executioner
https://koobaatooasparagus.bandcamp.com/album/day-dreamer
https://koobaatooasparagus.bandcamp.com/album/day-dreaming
https://koobaatooasparagus.bandcamp.com/album/dclxvi-koobaatoo-asparagus-split
https://koobaatooasparagus.bandcamp.com/album/dead-air
https://koobaatooasparagus.bandcamp.com/album/dead-at-the-ashes
https://koobaatooasparagus.bandcamp.com/album/dead-kings
https://koobaatooasparagus.bandcamp.com/album/deadly-coochie
https://koobaatooasparagus.bandcamp.com/album/death-playing-the-fiddle
https://koobaatooasparagus.bandcamp.com/album/deep-cover-assignment
https://koobaatooasparagus.bandcamp.com/album/definitive-nature
https://koobaatooasparagus.bandcamp.com/album/demon-god
https://koobaatooasparagus.bandcamp.com/album/denise-richards
https://koobaatooasparagus.bandcamp.com/album/deprive-children
https://koobaatooasparagus.bandcamp.com/album/destroy-all-music
https://koobaatooasparagus.bandcamp.com/album/destroy-the-system
https://koobaatooasparagus.bandcamp.com/album/devils-daughter
https://koobaatooasparagus.bandcamp.com/album/devils-daughter-2
https://koobaatooasparagus.bandcamp.com/album/devils-playground
https://koobaatooasparagus.bandcamp.com/album/diane-lane
https://koobaatooasparagus.bandcamp.com/album/different-standards
https://koobaatooasparagus.bandcamp.com/album/different-strokes
https://koobaatooasparagus.bandcamp.com/album/different-type-of-love
https://koobaatooasparagus.bandcamp.com/album/dignity
https://koobaatooasparagus.bandcamp.com/album/dimensins-of-phobos-and-deimos
https://koobaatooasparagus.bandcamp.com/album/dirty-electronics
https://koobaatooasparagus.bandcamp.com/album/dirty-pleasures
https://koobaatooasparagus.bandcamp.com/album/discovering-the-wall-cover
https://koobaatooasparagus.bandcamp.com/album/disguise-weapons-research
https://koobaatooasparagus.bandcamp.com/album/disparate-girl
https://koobaatooasparagus.bandcamp.com/album/disruption-of-insanity
https://koobaatooasparagus.bandcamp.com/album/distant-voices
https://koobaatooasparagus.bandcamp.com/album/distrust
https://koobaatooasparagus.bandcamp.com/album/dogon-hunter
https://koobaatooasparagus.bandcamp.com/album/dominant-culture
https://koobaatooasparagus.bandcamp.com/album/dominant-for-a-reason
https://koobaatooasparagus.bandcamp.com/album/dominatrices
https://koobaatooasparagus.bandcamp.com/album/dont-cause-trouble-here
https://koobaatooasparagus.bandcamp.com/album/doomed
https://koobaatooasparagus.bandcamp.com/album/doomsday-clock
https://koobaatooasparagus.bandcamp.com/album/doomsday-cult
https://koobaatooasparagus.bandcamp.com/album/down-by-the-river-we-prey
https://koobaatooasparagus.bandcamp.com/album/dr-renaults-secret
https://koobaatooasparagus.bandcamp.com/album/dressed-for-evil
https://koobaatooasparagus.bandcamp.com/album/dudgeon-fun
https://koobaatooasparagus.bandcamp.com/album/dungeon-monitor
https://koobaatooasparagus.bandcamp.com/album/dysfunctional-love
https://koobaatooasparagus.bandcamp.com/album/e-hole-orgasm
https://koobaatooasparagus.bandcamp.com/album/earth-hell-hole
https://koobaatooasparagus.bandcamp.com/album/echoes-of-conquest
https://koobaatooasparagus.bandcamp.com/album/edge-of-control
https://koobaatooasparagus.bandcamp.com/album/ego-death
https://koobaatooasparagus.bandcamp.com/album/elaine-steward
https://koobaatooasparagus.bandcamp.com/album/elektr0bath-koobaatoo-asparagus
https://koobaatooasparagus.bandcamp.com/album/elsa-aguirre-belle-diva
https://koobaatooasparagus.bandcamp.com/album/empire-of-one
https://koobaatooasparagus.bandcamp.com/album/empowerment
https://koobaatooasparagus.bandcamp.com/album/end-of-heaven
https://koobaatooasparagus.bandcamp.com/album/enemy-at-the-gates
https://koobaatooasparagus.bandcamp.com/album/equal-loudness-contour
https://koobaatooasparagus.bandcamp.com/album/erotic-asphyxiation
https://koobaatooasparagus.bandcamp.com/album/erotic-chaos
https://koobaatooasparagus.bandcamp.com/album/erotic-hypnosis
https://koobaatooasparagus.bandcamp.com/album/erotic-lactation
https://koobaatooasparagus.bandcamp.com/album/erotophilia
https://koobaatooasparagus.bandcamp.com/album/excessive-force
https://koobaatooasparagus.bandcamp.com/album/exclusion-control
https://koobaatooasparagus.bandcamp.com/album/exerting-power
https://koobaatooasparagus.bandcamp.com/album/exotic-world
https://koobaatooasparagus.bandcamp.com/album/experimenting
https://koobaatooasparagus.bandcamp.com/album/facing-resistance
https://koobaatooasparagus.bandcamp.com/album/fade-the-terror
https://koobaatooasparagus.bandcamp.com/album/faded-memories
https://koobaatooasparagus.bandcamp.com/album/failed-us-all
https://koobaatooasparagus.bandcamp.com/album/fall-of-the-damned
https://koobaatooasparagus.bandcamp.com/album/fall-out
https://koobaatooasparagus.bandcamp.com/album/false-prophets
https://koobaatooasparagus.bandcamp.com/album/fantasy-fun
https://koobaatooasparagus.bandcamp.com/album/fashion-show
https://koobaatooasparagus.bandcamp.com/album/fear
https://koobaatooasparagus.bandcamp.com/album/feedback-bliss
https://koobaatooasparagus.bandcamp.com/album/feel-what-love-is
https://koobaatooasparagus.bandcamp.com/album/female-chain-gang
https://koobaatooasparagus.bandcamp.com/album/female-forces
https://koobaatooasparagus.bandcamp.com/album/female-form
https://koobaatooasparagus.bandcamp.com/album/female-nature
https://koobaatooasparagus.bandcamp.com/album/female-offenders
https://koobaatooasparagus.bandcamp.com/album/femdom-fetish
https://koobaatooasparagus.bandcamp.com/album/feminine-touch
https://koobaatooasparagus.bandcamp.com/album/fetish-lover
https://koobaatooasparagus.bandcamp.com/album/fever-dreams
https://koobaatooasparagus.bandcamp.com/album/fight-or-flight
https://koobaatooasparagus.bandcamp.com/album/figueroa-street
https://koobaatooasparagus.bandcamp.com/album/filthy-split
https://koobaatooasparagus.bandcamp.com/album/filthy-split-2
https://koobaatooasparagus.bandcamp.com/album/flash-mob
https://koobaatooasparagus.bandcamp.com/album/flat-power-spectral-density
https://koobaatooasparagus.bandcamp.com/album/flesh-blood-women
https://koobaatooasparagus.bandcamp.com/album/flipping-noise-tables
https://koobaatooasparagus.bandcamp.com/album/follow-your-heart
https://koobaatooasparagus.bandcamp.com/album/foot-worship
https://koobaatooasparagus.bandcamp.com/album/force-production
https://koobaatooasparagus.bandcamp.com/album/foreign-whips
https://koobaatooasparagus.bandcamp.com/album/fractured-rhythms
https://koobaatooasparagus.bandcamp.com/album/fragments-of-honor
https://koobaatooasparagus.bandcamp.com/album/freak-awards
https://koobaatooasparagus.bandcamp.com/album/freak-show
https://koobaatooasparagus.bandcamp.com/album/free-slime
https://koobaatooasparagus.bandcamp.com/album/friend-boy
https://koobaatooasparagus.bandcamp.com/album/friends-of-yesterday
https://koobaatooasparagus.bandcamp.com/album/frontline-activities
https://koobaatooasparagus.bandcamp.com/album/frustrated-clown
https://koobaatooasparagus.bandcamp.com/album/fuck-your-morals
https://koobaatooasparagus.bandcamp.com/album/fuck-your-wall
https://koobaatooasparagus.bandcamp.com/album/full-demand
https://koobaatooasparagus.bandcamp.com/album/full-fledged
https://koobaatooasparagus.bandcamp.com/album/full-service
https://koobaatooasparagus.bandcamp.com/album/fun-police
https://koobaatooasparagus.bandcamp.com/album/funeral-smashing
https://koobaatooasparagus.bandcamp.com/album/g-sting
https://koobaatooasparagus.bandcamp.com/album/gag-order
https://koobaatooasparagus.bandcamp.com/album/gasoline-core
https://koobaatooasparagus.bandcamp.com/album/gender-madness
https://koobaatooasparagus.bandcamp.com/album/gender-play
https://koobaatooasparagus.bandcamp.com/album/gender-role-reversal
https://koobaatooasparagus.bandcamp.com/album/generations-of-sinners
https://koobaatooasparagus.bandcamp.com/album/german-z56
https://koobaatooasparagus.bandcamp.com/album/gg-panty-hose-tights
https://koobaatooasparagus.bandcamp.com/album/ghost-history
https://koobaatooasparagus.bandcamp.com/album/ghost-party
https://koobaatooasparagus.bandcamp.com/album/gilda
https://koobaatooasparagus.bandcamp.com/album/gina-lollobrigida
https://koobaatooasparagus.bandcamp.com/album/girls-rest-heavens
https://koobaatooasparagus.bandcamp.com/album/give-up-power
https://koobaatooasparagus.bandcamp.com/album/god-speed
https://koobaatooasparagus.bandcamp.com/album/goddess-in-the-sheets
https://koobaatooasparagus.bandcamp.com/album/goddess-movement
https://koobaatooasparagus.bandcamp.com/album/good-cops
https://koobaatooasparagus.bandcamp.com/album/good-pain
https://koobaatooasparagus.bandcamp.com/album/goon-hand-down
https://koobaatooasparagus.bandcamp.com/album/grain
https://koobaatooasparagus.bandcamp.com/album/guardian-of-wall
https://koobaatooasparagus.bandcamp.com/album/guardians-of-despair
https://koobaatooasparagus.bandcamp.com/album/guerre-contre-covid-19
https://koobaatooasparagus.bandcamp.com/album/guilty-of-insanity
https://koobaatooasparagus.bandcamp.com/album/guilty-pleasures
https://koobaatooasparagus.bandcamp.com/album/hand-job
https://koobaatooasparagus.bandcamp.com/album/hanging-in-chains
https://koobaatooasparagus.bandcamp.com/album/happy-hooker
https://koobaatooasparagus.bandcamp.com/album/hard-limits
https://koobaatooasparagus.bandcamp.com/album/harrassing-sounds
https://koobaatooasparagus.bandcamp.com/album/harsh-noise-dog
https://koobaatooasparagus.bandcamp.com/album/harsh-prophecy
https://koobaatooasparagus.bandcamp.com/album/harsh-rituals
https://koobaatooasparagus.bandcamp.com/album/harsh-times
https://koobaatooasparagus.bandcamp.com/album/hate-without-shame
https://koobaatooasparagus.bandcamp.com/album/have-the-drugs-stop-working
https://koobaatooasparagus.bandcamp.com/album/hazardous-intervention
https://koobaatooasparagus.bandcamp.com/album/hearts-of-iron
https://koobaatooasparagus.bandcamp.com/album/heat
https://koobaatooasparagus.bandcamp.com/album/heat-of-angels
https://koobaatooasparagus.bandcamp.com/album/heavy-electronics
https://koobaatooasparagus.bandcamp.com/album/heavy-load
https://koobaatooasparagus.bandcamp.com/album/heavy-load-2
https://koobaatooasparagus.bandcamp.com/album/heavy-rotation
https://koobaatooasparagus.bandcamp.com/album/heavy-work-poor-housing
https://koobaatooasparagus.bandcamp.com/album/heel-marks
https://koobaatooasparagus.bandcamp.com/album/hell-mouth
https://koobaatooasparagus.bandcamp.com/album/her-strange-aura
https://koobaatooasparagus.bandcamp.com/album/hidden-chamber
https://koobaatooasparagus.bandcamp.com/album/high-body-count
https://koobaatooasparagus.bandcamp.com/album/high-caliper-fantasy
https://koobaatooasparagus.bandcamp.com/album/high-priest-shadows
https://koobaatooasparagus.bandcamp.com/album/high-risk-operations
https://koobaatooasparagus.bandcamp.com/album/high-school-prom-queen-drugged-out
https://koobaatooasparagus.bandcamp.com/album/high-sex-drive
https://koobaatooasparagus.bandcamp.com/album/his-duties
https://koobaatooasparagus.bandcamp.com/album/hit-the-wall
https://koobaatooasparagus.bandcamp.com/album/hitting-the-pavement
https://koobaatooasparagus.bandcamp.com/album/hnw
https://koobaatooasparagus.bandcamp.com/album/hnw-3
https://koobaatooasparagus.bandcamp.com/album/hnw-4
https://koobaatooasparagus.bandcamp.com/album/hnw-militant-era
https://koobaatooasparagus.bandcamp.com/album/hnw-pt2
https://koobaatooasparagus.bandcamp.com/album/hnw-tape
https://koobaatooasparagus.bandcamp.com/album/hnw-war
https://koobaatooasparagus.bandcamp.com/album/hoe-faze-2
https://koobaatooasparagus.bandcamp.com/album/hoe-tendency
https://koobaatooasparagus.bandcamp.com/album/hoes-coalition
https://koobaatooasparagus.bandcamp.com/album/hogg-tie
https://koobaatooasparagus.bandcamp.com/album/holiday-humiliation
https://koobaatooasparagus.bandcamp.com/album/hollow-inside
https://koobaatooasparagus.bandcamp.com/album/hollow-soul
https://koobaatooasparagus.bandcamp.com/album/holy-world-organization
https://koobaatooasparagus.bandcamp.com/album/homeless-nation
https://koobaatooasparagus.bandcamp.com/album/hood-boy
https://koobaatooasparagus.bandcamp.com/album/hoodrat-activities
https://koobaatooasparagus.bandcamp.com/album/hostile-enemies
https://koobaatooasparagus.bandcamp.com/album/hot-mess
https://koobaatooasparagus.bandcamp.com/album/hot-wife
https://koobaatooasparagus.bandcamp.com/album/hotel-death
https://koobaatooasparagus.bandcamp.com/album/house-of-denial
https://koobaatooasparagus.bandcamp.com/album/housewives-in-bondage
https://koobaatooasparagus.bandcamp.com/album/human-accessory
https://koobaatooasparagus.bandcamp.com/album/human-drano
https://koobaatooasparagus.bandcamp.com/album/humanitarian-crisis
https://koobaatooasparagus.bandcamp.com/album/husband-brainwashed
https://koobaatooasparagus.bandcamp.com/album/hyperesthesia
https://koobaatooasparagus.bandcamp.com/album/i-will-not-hurt-you
https://koobaatooasparagus.bandcamp.com/album/iam-ptsd
https://koobaatooasparagus.bandcamp.com/album/if-walls-could-speak
https://koobaatooasparagus.bandcamp.com/album/ignorance-is-bliss
https://koobaatooasparagus.bandcamp.com/album/illusion-of-female
https://koobaatooasparagus.bandcamp.com/album/im-trippin-tonight
https://koobaatooasparagus.bandcamp.com/album/immortality
https://koobaatooasparagus.bandcamp.com/album/inclusive-secrets
https://koobaatooasparagus.bandcamp.com/album/inexperience
https://koobaatooasparagus.bandcamp.com/album/insane-ukraine
https://koobaatooasparagus.bandcamp.com/album/insatiable-worship
https://koobaatooasparagus.bandcamp.com/album/inspiration-of-despair
https://koobaatooasparagus.bandcamp.com/album/insularity
https://koobaatooasparagus.bandcamp.com/album/international-law
https://koobaatooasparagus.bandcamp.com/album/invitation-only
https://koobaatooasparagus.bandcamp.com/album/isolation-slave-hood
https://koobaatooasparagus.bandcamp.com/album/its-not-your-war
https://koobaatooasparagus.bandcamp.com/album/its-not-your-war-2
https://koobaatooasparagus.bandcamp.com/album/janky-funeral
https://koobaatooasparagus.bandcamp.com/album/janky-funeral-2
https://koobaatooasparagus.bandcamp.com/album/janky-funeral-3
https://koobaatooasparagus.bandcamp.com/album/janky-funeral-4
https://koobaatooasparagus.bandcamp.com/album/janky-funeral-absurd-reality
https://koobaatooasparagus.bandcamp.com/album/janky-funeral-filth-pig-split
https://koobaatooasparagus.bandcamp.com/album/jason-evil-covelli-koobaatoo-asparagus
https://koobaatooasparagus.bandcamp.com/album/jelly-devote
https://koobaatooasparagus.bandcamp.com/album/jerusalem-shadow
https://koobaatooasparagus.bandcamp.com/album/jizz-smear
https://koobaatooasparagus.bandcamp.com/album/jodi-arias
https://koobaatooasparagus.bandcamp.com/album/john-dillinger
https://koobaatooasparagus.bandcamp.com/album/joint-forces
https://koobaatooasparagus.bandcamp.com/album/juanito-koobaatoo-asparagus-split-2
https://koobaatooasparagus.bandcamp.com/album/judged-for-death
https://koobaatooasparagus.bandcamp.com/album/k-a
https://koobaatooasparagus.bandcamp.com/album/ka2600
https://koobaatooasparagus.bandcamp.com/album/kama-sutra
https://koobaatooasparagus.bandcamp.com/album/kelly-lebrock
https://koobaatooasparagus.bandcamp.com/album/kill-switch
https://koobaatooasparagus.bandcamp.com/album/kill-the-radio
https://koobaatooasparagus.bandcamp.com/album/killing-fields-of-choeung-ek-and-tuo
https://koobaatooasparagus.bandcamp.com/album/killing-prey
https://koobaatooasparagus.bandcamp.com/album/king-disease
https://koobaatooasparagus.bandcamp.com/album/kings-claimed-the-heavens
https://koobaatooasparagus.bandcamp.com/album/kink-community
https://koobaatooasparagus.bandcamp.com/album/kink-haven
https://koobaatooasparagus.bandcamp.com/album/kink-noise
https://koobaatooasparagus.bandcamp.com/album/kirsty-hume
https://koobaatooasparagus.bandcamp.com/album/kn-95-proof
https://koobaatooasparagus.bandcamp.com/album/knightwalker
https://koobaatooasparagus.bandcamp.com/album/knowing-the-things-that-i-know
https://koobaatooasparagus.bandcamp.com/album/koobaatoo-asparagus-absurd-reality
https://koobaatooasparagus.bandcamp.com/album/koobaatoo-asparagus-absurd-reality-split-2
https://koobaatooasparagus.bandcamp.com/album/koobaatoo-asparagus-crudo-split
https://koobaatooasparagus.bandcamp.com/album/koobaatoo-asparagus-dosis-letalis
https://koobaatooasparagus.bandcamp.com/album/koobaatoo-asparagus-laedis
https://koobaatooasparagus.bandcamp.com/album/kouri-richins
https://koobaatooasparagus.bandcamp.com/album/l-a-s-skid-row
https://koobaatooasparagus.bandcamp.com/album/la-corona-days
https://koobaatooasparagus.bandcamp.com/album/ladies-of-the-old-west
https://koobaatooasparagus.bandcamp.com/album/lady-like
https://koobaatooasparagus.bandcamp.com/album/lana-rhoades
https://koobaatooasparagus.bandcamp.com/album/lana-turner-and-betty-field-peyton-place
https://koobaatooasparagus.bandcamp.com/album/lashing-of-discipline
https://koobaatooasparagus.bandcamp.com/album/later-in-life
https://koobaatooasparagus.bandcamp.com/album/lauren-southern
https://koobaatooasparagus.bandcamp.com/album/learning-obedience
https://koobaatooasparagus.bandcamp.com/album/least-resistance
https://koobaatooasparagus.bandcamp.com/album/leather-kings
https://koobaatooasparagus.bandcamp.com/album/left-behind-the-bigger-plan
https://koobaatooasparagus.bandcamp.com/album/lesbian-co-worker
https://koobaatooasparagus.bandcamp.com/album/lessons-in-surrender
https://koobaatooasparagus.bandcamp.com/album/let-the-light-in
https://koobaatooasparagus.bandcamp.com/album/levels-of-fuckery
https://koobaatooasparagus.bandcamp.com/album/levels-of-leadership
https://koobaatooasparagus.bandcamp.com/album/liberty
https://koobaatooasparagus.bandcamp.com/album/lies
https://koobaatooasparagus.bandcamp.com/album/life-is-a-goulash-pit
https://koobaatooasparagus.bandcamp.com/album/life-of-lust
https://koobaatooasparagus.bandcamp.com/album/lina-posada
https://koobaatooasparagus.bandcamp.com/album/listening-to-my-future
https://koobaatooasparagus.bandcamp.com/album/liv-tyler
https://koobaatooasparagus.bandcamp.com/album/living-in-leather
https://koobaatooasparagus.bandcamp.com/album/living-savage-times
https://koobaatooasparagus.bandcamp.com/album/locked-loaded
https://koobaatooasparagus.bandcamp.com/album/lost-confession
https://koobaatooasparagus.bandcamp.com/album/lost-hope
https://koobaatooasparagus.bandcamp.com/album/lost-in-obedience
https://koobaatooasparagus.bandcamp.com/album/lost-in-the-laguna
https://koobaatooasparagus.bandcamp.com/album/lost-times
https://koobaatooasparagus.bandcamp.com/album/lost-tribe
https://koobaatooasparagus.bandcamp.com/album/love-desire-death
https://koobaatooasparagus.bandcamp.com/album/love-in-absence
https://koobaatooasparagus.bandcamp.com/album/love-language
https://koobaatooasparagus.bandcamp.com/album/love-or-lust
https://koobaatooasparagus.bandcamp.com/album/lovely-poison
https://koobaatooasparagus.bandcamp.com/album/ltr283-koobaatoo-asparagus-endometrium-cuntplow-split
https://koobaatooasparagus.bandcamp.com/album/lucid-dreaming
https://koobaatooasparagus.bandcamp.com/album/lust-royale
https://koobaatooasparagus.bandcamp.com/album/madonna-whore-complex
https://koobaatooasparagus.bandcamp.com/album/magnitude-of-danger
https://koobaatooasparagus.bandcamp.com/album/main-strip-activity
https://koobaatooasparagus.bandcamp.com/album/male-vultures
https://koobaatooasparagus.bandcamp.com/album/man-eater
https://koobaatooasparagus.bandcamp.com/album/man-love-man-kill
https://koobaatooasparagus.bandcamp.com/album/man-whore
https://koobaatooasparagus.bandcamp.com/album/mandingo-theory
https://koobaatooasparagus.bandcamp.com/album/maniac-music
https://koobaatooasparagus.bandcamp.com/album/mankind
https://koobaatooasparagus.bandcamp.com/album/manuela-arcuri
https://koobaatooasparagus.bandcamp.com/album/margaux-hemingway
https://koobaatooasparagus.bandcamp.com/album/margot-robbie
https://koobaatooasparagus.bandcamp.com/album/marilena-katsimi
https://koobaatooasparagus.bandcamp.com/album/marriage-by-hate
https://koobaatooasparagus.bandcamp.com/album/mary-magdalene
https://koobaatooasparagus.bandcamp.com/album/master-of-the-know-how
https://koobaatooasparagus.bandcamp.com/album/master-slave-complex
https://koobaatooasparagus.bandcamp.com/album/mastering-the-mindset
https://koobaatooasparagus.bandcamp.com/album/meat-juice
https://koobaatooasparagus.bandcamp.com/album/mechanism-of-degradation
https://koobaatooasparagus.bandcamp.com/album/medieval-africa-1250-1800
https://koobaatooasparagus.bandcamp.com/album/megan-fox
https://koobaatooasparagus.bandcamp.com/album/megathrust
https://koobaatooasparagus.bandcamp.com/album/memories-as-zeroes-and-ones
https://koobaatooasparagus.bandcamp.com/album/mente-atada-koobaatoo-asparagus-split
https://koobaatooasparagus.bandcamp.com/album/merch-community-the-lost-dreams-of-the-titanic
https://koobaatooasparagus.bandcamp.com/album/meredith-chapman
https://koobaatooasparagus.bandcamp.com/album/metamorphoses
https://koobaatooasparagus.bandcamp.com/album/mia-sara
https://koobaatooasparagus.bandcamp.com/album/miniature-of-god
https://koobaatooasparagus.bandcamp.com/album/misbehaving
https://koobaatooasparagus.bandcamp.com/album/misconceptions
https://koobaatooasparagus.bandcamp.com/album/missing-call-girls
https://koobaatooasparagus.bandcamp.com/album/missing-prositues
https://koobaatooasparagus.bandcamp.com/album/mission-to-please
https://koobaatooasparagus.bandcamp.com/album/mistress-delight
https://koobaatooasparagus.bandcamp.com/album/mistress-ford
https://koobaatooasparagus.bandcamp.com/album/mistress-velour
https://koobaatooasparagus.bandcamp.com/album/mold-her-softly
https://koobaatooasparagus.bandcamp.com/album/molly-ringwald
https://koobaatooasparagus.bandcamp.com/album/mona-abou-hamze
https://koobaatooasparagus.bandcamp.com/album/monica-bellucci
https://koobaatooasparagus.bandcamp.com/album/monoliths-of-sound
https://koobaatooasparagus.bandcamp.com/album/moral-identity
https://koobaatooasparagus.bandcamp.com/album/motherless
https://koobaatooasparagus.bandcamp.com/album/mr-clean-up
https://koobaatooasparagus.bandcamp.com/album/mr-know-how
https://koobaatooasparagus.bandcamp.com/album/murder-melodies
https://koobaatooasparagus.bandcamp.com/album/mursi-tribe
https://koobaatooasparagus.bandcamp.com/album/musick-full-of-illness
https://koobaatooasparagus.bandcamp.com/album/mutations
https://koobaatooasparagus.bandcamp.com/album/my-baby-is-janky-funeral
https://koobaatooasparagus.bandcamp.com/album/my-little-fishes
https://koobaatooasparagus.bandcamp.com/album/my-little-whore
https://koobaatooasparagus.bandcamp.com/album/my-slave
https://koobaatooasparagus.bandcamp.com/album/mysterious-affair
https://koobaatooasparagus.bandcamp.com/album/mystery
https://koobaatooasparagus.bandcamp.com/album/narcissistic-supply-unit
https://koobaatooasparagus.bandcamp.com/album/natural-force
https://koobaatooasparagus.bandcamp.com/album/never-forgive
https://koobaatooasparagus.bandcamp.com/album/never-tell-a-soul
https://koobaatooasparagus.bandcamp.com/album/new-earth
https://koobaatooasparagus.bandcamp.com/album/new-home-invasion
https://koobaatooasparagus.bandcamp.com/album/new-slave
https://koobaatooasparagus.bandcamp.com/album/new-swingers
https://koobaatooasparagus.bandcamp.com/album/no-boundaries
https://koobaatooasparagus.bandcamp.com/album/no-boundries
https://koobaatooasparagus.bandcamp.com/album/no-chance-of-failure
https://koobaatooasparagus.bandcamp.com/album/no-chance-of-failure-2
https://koobaatooasparagus.bandcamp.com/album/no-conformity
https://koobaatooasparagus.bandcamp.com/album/no-forgiveness
https://koobaatooasparagus.bandcamp.com/album/no-hope
https://koobaatooasparagus.bandcamp.com/album/no-hope-2
https://koobaatooasparagus.bandcamp.com/album/no-hypergamy
https://koobaatooasparagus.bandcamp.com/album/no-infrastructure
https://koobaatooasparagus.bandcamp.com/album/no-love-lost
https://koobaatooasparagus.bandcamp.com/album/no-morals
https://koobaatooasparagus.bandcamp.com/album/no-place-for-hate
https://koobaatooasparagus.bandcamp.com/album/no-shame-master
https://koobaatooasparagus.bandcamp.com/album/no-war-no-peace
https://koobaatooasparagus.bandcamp.com/album/no-witnesses
https://koobaatooasparagus.bandcamp.com/album/noise-revolution
https://koobaatooasparagus.bandcamp.com/album/noise-vs-signal
https://koobaatooasparagus.bandcamp.com/album/not-for-the-weak
https://koobaatooasparagus.bandcamp.com/album/not-for-the-weak-2
https://koobaatooasparagus.bandcamp.com/album/not-sorry
https://koobaatooasparagus.bandcamp.com/album/not-the-father
https://koobaatooasparagus.bandcamp.com/album/notorious-teacher-sex-scandals
https://koobaatooasparagus.bandcamp.com/album/numb-to-violence
https://koobaatooasparagus.bandcamp.com/album/nuns-with-guns
https://koobaatooasparagus.bandcamp.com/album/old-gods
https://koobaatooasparagus.bandcamp.com/album/old-school-shit
https://koobaatooasparagus.bandcamp.com/album/omens
https://koobaatooasparagus.bandcamp.com/album/omicron-variants
https://koobaatooasparagus.bandcamp.com/album/one-night-stand
https://koobaatooasparagus.bandcamp.com/album/one-shot-kill
https://koobaatooasparagus.bandcamp.com/album/onna-musha
https://koobaatooasparagus.bandcamp.com/album/oral-penetration
https://koobaatooasparagus.bandcamp.com/album/orgasm
https://koobaatooasparagus.bandcamp.com/album/orgasm-force
https://koobaatooasparagus.bandcamp.com/album/osirus-visions
https://koobaatooasparagus.bandcamp.com/album/our-secret
https://koobaatooasparagus.bandcamp.com/album/out-of-body-experience
https://koobaatooasparagus.bandcamp.com/album/pain-and-betrayal
https://koobaatooasparagus.bandcamp.com/album/painful-pleasures
https://koobaatooasparagus.bandcamp.com/album/pamela-bardot
https://koobaatooasparagus.bandcamp.com/album/papua-new-guinea
https://koobaatooasparagus.bandcamp.com/album/paranoid-of-despair
https://koobaatooasparagus.bandcamp.com/album/pathetic-culture
https://koobaatooasparagus.bandcamp.com/album/pathetic-culture-2
https://koobaatooasparagus.bandcamp.com/album/permanent-acid-trips-about-life
https://koobaatooasparagus.bandcamp.com/album/pervert-party
https://koobaatooasparagus.bandcamp.com/album/peter-pan-syndrome
https://koobaatooasparagus.bandcamp.com/album/phantoms-of-the-night
https://koobaatooasparagus.bandcamp.com/album/pig
https://koobaatooasparagus.bandcamp.com/album/plague-brothers
https://koobaatooasparagus.bandcamp.com/album/plaza-de-noche
https://koobaatooasparagus.bandcamp.com/album/pleasure
https://koobaatooasparagus.bandcamp.com/album/pleasure-over-pressure
https://koobaatooasparagus.bandcamp.com/album/pleasure-zones
https://koobaatooasparagus.bandcamp.com/album/police-state-hate
https://koobaatooasparagus.bandcamp.com/album/politcal-equality
https://koobaatooasparagus.bandcamp.com/album/polyhymnia
https://koobaatooasparagus.bandcamp.com/album/possessed-by-the-future
https://koobaatooasparagus.bandcamp.com/album/postitution-in-barrio-logan
https://koobaatooasparagus.bandcamp.com/album/poverty-stricken
https://koobaatooasparagus.bandcamp.com/album/power-exchange
https://koobaatooasparagus.bandcamp.com/album/power-of-discernment
https://koobaatooasparagus.bandcamp.com/album/power-to-the-p
https://koobaatooasparagus.bandcamp.com/album/power-with-sins
https://koobaatooasparagus.bandcamp.com/album/primitive-man-to-omega
https://koobaatooasparagus.bandcamp.com/album/prince-of-walls
https://koobaatooasparagus.bandcamp.com/album/priscilla-cry
https://koobaatooasparagus.bandcamp.com/album/private-affairs
https://koobaatooasparagus.bandcamp.com/album/private-parts
https://koobaatooasparagus.bandcamp.com/album/problems-of-poverty
https://koobaatooasparagus.bandcamp.com/album/promiscuous-nature
https://koobaatooasparagus.bandcamp.com/album/propaganda-of-the-enemy
https://koobaatooasparagus.bandcamp.com/album/prostitutes-on-google-st
https://koobaatooasparagus.bandcamp.com/album/prostitution-sting
https://koobaatooasparagus.bandcamp.com/album/prostitution-sting-2
https://koobaatooasparagus.bandcamp.com/album/punish-him-with-silence
https://koobaatooasparagus.bandcamp.com/album/punished-by-my-future
https://koobaatooasparagus.bandcamp.com/album/punishment
https://koobaatooasparagus.bandcamp.com/album/punishment-and-reputation
https://koobaatooasparagus.bandcamp.com/album/pure-fuckery
https://koobaatooasparagus.bandcamp.com/album/pure-love
https://koobaatooasparagus.bandcamp.com/album/pure-lust-for-you
https://koobaatooasparagus.bandcamp.com/album/pure-perverted-delight
https://koobaatooasparagus.bandcamp.com/album/pure-visuals
https://koobaatooasparagus.bandcamp.com/album/pushing-the-line
https://koobaatooasparagus.bandcamp.com/album/rachel-weisz
https://koobaatooasparagus.bandcamp.com/album/rachel-weisz-pt-2
https://koobaatooasparagus.bandcamp.com/album/rapace-koobaatoo-asparagus-split
https://koobaatooasparagus.bandcamp.com/album/rare-breed
https://koobaatooasparagus.bandcamp.com/album/ravishing-rituals
https://koobaatooasparagus.bandcamp.com/album/raw-unfiltered
https://koobaatooasparagus.bandcamp.com/album/rebel-forces
https://koobaatooasparagus.bandcamp.com/album/rebels-in-damascus
https://koobaatooasparagus.bandcamp.com/album/reconized-a-leader
https://koobaatooasparagus.bandcamp.com/album/red-light-district-of-barcelona
https://koobaatooasparagus.bandcamp.com/album/reflections
https://koobaatooasparagus.bandcamp.com/album/relationships-of-power
https://koobaatooasparagus.bandcamp.com/album/release-yourself
https://koobaatooasparagus.bandcamp.com/album/renegade-world
https://koobaatooasparagus.bandcamp.com/album/renegades-lets-talk-about-it
https://koobaatooasparagus.bandcamp.com/album/repent
https://koobaatooasparagus.bandcamp.com/album/resistant
https://koobaatooasparagus.bandcamp.com/album/rest-haven-for-hoes
https://koobaatooasparagus.bandcamp.com/album/restoring-the-lost-sense
https://koobaatooasparagus.bandcamp.com/album/restrain
https://koobaatooasparagus.bandcamp.com/album/restrain-play
https://koobaatooasparagus.bandcamp.com/album/restraint-and-servitude
https://koobaatooasparagus.bandcamp.com/album/retaliation
https://koobaatooasparagus.bandcamp.com/album/retame-rename
https://koobaatooasparagus.bandcamp.com/album/rich-violence
https://koobaatooasparagus.bandcamp.com/album/rise-of-the-state
https://koobaatooasparagus.bandcamp.com/album/rise-to-power
https://koobaatooasparagus.bandcamp.com/album/rita-moreno
https://koobaatooasparagus.bandcamp.com/album/ritalin
https://koobaatooasparagus.bandcamp.com/album/ritual-circle
https://koobaatooasparagus.bandcamp.com/album/roll-play
https://koobaatooasparagus.bandcamp.com/album/ronnie
https://koobaatooasparagus.bandcamp.com/album/rubber-man
https://koobaatooasparagus.bandcamp.com/album/sacred-time
https://koobaatooasparagus.bandcamp.com/album/sad-gimp-activities
https://koobaatooasparagus.bandcamp.com/album/sadist-hunted
https://koobaatooasparagus.bandcamp.com/album/sado-rituals-koobaatoo-asparagus
https://koobaatooasparagus.bandcamp.com/album/safe-harbor
https://koobaatooasparagus.bandcamp.com/album/safe-word
https://koobaatooasparagus.bandcamp.com/album/safeword
https://koobaatooasparagus.bandcamp.com/album/saint-the-serpent
https://koobaatooasparagus.bandcamp.com/album/saliva-orgy
https://koobaatooasparagus.bandcamp.com/album/savage-discipline
https://koobaatooasparagus.bandcamp.com/album/savage-trainer
https://koobaatooasparagus.bandcamp.com/album/scars-of-the-holy-land
https://koobaatooasparagus.bandcamp.com/album/scarver-caught-the-fade
https://koobaatooasparagus.bandcamp.com/album/school-of-bondage
https://koobaatooasparagus.bandcamp.com/album/secret-intercourse
https://koobaatooasparagus.bandcamp.com/album/secrets-behind-the-wall
https://koobaatooasparagus.bandcamp.com/album/seduction
https://koobaatooasparagus.bandcamp.com/album/seduction-2
https://koobaatooasparagus.bandcamp.com/album/self
https://koobaatooasparagus.bandcamp.com/album/sensitive-needs-yard
https://koobaatooasparagus.bandcamp.com/album/seraph
https://koobaatooasparagus.bandcamp.com/album/serious-gimpin
https://koobaatooasparagus.bandcamp.com/album/serious-payback
https://koobaatooasparagus.bandcamp.com/album/serpent
https://koobaatooasparagus.bandcamp.com/album/setup-to-fail
https://koobaatooasparagus.bandcamp.com/album/seventh-day-of-creation
https://koobaatooasparagus.bandcamp.com/album/sex-noise-drugs-repeat
https://koobaatooasparagus.bandcamp.com/album/sex-protection-market
https://koobaatooasparagus.bandcamp.com/album/sex-sales
https://koobaatooasparagus.bandcamp.com/album/sex-war
https://koobaatooasparagus.bandcamp.com/album/sexual-conduct
https://koobaatooasparagus.bandcamp.com/album/sexual-favors
https://koobaatooasparagus.bandcamp.com/album/shades-of-masochism
https://koobaatooasparagus.bandcamp.com/album/shadows-behind-the-wall
https://koobaatooasparagus.bandcamp.com/album/shadows-of-deception
https://koobaatooasparagus.bandcamp.com/album/shadows-of-descents
https://koobaatooasparagus.bandcamp.com/album/shadows-of-our-personality
https://koobaatooasparagus.bandcamp.com/album/shady-suspects
https://koobaatooasparagus.bandcamp.com/album/shallow-mind-state
https://koobaatooasparagus.bandcamp.com/album/shannon-elizabeth
https://koobaatooasparagus.bandcamp.com/album/she-checked-out
https://koobaatooasparagus.bandcamp.com/album/she-dont-want-uh-noise-nigga
https://koobaatooasparagus.bandcamp.com/album/she-wasnt-yours-it-was-just-your-turn
https://koobaatooasparagus.bandcamp.com/album/shes-a-carnival
https://koobaatooasparagus.bandcamp.com/album/shes-a-nasty-girl
https://koobaatooasparagus.bandcamp.com/album/shes-gone
https://koobaatooasparagus.bandcamp.com/album/shes-wet
https://koobaatooasparagus.bandcamp.com/album/shock-action
https://koobaatooasparagus.bandcamp.com/album/shooters-on-the-rise
https://koobaatooasparagus.bandcamp.com/album/shooting-inmates
https://koobaatooasparagus.bandcamp.com/album/short-sassy
https://koobaatooasparagus.bandcamp.com/album/sick-history
https://koobaatooasparagus.bandcamp.com/album/sick-men
https://koobaatooasparagus.bandcamp.com/album/sick-of-you
https://koobaatooasparagus.bandcamp.com/album/sign-of-the-times-2
https://koobaatooasparagus.bandcamp.com/album/signal-to-noise-ratio
https://koobaatooasparagus.bandcamp.com/album/silent-observer
https://koobaatooasparagus.bandcamp.com/album/simp-gimp
https://koobaatooasparagus.bandcamp.com/album/sinful-desires
https://koobaatooasparagus.bandcamp.com/album/sinful-secrets
https://koobaatooasparagus.bandcamp.com/album/single-threaded
https://koobaatooasparagus.bandcamp.com/album/sinners-paradise
https://koobaatooasparagus.bandcamp.com/album/sinners-paradise-2
https://koobaatooasparagus.bandcamp.com/album/sinners-paradise-3
https://koobaatooasparagus.bandcamp.com/album/sisters-in-arms
https://koobaatooasparagus.bandcamp.com/album/sitting-on-a-facade-chair
https://koobaatooasparagus.bandcamp.com/album/sixth-day-of-creation
https://koobaatooasparagus.bandcamp.com/album/skank-in-bulgaria
https://koobaatooasparagus.bandcamp.com/album/skin-skirt
https://koobaatooasparagus.bandcamp.com/album/skylar-snow
https://koobaatooasparagus.bandcamp.com/album/slave-is-job
https://koobaatooasparagus.bandcamp.com/album/slave-spank
https://koobaatooasparagus.bandcamp.com/album/sleeze-ball
https://koobaatooasparagus.bandcamp.com/album/sloppy-seconds
https://koobaatooasparagus.bandcamp.com/album/slut-shaming
https://koobaatooasparagus.bandcamp.com/album/slut-shaming-2
https://koobaatooasparagus.bandcamp.com/album/slut-walk-2
https://koobaatooasparagus.bandcamp.com/album/smuggling
https://koobaatooasparagus.bandcamp.com/album/snake-woman-eve
https://koobaatooasparagus.bandcamp.com/album/snorting-power
https://koobaatooasparagus.bandcamp.com/album/snowballing-practice
https://koobaatooasparagus.bandcamp.com/album/social-distancing-music
https://koobaatooasparagus.bandcamp.com/album/social-experiments
https://koobaatooasparagus.bandcamp.com/album/sofi
https://koobaatooasparagus.bandcamp.com/album/soft-lust
https://koobaatooasparagus.bandcamp.com/album/soldiers-of-the-bodyguard
https://koobaatooasparagus.bandcamp.com/album/solo-cult
https://koobaatooasparagus.bandcamp.com/album/sophisticated-system
https://koobaatooasparagus.bandcamp.com/album/soul-snatcher
https://koobaatooasparagus.bandcamp.com/album/soul-snatchers
https://koobaatooasparagus.bandcamp.com/album/special-attention
https://koobaatooasparagus.bandcamp.com/album/spectral-phenomenon
https://koobaatooasparagus.bandcamp.com/album/spider-woman
https://koobaatooasparagus.bandcamp.com/album/spit-roast
https://koobaatooasparagus.bandcamp.com/album/split-koobaatoo-asparagus-ixsxdxsxtxp
https://koobaatooasparagus.bandcamp.com/album/stand-off
https://koobaatooasparagus.bandcamp.com/album/state-of-arousal
https://koobaatooasparagus.bandcamp.com/album/state-of-hate
https://koobaatooasparagus.bandcamp.com/album/static-force
https://koobaatooasparagus.bandcamp.com/album/static-nihilism
https://koobaatooasparagus.bandcamp.com/album/static-strapped
https://koobaatooasparagus.bandcamp.com/album/stay-dangerous
https://koobaatooasparagus.bandcamp.com/album/stay-down-with-me
https://koobaatooasparagus.bandcamp.com/album/stay-ready
https://koobaatooasparagus.bandcamp.com/album/steel-city
https://koobaatooasparagus.bandcamp.com/album/str8-harsh
https://koobaatooasparagus.bandcamp.com/album/strange-hobbies
https://koobaatooasparagus.bandcamp.com/album/strange-manic-mode
https://koobaatooasparagus.bandcamp.com/album/strange-ways
https://koobaatooasparagus.bandcamp.com/album/strangers-and-friends
https://koobaatooasparagus.bandcamp.com/album/strangers-of-tomorrow
https://koobaatooasparagus.bandcamp.com/album/strapped-up
https://koobaatooasparagus.bandcamp.com/album/strawberry-blonde
https://koobaatooasparagus.bandcamp.com/album/street-meat
https://koobaatooasparagus.bandcamp.com/album/stroke-deez-balls
https://koobaatooasparagus.bandcamp.com/album/struggle-against-their-bonds
https://koobaatooasparagus.bandcamp.com/album/stuck-behind-these-walls
https://koobaatooasparagus.bandcamp.com/album/sub-train-station
https://koobaatooasparagus.bandcamp.com/album/submission
https://koobaatooasparagus.bandcamp.com/album/submissive-wall
https://koobaatooasparagus.bandcamp.com/album/submit
https://koobaatooasparagus.bandcamp.com/album/suffering-inside
https://koobaatooasparagus.bandcamp.com/album/suicide-noise
https://koobaatooasparagus.bandcamp.com/album/summer-annuals
https://koobaatooasparagus.bandcamp.com/album/summer-love
https://koobaatooasparagus.bandcamp.com/album/summer-love-2
https://koobaatooasparagus.bandcamp.com/album/supernatural
https://koobaatooasparagus.bandcamp.com/album/supply-and-demand
https://koobaatooasparagus.bandcamp.com/album/surrogate-mother
https://koobaatooasparagus.bandcamp.com/album/suspension-of-disbelief
https://koobaatooasparagus.bandcamp.com/album/suzanne-somers
https://koobaatooasparagus.bandcamp.com/album/switch
https://koobaatooasparagus.bandcamp.com/album/synapse-culture
https://koobaatooasparagus.bandcamp.com/album/syndo-mob
https://koobaatooasparagus.bandcamp.com/album/syrian-rebels
https://koobaatooasparagus.bandcamp.com/album/system-of-rites
https://koobaatooasparagus.bandcamp.com/album/systematic-abuse
https://koobaatooasparagus.bandcamp.com/album/t-o-r-t-u-r-e-d-e-a-t-h
https://koobaatooasparagus.bandcamp.com/album/target-practice
https://koobaatooasparagus.bandcamp.com/album/terrior-valley
https://koobaatooasparagus.bandcamp.com/album/territorial-disputes
https://koobaatooasparagus.bandcamp.com/album/terrorist-threats
https://koobaatooasparagus.bandcamp.com/album/testosterone-driven
https://koobaatooasparagus.bandcamp.com/album/texas-and-the-lost-girls
https://koobaatooasparagus.bandcamp.com/album/textures
https://koobaatooasparagus.bandcamp.com/album/the-absent-history
https://koobaatooasparagus.bandcamp.com/album/the-after-life
https://koobaatooasparagus.bandcamp.com/album/the-anti-vaccination-movement
https://koobaatooasparagus.bandcamp.com/album/the-arrangement
https://koobaatooasparagus.bandcamp.com/album/the-babylonian-marriage-market
https://koobaatooasparagus.bandcamp.com/album/the-book-of-death
https://koobaatooasparagus.bandcamp.com/album/the-calm-before-the-storm
https://koobaatooasparagus.bandcamp.com/album/the-cathouse
https://koobaatooasparagus.bandcamp.com/album/the-colossus
https://koobaatooasparagus.bandcamp.com/album/the-crush-fetish
https://koobaatooasparagus.bandcamp.com/album/the-descent-of-the-spirit
https://koobaatooasparagus.bandcamp.com/album/the-devils-gift
https://koobaatooasparagus.bandcamp.com/album/the-diddler
https://koobaatooasparagus.bandcamp.com/album/the-dry-spell
https://koobaatooasparagus.bandcamp.com/album/the-dry-spell-2
https://koobaatooasparagus.bandcamp.com/album/the-elixir-of-life
https://koobaatooasparagus.bandcamp.com/album/the-erotic-blueprint
https://koobaatooasparagus.bandcamp.com/album/the-filipino-freak
https://koobaatooasparagus.bandcamp.com/album/the-final-break
https://koobaatooasparagus.bandcamp.com/album/the-finnish-maxim
https://koobaatooasparagus.bandcamp.com/album/the-first-women
https://koobaatooasparagus.bandcamp.com/album/the-foot-fetish-weirdo
https://koobaatooasparagus.bandcamp.com/album/the-fracture-point
https://koobaatooasparagus.bandcamp.com/album/the-galaxy-is-watching
https://koobaatooasparagus.bandcamp.com/album/the-gentle-whip
https://koobaatooasparagus.bandcamp.com/album/the-girl-under-the-bridge
https://koobaatooasparagus.bandcamp.com/album/the-grim-robber
https://koobaatooasparagus.bandcamp.com/album/the-hate-in-palestine
https://koobaatooasparagus.bandcamp.com/album/the-heavenly-body
https://koobaatooasparagus.bandcamp.com/album/the-hermit-his-wall
https://koobaatooasparagus.bandcamp.com/album/the-hidden-prophecy
https://koobaatooasparagus.bandcamp.com/album/the-hookup-culture
https://koobaatooasparagus.bandcamp.com/album/the-horror-of-the-salem
https://koobaatooasparagus.bandcamp.com/album/the-killing-fields
https://koobaatooasparagus.bandcamp.com/album/the-king-fool
https://koobaatooasparagus.bandcamp.com/album/the-last-days
https://koobaatooasparagus.bandcamp.com/album/the-lesbian-secret-revealed
https://koobaatooasparagus.bandcamp.com/album/the-main-strip
https://koobaatooasparagus.bandcamp.com/album/the-mayhem-the-fight
https://koobaatooasparagus.bandcamp.com/album/the-moral-argument
https://koobaatooasparagus.bandcamp.com/album/the-movement
https://koobaatooasparagus.bandcamp.com/album/the-mystery
https://koobaatooasparagus.bandcamp.com/album/the-new-system
https://koobaatooasparagus.bandcamp.com/album/the-new-system-2
https://koobaatooasparagus.bandcamp.com/album/the-pearl-necklace
https://koobaatooasparagus.bandcamp.com/album/the-pleasure-of-punishment
https://koobaatooasparagus.bandcamp.com/album/the-prophecys-waves
https://koobaatooasparagus.bandcamp.com/album/the-real-pandemic
https://koobaatooasparagus.bandcamp.com/album/the-seen-and-unseen
https://koobaatooasparagus.bandcamp.com/album/the-set-up
https://koobaatooasparagus.bandcamp.com/album/the-seven-planets
https://koobaatooasparagus.bandcamp.com/album/the-sexual-force
https://koobaatooasparagus.bandcamp.com/album/the-smell-of-an-orgy
https://koobaatooasparagus.bandcamp.com/album/the-smell-of-latex-rubber
https://koobaatooasparagus.bandcamp.com/album/the-sound-of-junk
https://koobaatooasparagus.bandcamp.com/album/the-sound-of-submission
https://koobaatooasparagus.bandcamp.com/album/the-story-of-cupid
https://koobaatooasparagus.bandcamp.com/album/the-strangler-of-blackmoor-castle
https://koobaatooasparagus.bandcamp.com/album/the-tainted-nurse
https://koobaatooasparagus.bandcamp.com/album/the-take-over
https://koobaatooasparagus.bandcamp.com/album/the-take-over-2-2
https://koobaatooasparagus.bandcamp.com/album/the-truth-of-the-husband
https://koobaatooasparagus.bandcamp.com/album/the-turn-out
https://koobaatooasparagus.bandcamp.com/album/the-unwritten-path
https://koobaatooasparagus.bandcamp.com/album/the-veil-and-the-male-elite
https://koobaatooasparagus.bandcamp.com/album/the-wall-has-eyes
https://koobaatooasparagus.bandcamp.com/album/the-war-needs-to-stop
https://koobaatooasparagus.bandcamp.com/album/thick-walls-like-thighs
https://koobaatooasparagus.bandcamp.com/album/thorn-of-secrets
https://koobaatooasparagus.bandcamp.com/album/tied-down-lifted-up
https://koobaatooasparagus.bandcamp.com/album/tied-to-be-fit
https://koobaatooasparagus.bandcamp.com/album/tied-to-the-feeling
https://koobaatooasparagus.bandcamp.com/album/time
https://koobaatooasparagus.bandcamp.com/album/time-of-panic
https://koobaatooasparagus.bandcamp.com/album/tinnitus-treatment
https://koobaatooasparagus.bandcamp.com/album/together-in-space
https://koobaatooasparagus.bandcamp.com/album/together-through-time
https://koobaatooasparagus.bandcamp.com/album/tools-fews
https://koobaatooasparagus.bandcamp.com/album/top-and-bottom
https://koobaatooasparagus.bandcamp.com/album/torture-tonez
https://koobaatooasparagus.bandcamp.com/album/total-chaos
https://koobaatooasparagus.bandcamp.com/album/tough-women
https://koobaatooasparagus.bandcamp.com/album/training
https://koobaatooasparagus.bandcamp.com/album/training-the-rubber
https://koobaatooasparagus.bandcamp.com/album/tramp
https://koobaatooasparagus.bandcamp.com/album/tramp-stamp
https://koobaatooasparagus.bandcamp.com/album/transmissions-from-osiris
https://koobaatooasparagus.bandcamp.com/album/transmutation-theory
https://koobaatooasparagus.bandcamp.com/album/trashy
https://koobaatooasparagus.bandcamp.com/album/trauma-response-koobaatoo-asparagus-split
https://koobaatooasparagus.bandcamp.com/album/troubled-soul
https://koobaatooasparagus.bandcamp.com/album/trust-in-you
https://koobaatooasparagus.bandcamp.com/album/trust-issues
https://koobaatooasparagus.bandcamp.com/album/twiggy
https://koobaatooasparagus.bandcamp.com/album/type-56
https://koobaatooasparagus.bandcamp.com/album/tyrant-in-charge
https://koobaatooasparagus.bandcamp.com/album/uk-fetish
https://koobaatooasparagus.bandcamp.com/album/uncontrollable-thoughts
https://koobaatooasparagus.bandcamp.com/album/uncooperative
https://koobaatooasparagus.bandcamp.com/album/undercover-cuck
https://koobaatooasparagus.bandcamp.com/album/unfair-sex-roles
https://koobaatooasparagus.bandcamp.com/album/unfaithful
https://koobaatooasparagus.bandcamp.com/album/unfinished-revolution
https://koobaatooasparagus.bandcamp.com/album/united-states-of-feminist
https://koobaatooasparagus.bandcamp.com/album/universe-of-chaos
https://koobaatooasparagus.bandcamp.com/album/unknown-with-wings
https://koobaatooasparagus.bandcamp.com/album/unleashing-terror
https://koobaatooasparagus.bandcamp.com/album/unpleasant
https://koobaatooasparagus.bandcamp.com/album/untitled
https://koobaatooasparagus.bandcamp.com/album/untitled-2
https://koobaatooasparagus.bandcamp.com/album/untitled-3
https://koobaatooasparagus.bandcamp.com/album/untitled-7
https://koobaatooasparagus.bandcamp.com/album/untitled-wall-vol-1
https://koobaatooasparagus.bandcamp.com/album/vaccine-time
https://koobaatooasparagus.bandcamp.com/album/valerie-leon
https://koobaatooasparagus.bandcamp.com/album/valley-of-dry-bones
https://koobaatooasparagus.bandcamp.com/album/veil-of-war
https://koobaatooasparagus.bandcamp.com/album/vengeful-behavior
https://koobaatooasparagus.bandcamp.com/album/venus
https://koobaatooasparagus.bandcamp.com/album/venus-mars
https://koobaatooasparagus.bandcamp.com/album/vera-tschechowa
https://koobaatooasparagus.bandcamp.com/album/vetting-season
https://koobaatooasparagus.bandcamp.com/album/victorian-sex-workers
https://koobaatooasparagus.bandcamp.com/album/victory-on-an-empty-map
https://koobaatooasparagus.bandcamp.com/album/vida-loca
https://koobaatooasparagus.bandcamp.com/album/view-from-the-floor
https://koobaatooasparagus.bandcamp.com/album/vindictive
https://koobaatooasparagus.bandcamp.com/album/violence
https://koobaatooasparagus.bandcamp.com/album/violence-is-forever
https://koobaatooasparagus.bandcamp.com/album/virgin-ears
https://koobaatooasparagus.bandcamp.com/album/visual-system
https://koobaatooasparagus.bandcamp.com/album/wait-your-turn
https://koobaatooasparagus.bandcamp.com/album/wall-agonist
https://koobaatooasparagus.bandcamp.com/album/wall-and-gods
https://koobaatooasparagus.bandcamp.com/album/wall-assassins
https://koobaatooasparagus.bandcamp.com/album/wall-fetish
https://koobaatooasparagus.bandcamp.com/album/wall-of-anarchy
https://koobaatooasparagus.bandcamp.com/album/wall-of-dreams
https://koobaatooasparagus.bandcamp.com/album/wall-of-mercy
https://koobaatooasparagus.bandcamp.com/album/wall-of-nightmares
https://koobaatooasparagus.bandcamp.com/album/wall-of-power
https://koobaatooasparagus.bandcamp.com/album/wall-power
https://koobaatooasparagus.bandcamp.com/album/wall-to-sleep-vol-1
https://koobaatooasparagus.bandcamp.com/album/wall-to-sleep-vol-2
https://koobaatooasparagus.bandcamp.com/album/wall-to-sleep-vol-3
https://koobaatooasparagus.bandcamp.com/album/wall-unit
https://koobaatooasparagus.bandcamp.com/album/walls-of-sin
https://koobaatooasparagus.bandcamp.com/album/walls-of-sorrow
https://koobaatooasparagus.bandcamp.com/album/wank-bank
https://koobaatooasparagus.bandcamp.com/album/war-against-the-panthers
https://koobaatooasparagus.bandcamp.com/album/war-of-dispair
https://koobaatooasparagus.bandcamp.com/album/war-prophecy-and-fate
https://koobaatooasparagus.bandcamp.com/album/war-with-pride
https://koobaatooasparagus.bandcamp.com/album/water-sports
https://koobaatooasparagus.bandcamp.com/album/we-all-die-in-pain
https://koobaatooasparagus.bandcamp.com/album/we-live-in-the-dark
https://koobaatooasparagus.bandcamp.com/album/we-love-chaos
https://koobaatooasparagus.bandcamp.com/album/we-love-you-in-hell
https://koobaatooasparagus.bandcamp.com/album/webcam-amateur
https://koobaatooasparagus.bandcamp.com/album/weirdly-attracted
https://koobaatooasparagus.bandcamp.com/album/welcome-to-my-world
https://koobaatooasparagus.bandcamp.com/album/welcome-to-san-dino
https://koobaatooasparagus.bandcamp.com/album/welfare-state
https://koobaatooasparagus.bandcamp.com/album/wet-lust
https://koobaatooasparagus.bandcamp.com/album/what-you-can-do-about-it
https://koobaatooasparagus.bandcamp.com/album/whips-walls
https://koobaatooasparagus.bandcamp.com/album/whore-in-bed
https://koobaatooasparagus.bandcamp.com/album/why-women-kill
https://koobaatooasparagus.bandcamp.com/album/wig-splitter
https://koobaatooasparagus.bandcamp.com/album/willie
https://koobaatooasparagus.bandcamp.com/album/windows-to-the-soul
https://koobaatooasparagus.bandcamp.com/album/witch-burning
https://koobaatooasparagus.bandcamp.com/album/witches-past
https://koobaatooasparagus.bandcamp.com/album/witches-sluts-feminists
https://koobaatooasparagus.bandcamp.com/album/wives-with-sins
https://koobaatooasparagus.bandcamp.com/album/woman-and-nature
https://koobaatooasparagus.bandcamp.com/album/woman-sickness
https://koobaatooasparagus.bandcamp.com/album/women-fight-patriarchy
https://koobaatooasparagus.bandcamp.com/album/women-of-sin
https://koobaatooasparagus.bandcamp.com/album/women-on-death-row
https://koobaatooasparagus.bandcamp.com/album/world-of-lust
https://koobaatooasparagus.bandcamp.com/album/world-of-nobody
https://koobaatooasparagus.bandcamp.com/album/written-in-blood
https://koobaatooasparagus.bandcamp.com/album/xgrifox-janky-funeral-split
https://koobaatooasparagus.bandcamp.com/album/years-of-servants
https://koobaatooasparagus.bandcamp.com/album/yeast-dirt
https://koobaatooasparagus.bandcamp.com/album/yes-daddy
https://koobaatooasparagus.bandcamp.com/album/you-make-the-call
https://koobaatooasparagus.bandcamp.com/album/young-assassins
https://koobaatooasparagus.bandcamp.com/album/zapatista-movement
https://koobaatooasparagus.bandcamp.com/album/zentai-fetish
https://koobaatooasparagus.bandcamp.com/album/zero-state
https://koobaatooasparagus.bandcamp.com/album/zero-tolerance
