https://kagoshimasizuku.bandcamp.com/album/--10
https://kagoshimasizuku.bandcamp.com/album/--11
https://kagoshimasizuku.bandcamp.com/album/--12
https://kagoshimasizuku.bandcamp.com/album/--13
https://kagoshimasizuku.bandcamp.com/album/--14
https://kagoshimasizuku.bandcamp.com/album/--17
https://kagoshimasizuku.bandcamp.com/album/--4
https://kagoshimasizuku.bandcamp.com/album/--5
https://kagoshimasizuku.bandcamp.com/album/--6
https://kagoshimasizuku.bandcamp.com/album/--7
https://kagoshimasizuku.bandcamp.com/album/--8
https://kagoshimasizuku.bandcamp.com/album/12-13
https://kagoshimasizuku.bandcamp.com/album/2020-ep
https://kagoshimasizuku.bandcamp.com/album/acoustic-cover-album
https://kagoshimasizuku.bandcamp.com/album/archive
https://kagoshimasizuku.bandcamp.com/album/aumbient
https://kagoshimasizuku.bandcamp.com/album/devil-mouse
https://kagoshimasizuku.bandcamp.com/album/ep
https://kagoshimasizuku.bandcamp.com/album/ep-3
https://kagoshimasizuku.bandcamp.com/album/ep-4
https://kagoshimasizuku.bandcamp.com/album/ep-5
https://kagoshimasizuku.bandcamp.com/album/ep-red-light-district-of-buddha
https://kagoshimasizuku.bandcamp.com/album/goth-vayble
https://kagoshimasizuku.bandcamp.com/album/hard-acid
https://kagoshimasizuku.bandcamp.com/album/improvisation-on-the-street-performance
https://kagoshimasizuku.bandcamp.com/album/incarnation-of-color
https://kagoshimasizuku.bandcamp.com/album/is-not-in-the-ikeda-religion
https://kagoshimasizuku.bandcamp.com/album/legacy
https://kagoshimasizuku.bandcamp.com/album/live-hisomine
https://kagoshimasizuku.bandcamp.com/album/liveset-home
https://kagoshimasizuku.bandcamp.com/album/liveset-home2
https://kagoshimasizuku.bandcamp.com/album/lp
https://kagoshimasizuku.bandcamp.com/album/mapebum-best
https://kagoshimasizuku.bandcamp.com/album/mix
https://kagoshimasizuku.bandcamp.com/album/moon-maniak
https://kagoshimasizuku.bandcamp.com/album/my-soul-concret
https://kagoshimasizuku.bandcamp.com/album/name-of-love
https://kagoshimasizuku.bandcamp.com/album/old-tapes-from-violent
https://kagoshimasizuku.bandcamp.com/album/one-take
https://kagoshimasizuku.bandcamp.com/album/one-take3
https://kagoshimasizuku.bandcamp.com/album/onetake2
https://kagoshimasizuku.bandcamp.com/album/primitive-duber-mixtape
https://kagoshimasizuku.bandcamp.com/album/rec1-10
https://kagoshimasizuku.bandcamp.com/album/rec1-10-3
https://kagoshimasizuku.bandcamp.com/album/rec2-2-4
https://kagoshimasizuku.bandcamp.com/album/remaster
https://kagoshimasizuku.bandcamp.com/album/romanticism
https://kagoshimasizuku.bandcamp.com/album/smells-like-bedroom-dj-spirit
https://kagoshimasizuku.bandcamp.com/album/to-duo-session
https://kagoshimasizuku.bandcamp.com/album/toupema-lp
https://kagoshimasizuku.bandcamp.com/album/white-pray-album
https://kagoshimasizuku.bandcamp.com/album/yoituki
https://kagoshimasizuku.bandcamp.com/album/yomigaeri-remaster
https://kagoshimasizuku.bandcamp.com/track/--142
https://kagoshimasizuku.bandcamp.com/track/--51
https://kagoshimasizuku.bandcamp.com/track/--52
https://kagoshimasizuku.bandcamp.com/track/--97
https://kagoshimasizuku.bandcamp.com/track/--98
https://kagoshimasizuku.bandcamp.com/track/20190706-130024
https://kagoshimasizuku.bandcamp.com/track/20190708-101152
https://kagoshimasizuku.bandcamp.com/track/20190709-135222
https://kagoshimasizuku.bandcamp.com/track/20190802-094308
https://kagoshimasizuku.bandcamp.com/track/20190807-162908
https://kagoshimasizuku.bandcamp.com/track/20190820-142134
https://kagoshimasizuku.bandcamp.com/track/20190826-125912
https://kagoshimasizuku.bandcamp.com/track/82
https://kagoshimasizuku.bandcamp.com/track/ft
https://kagoshimasizuku.bandcamp.com/track/gggg
https://kagoshimasizuku.bandcamp.com/track/heyviy-mix
https://kagoshimasizuku.bandcamp.com/track/japs-swingin-hip-hopers-mix
https://kagoshimasizuku.bandcamp.com/track/kagamimagak
https://kagoshimasizuku.bandcamp.com/track/la-mont-gang
https://kagoshimasizuku.bandcamp.com/track/mapetic-only-mix
https://kagoshimasizuku.bandcamp.com/track/mix-4
https://kagoshimasizuku.bandcamp.com/track/neumix1
https://kagoshimasizuku.bandcamp.com/track/neumix2
https://kagoshimasizuku.bandcamp.com/track/onetake-4
https://kagoshimasizuku.bandcamp.com/track/tenga-ten-mix
