https://current931.bandcamp.com/album/a-gothic-love-song
https://current931.bandcamp.com/album/a-little-menstrual-night-music
https://current931.bandcamp.com/album/aleph-at-hallucinatory-mountain
https://current931.bandcamp.com/album/all-dolled-up-like-christ
https://current931.bandcamp.com/album/all-the-pretty-little-horses
https://current931.bandcamp.com/album/and-when-rome-falls
https://current931.bandcamp.com/album/and-when-rome-falls-2
https://current931.bandcamp.com/album/as-real-as-scarecrows
https://current931.bandcamp.com/album/as-the-world-disappears
https://current931.bandcamp.com/album/astral-crimes-in-the-dark-house
https://current931.bandcamp.com/album/baalstorm-sings-omega
https://current931.bandcamp.com/album/birdsong-in-the-empire
https://current931.bandcamp.com/album/birth-canal-blues
https://current931.bandcamp.com/album/birth-canal-blues-live-limited
https://current931.bandcamp.com/album/black-ship-in-the-underworld
https://current931.bandcamp.com/album/black-ships-ate-the-sky
https://current931.bandcamp.com/album/black-ships-ate-the-sky-tour-single
https://current931.bandcamp.com/album/black-ships-eat-the-sky
https://current931.bandcamp.com/album/bright-yellow-moon-w-nurse-with-wound
https://current931.bandcamp.com/album/c93-om-inerrant-rays-of-infallible-sun-blackship-shrinebuilder
https://current931.bandcamp.com/album/cats-drunk-on-copper
https://current931.bandcamp.com/album/christ-and-the-pale-queens
https://current931.bandcamp.com/album/crooked-crosses-for-the-nodding-god
https://current931.bandcamp.com/album/damn-imperium
https://current931.bandcamp.com/album/david-ferelith
https://current931.bandcamp.com/album/david-fontelautus
https://current931.bandcamp.com/album/dawn-remaster
https://current931.bandcamp.com/album/dawn-yawns
https://current931.bandcamp.com/album/dogs-blood-order
https://current931.bandcamp.com/album/dogs-blood-rising-remaster
https://current931.bandcamp.com/album/earth-covers-earth
https://current931.bandcamp.com/album/emblems
https://current931.bandcamp.com/album/emblems-2024
https://current931.bandcamp.com/album/faust
https://current931.bandcamp.com/album/great-aleph-lies-dreaming
https://current931.bandcamp.com/album/greensleeve-drak-n
https://current931.bandcamp.com/album/halo
https://current931.bandcamp.com/album/hitler-as-kalki
https://current931.bandcamp.com/album/honeysuckle-aeons
https://current931.bandcamp.com/album/horsey
https://current931.bandcamp.com/album/horsey-original-master-tape-edition
https://current931.bandcamp.com/album/how-he-loved-the-moon-moonsongs-for-jhonn-balance
https://current931.bandcamp.com/album/how-i-devoured-apocalypse-balloon
https://current931.bandcamp.com/album/hypnagogue-2
https://current931.bandcamp.com/album/hypnagogue-a-dream-prologue
https://current931.bandcamp.com/album/i-am-the-last-of-all-the-field-that-fell-north-american-version
https://current931.bandcamp.com/album/i-am-the-last-of-all-the-field-that-fell-uk-version
https://current931.bandcamp.com/album/i-have-a-special-plan-for-this-world
https://current931.bandcamp.com/album/if-a-city-is-set-upon-a-hill-hallucinatory-pulse-mix-mix-mix
https://current931.bandcamp.com/album/if-a-star-turns-into-ashes
https://current931.bandcamp.com/album/imperium
https://current931.bandcamp.com/album/in-a-foreign-town-in-a-foreign-land
https://current931.bandcamp.com/album/in-menstrual-night-remaster
https://current931.bandcamp.com/album/invocations-of-almost
https://current931.bandcamp.com/album/island
https://current931.bandcamp.com/album/live-at-bar-maldoror-remaster
https://current931.bandcamp.com/album/live-at-the-teatro-ib-rico-lisbon-portugal
https://current931.bandcamp.com/album/live-at-the-teatro-iberico-lisbon-2024
https://current931.bandcamp.com/album/maybe-skeletal-rainbow
https://current931.bandcamp.com/album/monohalluncinatory-mountain
https://current931.bandcamp.com/album/moony-tunes
https://current931.bandcamp.com/album/music-from-the-horse-hospital
https://current931.bandcamp.com/album/musical-pumpkin-cottage
https://current931.bandcamp.com/album/my-name-is-nearly-all-thats-left
https://current931.bandcamp.com/album/nature-unveiled-remaster
https://current931.bandcamp.com/album/night-at-the-four-winds-bar-maldoror
https://current931.bandcamp.com/album/octopus
https://current931.bandcamp.com/album/of-ruine-or-some-blazing-starre
https://current931.bandcamp.com/album/play-by-the-sea
https://current931.bandcamp.com/album/purtle
https://current931.bandcamp.com/album/sixsixsix-sicksicksick
https://current931.bandcamp.com/album/sixsixsix-sicksicksick-2
https://current931.bandcamp.com/album/sketches-of-my-nightmares-and-dreams-occurring
https://current931.bandcamp.com/album/sleep-has-his-house
https://current931.bandcamp.com/album/sleep-has-his-house-original-master-tape-edition
https://current931.bandcamp.com/album/soft-black-stars
https://current931.bandcamp.com/album/some-soft-black-stars-seen-over-london
https://current931.bandcamp.com/album/swastikas-for-goddy
https://current931.bandcamp.com/album/swastikas-for-noddy-crooked-crosses-for-the-nodding-god-2015-remaster
https://current931.bandcamp.com/album/the-astral-crimes-of-stephen-hawke
https://current931.bandcamp.com/album/the-courtyard
https://current931.bandcamp.com/album/the-light-is-leaving-us-all
https://current931.bandcamp.com/album/the-light-left-you-quite
https://current931.bandcamp.com/album/the-moons-at-your-door
https://current931.bandcamp.com/album/the-sadness-of-things
https://current931.bandcamp.com/album/the-seahorse-rears-to-oblivion
https://current931.bandcamp.com/album/the-starres-are-marching-sadly-home-the-inmostlight-thirdandfinal
https://current931.bandcamp.com/album/the-stars-on-their-horsies
https://current931.bandcamp.com/album/thunder-perfect-mind
https://current931.bandcamp.com/album/unreleased-rarities-out-takes-rehearsals-and-live-82-95
https://current931.bandcamp.com/album/when-the-may-rain-comes
https://current931.bandcamp.com/album/where-the-long-shadows-fall-beforetheinmostlight
