https://gustafsson1.bandcamp.com/album/3-nights-in-oslo
https://gustafsson1.bandcamp.com/album/action-jazz
https://gustafsson1.bandcamp.com/album/actions
https://gustafsson1.bandcamp.com/album/allsta-finns-jag
https://gustafsson1.bandcamp.com/album/allt-r-intet
https://gustafsson1.bandcamp.com/album/apertura
https://gustafsson1.bandcamp.com/album/azz-appeal
https://gustafsson1.bandcamp.com/album/bag-it
https://gustafsson1.bandcamp.com/album/bengt
https://gustafsson1.bandcamp.com/album/blonk-gustafsson-zerang
https://gustafsson1.bandcamp.com/album/blow-beat
https://gustafsson1.bandcamp.com/album/boot
https://gustafsson1.bandcamp.com/album/carl-fredrik-reutersw-rd
https://gustafsson1.bandcamp.com/album/catapult
https://gustafsson1.bandcamp.com/album/discaholics-7
https://gustafsson1.bandcamp.com/album/diskaholics-anonymous-trio
https://gustafsson1.bandcamp.com/album/dream-baby-dream-cashback
https://gustafsson1.bandcamp.com/album/duck-walks-dog-with-mixed-results
https://gustafsson1.bandcamp.com/album/duo-timing
https://gustafsson1.bandcamp.com/album/ee-opus-one
https://gustafsson1.bandcamp.com/album/for-don-cherry
https://gustafsson1.bandcamp.com/album/from-things-to-sounds
https://gustafsson1.bandcamp.com/album/gryffgryffgryffs
https://gustafsson1.bandcamp.com/album/gush-30-krak-w-2018
https://gustafsson1.bandcamp.com/album/gush-wachs
https://gustafsson1.bandcamp.com/album/hidros-3
https://gustafsson1.bandcamp.com/album/hidros-6
https://gustafsson1.bandcamp.com/album/hidros-6-knockin
https://gustafsson1.bandcamp.com/album/hidros-8-heal
https://gustafsson1.bandcamp.com/album/hidros-9-mirrors
https://gustafsson1.bandcamp.com/album/how-to-raise-an-ox
https://gustafsson1.bandcamp.com/album/i-see-you-baby-shakin-that-ass
https://gustafsson1.bandcamp.com/album/ich-bin-n-ntendo-mats-gustafsson
https://gustafsson1.bandcamp.com/album/immediate-sound
https://gustafsson1.bandcamp.com/album/impropositions
https://gustafsson1.bandcamp.com/album/inhale
https://gustafsson1.bandcamp.com/album/ke-hodell-friends-of-the-bumblebee
https://gustafsson1.bandcamp.com/album/kopros-lithos
https://gustafsson1.bandcamp.com/album/lennart
https://gustafsson1.bandcamp.com/album/live-at-bl
https://gustafsson1.bandcamp.com/album/live-at-fasching
https://gustafsson1.bandcamp.com/album/live-at-the-south-bank
https://gustafsson1.bandcamp.com/album/live-in-japan-vol-1
https://gustafsson1.bandcamp.com/album/live-in-tampere
https://gustafsson1.bandcamp.com/album/mad-dogs
https://gustafsson1.bandcamp.com/album/mad-dogs-on-the-loose
https://gustafsson1.bandcamp.com/album/maja-af-svea
https://gustafsson1.bandcamp.com/album/mats-gustafsson-raymond-strid-hockey
https://gustafsson1.bandcamp.com/album/mono
https://gustafsson1.bandcamp.com/album/mouth-eating-trees-and-related-activities
https://gustafsson1.bandcamp.com/album/na-ja-black-cross-solo-sessions-5
https://gustafsson1.bandcamp.com/album/narrominded
https://gustafsson1.bandcamp.com/album/nedresa
https://gustafsson1.bandcamp.com/album/norrk-ping-2
https://gustafsson1.bandcamp.com/album/nothing-to-read
https://gustafsson1.bandcamp.com/album/one-to-two
https://gustafsson1.bandcamp.com/album/opus-apus
https://gustafsson1.bandcamp.com/album/padova-solo-caa-019
https://gustafsson1.bandcamp.com/album/parrot-fish-eye
https://gustafsson1.bandcamp.com/album/plingeling-plingaling
https://gustafsson1.bandcamp.com/album/port-huron-picnic
https://gustafsson1.bandcamp.com/album/prosperity
https://gustafsson1.bandcamp.com/album/she-knows
https://gustafsson1.bandcamp.com/album/shinjuku-crawl
https://gustafsson1.bandcamp.com/album/shinjuku-growl
https://gustafsson1.bandcamp.com/album/sin-gas
https://gustafsson1.bandcamp.com/album/slide
https://gustafsson1.bandcamp.com/album/soundfood-listen-eat-drink
https://gustafsson1.bandcamp.com/album/sounds-like-a-sandwich
https://gustafsson1.bandcamp.com/album/splatter
https://gustafsson1.bandcamp.com/album/sticky-tongues-and-kitchen-knives
https://gustafsson1.bandcamp.com/album/stones
https://gustafsson1.bandcamp.com/album/strountes
https://gustafsson1.bandcamp.com/album/sustain-2
https://gustafsson1.bandcamp.com/album/tarfala
https://gustafsson1.bandcamp.com/album/the-art-of-the-duo
https://gustafsson1.bandcamp.com/album/the-art-of-the-duo-2
https://gustafsson1.bandcamp.com/album/the-art-of-the-duo-3
https://gustafsson1.bandcamp.com/album/the-education-of-lars-jerry
https://gustafsson1.bandcamp.com/album/the-fat-is-gone
https://gustafsson1.bandcamp.com/album/the-first-original-silence
https://gustafsson1.bandcamp.com/album/the-music-of-norman-howard
https://gustafsson1.bandcamp.com/album/the-oslo-tapes
https://gustafsson1.bandcamp.com/album/the-second-original-silence
https://gustafsson1.bandcamp.com/album/the-sublime-and-the-profane
https://gustafsson1.bandcamp.com/album/timeless
https://gustafsson1.bandcamp.com/album/timeless-2
https://gustafsson1.bandcamp.com/album/torturing-the-saxophone
https://gustafsson1.bandcamp.com/album/vario-34
https://gustafsson1.bandcamp.com/album/watching-a-dog-smiling
https://gustafsson1.bandcamp.com/album/weapons-of-ass-destruction
https://gustafsson1.bandcamp.com/album/why-do-you-mourn
https://gustafsson1.bandcamp.com/album/windows-the-music-of-steve-lacy
https://gustafsson1.bandcamp.com/album/with-records
https://gustafsson1.bandcamp.com/album/words-on-the-floor
https://gustafsson1.bandcamp.com/album/xylophonen-virtuosen
https://gustafsson1.bandcamp.com/album/your-left-hand-just-exploded
