https://axeldoerner.bandcamp.com/album/afore-2
https://axeldoerner.bandcamp.com/album/br-nsh-j
https://axeldoerner.bandcamp.com/album/brixia
https://axeldoerner.bandcamp.com/album/disversicht
https://axeldoerner.bandcamp.com/album/duo-chandos
https://axeldoerner.bandcamp.com/album/jakot
https://axeldoerner.bandcamp.com/album/magado
https://axeldoerner.bandcamp.com/album/mohabit-2753
https://axeldoerner.bandcamp.com/album/sicherlich-2
https://axeldoerner.bandcamp.com/album/the-beauty-of-exaggeration
https://axeldoerner.bandcamp.com/album/the-streetfighters-quartet
https://axeldoerner.bandcamp.com/album/unbar
https://axeldoerner.bandcamp.com/album/untitled
https://axeldoerner.bandcamp.com/album/untitled-2
https://axeldoerner.bandcamp.com/album/untitled-3
https://axeldoerner.bandcamp.com/album/unweil
https://axeldoerner.bandcamp.com/album/unzusicht-1738
https://axeldoerner.bandcamp.com/album/unzusicht-2318
https://axeldoerner.bandcamp.com/album/unzusicht-2634-2
https://axeldoerner.bandcamp.com/album/unzusicht-2743
https://axeldoerner.bandcamp.com/album/unzusicht-2923-2
https://axeldoerner.bandcamp.com/album/wirksam
https://axeldoerner.bandcamp.com/track/gegenfall
https://axeldoerner.bandcamp.com/track/vorfall
