https://billnelson.bandcamp.com/album/a-catalogue-of-obsessions
https://billnelson.bandcamp.com/album/after-the-satellite-sings
https://billnelson.bandcamp.com/album/albion-dream-vortex
https://billnelson.bandcamp.com/album/all-that-i-remember
https://billnelson.bandcamp.com/album/all-the-fun-of-the-fair
https://billnelson.bandcamp.com/album/altar-pieces
https://billnelson.bandcamp.com/album/and-we-fell-into-a-dream
https://billnelson.bandcamp.com/album/arcadian-salon
https://billnelson.bandcamp.com/album/astral-motel
https://billnelson.bandcamp.com/album/astroloops
https://billnelson.bandcamp.com/album/atom-shop
https://billnelson.bandcamp.com/album/auditoria
https://billnelson.bandcamp.com/album/blip
https://billnelson.bandcamp.com/album/blip-2
https://billnelson.bandcamp.com/album/buddha-head
https://billnelson.bandcamp.com/album/caliban-and-the-chrome-harmonium
https://billnelson.bandcamp.com/album/captain-futures-psychotronic-circus
https://billnelson.bandcamp.com/album/chamber-of-dreams-music-from-the-invisibility-exhibition
https://billnelson.bandcamp.com/album/chameleon
https://billnelson.bandcamp.com/album/chance-encounters-in-the-garden-of-lights
https://billnelson.bandcamp.com/album/chimes-and-rings
https://billnelson.bandcamp.com/album/clocks-dials
https://billnelson.bandcamp.com/album/crimsworth
https://billnelson.bandcamp.com/album/custom-deluxe
https://billnelson.bandcamp.com/album/dazzlebox
https://billnelson.bandcamp.com/album/deep-dream-decoder
https://billnelson.bandcamp.com/album/details
https://billnelson.bandcamp.com/album/dreamland-to-starboard
https://billnelson.bandcamp.com/album/drive-this-comet-across-the-sky
https://billnelson.bandcamp.com/album/dynamos-and-tremolos
https://billnelson.bandcamp.com/album/electra-in-search-of-the-golden-sound
https://billnelson.bandcamp.com/album/electric-atlas
https://billnelson.bandcamp.com/album/electricity-made-us-angels
https://billnelson.bandcamp.com/album/fables-and-dreamsongs
https://billnelson.bandcamp.com/album/fancy-planets
https://billnelson.bandcamp.com/album/fantasmatron
https://billnelson.bandcamp.com/album/fantastic-guitars
https://billnelson.bandcamp.com/album/gleaming-without-lights
https://billnelson.bandcamp.com/album/golden-melodies-of-tomorrow
https://billnelson.bandcamp.com/album/heartbreakland
https://billnelson.bandcamp.com/album/here-comes-mr-mercury
https://billnelson.bandcamp.com/album/illuminated-at-dusk
https://billnelson.bandcamp.com/album/joy-through-amplification
https://billnelson.bandcamp.com/album/juke-box-for-jet-boy
https://billnelson.bandcamp.com/album/kid-flip-and-the-golden-spacemen
https://billnelson.bandcamp.com/album/loom
https://billnelson.bandcamp.com/album/luminous
https://billnelson.bandcamp.com/album/luxury-lodge
https://billnelson.bandcamp.com/album/luxury-wonder-moments
https://billnelson.bandcamp.com/album/magnificent-dream-people
https://billnelson.bandcamp.com/album/marvellous-realms
https://billnelson.bandcamp.com/album/mazda-kaleidoscope
https://billnelson.bandcamp.com/album/mixed-up-kid
https://billnelson.bandcamp.com/album/model-village
https://billnelson.bandcamp.com/album/modern-moods-for-mighty-atoms
https://billnelson.bandcamp.com/album/my-private-cosmos-disc-five
https://billnelson.bandcamp.com/album/my-private-cosmos-disc-four
https://billnelson.bandcamp.com/album/my-private-cosmos-disc-one
https://billnelson.bandcamp.com/album/my-private-cosmos-disc-six
https://billnelson.bandcamp.com/album/my-private-cosmos-disc-three
https://billnelson.bandcamp.com/album/my-private-cosmos-disc-two
https://billnelson.bandcamp.com/album/neptunes-galaxy
https://billnelson.bandcamp.com/album/new-northern-dream
https://billnelson.bandcamp.com/album/new-vibrato-wonderland
https://billnelson.bandcamp.com/album/non-stop-mystery-action
https://billnelson.bandcamp.com/album/northern-dream
https://billnelson.bandcamp.com/album/nudity
https://billnelson.bandcamp.com/album/old-haunts
https://billnelson.bandcamp.com/album/orpheus-in-ultraland
https://billnelson.bandcamp.com/album/pavilions-of-the-heart-and-soul
https://billnelson.bandcamp.com/album/pedalscope
https://billnelson.bandcamp.com/album/perfect-monsters
https://billnelson.bandcamp.com/album/picture-post
https://billnelson.bandcamp.com/album/plaything
https://billnelson.bandcamp.com/album/plectrajet
https://billnelson.bandcamp.com/album/powertron
https://billnelson.bandcamp.com/album/quiet-bells
https://billnelson.bandcamp.com/album/return-to-jazz-of-lights
https://billnelson.bandcamp.com/album/return-to-tomorrow
https://billnelson.bandcamp.com/album/rosewood-volume-1
https://billnelson.bandcamp.com/album/rosewood-volume-2
https://billnelson.bandcamp.com/album/satellite-songs
https://billnelson.bandcamp.com/album/secret-club-for-members-only
https://billnelson.bandcamp.com/album/shining-reflector
https://billnelson.bandcamp.com/album/signals-from-realms-of-light
https://billnelson.bandcamp.com/album/silvertone-fountains
https://billnelson.bandcamp.com/album/simplex
https://billnelson.bandcamp.com/album/six-string-super-apparatus
https://billnelson.bandcamp.com/album/snow-is-falling
https://billnelson.bandcamp.com/album/songs-for-ghosts
https://billnelson.bandcamp.com/album/songs-of-the-blossom-tree-optimists
https://billnelson.bandcamp.com/album/sounding-the-ritual-echo
https://billnelson.bandcamp.com/album/special-metal
https://billnelson.bandcamp.com/album/stand-by-light-coming
https://billnelson.bandcamp.com/album/starlight-stories
https://billnelson.bandcamp.com/album/stereo-star-maps
https://billnelson.bandcamp.com/album/studio-cadet
https://billnelson.bandcamp.com/album/stupid-serious
https://billnelson.bandcamp.com/album/swoons-and-levitations
https://billnelson.bandcamp.com/album/that-old-mysterioso
https://billnelson.bandcamp.com/album/the-alchemical-adventures-of-sailor-bill
https://billnelson.bandcamp.com/album/the-awakening-of-dr-dream
https://billnelson.bandcamp.com/album/the-dream-transmission-pavilion
https://billnelson.bandcamp.com/album/the-dreamers-companion-vol-1
https://billnelson.bandcamp.com/album/the-dreamers-companion-vol-2
https://billnelson.bandcamp.com/album/the-dreamers-companion-vol-3
https://billnelson.bandcamp.com/album/the-dreamshire-chronicles
https://billnelson.bandcamp.com/album/the-jewel
https://billnelson.bandcamp.com/album/the-last-lamplighter
https://billnelson.bandcamp.com/album/the-last-of-the-neon-cynics
https://billnelson.bandcamp.com/album/the-palace-of-strange-voltages
https://billnelson.bandcamp.com/album/the-romance-of-sustain
https://billnelson.bandcamp.com/album/the-sparkle-machine
https://billnelson.bandcamp.com/album/the-summer-of-gods-piano
https://billnelson.bandcamp.com/album/the-two-fold-aspect-of-everything
https://billnelson.bandcamp.com/album/the-unrealist
https://billnelson.bandcamp.com/album/the-years
https://billnelson.bandcamp.com/album/theatre-of-falling-leaves
https://billnelson.bandcamp.com/album/transcorder
https://billnelson.bandcamp.com/album/tripping-the-light-fantastic
https://billnelson.bandcamp.com/album/wah-wah-galaxy
https://billnelson.bandcamp.com/album/weird-critters
https://billnelson.bandcamp.com/album/whimsy
https://billnelson.bandcamp.com/album/whimsy-two-a-garage-full-of-clouds
https://billnelson.bandcamp.com/album/whistling-while-the-world-turns
https://billnelson.bandcamp.com/track/contemplation-2007
