https://pspsph.bandcamp.com/album/00-00-01
https://pspsph.bandcamp.com/album/00-00-02
https://pspsph.bandcamp.com/album/00-00-03
https://pspsph.bandcamp.com/album/00-00-04
https://pspsph.bandcamp.com/album/00-00-05
https://pspsph.bandcamp.com/album/00-00-06
https://pspsph.bandcamp.com/album/00-00-07
https://pspsph.bandcamp.com/album/00-00-08
https://pspsph.bandcamp.com/album/00-00-09
https://pspsph.bandcamp.com/album/00-00-10
https://pspsph.bandcamp.com/album/256hz-384hz
https://pspsph.bandcamp.com/album/a-certain-frequency
https://pspsph.bandcamp.com/album/a-gesture-out-of-place
https://pspsph.bandcamp.com/album/a6tb-94
https://pspsph.bandcamp.com/album/abandon-life
https://pspsph.bandcamp.com/album/absence
https://pspsph.bandcamp.com/album/ameliorator
https://pspsph.bandcamp.com/album/archive-deleter
https://pspsph.bandcamp.com/album/autres-mesures
https://pspsph.bandcamp.com/album/bethungra-dam-sustain
https://pspsph.bandcamp.com/album/brothers-and-sisters
https://pspsph.bandcamp.com/album/collabs-5
https://pspsph.bandcamp.com/album/collected-natures-iii-lo-fi-recordings-of-personal-space
https://pspsph.bandcamp.com/album/compound-displacement
https://pspsph.bandcamp.com/album/contemplating-the-transcendental-object
https://pspsph.bandcamp.com/album/counter
https://pspsph.bandcamp.com/album/cursive-bell
https://pspsph.bandcamp.com/album/d-rer-sunflowers
https://pspsph.bandcamp.com/album/deep-bed
https://pspsph.bandcamp.com/album/diminishment
https://pspsph.bandcamp.com/album/doe
https://pspsph.bandcamp.com/album/drone-archive-i
https://pspsph.bandcamp.com/album/dsp-trx
https://pspsph.bandcamp.com/album/dtrm
https://pspsph.bandcamp.com/album/dtrm2
https://pspsph.bandcamp.com/album/earth-cell-meditations
https://pspsph.bandcamp.com/album/filterbank-feedback-works
https://pspsph.bandcamp.com/album/fire-cell-meditations
https://pspsph.bandcamp.com/album/fm40p
https://pspsph.bandcamp.com/album/fm40p-m46torg-blym-zero-autofugue-via-four-operators-multitrack-tape
https://pspsph.bandcamp.com/album/fm40p-mkii
https://pspsph.bandcamp.com/album/fm40p-mkiii
https://pspsph.bandcamp.com/album/fm60p
https://pspsph.bandcamp.com/album/fm80-carriers-ssm-1750-multiplicatives
https://pspsph.bandcamp.com/album/fm80p
https://pspsph.bandcamp.com/album/formant
https://pspsph.bandcamp.com/album/forms-within-spaces
https://pspsph.bandcamp.com/album/green-mind
https://pspsph.bandcamp.com/album/grfm
https://pspsph.bandcamp.com/album/high-rise
https://pspsph.bandcamp.com/album/hydr-synf
https://pspsph.bandcamp.com/album/hydr-synf2
https://pspsph.bandcamp.com/album/i-dont-notice-that-im-losing-my-place
https://pspsph.bandcamp.com/album/in-curvature
https://pspsph.bandcamp.com/album/january-11th-march-29th-1983
https://pspsph.bandcamp.com/album/kvk
https://pspsph.bandcamp.com/album/la
https://pspsph.bandcamp.com/album/location
https://pspsph.bandcamp.com/album/lxxiii
https://pspsph.bandcamp.com/album/m
https://pspsph.bandcamp.com/album/meditations
https://pspsph.bandcamp.com/album/metal-cell-meditations
https://pspsph.bandcamp.com/album/metal-edict
https://pspsph.bandcamp.com/album/mm2
https://pspsph.bandcamp.com/album/moments-scattered-like-sand
https://pspsph.bandcamp.com/album/mtp4
https://pspsph.bandcamp.com/album/multisignal-amplification-studies-for-the-ssm-1750
https://pspsph.bandcamp.com/album/murmur-to-the-night
https://pspsph.bandcamp.com/album/myztryz
https://pspsph.bandcamp.com/album/noise-fantasia
https://pspsph.bandcamp.com/album/nyz-thicc-lsz
https://pspsph.bandcamp.com/album/o-e-u
https://pspsph.bandcamp.com/album/octalz
https://pspsph.bandcamp.com/album/odt3
https://pspsph.bandcamp.com/album/odt3-srmdrn1-synfgaze-re-ohm
https://pspsph.bandcamp.com/album/omega
https://pspsph.bandcamp.com/album/pale-blue
https://pspsph.bandcamp.com/album/pass
https://pspsph.bandcamp.com/album/peint-arbre
https://pspsph.bandcamp.com/album/phase-accumulator
https://pspsph.bandcamp.com/album/phytolith
https://pspsph.bandcamp.com/album/pll
https://pspsph.bandcamp.com/album/pmfm
https://pspsph.bandcamp.com/album/post-p-c-hsynf-drny-2
https://pspsph.bandcamp.com/album/pplz-synf
https://pspsph.bandcamp.com/album/psalm
https://pspsph.bandcamp.com/album/resonant-forms
https://pspsph.bandcamp.com/album/sacred-space-two-paintings
https://pspsph.bandcamp.com/album/season-one
https://pspsph.bandcamp.com/album/sem
https://pspsph.bandcamp.com/album/sem-ngexpz2-h-temple
https://pspsph.bandcamp.com/album/sencha
https://pspsph.bandcamp.com/album/shapes-perceived-in-blackness-colors-perceived-in-silence
https://pspsph.bandcamp.com/album/somewhere-else
https://pspsph.bandcamp.com/album/sonnenschein
https://pspsph.bandcamp.com/album/spring-equinox
https://pspsph.bandcamp.com/album/sri-rld
https://pspsph.bandcamp.com/album/summer-evaporated
https://pspsph.bandcamp.com/album/sustain-low-frequency-version
https://pspsph.bandcamp.com/album/tesco-synfetix
https://pspsph.bandcamp.com/album/the-hour-of-power
https://pspsph.bandcamp.com/album/the-old-strait-tracks
https://pspsph.bandcamp.com/album/the-road-breaks-apart
https://pspsph.bandcamp.com/album/the-sun
https://pspsph.bandcamp.com/album/total-darkness-of-the-universe
https://pspsph.bandcamp.com/album/transcendental-path
https://pspsph.bandcamp.com/album/ttmsubtree
https://pspsph.bandcamp.com/album/water-cell-meditations
https://pspsph.bandcamp.com/album/wind-over-hill
https://pspsph.bandcamp.com/album/windblown-eclogues
https://pspsph.bandcamp.com/album/winter-journal
https://pspsph.bandcamp.com/album/wood-cell-meditations
https://pspsph.bandcamp.com/album/wtab-hs19t05gw-recalcitrant
https://pspsph.bandcamp.com/album/y
