https://untitledexe.bandcamp.com/album/-
https://untitledexe.bandcamp.com/album/--10
https://untitledexe.bandcamp.com/album/--12
https://untitledexe.bandcamp.com/album/--14
https://untitledexe.bandcamp.com/album/--15
https://untitledexe.bandcamp.com/album/--17
https://untitledexe.bandcamp.com/album/--19
https://untitledexe.bandcamp.com/album/--20
https://untitledexe.bandcamp.com/album/--21
https://untitledexe.bandcamp.com/album/--22
https://untitledexe.bandcamp.com/album/--23
https://untitledexe.bandcamp.com/album/--24
https://untitledexe.bandcamp.com/album/--4
https://untitledexe.bandcamp.com/album/--7
https://untitledexe.bandcamp.com/album/--8
https://untitledexe.bandcamp.com/album/--9
https://untitledexe.bandcamp.com/album/20-what
https://untitledexe.bandcamp.com/album/242-898-424-908-when
https://untitledexe.bandcamp.com/album/61214
https://untitledexe.bandcamp.com/album/73684-add-rain-04626
https://untitledexe.bandcamp.com/album/847657256547-211345346428-79780890151-658679753461-1735687801
https://untitledexe.bandcamp.com/album/97531-heart-2468-heart-exe
https://untitledexe.bandcamp.com/album/a-place-in-my-heart-only-for-you
https://untitledexe.bandcamp.com/album/a1-red-mntn
https://untitledexe.bandcamp.com/album/acid-melt
https://untitledexe.bandcamp.com/album/aenean-at-lorem
https://untitledexe.bandcamp.com/album/anal-sex-with-japanese-schoolgirls
https://untitledexe.bandcamp.com/album/and-then-i-dissolved-among-the-clouds
https://untitledexe.bandcamp.com/album/anesthesia-for-a-heart
https://untitledexe.bandcamp.com/album/approach-thought
https://untitledexe.bandcamp.com/album/aut-rea
https://untitledexe.bandcamp.com/album/avoid-depth
https://untitledexe.bandcamp.com/album/azusa-is-a-whore
https://untitledexe.bandcamp.com/album/babylon-shall-fall
https://untitledexe.bandcamp.com/album/bipolar-tears
https://untitledexe.bandcamp.com/album/born-with-a-broken-heart
https://untitledexe.bandcamp.com/album/brotherhood-of-the-drill-n-bass
https://untitledexe.bandcamp.com/album/catch-a-wonder
https://untitledexe.bandcamp.com/album/chelm-sfrd-acid
https://untitledexe.bandcamp.com/album/childhood-memories
https://untitledexe.bandcamp.com/album/circles-949494994-inner-calm-4949949
https://untitledexe.bandcamp.com/album/cursed-for-ever
https://untitledexe.bandcamp.com/album/dear-setsuko
https://untitledexe.bandcamp.com/album/death-is-beautiful
https://untitledexe.bandcamp.com/album/disappear
https://untitledexe.bandcamp.com/album/distantly-loving-you
https://untitledexe.bandcamp.com/album/drugged-oblivion
https://untitledexe.bandcamp.com/album/dusty-old-bones
https://untitledexe.bandcamp.com/album/dyslexia-rhythmcore
https://untitledexe.bandcamp.com/album/e-v-e-r-l-a-s-t
https://untitledexe.bandcamp.com/album/either
https://untitledexe.bandcamp.com/album/esc-when-45329
https://untitledexe.bandcamp.com/album/even
https://untitledexe.bandcamp.com/album/even-i-what-dont-know
https://untitledexe.bandcamp.com/album/evening
https://untitledexe.bandcamp.com/album/evening-sadness
https://untitledexe.bandcamp.com/album/everlasting-night
https://untitledexe.bandcamp.com/album/everlasting-sleep
https://untitledexe.bandcamp.com/album/eviscerate
https://untitledexe.bandcamp.com/album/far-away-from-here
https://untitledexe.bandcamp.com/album/for-brain-fucked-up-noisebreaks-freaks-only
https://untitledexe.bandcamp.com/album/forest-friend
https://untitledexe.bandcamp.com/album/forest-life-far-away-out-there
https://untitledexe.bandcamp.com/album/fragile7753191
https://untitledexe.bandcamp.com/album/fuck-religion-fuck-god
https://untitledexe.bandcamp.com/album/g-i-r-l-s-m-a-k-e-m-e-s-a-d
https://untitledexe.bandcamp.com/album/ganja
https://untitledexe.bandcamp.com/album/garbage
https://untitledexe.bandcamp.com/album/glow-rave-95
https://untitledexe.bandcamp.com/album/hard-normal-loli
https://untitledexe.bandcamp.com/album/hatred
https://untitledexe.bandcamp.com/album/health-realm
https://untitledexe.bandcamp.com/album/her-smile-painted-on-my-heart
https://untitledexe.bandcamp.com/album/how-many-tears-must-be-shed-before-we-can-finally-die
https://untitledexe.bandcamp.com/album/i-cherish-you-with-all-my-heart-darling
https://untitledexe.bandcamp.com/album/i-dont-care-because-you-dont
https://untitledexe.bandcamp.com/album/i-hate-myself-most-of-all
https://untitledexe.bandcamp.com/album/i-have-no-reason-to-live
https://untitledexe.bandcamp.com/album/i-love-you-but-we-cant-be-together-so-i-want-to-hurt-myself-and-cry-2
https://untitledexe.bandcamp.com/album/i-want-to-be-dead-2
https://untitledexe.bandcamp.com/album/i-want-to-end-it-all
https://untitledexe.bandcamp.com/album/i-would-like-to-die-at-birth
https://untitledexe.bandcamp.com/album/ilove
https://untitledexe.bandcamp.com/album/im-getting-older-my-hearts-getting-colder
https://untitledexe.bandcamp.com/album/im-not-belong-here
https://untitledexe.bandcamp.com/album/in-case-of-sudden-death
https://untitledexe.bandcamp.com/album/is-there-even-a-place-where-i-will-be-happy-at-last-3
https://untitledexe.bandcamp.com/album/ive-felt-alone-my-entire-life
https://untitledexe.bandcamp.com/album/jah
https://untitledexe.bandcamp.com/album/junkle
https://untitledexe.bandcamp.com/album/knot-rush
https://untitledexe.bandcamp.com/album/l3ts-cut-th3-p1x3l5
https://untitledexe.bandcamp.com/album/life-is-not-worth-living
https://untitledexe.bandcamp.com/album/life-sucks
https://untitledexe.bandcamp.com/album/life-way
https://untitledexe.bandcamp.com/album/lifelong-suicidal-thoughts
https://untitledexe.bandcamp.com/album/lime-fish
https://untitledexe.bandcamp.com/album/link-mask-nearby
https://untitledexe.bandcamp.com/album/listen-when-youre-stoned
https://untitledexe.bandcamp.com/album/live-love-vietnam
https://untitledexe.bandcamp.com/album/look-at-the-sunset-and-cry
https://untitledexe.bandcamp.com/album/lost-4382
https://untitledexe.bandcamp.com/album/love-i-never-had
https://untitledexe.bandcamp.com/album/lowlife
https://untitledexe.bandcamp.com/album/mdma-crystals
https://untitledexe.bandcamp.com/album/melancholy-exe
https://untitledexe.bandcamp.com/album/miss-childhood-i-was-so-happy-1999-2005
https://untitledexe.bandcamp.com/album/misty
https://untitledexe.bandcamp.com/album/morphia
https://untitledexe.bandcamp.com/album/motionless
https://untitledexe.bandcamp.com/album/my-disappointing-life
https://untitledexe.bandcamp.com/album/my-everything
https://untitledexe.bandcamp.com/album/my-head-is-a-bad-memories-depository
https://untitledexe.bandcamp.com/album/my-hideout-is-a-swamp90485
https://untitledexe.bandcamp.com/album/my-painful-existence
https://untitledexe.bandcamp.com/album/nethery-ether-mdma-garden-never-ever-whatever
https://untitledexe.bandcamp.com/album/no-hope-i-give-up
https://untitledexe.bandcamp.com/album/no-one-hurts-like-you
https://untitledexe.bandcamp.com/album/nothing-hurts-like-love
https://untitledexe.bandcamp.com/album/nothing-is-eternal-and-so-am-i
https://untitledexe.bandcamp.com/album/now-all-we-should-do-is-watching-world-burn-while-making-music
https://untitledexe.bandcamp.com/album/on-glycodin
https://untitledexe.bandcamp.com/album/only-you-gave-me-hope-and-make-me-love-my-life-no-matter-what
https://untitledexe.bandcamp.com/album/our-heaven
https://untitledexe.bandcamp.com/album/p-s-forget-about-me-remaster
https://untitledexe.bandcamp.com/album/pain
https://untitledexe.bandcamp.com/album/pain-outside-the-shell
https://untitledexe.bandcamp.com/album/pain-t-me-love
https://untitledexe.bandcamp.com/album/point-hope
https://untitledexe.bandcamp.com/album/rave-like-youre-6-years-old
https://untitledexe.bandcamp.com/album/rawy
https://untitledexe.bandcamp.com/album/readth-reissue
https://untitledexe.bandcamp.com/album/remaster
https://untitledexe.bandcamp.com/album/retirement-castle
https://untitledexe.bandcamp.com/album/sakura
https://untitledexe.bandcamp.com/album/selected-early-works-11-11
https://untitledexe.bandcamp.com/album/seven70s
https://untitledexe.bandcamp.com/album/some-shit
https://untitledexe.bandcamp.com/album/something-that-can-help
https://untitledexe.bandcamp.com/album/st-ambients-memorial-letter
https://untitledexe.bandcamp.com/album/strictly4losers
https://untitledexe.bandcamp.com/album/stuck-in-the-past
https://untitledexe.bandcamp.com/album/suffer-cry-repeat
https://untitledexe.bandcamp.com/album/tape-type
https://untitledexe.bandcamp.com/album/tears
https://untitledexe.bandcamp.com/album/tears-of-broken-hearts-remaster
https://untitledexe.bandcamp.com/album/the-memories-of-past-i-used-to-enjoy-now-brings-me-pain-only
https://untitledexe.bandcamp.com/album/the-rest-of-life
https://untitledexe.bandcamp.com/album/theme-from-quiet-evening
https://untitledexe.bandcamp.com/album/they-dont-care
https://untitledexe.bandcamp.com/album/third-eye
https://untitledexe.bandcamp.com/album/time-doesnt-heal-wounds
https://untitledexe.bandcamp.com/album/touched
https://untitledexe.bandcamp.com/album/tropical-vacation
https://untitledexe.bandcamp.com/album/underground-kitchen-with-green-liquid-fairies-where-every-platypus-think-that-hes-a-manager-of-travel-agency
https://untitledexe.bandcamp.com/album/unhappy-birthday
https://untitledexe.bandcamp.com/album/untitled
https://untitledexe.bandcamp.com/album/untitled-2
https://untitledexe.bandcamp.com/album/violet-emerald-cave
https://untitledexe.bandcamp.com/album/warmniell-choaxide
https://untitledexe.bandcamp.com/album/waterfalls-whenever
https://untitledexe.bandcamp.com/album/we-used-to-laugh-and-smile
https://untitledexe.bandcamp.com/album/we-used-to-laugh-and-smile-vol-2
https://untitledexe.bandcamp.com/album/weed
https://untitledexe.bandcamp.com/album/were-better-than-you
https://untitledexe.bandcamp.com/album/will-anyone-remember-me-after-death
https://untitledexe.bandcamp.com/album/will-i-awaken-as-a-child-again-with-this-pain-just-a-fleeting-nightmare
https://untitledexe.bandcamp.com/album/worthless
https://untitledexe.bandcamp.com/album/wrist-cutting
https://untitledexe.bandcamp.com/album/xeaph
https://untitledexe.bandcamp.com/album/you-are-alone-in-this-awful-world
https://untitledexe.bandcamp.com/album/your-life-is-going-to-be-very-long-and-disappointing
https://untitledexe.bandcamp.com/album/your-love-brings-me-tears-only
https://untitledexe.bandcamp.com/album/yr-own-swamp
