https://norwellrockman.bandcamp.com/track/call-me-death
https://norwellrockman.bandcamp.com/track/daggers-slowed-reverbed
https://norwellrockman.bandcamp.com/track/dj-rozwell-sounds-from-hell-chopped-and-screwed-remix
https://norwellrockman.bandcamp.com/track/dk-rap
https://norwellrockman.bandcamp.com/track/enter-the-algebra-bart-thee-general-dj-rozwell-remix
https://norwellrockman.bandcamp.com/track/get-in-the-sock-dj-rozwell-remix
https://norwellrockman.bandcamp.com/track/how-awkward
https://norwellrockman.bandcamp.com/track/hustler
https://norwellrockman.bandcamp.com/track/i-wish-i-could-call-you
https://norwellrockman.bandcamp.com/track/im-addicted
https://norwellrockman.bandcamp.com/track/im-only-one-person
https://norwellrockman.bandcamp.com/track/instructions-dj-rozwell-remix
https://norwellrockman.bandcamp.com/track/kfc-murder-chicks-heat-mover-remix
https://norwellrockman.bandcamp.com/track/mothland-2
https://norwellrockman.bandcamp.com/track/mothland-dj-rozwell-remix
https://norwellrockman.bandcamp.com/track/mr-groove
https://norwellrockman.bandcamp.com/track/not-much-of-a-life
https://norwellrockman.bandcamp.com/track/outside
https://norwellrockman.bandcamp.com/track/secret-shoppers-remix
https://norwellrockman.bandcamp.com/track/secrets
https://norwellrockman.bandcamp.com/track/the-chase-giogio-moroder
https://norwellrockman.bandcamp.com/track/them-wet-ass-bones
https://norwellrockman.bandcamp.com/track/voiddweller-paid-10-remix
https://norwellrockman.bandcamp.com/track/whats-inside-your-mind-kfc-murder-chicks
https://norwellrockman.bandcamp.com/track/wild-alien-baby-pt-2-kfc-murder-chicks-remix
https://norwellrockman.bandcamp.com/track/wild-alien-remix-kfc-murder-chicks
