https://retrogradect.bandcamp.com/album/anticipation-extras-jenseits-von
https://retrogradect.bandcamp.com/album/anticipation-rework-bis-zur-unendlichkeit
https://retrogradect.bandcamp.com/album/as-zero-hour-approaches-part-1-2
https://retrogradect.bandcamp.com/album/clydes-cjd
https://retrogradect.bandcamp.com/album/clydes-cjd-unreleased
https://retrogradect.bandcamp.com/album/dusk-ii-ep-wisteria
https://retrogradect.bandcamp.com/album/dusk-remaster-extras-original
https://retrogradect.bandcamp.com/album/dusk-rework-rise-n-set
https://retrogradect.bandcamp.com/album/lost-presentation
https://retrogradect.bandcamp.com/album/midnight-part-i-original
https://retrogradect.bandcamp.com/album/midnight-part-ii-original
https://retrogradect.bandcamp.com/album/midnight-part-iii-original
https://retrogradect.bandcamp.com/album/midnight-part-iv-original
https://retrogradect.bandcamp.com/album/midnight-part-v-original
https://retrogradect.bandcamp.com/album/midnight-rework-volume-1
https://retrogradect.bandcamp.com/album/minifest-memoryfest-2025
https://retrogradect.bandcamp.com/album/nowhere-at-the-millennium-of-space-stage-1-clyde-cut
https://retrogradect.bandcamp.com/album/nowhere-at-the-millennium-of-space-stage-2-clyde-cut
https://retrogradect.bandcamp.com/album/nowhere-at-the-millennium-of-space-stage-3-clyde-cut
https://retrogradect.bandcamp.com/album/recitation
https://retrogradect.bandcamp.com/album/vestige-regress-one
https://retrogradect.bandcamp.com/track/fpcord-inclusion-live-set
