https://minoy.bandcamp.com/album/a-feeling-of-tenderness-for-what-never-happened-1992
https://minoy.bandcamp.com/album/a-few-formalities-still-accorded-humans-1990
https://minoy.bandcamp.com/album/a-place-of-shades-insomnia-1984
https://minoy.bandcamp.com/album/academy-of-secrets-1991
https://minoy.bandcamp.com/album/accident-of-desire-1992
https://minoy.bandcamp.com/album/all-answers-answer-all-questions-i-v-1991
https://minoy.bandcamp.com/album/all-my-hummingbirds-have-alibis-1991
https://minoy.bandcamp.com/album/always-say-never-1990
https://minoy.bandcamp.com/album/amazonia-1986
https://minoy.bandcamp.com/album/american-gothic-1991
https://minoy.bandcamp.com/album/an-eel-tit-breakfast-1992
https://minoy.bandcamp.com/album/arrested-development-1991
https://minoy.bandcamp.com/album/at-this-very-moment-obscenely-screaming-for-joy-1991
https://minoy.bandcamp.com/album/awake-a-dance-for-ireland-1987
https://minoy.bandcamp.com/album/be-cool-spasm-1986
https://minoy.bandcamp.com/album/bears-weigh-the-same-as-snakes-1991
https://minoy.bandcamp.com/album/black-market-1986
https://minoy.bandcamp.com/album/boy-with-arms-akimbo-1990
https://minoy.bandcamp.com/album/breaking-the-same-bottle-twice-1988
https://minoy.bandcamp.com/album/brief-attention-span-1991
https://minoy.bandcamp.com/album/brief-attention-span-1993
https://minoy.bandcamp.com/album/burning-tree-for-jack-1987
https://minoy.bandcamp.com/album/but-i-am-suspicious-even-of-this-1991
https://minoy.bandcamp.com/album/but-in-my-sanctuary-i-keep-the-head-and-the-arms-that-touched-thunder-1991
https://minoy.bandcamp.com/album/cannibals-1988
https://minoy.bandcamp.com/album/cascades-of-bifurcation-points-1991
https://minoy.bandcamp.com/album/celebration-of-the-sunrise-1987
https://minoy.bandcamp.com/album/chansons-mystiques-1988
https://minoy.bandcamp.com/album/cheap-friends-1986
https://minoy.bandcamp.com/album/circles-of-night-1986
https://minoy.bandcamp.com/album/city-life-1984
https://minoy.bandcamp.com/album/cloisters-1988
https://minoy.bandcamp.com/album/club-cybercock-1993
https://minoy.bandcamp.com/album/collected-1984-86
https://minoy.bandcamp.com/album/concerto-without-recall-1987
https://minoy.bandcamp.com/album/condoms-or-corpses-1987
https://minoy.bandcamp.com/album/correct-music-1988
https://minoy.bandcamp.com/album/cultural-crimes-1989
https://minoy.bandcamp.com/album/dark-matter-1987
https://minoy.bandcamp.com/album/death-star-splash-1984-86
https://minoy.bandcamp.com/album/deconstruction-workers-1990
https://minoy.bandcamp.com/album/decorative-strategies-during-the-coming-bad-years-date-unknown
https://minoy.bandcamp.com/album/delicate-remnants-of-the-intangible-removed-and-personal-1991
https://minoy.bandcamp.com/album/devil-music-min-y-live-1988
https://minoy.bandcamp.com/album/doctor-in-a-dark-room-1985
https://minoy.bandcamp.com/album/dreamtime-1984
https://minoy.bandcamp.com/album/dry-hump-1988
https://minoy.bandcamp.com/album/easier-done-than-said-1991
https://minoy.bandcamp.com/album/ejaculations-paris-1919-1986
https://minoy.bandcamp.com/album/embracing-contradiction-1991
https://minoy.bandcamp.com/album/eternity-now-1988
https://minoy.bandcamp.com/album/eternity-plus-one-1992
https://minoy.bandcamp.com/album/firebird-1987
https://minoy.bandcamp.com/album/fragment-1988
https://minoy.bandcamp.com/album/future-perfect-1985
https://minoy.bandcamp.com/album/gender-justice-1990
https://minoy.bandcamp.com/album/heteroglossia-1987
https://minoy.bandcamp.com/album/hollywood-duchamp-1991
https://minoy.bandcamp.com/album/hypersonic-psycho-transmissions-1992
https://minoy.bandcamp.com/album/i-am-what-i-pay-1991
https://minoy.bandcamp.com/album/ice-cream-money-1990
https://minoy.bandcamp.com/album/inappropriate-response-1991
https://minoy.bandcamp.com/album/it-had-to-be-you-1992
https://minoy.bandcamp.com/album/ivory-flash-of-ambiguous-limbs-1986
https://minoy.bandcamp.com/album/killers-kiss-betrayal-1985-86
https://minoy.bandcamp.com/album/landscape-with-serpent-1987
https://minoy.bandcamp.com/album/last-days-1984
https://minoy.bandcamp.com/album/late-autumn-1990
https://minoy.bandcamp.com/album/live-mythology-1988
https://minoy.bandcamp.com/album/live-solo-1986-87
https://minoy.bandcamp.com/album/lost-and-found-music-1991
https://minoy.bandcamp.com/album/mademoiselle-haint-house-1985
https://minoy.bandcamp.com/album/medea-1986
https://minoy.bandcamp.com/album/media-synthesis-1988
https://minoy.bandcamp.com/album/melodrama-1985
https://minoy.bandcamp.com/album/molested-brain-chemistry-1992
https://minoy.bandcamp.com/album/my-first-dollar-bill-from-heaven-1992
https://minoy.bandcamp.com/album/natural-rhythm-1990
https://minoy.bandcamp.com/album/new-wage-1987
https://minoy.bandcamp.com/album/nice-noise-1994
https://minoy.bandcamp.com/album/no-fats-no-fems-uncut-1990
https://minoy.bandcamp.com/album/nocturnal-equations-1986
https://minoy.bandcamp.com/album/nostalghia-1987
https://minoy.bandcamp.com/album/nostalgia-isnt-what-it-used-to-be-1991
https://minoy.bandcamp.com/album/not-knowing-what-thunder-collects-1990
https://minoy.bandcamp.com/album/nuclear-swamp-1990
https://minoy.bandcamp.com/album/obscure-medicines-1987
https://minoy.bandcamp.com/album/october-1985
https://minoy.bandcamp.com/album/open-wide-and-bite-alien-planetscapes-live-in-los-angeles-1987
https://minoy.bandcamp.com/album/our-desires-are-deprived-of-cunning-music-1991
https://minoy.bandcamp.com/album/out-of-control-1990
https://minoy.bandcamp.com/album/outrage-1986
https://minoy.bandcamp.com/album/parallel-worlds-1988
https://minoy.bandcamp.com/album/parts-of-speech-in-the-nebula-1986
https://minoy.bandcamp.com/album/passage-of-the-migratory-bird-1987
https://minoy.bandcamp.com/album/petty-jealously-1986
https://minoy.bandcamp.com/album/physical-radio-1988
https://minoy.bandcamp.com/album/plain-wrap-purgatory-1986
https://minoy.bandcamp.com/album/pm-by-pm-1986
https://minoy.bandcamp.com/album/ppsyberkynetykks-1988
https://minoy.bandcamp.com/album/prelude-to-a-plague-1987
https://minoy.bandcamp.com/album/pressures-of-the-sane-1990
https://minoy.bandcamp.com/album/priceless-mourning-of-dead-loves-and-collapsed-perfumes-in-darker-waters-1991
https://minoy.bandcamp.com/album/projectionist-i-1991-2
https://minoy.bandcamp.com/album/projectionist-ii-1991
https://minoy.bandcamp.com/album/radio-saddam-1991
https://minoy.bandcamp.com/album/red-tape-in-the-sunset-1992
https://minoy.bandcamp.com/album/repression-and-confession-1991
https://minoy.bandcamp.com/album/requiem-for-christa-p-ffgen-1988
https://minoy.bandcamp.com/album/rules-of-the-game-1990
https://minoy.bandcamp.com/album/safe-sin-1990
https://minoy.bandcamp.com/album/secrets-of-the-talking-trees-1987-early-summer-1992
https://minoy.bandcamp.com/album/seizure-of-the-void-1991
https://minoy.bandcamp.com/album/shortwave-mantra-1988
https://minoy.bandcamp.com/album/slow-english-1986
https://minoy.bandcamp.com/album/snap-diva-1990
https://minoy.bandcamp.com/album/solitude-in-a-motionless-migraine-1987
https://minoy.bandcamp.com/album/sound-proof-1991
https://minoy.bandcamp.com/album/spaceshot-1987
https://minoy.bandcamp.com/album/spitting-in-tongues-1989
https://minoy.bandcamp.com/album/spring-can-really-hang-you-up-the-most-1987
https://minoy.bandcamp.com/album/squawking-on-water-was-not-built-in-one-day-1991
https://minoy.bandcamp.com/album/squeezing-the-tongue-of-the-iguana-1991
https://minoy.bandcamp.com/album/ssunspotss-1988
https://minoy.bandcamp.com/album/stasis-and-acceleration-1986
https://minoy.bandcamp.com/album/stress-management-1986
https://minoy.bandcamp.com/album/sum-sum-soo-1990
https://minoy.bandcamp.com/album/summerwave-1993
https://minoy.bandcamp.com/album/talking-with-both-feet-1989
https://minoy.bandcamp.com/album/tempest-in-a-teacup-1986
https://minoy.bandcamp.com/album/tessh-1991
https://minoy.bandcamp.com/album/that-which-momentously-declares-itself-not-to-be-i-and-yet-must-be-it-could-be-nothing-else-1991
https://minoy.bandcamp.com/album/the-conditions-of-postmodern-male-bonding-1986
https://minoy.bandcamp.com/album/the-daylight-sins-of-david-and-daniel-1993
https://minoy.bandcamp.com/album/the-detachable-prostitute-album-1987
https://minoy.bandcamp.com/album/the-first-letter-of-paul-to-the-corinthians-1987
https://minoy.bandcamp.com/album/the-flavor-of-acid-on-ice-1986
https://minoy.bandcamp.com/album/the-great-wall-1987
https://minoy.bandcamp.com/album/the-hate-crimes-of-ron-mabon-1993
https://minoy.bandcamp.com/album/the-haters-sell-out-1990
https://minoy.bandcamp.com/album/the-insomniacs-halo-of-worms-1988
https://minoy.bandcamp.com/album/the-long-lonely-empty-anxious-year-long-hour-1992
https://minoy.bandcamp.com/album/the-luxury-adventures-of-the-macho-sensitive-yuppie-manchild-rediscovering-his-true-lost-masculinity-1991
https://minoy.bandcamp.com/album/the-myth-of-postmodernism-1988
https://minoy.bandcamp.com/album/the-phantom-concerto-1986
https://minoy.bandcamp.com/album/the-politics-of-aggression-1988
https://minoy.bandcamp.com/album/the-silver-screen-1990
https://minoy.bandcamp.com/album/the-soul-of-a-tree-1987
https://minoy.bandcamp.com/album/the-tyranny-of-distance-1988
https://minoy.bandcamp.com/album/the-well-tuned-radio-1990
https://minoy.bandcamp.com/album/the-zone-1987
https://minoy.bandcamp.com/album/then-perhaps-a-last-time-1990-2
https://minoy.bandcamp.com/album/these-foolish-things-remind-me-of-you-1991
https://minoy.bandcamp.com/album/this-right-after-this-1987
https://minoy.bandcamp.com/album/to-be-continued-to-be-continued-1988
https://minoy.bandcamp.com/album/torture-by-prescription-1988
https://minoy.bandcamp.com/album/tourist-traps-1987
https://minoy.bandcamp.com/album/treatment-resistant-the-year-of-the-dog-1993-94
https://minoy.bandcamp.com/album/trickfilm-1990
https://minoy.bandcamp.com/album/u-1985
https://minoy.bandcamp.com/album/ugetsu-melody-in-grey-1985
https://minoy.bandcamp.com/album/urban-tribe-1986
https://minoy.bandcamp.com/album/vacation-dream-tension-1990
https://minoy.bandcamp.com/album/war-and-piece-of-ass-1991
https://minoy.bandcamp.com/album/white-with-a-crust-of-chill-1986
https://minoy.bandcamp.com/album/yes-mistress-inger-1992
https://minoy.bandcamp.com/album/you-dont-have-to-say-you-love-me-1990
https://minoy.bandcamp.com/album/you-make-me-think-too-fast-1988
