https://electrichobo.bandcamp.com/album/broken-words
https://electrichobo.bandcamp.com/album/close-ups-of-insects
https://electrichobo.bandcamp.com/album/electric-existence
https://electrichobo.bandcamp.com/album/electricity
https://electrichobo.bandcamp.com/album/faulty-wiring
https://electrichobo.bandcamp.com/album/figures
https://electrichobo.bandcamp.com/album/hiljaisuutta-ei-ole
https://electrichobo.bandcamp.com/album/hobo-at-the-radar-station
https://electrichobo.bandcamp.com/album/insect-existence
https://electrichobo.bandcamp.com/album/noise-is-silence-silence-is-noise
https://electrichobo.bandcamp.com/album/post-industrial-self-hatred-blues
https://electrichobo.bandcamp.com/album/rustfucker
https://electrichobo.bandcamp.com/album/ry-min-s-hk-inen-keuhko-t-ynn-mustaa-riitett-l-pi-itseni-tuhoutuneen-maiseman
https://electrichobo.bandcamp.com/album/self-destruction-as-an-art-form
https://electrichobo.bandcamp.com/album/serbian-window
https://electrichobo.bandcamp.com/album/social-exclusion-as-a-self-defence-against-the-madness-of-the-crowds
https://electrichobo.bandcamp.com/album/sold-out
https://electrichobo.bandcamp.com/album/split
https://electrichobo.bandcamp.com/album/tahra
https://electrichobo.bandcamp.com/album/the-house-that-acid-built
https://electrichobo.bandcamp.com/album/valkoinen-ratsu
https://electrichobo.bandcamp.com/album/what-about-the-machine-like-sounds-the-people-make
