https://kevinrichardmartin.bandcamp.com/album/above-the-clouds
https://kevinrichardmartin.bandcamp.com/album/bedroom-loops
https://kevinrichardmartin.bandcamp.com/album/black
https://kevinrichardmartin.bandcamp.com/album/downtown
https://kevinrichardmartin.bandcamp.com/album/frequencies-for-leaving-earth-vol-1
https://kevinrichardmartin.bandcamp.com/album/frequencies-for-leaving-earth-vol-2
https://kevinrichardmartin.bandcamp.com/album/frequencies-for-leaving-earth-vol-3
https://kevinrichardmartin.bandcamp.com/album/frequencies-for-leaving-earth-vol-4
https://kevinrichardmartin.bandcamp.com/album/frequencies-for-leaving-earth-vol-5
https://kevinrichardmartin.bandcamp.com/album/hazy
https://kevinrichardmartin.bandcamp.com/album/its-time
https://kevinrichardmartin.bandcamp.com/album/k-m-s-solitude-instrumentals
https://kevinrichardmartin.bandcamp.com/album/krm-live-dj-session-meakusmaradiolab
https://kevinrichardmartin.bandcamp.com/album/melting-point
https://kevinrichardmartin.bandcamp.com/album/nightcrawler-3
https://kevinrichardmartin.bandcamp.com/album/red-light
https://kevinrichardmartin.bandcamp.com/album/sedatives
https://kevinrichardmartin.bandcamp.com/album/sub-zero
https://kevinrichardmartin.bandcamp.com/album/sub-zero-2026-remaster
https://kevinrichardmartin.bandcamp.com/album/white-light
https://kevinrichardmartin.bandcamp.com/track/silent
