https://jasonkahn.bandcamp.com/album/all-across-the-universe
https://jasonkahn.bandcamp.com/album/all-along-the-way
https://jasonkahn.bandcamp.com/album/analogues
https://jasonkahn.bandcamp.com/album/beautiful-ghost-wave
https://jasonkahn.bandcamp.com/album/broken-place
https://jasonkahn.bandcamp.com/album/circle
https://jasonkahn.bandcamp.com/album/days-falling
https://jasonkahn.bandcamp.com/album/dotolim
https://jasonkahn.bandcamp.com/album/dotolim-2023
https://jasonkahn.bandcamp.com/album/drums-and-metals
https://jasonkahn.bandcamp.com/album/eternal-city
https://jasonkahn.bandcamp.com/album/every-hand-is-lunatic-that-travels-on-the-moon
https://jasonkahn.bandcamp.com/album/fields
https://jasonkahn.bandcamp.com/album/for-voice
https://jasonkahn.bandcamp.com/album/i-smile-when-the-sound-is-singing-through-the-space
https://jasonkahn.bandcamp.com/album/in-place-daitoku-ji-shibuya-crossing
https://jasonkahn.bandcamp.com/album/infinity-suite-2
https://jasonkahn.bandcamp.com/album/k-ln
https://jasonkahn.bandcamp.com/album/miramar
https://jasonkahn.bandcamp.com/album/monads
https://jasonkahn.bandcamp.com/album/night
https://jasonkahn.bandcamp.com/album/noema
https://jasonkahn.bandcamp.com/album/novi-sad
https://jasonkahn.bandcamp.com/album/on-metal-shore
https://jasonkahn.bandcamp.com/album/open-space
https://jasonkahn.bandcamp.com/album/plurabelle
https://jasonkahn.bandcamp.com/album/sihl
https://jasonkahn.bandcamp.com/album/sin-asunto
https://jasonkahn.bandcamp.com/album/songline
https://jasonkahn.bandcamp.com/album/songs-for-nicolas-ross
https://jasonkahn.bandcamp.com/album/soundings
https://jasonkahn.bandcamp.com/album/spirits-2
https://jasonkahn.bandcamp.com/album/things-fall-apart
https://jasonkahn.bandcamp.com/album/thirty-seconds-over
https://jasonkahn.bandcamp.com/album/timelines
https://jasonkahn.bandcamp.com/album/timelines-los-angeles
https://jasonkahn.bandcamp.com/album/untitled-for-four
https://jasonkahn.bandcamp.com/album/vanishing-point
https://jasonkahn.bandcamp.com/album/voice-and-sky
https://jasonkahn.bandcamp.com/album/walcheturm
https://jasonkahn.bandcamp.com/album/when-your-way-gets-dark
