https://kenmartin1.bandcamp.com/album/a-cosmic-vision
https://kenmartin1.bandcamp.com/album/a-dimensional-force
https://kenmartin1.bandcamp.com/album/a-logical-move
https://kenmartin1.bandcamp.com/album/a-sense-of-planetary-movement-cd1
https://kenmartin1.bandcamp.com/album/a-sense-of-planetary-movement-cd2
https://kenmartin1.bandcamp.com/album/a-sequence-in-motion
https://kenmartin1.bandcamp.com/album/a-sonic-collage
https://kenmartin1.bandcamp.com/album/a-twisted-dream
https://kenmartin1.bandcamp.com/album/above-the-horizon
https://kenmartin1.bandcamp.com/album/abstract-of-movements-2
https://kenmartin1.bandcamp.com/album/abstracts
https://kenmartin1.bandcamp.com/album/abstracts-vol-3
https://kenmartin1.bandcamp.com/album/adhara-cluster
https://kenmartin1.bandcamp.com/album/aeolis-palus
https://kenmartin1.bandcamp.com/album/ages-of-change
https://kenmartin1.bandcamp.com/album/alias-delta
https://kenmartin1.bandcamp.com/album/alien-atmospheres
https://kenmartin1.bandcamp.com/album/alpha-ursae-minoris
https://kenmartin1.bandcamp.com/album/altair
https://kenmartin1.bandcamp.com/album/altair-ii
https://kenmartin1.bandcamp.com/album/amazonia
https://kenmartin1.bandcamp.com/album/amazonia-volume-2
https://kenmartin1.bandcamp.com/album/ambient-2
https://kenmartin1.bandcamp.com/album/ambient-3-the-mystic-sessions
https://kenmartin1.bandcamp.com/album/ambient1
https://kenmartin1.bandcamp.com/album/anthology-one
https://kenmartin1.bandcamp.com/album/anthology-three
https://kenmartin1.bandcamp.com/album/anthology-two
https://kenmartin1.bandcamp.com/album/aqualight
https://kenmartin1.bandcamp.com/album/astral-phase
https://kenmartin1.bandcamp.com/album/astro-vortex
https://kenmartin1.bandcamp.com/album/atmos
https://kenmartin1.bandcamp.com/album/avalon
https://kenmartin1.bandcamp.com/album/berlin-impressions-vol-3-remastered
https://kenmartin1.bandcamp.com/album/berlin-impressions-vol-4
https://kenmartin1.bandcamp.com/album/berlin-impressions-vol-5
https://kenmartin1.bandcamp.com/album/berlin-sound-palettes-1977-2001
https://kenmartin1.bandcamp.com/album/berlin-volumes-1-2
https://kenmartin1.bandcamp.com/album/beyond-diversity
https://kenmartin1.bandcamp.com/album/beyond-the-cosmos
https://kenmartin1.bandcamp.com/album/beyond-the-rubicon
https://kenmartin1.bandcamp.com/album/beyond-ultraviolet-remastered
https://kenmartin1.bandcamp.com/album/beyond-visions
https://kenmartin1.bandcamp.com/album/binary-confusion
https://kenmartin1.bandcamp.com/album/black-oblivion
https://kenmartin1.bandcamp.com/album/blue-horizon
https://kenmartin1.bandcamp.com/album/borealis
https://kenmartin1.bandcamp.com/album/burnout
https://kenmartin1.bandcamp.com/album/callisto-impact
https://kenmartin1.bandcamp.com/album/carnival-of-sound-limited-anniversary-edition
https://kenmartin1.bandcamp.com/album/cascade-to-a-dark-world
https://kenmartin1.bandcamp.com/album/celestial-harmonics
https://kenmartin1.bandcamp.com/album/celestial-inventions
https://kenmartin1.bandcamp.com/album/centauri-delta
https://kenmartin1.bandcamp.com/album/centaurus
https://kenmartin1.bandcamp.com/album/cerebal-therapy
https://kenmartin1.bandcamp.com/album/cetus
https://kenmartin1.bandcamp.com/album/changes
https://kenmartin1.bandcamp.com/album/chaos-of-the-underworld
https://kenmartin1.bandcamp.com/album/chromosphere
https://kenmartin1.bandcamp.com/album/collage
https://kenmartin1.bandcamp.com/album/comadome
https://kenmartin1.bandcamp.com/album/complexity
https://kenmartin1.bandcamp.com/album/concentum
https://kenmartin1.bandcamp.com/album/concept-of-minimalism
https://kenmartin1.bandcamp.com/album/conception-of-time
https://kenmartin1.bandcamp.com/album/contemporary-movements
https://kenmartin1.bandcamp.com/album/correlated-divisions
https://kenmartin1.bandcamp.com/album/cryogenic-descendants
https://kenmartin1.bandcamp.com/album/crystal-canyon
https://kenmartin1.bandcamp.com/album/crystal-light-77-79-sessions-volume-1
https://kenmartin1.bandcamp.com/album/crystal-light-sessions-77-79-volume-2
https://kenmartin1.bandcamp.com/album/crystal-voyage
https://kenmartin1.bandcamp.com/album/cybertique
https://kenmartin1.bandcamp.com/album/cydonia
https://kenmartin1.bandcamp.com/album/cydonia-ii
https://kenmartin1.bandcamp.com/album/dark-ambience
https://kenmartin1.bandcamp.com/album/dark-angel
https://kenmartin1.bandcamp.com/album/dark-corridors
https://kenmartin1.bandcamp.com/album/dark-corridors-2
https://kenmartin1.bandcamp.com/album/dark-folding-of-invisible-entities-part-1
https://kenmartin1.bandcamp.com/album/dark-folding-of-invisible-entities-part-2
https://kenmartin1.bandcamp.com/album/dark-skies-white-light
https://kenmartin1.bandcamp.com/album/darksides-cd1
https://kenmartin1.bandcamp.com/album/darksides-cd2
https://kenmartin1.bandcamp.com/album/dawn-focus
https://kenmartin1.bandcamp.com/album/day-of-the-cosmic-dawn
https://kenmartin1.bandcamp.com/album/deep-dive-to-a-spherical-world-with-dave-kellett
https://kenmartin1.bandcamp.com/album/deep-space-focus
https://kenmartin1.bandcamp.com/album/deep-star-message
https://kenmartin1.bandcamp.com/album/destination-endless-part-1
https://kenmartin1.bandcamp.com/album/destination-endless-part-2
https://kenmartin1.bandcamp.com/album/diamond-light
https://kenmartin1.bandcamp.com/album/directions
https://kenmartin1.bandcamp.com/album/distant-echoes
https://kenmartin1.bandcamp.com/album/diversity
https://kenmartin1.bandcamp.com/album/divided-minds-in-dark-spaces
https://kenmartin1.bandcamp.com/album/dormant-land
https://kenmartin1.bandcamp.com/album/dream-divisons
https://kenmartin1.bandcamp.com/album/drone-zone
https://kenmartin1.bandcamp.com/album/e-s-p
https://kenmartin1.bandcamp.com/album/echo-s-from-the-zodiac
https://kenmartin1.bandcamp.com/album/echoes
https://kenmartin1.bandcamp.com/album/echos-of-the-past
https://kenmartin1.bandcamp.com/album/electra
https://kenmartin1.bandcamp.com/album/elements-1
https://kenmartin1.bandcamp.com/album/elements-2
https://kenmartin1.bandcamp.com/album/ellipsoid
https://kenmartin1.bandcamp.com/album/emotion
https://kenmartin1.bandcamp.com/album/endless
https://kenmartin1.bandcamp.com/album/eophoral
https://kenmartin1.bandcamp.com/album/essential-experiment-volumes-1-2
https://kenmartin1.bandcamp.com/album/evoluon
https://kenmartin1.bandcamp.com/album/evoluon-2
https://kenmartin1.bandcamp.com/album/experimental-improvisations-limited-edition-now-available-for-a-limited-time-once-again
https://kenmartin1.bandcamp.com/album/experimental-themes
https://kenmartin1.bandcamp.com/album/fantastic-voyage
https://kenmartin1.bandcamp.com/album/farside-of-the-sun
https://kenmartin1.bandcamp.com/album/faylon
https://kenmartin1.bandcamp.com/album/festivities-of-the-abyss-volume-1
https://kenmartin1.bandcamp.com/album/festivities-of-the-abyss-volume-2
https://kenmartin1.bandcamp.com/album/finding-genesis
https://kenmartin1.bandcamp.com/album/fire-storm
https://kenmartin1.bandcamp.com/album/floating-beyond-the-astro-belt
https://kenmartin1.bandcamp.com/album/folding-spaces
https://kenmartin1.bandcamp.com/album/folding-worlds-volumes-1-2
https://kenmartin1.bandcamp.com/album/formations
https://kenmartin1.bandcamp.com/album/formations-vol-2
https://kenmartin1.bandcamp.com/album/foundations-edge
https://kenmartin1.bandcamp.com/album/from-velvet-light
https://kenmartin1.bandcamp.com/album/fusion-by-light
https://kenmartin1.bandcamp.com/album/fusion-of-two-minds
https://kenmartin1.bandcamp.com/album/future-zone-7
https://kenmartin1.bandcamp.com/album/galactic-encounters-2
https://kenmartin1.bandcamp.com/album/galactic-formations
https://kenmartin1.bandcamp.com/album/galician-moons
https://kenmartin1.bandcamp.com/album/genetic-structures
https://kenmartin1.bandcamp.com/album/groom-lake
https://kenmartin1.bandcamp.com/album/harmonic-tides
https://kenmartin1.bandcamp.com/album/harmonic-transitions
https://kenmartin1.bandcamp.com/album/harmonius
https://kenmartin1.bandcamp.com/album/hemispheres-a-symphonic-vision
https://kenmartin1.bandcamp.com/album/horizontal-control
https://kenmartin1.bandcamp.com/album/hostile-senses
https://kenmartin1.bandcamp.com/album/hyades
https://kenmartin1.bandcamp.com/album/hydrobius
https://kenmartin1.bandcamp.com/album/hydrosynthesis
https://kenmartin1.bandcamp.com/album/hypnosis-solar-magnitude
https://kenmartin1.bandcamp.com/album/illusion-of-sound
https://kenmartin1.bandcamp.com/album/impressions
https://kenmartin1.bandcamp.com/album/in-the-beginning
https://kenmartin1.bandcamp.com/album/incandescence
https://kenmartin1.bandcamp.com/album/incognito
https://kenmartin1.bandcamp.com/album/industrial-athems
https://kenmartin1.bandcamp.com/album/infestations
https://kenmartin1.bandcamp.com/album/innervision
https://kenmartin1.bandcamp.com/album/inside-the-crystal
https://kenmartin1.bandcamp.com/album/interactive-chambers
https://kenmartin1.bandcamp.com/album/intergalacticas
https://kenmartin1.bandcamp.com/album/interstellar
https://kenmartin1.bandcamp.com/album/inventions
https://kenmartin1.bandcamp.com/album/invisible-connections
https://kenmartin1.bandcamp.com/album/irradiance
https://kenmartin1.bandcamp.com/album/isolation-volumes-1-2
https://kenmartin1.bandcamp.com/album/journey-through-light
https://kenmartin1.bandcamp.com/album/kalidas-rise
https://kenmartin1.bandcamp.com/album/kinetic-flow
https://kenmartin1.bandcamp.com/album/lifeforms
https://kenmartin1.bandcamp.com/album/madrigal-mystery-moment
https://kenmartin1.bandcamp.com/album/magnetique-terrestre
https://kenmartin1.bandcamp.com/album/manipulation-du-son-concrete-part-1
https://kenmartin1.bandcamp.com/album/manipulation-du-son-concrete-part-2
https://kenmartin1.bandcamp.com/album/meadows-of-infinity
https://kenmartin1.bandcamp.com/album/meditational-sequences-vol-2
https://kenmartin1.bandcamp.com/album/menagerie-of-the-unknown
https://kenmartin1.bandcamp.com/album/meridian-crossing
https://kenmartin1.bandcamp.com/album/metabolic-structures
https://kenmartin1.bandcamp.com/album/miaplacidus
https://kenmartin1.bandcamp.com/album/miditone
https://kenmartin1.bandcamp.com/album/midnight-in-berlin
https://kenmartin1.bandcamp.com/album/mind-blender
https://kenmartin1.bandcamp.com/album/mindforge
https://kenmartin1.bandcamp.com/album/mission-artemis
https://kenmartin1.bandcamp.com/album/mission-encounter
https://kenmartin1.bandcamp.com/album/moments-in-sound
https://kenmartin1.bandcamp.com/album/momentum-volumes-1-2
https://kenmartin1.bandcamp.com/album/monochromatic-themes
https://kenmartin1.bandcamp.com/album/montage
https://kenmartin1.bandcamp.com/album/moon-phases
https://kenmartin1.bandcamp.com/album/mosaic
https://kenmartin1.bandcamp.com/album/moving-waves
https://kenmartin1.bandcamp.com/album/music-for-dark-spaces
https://kenmartin1.bandcamp.com/album/music-for-film-volume-1
https://kenmartin1.bandcamp.com/album/music-from-the-kosmos
https://kenmartin1.bandcamp.com/album/mysteries-of-the-universe
https://kenmartin1.bandcamp.com/album/mystery-of-orion
https://kenmartin1.bandcamp.com/album/mystic-2
https://kenmartin1.bandcamp.com/album/mystic-azimuth
https://kenmartin1.bandcamp.com/album/nebula-transformation
https://kenmartin1.bandcamp.com/album/negative-fields
https://kenmartin1.bandcamp.com/album/nemesis
https://kenmartin1.bandcamp.com/album/new-horizons
https://kenmartin1.bandcamp.com/album/nightphase
https://kenmartin1.bandcamp.com/album/nucleus-2
https://kenmartin1.bandcamp.com/album/nucleus-blazar
https://kenmartin1.bandcamp.com/album/on-a-threshold
https://kenmartin1.bandcamp.com/album/on-the-other-side-of-zenith
https://kenmartin1.bandcamp.com/album/on-virtual-plains
https://kenmartin1.bandcamp.com/album/one-step-beyond
https://kenmartin1.bandcamp.com/album/orbital-scanning
https://kenmartin1.bandcamp.com/album/orgel-celestia
https://kenmartin1.bandcamp.com/album/orgel-traum
https://kenmartin1.bandcamp.com/album/origins
https://kenmartin1.bandcamp.com/album/outlands
https://kenmartin1.bandcamp.com/album/over-land-of-dreams
https://kenmartin1.bandcamp.com/album/parallaxium
https://kenmartin1.bandcamp.com/album/passengers
https://kenmartin1.bandcamp.com/album/peace-land
https://kenmartin1.bandcamp.com/album/phaedrus
https://kenmartin1.bandcamp.com/album/phaethon-2
https://kenmartin1.bandcamp.com/album/phantasmagoria
https://kenmartin1.bandcamp.com/album/phobiron
https://kenmartin1.bandcamp.com/album/pinnacles
https://kenmartin1.bandcamp.com/album/planetarium
https://kenmartin1.bandcamp.com/album/platinum-sunrise
https://kenmartin1.bandcamp.com/album/portal-of-darkness
https://kenmartin1.bandcamp.com/album/portraits
https://kenmartin1.bandcamp.com/album/prelude-to-a-falling-star
https://kenmartin1.bandcamp.com/album/psychedelic-chronicles-volumes-2-3
https://kenmartin1.bandcamp.com/album/psychic-beacons-remastered
https://kenmartin1.bandcamp.com/album/quadramass
https://kenmartin1.bandcamp.com/album/quadrivium
https://kenmartin1.bandcamp.com/album/quantum
https://kenmartin1.bandcamp.com/album/red-moon-rising
https://kenmartin1.bandcamp.com/album/reflections-on-a-prodigy
https://kenmartin1.bandcamp.com/album/rigel-kentaurus
https://kenmartin1.bandcamp.com/album/rise-of-dawn
https://kenmartin1.bandcamp.com/album/rise-of-pegasus
https://kenmartin1.bandcamp.com/album/rotation-of-forces
https://kenmartin1.bandcamp.com/album/running-from-tomorrow
https://kenmartin1.bandcamp.com/album/sands-of-time-also-featuring-tom-hawkins
https://kenmartin1.bandcamp.com/album/sculpture-waves
https://kenmartin1.bandcamp.com/album/sequence-of-changes
https://kenmartin1.bandcamp.com/album/sequences-in-time
https://kenmartin1.bandcamp.com/album/shadow-light
https://kenmartin1.bandcamp.com/album/shutdown
https://kenmartin1.bandcamp.com/album/signs
https://kenmartin1.bandcamp.com/album/sirius-winds
https://kenmartin1.bandcamp.com/album/solan-baya
https://kenmartin1.bandcamp.com/album/solar-surfing
https://kenmartin1.bandcamp.com/album/solaris
https://kenmartin1.bandcamp.com/album/solis-dorsa
https://kenmartin1.bandcamp.com/album/solitude
https://kenmartin1.bandcamp.com/album/sonic-cubis
https://kenmartin1.bandcamp.com/album/sonic-science
https://kenmartin1.bandcamp.com/album/sonic-variations
https://kenmartin1.bandcamp.com/album/space-encounters
https://kenmartin1.bandcamp.com/album/space-sleeper
https://kenmartin1.bandcamp.com/album/spheres-remastered
https://kenmartin1.bandcamp.com/album/spherical-incantations
https://kenmartin1.bandcamp.com/album/sphericore
https://kenmartin1.bandcamp.com/album/sputnik-5859
https://kenmartin1.bandcamp.com/album/stairway-to-mars
https://kenmartin1.bandcamp.com/album/star-fusion
https://kenmartin1.bandcamp.com/album/stargazer
https://kenmartin1.bandcamp.com/album/starturn
https://kenmartin1.bandcamp.com/album/statte
https://kenmartin1.bandcamp.com/album/strobing
https://kenmartin1.bandcamp.com/album/subterranean-carriers-including-video
https://kenmartin1.bandcamp.com/album/subterranean-tranquility-double-album
https://kenmartin1.bandcamp.com/album/sun-spheres
https://kenmartin1.bandcamp.com/album/supernova
https://kenmartin1.bandcamp.com/album/surreal-meltdown-vol-1-2-3
https://kenmartin1.bandcamp.com/album/synthesis
https://kenmartin1.bandcamp.com/album/system-alliance
https://kenmartin1.bandcamp.com/album/tales-of-talas
https://kenmartin1.bandcamp.com/album/tangents
https://kenmartin1.bandcamp.com/album/temple-of-the-soul
https://kenmartin1.bandcamp.com/album/terrestrial-nightmares
https://kenmartin1.bandcamp.com/album/the-albermarle-sessions-1974-1978-vol-2
https://kenmartin1.bandcamp.com/album/the-albermarle-sessions-1974-78-vol-1
https://kenmartin1.bandcamp.com/album/the-albermarle-sessions-vol-3-1974-1978
https://kenmartin1.bandcamp.com/album/the-ambient-quadrant
https://kenmartin1.bandcamp.com/album/the-berlin-embryo
https://kenmartin1.bandcamp.com/album/the-caldius-orbit
https://kenmartin1.bandcamp.com/album/the-cosmic-enigma-part-1
https://kenmartin1.bandcamp.com/album/the-cosmic-enigma-part-2
https://kenmartin1.bandcamp.com/album/the-darkside-of-resonance
https://kenmartin1.bandcamp.com/album/the-descent-2
https://kenmartin1.bandcamp.com/album/the-eternal-warrior
https://kenmartin1.bandcamp.com/album/the-explorer
https://kenmartin1.bandcamp.com/album/the-explorer-2
https://kenmartin1.bandcamp.com/album/the-fall-of-marmellar
https://kenmartin1.bandcamp.com/album/the-gothic-poem
https://kenmartin1.bandcamp.com/album/the-heart-of-the-cosmos
https://kenmartin1.bandcamp.com/album/the-hitomi-project
https://kenmartin1.bandcamp.com/album/the-inner-sanctum
https://kenmartin1.bandcamp.com/album/the-lost-companion
https://kenmartin1.bandcamp.com/album/the-lost-room
https://kenmartin1.bandcamp.com/album/the-lutyens-phase-a-cerebral-journey
https://kenmartin1.bandcamp.com/album/the-merging-of-instance
https://kenmartin1.bandcamp.com/album/the-mission
https://kenmartin1.bandcamp.com/album/the-night-sessions
https://kenmartin1.bandcamp.com/album/the-outer-limits
https://kenmartin1.bandcamp.com/album/the-rough-cut
https://kenmartin1.bandcamp.com/album/the-seventh-gate
https://kenmartin1.bandcamp.com/album/the-sirius-sequence
https://kenmartin1.bandcamp.com/album/the-solstice-sessions-volume-1-2
https://kenmartin1.bandcamp.com/album/the-stars-look-down-double-album
https://kenmartin1.bandcamp.com/album/the-unknown
https://kenmartin1.bandcamp.com/album/the-virtual-garage-session
https://kenmartin1.bandcamp.com/album/through-a-burning-memory
https://kenmartin1.bandcamp.com/album/time-lands
https://kenmartin1.bandcamp.com/album/time-voyager
https://kenmartin1.bandcamp.com/album/trancient-lightwaves
https://kenmartin1.bandcamp.com/album/transcendence
https://kenmartin1.bandcamp.com/album/transient-orientation
https://kenmartin1.bandcamp.com/album/transitions-in-time
https://kenmartin1.bandcamp.com/album/transmission-optica
https://kenmartin1.bandcamp.com/album/transparent-shadows-remastered
https://kenmartin1.bandcamp.com/album/tunnel-to-oblivion
https://kenmartin1.bandcamp.com/album/under-a-crimson-sky
https://kenmartin1.bandcamp.com/album/under-suspension
https://kenmartin1.bandcamp.com/album/universal-crossover
https://kenmartin1.bandcamp.com/album/universal-subways
https://kenmartin1.bandcamp.com/album/unknown-frontiers
https://kenmartin1.bandcamp.com/album/unknown-worlds
https://kenmartin1.bandcamp.com/album/urban-songs
https://kenmartin1.bandcamp.com/album/ursa-major
https://kenmartin1.bandcamp.com/album/utopia-electronica
https://kenmartin1.bandcamp.com/album/vanishing-point
https://kenmartin1.bandcamp.com/album/variations
https://kenmartin1.bandcamp.com/album/vault-of-shadows
https://kenmartin1.bandcamp.com/album/ventura-2
https://kenmartin1.bandcamp.com/album/venus-voltaire
https://kenmartin1.bandcamp.com/album/visions
https://kenmartin1.bandcamp.com/album/visions-of-light
https://kenmartin1.bandcamp.com/album/voices
https://kenmartin1.bandcamp.com/album/voyager-passing-volume-1
https://kenmartin1.bandcamp.com/album/voyager-passing-volume-2
https://kenmartin1.bandcamp.com/album/winterscapes
https://kenmartin1.bandcamp.com/album/winterscapes-2
https://kenmartin1.bandcamp.com/album/within-these-walls
https://kenmartin1.bandcamp.com/album/zeta-ophiuichi
