https://kawabata-makoto.bandcamp.com/album/-
https://kawabata-makoto.bandcamp.com/album/111-we-don-t-know-where-we-came-from
https://kawabata-makoto.bandcamp.com/album/1991-erochika-live-1991
https://kawabata-makoto.bandcamp.com/album/1st-trip
https://kawabata-makoto.bandcamp.com/album/4-tunes
https://kawabata-makoto.bandcamp.com/album/a-midsummer-nights-too-long-dream
https://kawabata-makoto.bandcamp.com/album/a-soul-that-eats-flesh-and-melts-live-in-kobe-2025
https://kawabata-makoto.bandcamp.com/album/abekobe-chaos
https://kawabata-makoto.bandcamp.com/album/abnormal-songs-vol-1-vol-1
https://kawabata-makoto.bandcamp.com/album/accelerating-spirits
https://kawabata-makoto.bandcamp.com/album/acid-balloon-cosmic-drive-earth-frontier
https://kawabata-makoto.bandcamp.com/album/affair-under-the-moonshine
https://kawabata-makoto.bandcamp.com/album/afrimakoto
https://kawabata-makoto.bandcamp.com/album/ame-no-tsurugi
https://kawabata-makoto.bandcamp.com/album/andromelos
https://kawabata-makoto.bandcamp.com/album/angel-demon
https://kawabata-makoto.bandcamp.com/album/ankoku-kakumei-kyodotai-dark-revolutionary-collective
https://kawabata-makoto.bandcamp.com/album/another-time-where-you-are
https://kawabata-makoto.bandcamp.com/album/artificial-fainting-system
https://kawabata-makoto.bandcamp.com/album/atomic-ruined-salamander
https://kawabata-makoto.bandcamp.com/album/aurora-ecstasy-from-planet-33
https://kawabata-makoto.bandcamp.com/album/basement-echo
https://kawabata-makoto.bandcamp.com/album/birth-of-nishinihon
https://kawabata-makoto.bandcamp.com/album/black-blues
https://kawabata-makoto.bandcamp.com/album/blue-fire-from-the-deep-sea
https://kawabata-makoto.bandcamp.com/album/born-from-the-water
https://kawabata-makoto.bandcamp.com/album/brighton-holiday
https://kawabata-makoto.bandcamp.com/album/brutal-orgasm-from-the-sea
https://kawabata-makoto.bandcamp.com/album/buddha
https://kawabata-makoto.bandcamp.com/album/burst-osaka-2022
https://kawabata-makoto.bandcamp.com/album/circle-of-time-in-time
https://kawabata-makoto.bandcamp.com/album/circuit-of-inversion
https://kawabata-makoto.bandcamp.com/album/come-from-elsewhen
https://kawabata-makoto.bandcamp.com/album/conspired-love-smith-days-vol-9
https://kawabata-makoto.bandcamp.com/album/cosmic-galop
https://kawabata-makoto.bandcamp.com/album/cosmic-pigs-vs-invisible-ameba-men-vs
https://kawabata-makoto.bandcamp.com/album/cosmic-rainbow-love
https://kawabata-makoto.bandcamp.com/album/cosmo-melody-stardate-45739
https://kawabata-makoto.bandcamp.com/album/cyborg-s-obscure-alternatives
https://kawabata-makoto.bandcamp.com/album/da-ganda
https://kawabata-makoto.bandcamp.com/album/dancing-under-the-total-lunar-eclipse
https://kawabata-makoto.bandcamp.com/album/death-cosmic-survivors
https://kawabata-makoto.bandcamp.com/album/death-discipline
https://kawabata-makoto.bandcamp.com/album/disappeared-contraposition-or-lost-milky-way
https://kawabata-makoto.bandcamp.com/album/disappearing-sound-to-the-new-planet
https://kawabata-makoto.bandcamp.com/album/disaster-of-the-untargeted-man
https://kawabata-makoto.bandcamp.com/album/disinterred-apostle
https://kawabata-makoto.bandcamp.com/album/double-decade-or-diend
https://kawabata-makoto.bandcamp.com/album/doxys-love-smith-days-vol-6
https://kawabata-makoto.bandcamp.com/album/echo-in-the-void
https://kawabata-makoto.bandcamp.com/album/electric-erect-music-series-vol-1
https://kawabata-makoto.bandcamp.com/album/electric-guitars
https://kawabata-makoto.bandcamp.com/album/electric-reincarnation
https://kawabata-makoto.bandcamp.com/album/emi-kagurachimimouryo
https://kawabata-makoto.bandcamp.com/album/emi-touka-kagurachimimouryo
https://kawabata-makoto.bandcamp.com/album/emitted-moonshine-wave
https://kawabata-makoto.bandcamp.com/album/enigmatic-death-buddha
https://kawabata-makoto.bandcamp.com/album/ephemeral-dreamers
https://kawabata-makoto.bandcamp.com/album/erochika-1986-1988-2-1986-1988
https://kawabata-makoto.bandcamp.com/album/erochika-early-days-1984
https://kawabata-makoto.bandcamp.com/album/erochika-kawabatas-demo-1986
https://kawabata-makoto.bandcamp.com/album/eros-errors-2021
https://kawabata-makoto.bandcamp.com/album/eventual-survivors-in-osaka-2021
https://kawabata-makoto.bandcamp.com/album/evoltex-christmas
https://kawabata-makoto.bandcamp.com/album/exuberance-unbalance
https://kawabata-makoto.bandcamp.com/album/fade-to-dream
https://kawabata-makoto.bandcamp.com/album/fandango-1995
https://kawabata-makoto.bandcamp.com/album/farewell-kiss-after-rain
https://kawabata-makoto.bandcamp.com/album/father-moo-the-black-sheep
https://kawabata-makoto.bandcamp.com/album/first-advent
https://kawabata-makoto.bandcamp.com/album/first-psychedelic-visions
https://kawabata-makoto.bandcamp.com/album/from-pedan-with-love
https://kawabata-makoto.bandcamp.com/album/fugitive-from-pluto
https://kawabata-makoto.bandcamp.com/album/gekkyu-kekkaichi
https://kawabata-makoto.bandcamp.com/album/gesseki-no-sho
https://kawabata-makoto.bandcamp.com/album/god-dog
https://kawabata-makoto.bandcamp.com/album/golden-speed-messiah
https://kawabata-makoto.bandcamp.com/album/guitar-soundcheck
https://kawabata-makoto.bandcamp.com/album/guru-guru-fest-2010
https://kawabata-makoto.bandcamp.com/album/guy-unit-live-2014
https://kawabata-makoto.bandcamp.com/album/hanshoh-no-omoi
https://kawabata-makoto.bandcamp.com/album/hegemony-an-electric-mantra
https://kawabata-makoto.bandcamp.com/album/hekien-ni-zanshi
https://kawabata-makoto.bandcamp.com/album/holy-astroman-empire
https://kawabata-makoto.bandcamp.com/album/hosanna-mantra
https://kawabata-makoto.bandcamp.com/album/hot-rattlesnakes
https://kawabata-makoto.bandcamp.com/album/hourouurin
https://kawabata-makoto.bandcamp.com/album/i-wanna-eat-you
https://kawabata-makoto.bandcamp.com/album/i-wanna-see-you-who-wanna-be-a-bird
https://kawabata-makoto.bandcamp.com/album/i-want-you-to-want-me
https://kawabata-makoto.bandcamp.com/album/i-wished-you-were-here-once-again
https://kawabata-makoto.bandcamp.com/album/if-you-smell-what-art-rock-is-cookin
https://kawabata-makoto.bandcamp.com/album/im-in-your-inner-most
https://kawabata-makoto.bandcamp.com/album/im-still-here-now-live-at-la-chapelle
https://kawabata-makoto.bandcamp.com/album/imawatote-sane-otsurutowa
https://kawabata-makoto.bandcamp.com/album/immoral-dogma-festival-overture-for-tape-synthesizer-and-percussion
https://kawabata-makoto.bandcamp.com/album/indomitable-love
https://kawabata-makoto.bandcamp.com/album/infinite-love
https://kawabata-makoto.bandcamp.com/album/insatiable-desire-called-love
https://kawabata-makoto.bandcamp.com/album/inui-2-remastered
https://kawabata-makoto.bandcamp.com/album/inui-3-remastered
https://kawabata-makoto.bandcamp.com/album/inui-4-remastered
https://kawabata-makoto.bandcamp.com/album/inui-live-in-kobe-2010
https://kawabata-makoto.bandcamp.com/album/inui-remastered
https://kawabata-makoto.bandcamp.com/album/inuiuni330407
https://kawabata-makoto.bandcamp.com/album/invaders-from-alternate-dimension-world
https://kawabata-makoto.bandcamp.com/album/it
https://kawabata-makoto.bandcamp.com/album/jellyfish-rising
https://kawabata-makoto.bandcamp.com/album/jisetsu
https://kawabata-makoto.bandcamp.com/album/journey-to-xanadu
https://kawabata-makoto.bandcamp.com/album/kaina
https://kawabata-makoto.bandcamp.com/album/kaiten-love-and-punk-rock
https://kawabata-makoto.bandcamp.com/album/kami-no-miya
https://kawabata-makoto.bandcamp.com/album/kamikaze
https://kawabata-makoto.bandcamp.com/album/kawabata-makoto-works-1978-2021-digest-edition
https://kawabata-makoto.bandcamp.com/album/kawabata-makotos-chamber-music-1994
https://kawabata-makoto.bandcamp.com/album/kebaku-tenjite-myohasen
https://kawabata-makoto.bandcamp.com/album/kibo-no-jubaku-spellbound-hopes
https://kawabata-makoto.bandcamp.com/album/kiss-in-the-dream-dimension
https://kawabata-makoto.bandcamp.com/album/kiss-me-goodbye
https://kawabata-makoto.bandcamp.com/album/la-musica-tapes-0029
https://kawabata-makoto.bandcamp.com/album/la-musica-tapes-0038
https://kawabata-makoto.bandcamp.com/album/la-musica-tapes-0060
https://kawabata-makoto.bandcamp.com/album/lemonade-station-destruction-25
https://kawabata-makoto.bandcamp.com/album/live-adios-dios
https://kawabata-makoto.bandcamp.com/album/live-at-chat-noir
https://kawabata-makoto.bandcamp.com/album/live-at-darkroom-1979
https://kawabata-makoto.bandcamp.com/album/live-at-environment-0g
https://kawabata-makoto.bandcamp.com/album/live-at-hikone-seiai-church
https://kawabata-makoto.bandcamp.com/album/live-at-seikazoku
https://kawabata-makoto.bandcamp.com/album/live-boxy
https://kawabata-makoto.bandcamp.com/album/live-buggy
https://kawabata-makoto.bandcamp.com/album/live-death-techno-death
https://kawabata-makoto.bandcamp.com/album/live-experimental-modification
https://kawabata-makoto.bandcamp.com/album/live-exposure-2021
https://kawabata-makoto.bandcamp.com/album/live-in-hebden-bridge-2013-2
https://kawabata-makoto.bandcamp.com/album/live-in-kobe-2015
https://kawabata-makoto.bandcamp.com/album/live-in-oita-2016
https://kawabata-makoto.bandcamp.com/album/live-in-pandermic-tokyo-2021
https://kawabata-makoto.bandcamp.com/album/live-in-tokyo-2014
https://kawabata-makoto.bandcamp.com/album/live-rare
https://kawabata-makoto.bandcamp.com/album/living-red
https://kawabata-makoto.bandcamp.com/album/loaded-spiral-meditation
https://kawabata-makoto.bandcamp.com/album/lost-broken-seal
https://kawabata-makoto.bandcamp.com/album/lost-milky-way-in-deaf-space
https://kawabata-makoto.bandcamp.com/album/lost-milky-way-in-dream-storm
https://kawabata-makoto.bandcamp.com/album/lost-milky-way-in-the-metaphysical-space
https://kawabata-makoto.bandcamp.com/album/lost-milky-way-phase-of-the-legacy
https://kawabata-makoto.bandcamp.com/album/love-between-strings-smith-days-vol-7
https://kawabata-makoto.bandcamp.com/album/love-drone-smith-days-vol-8
https://kawabata-makoto.bandcamp.com/album/love-from-the-deep-smith-days-vol-2
https://kawabata-makoto.bandcamp.com/album/love-from-the-singing-bowl-smith-days-vol-1
https://kawabata-makoto.bandcamp.com/album/love-into-the-feedback-smith-days-vol-5
https://kawabata-makoto.bandcamp.com/album/love-me-sensuous
https://kawabata-makoto.bandcamp.com/album/love-oozed-from-the-wound-2
https://kawabata-makoto.bandcamp.com/album/love-phase
https://kawabata-makoto.bandcamp.com/album/machine-electrique
https://kawabata-makoto.bandcamp.com/album/maelstra-tour-t-shirt
https://kawabata-makoto.bandcamp.com/album/mahikari
https://kawabata-makoto.bandcamp.com/album/mainliner-live-1996
https://kawabata-makoto.bandcamp.com/album/makoto-mango
https://kawabata-makoto.bandcamp.com/album/mars
https://kawabata-makoto.bandcamp.com/album/marsbound
https://kawabata-makoto.bandcamp.com/album/mayfly-dream-acoustic-guitar-solo-live
https://kawabata-makoto.bandcamp.com/album/mellow-out-live-in-1995
https://kawabata-makoto.bandcamp.com/album/memories-to-be-discarded-light-to-be-sealed
https://kawabata-makoto.bandcamp.com/album/mess-upside-down
https://kawabata-makoto.bandcamp.com/album/message-from-cosmic-church
https://kawabata-makoto.bandcamp.com/album/message-from-the-nonmalt
https://kawabata-makoto.bandcamp.com/album/message-to-you-who-are-no-longer-anywhere
https://kawabata-makoto.bandcamp.com/album/metatermination
https://kawabata-makoto.bandcamp.com/album/midsummer-pilgrimage-in-systema-solare
https://kawabata-makoto.bandcamp.com/album/million-blinks-and-trillion-reflections
https://kawabata-makoto.bandcamp.com/album/mirror-mirage-lovers-electric-erect-music-series-vol-2
https://kawabata-makoto.bandcamp.com/album/missing-necromancer
https://kawabata-makoto.bandcamp.com/album/mitsuha
https://kawabata-makoto.bandcamp.com/album/mizu-naranu-ao-ni-sae-2
https://kawabata-makoto.bandcamp.com/album/mura
https://kawabata-makoto.bandcamp.com/album/mura-2
https://kawabata-makoto.bandcamp.com/album/music-for-reed-organ-and-electronics
https://kawabata-makoto.bandcamp.com/album/my-sweet-grave-sinner
https://kawabata-makoto.bandcamp.com/album/mysterious-missing-messiah
https://kawabata-makoto.bandcamp.com/album/narcotic-pulsation
https://kawabata-makoto.bandcamp.com/album/nebula-drifters
https://kawabata-makoto.bandcamp.com/album/negatronic-brain-dead
https://kawabata-makoto.bandcamp.com/album/no-longer-see-you-without-your-armor
https://kawabata-makoto.bandcamp.com/album/no-pussy-fitting
https://kawabata-makoto.bandcamp.com/album/not-one-star-will-stand-the-night
https://kawabata-makoto.bandcamp.com/album/not-very-very-famous-songs-vol-1
https://kawabata-makoto.bandcamp.com/album/not-very-very-famous-songs-vol-2
https://kawabata-makoto.bandcamp.com/album/nubatama
https://kawabata-makoto.bandcamp.com/album/nureimi
https://kawabata-makoto.bandcamp.com/album/o-mandroid
https://kawabata-makoto.bandcamp.com/album/o-si-amos-a-sighire-a-essere-duas-umbras
https://kawabata-makoto.bandcamp.com/album/om-sweet-home-we-are-shining-stars-from-darklside
https://kawabata-makoto.bandcamp.com/album/ominous-sign-of-incubation
https://kawabata-makoto.bandcamp.com/album/omoi-no-take-shinshi-toshite-aihatsu
https://kawabata-makoto.bandcamp.com/album/opus-trillion
https://kawabata-makoto.bandcamp.com/album/os-dream
https://kawabata-makoto.bandcamp.com/album/osaka-loop-line
https://kawabata-makoto.bandcamp.com/album/our-name-is-o-mandroid
https://kawabata-makoto.bandcamp.com/album/outrageous-badass-harem-night
https://kawabata-makoto.bandcamp.com/album/outtakes-as-yet-unreleased-first-album
https://kawabata-makoto.bandcamp.com/album/phantasia-2023
https://kawabata-makoto.bandcamp.com/album/photometrica-nova
https://kawabata-makoto.bandcamp.com/album/physical-eros
https://kawabata-makoto.bandcamp.com/album/pikamako-s-lather-gather-together
https://kawabata-makoto.bandcamp.com/album/pleasant-fetuses-land-impromptu-for-synthesizer
https://kawabata-makoto.bandcamp.com/album/private-tapes
https://kawabata-makoto.bandcamp.com/album/private-tapes-2
https://kawabata-makoto.bandcamp.com/album/proof-of-psyga
https://kawabata-makoto.bandcamp.com/album/psychedelic-noise-freaks
https://kawabata-makoto.bandcamp.com/album/psychic-buddha-trip-u-f-o-death-high
https://kawabata-makoto.bandcamp.com/album/pulsating-electric-force
https://kawabata-makoto.bandcamp.com/album/pupae-of-transmitters
https://kawabata-makoto.bandcamp.com/album/quaint-quixotica
https://kawabata-makoto.bandcamp.com/album/quantum-supreme
https://kawabata-makoto.bandcamp.com/album/raga-phantasmal-cicadas-smith-days-vol-4
https://kawabata-makoto.bandcamp.com/album/rainbow-of-love
https://kawabata-makoto.bandcamp.com/album/reiterative-reincarnated-reiteration
https://kawabata-makoto.bandcamp.com/album/rendezvous-with-kame
https://kawabata-makoto.bandcamp.com/album/reverse-fault
https://kawabata-makoto.bandcamp.com/album/rising-ultimate-buddha
https://kawabata-makoto.bandcamp.com/album/rivers-and-mountains
https://kawabata-makoto.bandcamp.com/album/sacrifice-of-will
https://kawabata-makoto.bandcamp.com/album/samurai-blues
https://kawabata-makoto.bandcamp.com/album/sarangi-guitar
https://kawabata-makoto.bandcamp.com/album/sealed-souls
https://kawabata-makoto.bandcamp.com/album/sex-voyage-and-echo-chamber
https://kawabata-makoto.bandcamp.com/album/shade-of-burning-snow
https://kawabata-makoto.bandcamp.com/album/shell-of-me-thinking-of-you
https://kawabata-makoto.bandcamp.com/album/shohjohkisshohtan
https://kawabata-makoto.bandcamp.com/album/sinking-of-space-luxury-liner-gorgophone
https://kawabata-makoto.bandcamp.com/album/sinking-purple-forest
https://kawabata-makoto.bandcamp.com/album/sketches-for-the-next-door
https://kawabata-makoto.bandcamp.com/album/sky-avalon
https://kawabata-makoto.bandcamp.com/album/sky-creator
https://kawabata-makoto.bandcamp.com/album/sky-stroller-dedicate-to-bancho
https://kawabata-makoto.bandcamp.com/album/sokusaiya-noujyoukin-jyakusyouya
https://kawabata-makoto.bandcamp.com/album/solar-and-horror
https://kawabata-makoto.bandcamp.com/album/solid-sate-of-emergency-surviver
https://kawabata-makoto.bandcamp.com/album/solid-static
https://kawabata-makoto.bandcamp.com/album/solo-live-at-lintfabriek-13-oct-96
https://kawabata-makoto.bandcamp.com/album/songs-of-a-time-not-restored-live-1991-live-1991
https://kawabata-makoto.bandcamp.com/album/soul-inconsistent
https://kawabata-makoto.bandcamp.com/album/soundscape-of-pink-lady-lemonade
https://kawabata-makoto.bandcamp.com/album/space-wrecked-castaways
https://kawabata-makoto.bandcamp.com/album/spatial-roots
https://kawabata-makoto.bandcamp.com/album/spectrum-echoes
https://kawabata-makoto.bandcamp.com/album/squit-squad
https://kawabata-makoto.bandcamp.com/album/star-kaleidoscope
https://kawabata-makoto.bandcamp.com/album/strange-vegetables-in-brain-farm
https://kawabata-makoto.bandcamp.com/album/subjection-of-drone
https://kawabata-makoto.bandcamp.com/album/sunday-morning
https://kawabata-makoto.bandcamp.com/album/synthesis-zero
https://kawabata-makoto.bandcamp.com/album/telepath-lovers-smith-days-vol-3
https://kawabata-makoto.bandcamp.com/album/tenjo-tenge-yuiga-dokuson
https://kawabata-makoto.bandcamp.com/album/tenkyo-no-to
https://kawabata-makoto.bandcamp.com/album/tenrin
https://kawabata-makoto.bandcamp.com/album/that-awaking-good-bye-me
https://kawabata-makoto.bandcamp.com/album/the-big-buddies-from-brazil-remix
https://kawabata-makoto.bandcamp.com/album/the-coming-day-when-i-see-you
https://kawabata-makoto.bandcamp.com/album/the-day-truth-disappeared
https://kawabata-makoto.bandcamp.com/album/the-door-to-dreams
https://kawabata-makoto.bandcamp.com/album/the-fated-love-awakens
https://kawabata-makoto.bandcamp.com/album/the-heir-to-the-eternity
https://kawabata-makoto.bandcamp.com/album/the-lady-in-smoke
https://kawabata-makoto.bandcamp.com/album/the-lord-who-sleeps-in-the-anti-space
https://kawabata-makoto.bandcamp.com/album/the-return-of-the-ring
https://kawabata-makoto.bandcamp.com/album/the-road-to-aphotopia
https://kawabata-makoto.bandcamp.com/album/the-seventh-seal
https://kawabata-makoto.bandcamp.com/album/the-tales-of-the-dream-planet
https://kawabata-makoto.bandcamp.com/album/the-third-awakening-henie-onstad-2002-11-03
https://kawabata-makoto.bandcamp.com/album/tinctura
https://kawabata-makoto.bandcamp.com/album/tojinkyoan
https://kawabata-makoto.bandcamp.com/album/tokyo-scorched-earth-2024
https://kawabata-makoto.bandcamp.com/album/tower-of-inferno
https://kawabata-makoto.bandcamp.com/album/trillionth-polyhedron-in-electrowood
https://kawabata-makoto.bandcamp.com/album/tsukuyomi-ni
https://kawabata-makoto.bandcamp.com/album/tsurubami
https://kawabata-makoto.bandcamp.com/album/uch
https://kawabata-makoto.bandcamp.com/album/ultimate-buddha-dark
https://kawabata-makoto.bandcamp.com/album/ultimate-mace
https://kawabata-makoto.bandcamp.com/album/ultra-trip-cat
https://kawabata-makoto.bandcamp.com/album/unaccounted-system-naught
https://kawabata-makoto.bandcamp.com/album/undead-underdrive-electrique
https://kawabata-makoto.bandcamp.com/album/under-your-moonshine
https://kawabata-makoto.bandcamp.com/album/unstoppable-kobe-2022
https://kawabata-makoto.bandcamp.com/album/unwished-love
https://kawabata-makoto.bandcamp.com/album/vanishing-dream-in-mirage-space
https://kawabata-makoto.bandcamp.com/album/variations-on-deep-forest-of-wind
https://kawabata-makoto.bandcamp.com/album/vertigo-engine-2023
https://kawabata-makoto.bandcamp.com/album/villa-k
https://kawabata-makoto.bandcamp.com/album/vision-of-perolynga
https://kawabata-makoto.bandcamp.com/album/voice-from-antares
https://kawabata-makoto.bandcamp.com/album/vovivizm
https://kawabata-makoto.bandcamp.com/album/vovivizm-another-episode
https://kawabata-makoto.bandcamp.com/album/vovivizm-episode-15-remastered
https://kawabata-makoto.bandcamp.com/album/vovivizm-episode-evolove
https://kawabata-makoto.bandcamp.com/album/vovivizm-spin-off-bears-2021
https://kawabata-makoto.bandcamp.com/album/walking-in-the-sky
https://kawabata-makoto.bandcamp.com/album/wandering-ancient-love
https://kawabata-makoto.bandcamp.com/album/were-you-in-that-mirror-cube
https://kawabata-makoto.bandcamp.com/album/when-the-rain-stops
https://kawabata-makoto.bandcamp.com/album/whenever-seeing-you
https://kawabata-makoto.bandcamp.com/album/where-do-you-really-exist
https://kawabata-makoto.bandcamp.com/album/white-summer-of-love-dreamer
https://kawabata-makoto.bandcamp.com/album/why-have-unknowns-disappeared
https://kawabata-makoto.bandcamp.com/album/yesterday-was-your-birthday-baby
https://kawabata-makoto.bandcamp.com/album/you-are-the-moonshine
https://kawabata-makoto.bandcamp.com/album/you-re-in-the-dunes
https://kawabata-makoto.bandcamp.com/album/your-voice-from-the-moon
https://kawabata-makoto.bandcamp.com/album/yuga-hiku
https://kawabata-makoto.bandcamp.com/album/yukueshirezu-demo-1983
https://kawabata-makoto.bandcamp.com/album/zakyowarashi
https://kawabata-makoto.bandcamp.com/album/zero-degree-flames
https://kawabata-makoto.bandcamp.com/album/zoffy-live
https://kawabata-makoto.bandcamp.com/album/zukunashi-tokisirazu
