https://kenmartin2.bandcamp.com/album/a-christmas-feeling
https://kenmartin2.bandcamp.com/album/a-late-valentine
https://kenmartin2.bandcamp.com/album/a-trip-through-nashville
https://kenmartin2.bandcamp.com/album/chicken-and-waffles
https://kenmartin2.bandcamp.com/album/country-x-3
https://kenmartin2.bandcamp.com/album/gift-of-music
https://kenmartin2.bandcamp.com/track/8-days-before-valentines-day
https://kenmartin2.bandcamp.com/track/a-song-for-jolene
https://kenmartin2.bandcamp.com/track/a-womans-mind
https://kenmartin2.bandcamp.com/track/all-i-really-want
https://kenmartin2.bandcamp.com/track/all-that-you-can-do
https://kenmartin2.bandcamp.com/track/anything
https://kenmartin2.bandcamp.com/track/autumn-love
https://kenmartin2.bandcamp.com/track/be-more-considerate
https://kenmartin2.bandcamp.com/track/beacon
https://kenmartin2.bandcamp.com/track/cant-stand-to-hear-a-love-song
https://kenmartin2.bandcamp.com/track/dont-leave-me-lonely-on-christmas
https://kenmartin2.bandcamp.com/track/everyone-around-the-world
https://kenmartin2.bandcamp.com/track/fists-of-anger
https://kenmartin2.bandcamp.com/track/i-roam-with-the-buffalo
https://kenmartin2.bandcamp.com/track/if-im-not-in-love-withyou
https://kenmartin2.bandcamp.com/track/im-a-healed-man
https://kenmartin2.bandcamp.com/track/im-talking-about-you
https://kenmartin2.bandcamp.com/track/inside-my-head
https://kenmartin2.bandcamp.com/track/let-his-love-shine
https://kenmartin2.bandcamp.com/track/lift-each-other-up
https://kenmartin2.bandcamp.com/track/mad-bad-man
https://kenmartin2.bandcamp.com/track/mothers-day-demo
https://kenmartin2.bandcamp.com/track/nemo-resideo
https://kenmartin2.bandcamp.com/track/paris
https://kenmartin2.bandcamp.com/track/recipe-for-peace
https://kenmartin2.bandcamp.com/track/rhythm-of-nature-new-life
https://kenmartin2.bandcamp.com/track/ryde-like-bonnie-clyde
https://kenmartin2.bandcamp.com/track/sheriff-jetblack
https://kenmartin2.bandcamp.com/track/single-and-free
https://kenmartin2.bandcamp.com/track/swarm
https://kenmartin2.bandcamp.com/track/the-mighty-mighty-man
https://kenmartin2.bandcamp.com/track/the-sheriff
https://kenmartin2.bandcamp.com/track/try
https://kenmartin2.bandcamp.com/track/wont-you-be-mine-this-christmas
https://kenmartin2.bandcamp.com/track/you-cannot-bring-me-down
