https://jersalemkidsplitawig.bandcamp.com/album/2-more-jokes2-songs-fat-jerry-curl-head-tried-to-roooob-me-im-pinky-nigga-lol-only-reaso-dis-nigga-rap-was-for-mickey-des-chicken-rapes-a-gordanramsemy-new-i-wanted-bowl-of-soooup-mc-rib-wiiitch
https://jersalemkidsplitawig.bandcamp.com/album/2remixes-and-a-hot-dog-man-dam-messd-up-agin-um-jesus-can-i-halar-at-steaks-in-his-spirt-one-more-time-yeap-since-he-disobey-or-rules-to-stay-on-his-rightoues-fruit-diet-coooool-ahe-steaks-in-cak
https://jersalemkidsplitawig.bandcamp.com/album/a-word-from-steaks-and-cakes-evey-one-raaaaarraaaaraaa-dat-lepords-miines-fucking-fat-ass-lol
https://jersalemkidsplitawig.bandcamp.com/album/ahe-how-the-fat-nigga-die-they-ruled-it-a-liqour-over-dose-incourt-even-after-you-recorded-yourself-shooting-em-then-put-it-over-a-beat-maaan-you-a-dam-lie-sooo-one-of-my-favs
https://jersalemkidsplitawig.bandcamp.com/album/ahe-ri-p-prodigy-i-truly-miss-you-i-no-he-was-a-real-nigga-buuut-steaks-and-cakes-fuck-dat-fat-nigga-so-in-honor-of-prodigy-passing-heres-steaksa-and-cakes-itopsy-photo
https://jersalemkidsplitawig.bandcamp.com/album/ahe-steaks-and-cakes-god-allowing-me-to-posses-your-spirt-up-in-heaven-for-pay-back-now-here-what-i-want-you-to-saay-im-a-fat-baby-bitch-ok-raaa-ha-ha-the-gardian-angle-to-the-man-is-in-heaven
https://jersalemkidsplitawig.bandcamp.com/album/ahe-yall-i-think-steaks-and-cakes-would-have-dedicated-this-to-his-mc-rib-which-burgerlol-fat-asz-nooogaaa-look8ng-like-onaga-but-worst-mk-rib
https://jersalemkidsplitawig.bandcamp.com/album/ahe-yo-steaks-and-cakes-heads-up-trowing-a-mc-rib-witch-at-yo-fat-ass-bitch-nigga-limited-adition-hoe-arrrr-raaa-nooo-oh-umm-thanks-jerusalem-kid-no-prob-you-fat-black-bastard-yuuum-sigh-yeah-mee
https://jersalemkidsplitawig.bandcamp.com/album/alright-nigga-i-run-my-city-no-matter-what-boooye-fuck-yall-cash-shove-it-up-your-ass-you-aint-real-bitch-bitches-ya-slut-nigga-and-slut-bitches-can-suuck-my-ya-word-s-the-bird-animated-ass-negro
https://jersalemkidsplitawig.bandcamp.com/album/another-mix-and-mash-double-dash-respect-this-because-im-from-the-block-were-they-shot-pac-your-from-vegas-na-na-minnesota-but-you-no-what-i-mean-what-im-cool-like-dat-rip-lil-phat-and-pac-saaaan
https://jersalemkidsplitawig.bandcamp.com/album/be-there-or-be-sqare-like-like-yo-mama-ha-mu-ha-mu-haa-ha-sorry
https://jersalemkidsplitawig.bandcamp.com/album/can-i-come-back-up-shure-ummm-like-now-you-are-burn-i-no-it-unberabel-but-i-gota-wait-for-des-ribs-lol-fat-nigga
https://jersalemkidsplitawig.bandcamp.com/album/damit-grand-dad-stop-realesing-the-same-stuff-and-listen-to-those-stupid-steaks-and-cakes-records-every-body-nos-your-fat-ass-wants-a-mc-chicken-and-i-whish-you-would-have-called-me-skinny-bitch
https://jersalemkidsplitawig.bandcamp.com/album/dont-ask-me-about-elder-togoro-he-stinked-wow-you-really-do-belive-this-dont-you-man-so-what-i-could-have-won-the-tournement-but-man-he-has-problems-in-his-head-and-freezer-must-die-i-hope-hit-ki
https://jersalemkidsplitawig.bandcamp.com/album/dont-eat-me-cause-it-hurt-thats-what-you-said-before-i-did-hun-dog-ha-ha-im-sorry-im-a-lepord-fat-bitch-and-dont-fill-so-bad-if-i-wernt-trankalized-when-you-hope-in-the-cage-i-would-have-ate-you
https://jersalemkidsplitawig.bandcamp.com/album/drive-trew-the-parking-lot-of-mickiey-des-see-my-rib-mobile-park-in-front-with-the-high-beams-on-me-and-jerrid-from-sub-way-share-a-nine-inch-hun-look-every-one-its-the-fat-lame-to-the-game-arrr
https://jersalemkidsplitawig.bandcamp.com/album/everybody-these-mark-steped-on-my-sneakers-lets-ride-out-ra-ra-yeah-lol-ahh-get-that-shit-off-my-sneeakers-niggaaa-ahhh-lol-dave-chappel
https://jersalemkidsplitawig.bandcamp.com/album/fat-foul-dog-mark-ass-trick-nigga-na-na-was-kinda-a-friend-siiiike-lol-reateleseee-haa-ha
https://jersalemkidsplitawig.bandcamp.com/album/got-damit-granda-stop-releasing-this-stuff-i-herd-it-already-well-weell-weeeel-thats-to-dam-bad-now-go-diiiig-a-hole-so-i-can-listen-to-my-steaks-and-cakes-and-elvis-presly-albums-in-peace-lil-mi
https://jersalemkidsplitawig.bandcamp.com/album/greetings-all-you-beeetch-negros-and-beech-crackerdevils-not-speaking-on-lovley-pepole-i-am-the-new-leader-of-japan-what-kim-jongs-son-is-oh-den-im-jerusalem-kid-mane-fuck-it-um-jesus-one-more-ti
https://jersalemkidsplitawig.bandcamp.com/album/hello-felow-swell-citzen-this-is-gehto-killer-geek-speaking-on-dragon-ball-yeah-i-got-a-side-life-by-the-way-golden-freza-ridical-um-but-the-bitch-must-die-disagree-screw-you-screw-you-screw-you
https://jersalemkidsplitawig.bandcamp.com/album/hey-every-body-back-from-possein-steaks-and-cakes-spirt-im-still-keep-the-acent-though-i-like-it-one-more-time-you-beee-raaaarr-can-i-try-raaa-arrr-you-rib-witch-stealing-baby-ribs-out-my-fridge
https://jersalemkidsplitawig.bandcamp.com/album/hiyass-yooowes
https://jersalemkidsplitawig.bandcamp.com/album/i-meet-you-in-the-summer-come-on-pretty-mic-rib-whitch-mann-will-you-shut-yo-fat-ass-up-bitch-and-go-back-to-heaven-stank-ass-hun-yes-i-do-no-sexy-miley-cyrus-from-where-my-wet-dreeeeams-raaa-raa
https://jersalemkidsplitawig.bandcamp.com/album/i-titel-this-drinking-booty-juice-on-sunday-that-taste-like-a-sundae-what-what-arrrr-ahhhh-get-yo-hand-off-my-cup-of-booty-juice-nigga
https://jersalemkidsplitawig.bandcamp.com/album/i-titel-this-one-we-supose-to-be-brothers-and-you-are-black-weeelweeel-weel-thats-to-dam-bad
https://jersalemkidsplitawig.bandcamp.com/album/i-told-woowe-i-told-ol-boy-not-to-fuck-wit-me-wit-yo-wack-ass-movie-so-fucking-fat-they-had-to-change-the-name-from-jason-and-lyrics-to-steakems-and-carriots-shiit-jerry-curl-head-fat-punk-mufka
https://jersalemkidsplitawig.bandcamp.com/album/im-a-big-nigga-angel-from-up-above-i-posseed-jerusalem-kids-body-just-to-sing-about-a-mc-griddel-every-time-that-i-look-in-my-freezer-are-these-mc-rib-witches-making-me-bigger-didnt-you-say-mc-gr
https://jersalemkidsplitawig.bandcamp.com/album/im-black-and-im-proud-what-are-you-talking-bout-you-just-said-that-out-the-blue-yes-yes-my-brother-blue-blues-clues-im-no-let-it-sink-in-im-deep-what-revalution-my-brother-revalution-hun-ali-oh-i
https://jersalemkidsplitawig.bandcamp.com/album/im-no-studio-gangasta-of-course-im-just-a-laid-back-most-the-times-solo-nigga-you-want-a-pro-ahh-nigga-kill-yo-self-kill-yaa-own-mama-to-bitch-made-pussy-no-struggeling-faking-ass-nigga-im-dun-fu
https://jersalemkidsplitawig.bandcamp.com/album/in-the-memorie-of-the-slave-to-the-man-up-above-folks-well-tell-em-dat-the-slave-to-the-man-is-now-chilling-wit-you-mama-in-the-cluub-in-da-back-lol
https://jersalemkidsplitawig.bandcamp.com/album/instermental-minnesota-home-sweet-home-i-own-three-babara-shops-in-rooooooam-no-you-dont-man-why-you-say-dat-huum-sooooo
https://jersalemkidsplitawig.bandcamp.com/album/its-instermental-maddness-maddnes-some-you-her-um-ecxuse-me-as-i-posses-your-body-sir-to-sing-a-tune-about-some-sexy-ribs-all-up-in-the-night-wheil-they-live-its-up-the-itis-from-the-baby-backs-p
https://jersalemkidsplitawig.bandcamp.com/album/lonza-from-training-day-take-every-body-away-oh-you-mutha-fuka-you-shoot-me-in-the-ass-now-now-steaks-and-cakes-mc-rib-witch-now-slave-to-the-man-wait-before-i-umm-qeustion-what-the-fuck-is-a-jer
https://jersalemkidsplitawig.bandcamp.com/album/looka-chea-man-uhhhh-keep-playing-with-me-ima-get-ta-sparking-at-you-up-in-heaven-you-fat-jerryhawk-rocking-bitch-nigga-wit-yo-stinking-ass-lol
https://jersalemkidsplitawig.bandcamp.com/album/mc-nuggets-mc-rib-withch-long-time-no-tiersd-of-you-always-destracting-me-fat-bitch-nigga-a-word-from-and-mow-a-word-from-theee-on-and-only-god-everyone-to-steaks-and-cakes-go-to-hell
https://jersalemkidsplitawig.bandcamp.com/album/meeen-meeeeeen-maaaaaan-niggaz-always-talking-bout-weeel-weeeel-weeel-thats-to-dam-bad-lol
https://jersalemkidsplitawig.bandcamp.com/album/mix-tape-titel-get-you-haaaands-offf-of-meeee-you-agresive-ni-lol
https://jersalemkidsplitawig.bandcamp.com/album/mm-hmmm-the-ezibit-is-no-longer-closed-im-back-up-in-heaven-ahe-so-called-sexy-fontame-dis-umm-jerusalem-kid-praying-trew-christ-spirt-yeah-fuck-yo-ugly-ass-nigga-wait-my-pitcuer-in-the-ezibit-wa
https://jersalemkidsplitawig.bandcamp.com/album/murder-instermentalz
https://jersalemkidsplitawig.bandcamp.com/album/my-verision-of-that-song-is-touch-if-you-will-my-stomach-not-to-hard-because-there-ten-mic-ribs-in-there-a-baby-deer-3-sheeps-so-i-might-vomit-ahe-onece-agin-im-praying-trew-jesus-spirt-man-yo-no
https://jersalemkidsplitawig.bandcamp.com/album/na-i-said-i-hate-a-nigga-more-than-a-crew-ship-crass-in-that-song-na-blue-grass-coool-uuumhuuuum-yeah-dats-what-i-said-take-everybody-away-steaks-and-cakes
https://jersalemkidsplitawig.bandcamp.com/album/no-in-that-song-i-said-you-nigga-lazy-like-a-gold-digger-eating-pie-fuck-steaks-and-cakes-not-forest-wideker-eye-ummmhummm-lair-what-ever-bro-your-so-not-down-with-demonic-rock-rap-lol
https://jersalemkidsplitawig.bandcamp.com/album/no-theraphy-sessionn-i-gotone-tomay-enimies-fro-you-no-bitch-ass-were-every-fuck-were-cry-for-help-fuck-no-im-keep-killing-because-im-a-child-of-the-man-slash-gangsta-fuck-who-you-are-problem-get
https://jersalemkidsplitawig.bandcamp.com/album/no-yesterday-in-dat-song-i-said-bore-me-like-selling-dope-on-some-hoe-shit-ummmmhuuuum-shureyou-did-man-or-or-the-isotops-are-bogus-dam-now-im-in-a-nother-jam-ummm-steaks-and-cakes-take-everyone
https://jersalemkidsplitawig.bandcamp.com/album/nono-im-not-homo-i-said-who-the-boss-dam-show-not-tony-the-tiger-man-dat-furious-cerel-lovin-animal-can-suck-on-a-pixie-stick-i-reather-a-crow-in-wanna-go-to-war-uuuumhuuum-man-why-you-liying-soo
https://jersalemkidsplitawig.bandcamp.com/album/now-i-no-i-just-released-summer-day-once-agin-bu-t-wais-in-the-studio-wit-steaks-and-cakes-when-i-made-this-cryyy-haaa-ahhh-rip-rest-in-peace-in-dindnt-kill-you-my-plate-did-lol-mn-nigga-for-life
https://jersalemkidsplitawig.bandcamp.com/album/now-to-bite-sike-lee-she-a-360-degree-dunking-looking-like-a-mongooose-mix-with-a-faireght-getting-beat-up-by-the-ghost-of-bruce-lee-for-diising-hmong-beans-screaming-the-pain-i-cant-bear-it-ass
https://jersalemkidsplitawig.bandcamp.com/album/ok-im-back-sigh-huuum-mabey-you-should-try-eating-from-the-tree-of-rightouse-fruit-a-littel-more-fat-jerry-head-bitch-hun-jesus-ha-ha-umnothing
https://jersalemkidsplitawig.bandcamp.com/album/one-new-instermentals-and-a-few-of-my-favs-and-sigh-huuu-every-one-bag-of-lays-mam-was-those-soposed-to-be-deep-ummm-yeah-but-now-no-uh-fuck-steaks-and-cakes-skiny-bitch-arrr-raaa-the-slave-to-th
https://jersalemkidsplitawig.bandcamp.com/album/oooowe-on-more-time-to-show-db-rasta-what-he-up-aginst-there-nnothing-tha-can-stop-it-ha-haaa-lol
https://jersalemkidsplitawig.bandcamp.com/album/opooorha-style-buba-sparks-everyone-booty-booty-booty-that-rocking-every-were-i-said-boooty-rocking-every-were-no-in-that-song-i-said-you-just-a-famous-rock-waller-kapri-down-you-no-thats-my-dogs
https://jersalemkidsplitawig.bandcamp.com/album/owe-owe-say-what-a-mufukin-gin-i-tell-one-rat-from-the-minneaplios-to-burn-in-hell-after-for-eterny-and-niggaz-spas-dat-nigga-can-suck-my-di-still-till-dis-day-from-the-back-ha-haa-stop-wit-diiii
https://jersalemkidsplitawig.bandcamp.com/album/pretty-keri-hilson-probaly-dose-taste-theee-sweetestes-but-a-mc-rib-witch-aint-bitter-neither-once-agin-um-sorry-jesus-for-this-no-problem-man-ummm-so-yeah-fuck-yo-fat-ass-nigga-shut-up-before-is
https://jersalemkidsplitawig.bandcamp.com/album/raaaaarrrrrraaaaraaaa-im-back-up-in-heaven-dogs-fuck-yo-fat-ass-nigga-come-on-young-amp-i-use-to-play-steaks-on-the-grill-i-no-you-did-how-you-like-dem-lepord-ribs-bitch-ummpretty-good-gaidian-an
https://jersalemkidsplitawig.bandcamp.com/album/re-realesh-just-so-i-can-sing-about-a-mc-chicken-thank-you-tlc-b-awww-why-you-add-the-b-dowe-ill-give-you-the-mc-rib-whitch-specail-all-thourhg-the-night-yo-fat-ass-still-on-dat-hun-even-up-in-he
https://jersalemkidsplitawig.bandcamp.com/album/rearlesed-remixe-and-wait-wit-a-mc-chicken-ha-ha-yeah-yeah-dats-right-steaks-and-cakes-stupid-fat-ass-bitch-ummsteaks-and-cakes-the-slave-to-the-man-bout-to-make-it-better-slap-arrrr-raaa-stoop-b
https://jersalemkidsplitawig.bandcamp.com/album/rip-fat-mufka-raaaa-arrr-raaa-whats-amatter-the-flame-hot-na-im-trying-to-cook-my-ribs-on-the-flame-of-the-lake-of-fier-but-they-just-cooking-to-slow-awww-i-new-youll-be-alright-down-there-but-bu
https://jersalemkidsplitawig.bandcamp.com/album/sall-yo-mama-down-by-the-coner-so-she-a-huchi-hoe-pinaple-beeb-beeb-gun-shooting-laffy-taffy-chewing-smoking-all-dem-sqare-o-zone-pulting-toot-ting-yg-and-booting-eating-caned-beans-full-of-glute
https://jersalemkidsplitawig.bandcamp.com/album/she-yo-latenightfreak-well-dats-ahhh-uuuummmmm-a-cripsy-mc-chicken-for-me-sigh-hun-fuck-yo-fat-ass-nigga
https://jersalemkidsplitawig.bandcamp.com/album/steaks-and-cad-cakes-chef-gordan-ramsey-you-can-trigger-me-but-youll-never-figuer-me-out-hun-well-do-you-want-a-bowel-of-soup-fat-bitch-raaaa-ahhh-thanks-how-did-you-no-yeah-no-problem-owee-what
https://jersalemkidsplitawig.bandcamp.com/album/strawberry-champagen-all-night-naaa-i-perfer-a-mc-chicken-smothie-fuuuuuck-you-fat-bitch-ahe-steaks-and-cakes-this-jerusalem-kid-you-um-no-i-pray-trew-jesus-sometimes-right-yeaah-so-um-fuck-yo-fa
https://jersalemkidsplitawig.bandcamp.com/album/the-gairdian-angel-to-the-man-just-gave-steaks-a-back-hand-raaaa-jerusalem-kid-and-you-shut-yo-fat-ass-up-you-in-heaven-bitch-stop-crying-oh-ok-i-am-eat-a-lepord-ima-make-it-look-sexy-look-its-ke
https://jersalemkidsplitawig.bandcamp.com/album/the-space-between-were-you-littel-pig-and-chickens-hiide-is-were-i-be-hiding-with-my-skillet-waitintg-for-you-you-still-here-fat-bitch-soon-as-all-these-peple-sue-you-gone-right-back-up-to-heave
https://jersalemkidsplitawig.bandcamp.com/album/there-all-gone-life-in-the-gehto
https://jersalemkidsplitawig.bandcamp.com/album/umm-the-rightouse-fruit-is-the-best-thing-i-ve-ever-tasted-really-yo-fat-ass-think-so-well-they-gurdian-to-the-man-up-above-just-finished-talking-to-the-lepord-you-ate-he-up-in-heaven-now-he-got
https://jersalemkidsplitawig.bandcamp.com/album/well-weel-meeeen-what-ever-well-weell-you-need-to-brush-you-teeth-maaan-nigga-always-talking-bout-brushing-teet-teeth-dont-exist-to-me-because-they-chew-weeel
https://jersalemkidsplitawig.bandcamp.com/album/wicked-ass-nigga
https://jersalemkidsplitawig.bandcamp.com/album/will-you-ni-er-s-shut-up-please-but-maan-were-white-weeel-weeel-thats-to-dam-bad-lol
https://jersalemkidsplitawig.bandcamp.com/album/yeah-another-mix-and-mash-up-you-punks-mama-mamas-daddys-daddys-ass-sorry-yall-mr-funny-manevery-one-maaaan-nigga-be-talking-bout-make-new-muzik-new-muzik-aint-new-to-me-because-its-new
https://jersalemkidsplitawig.bandcamp.com/album/yeah-dis-the-rapper-growtest-its-hot-out-here-on-roundo-days-nigha-better-stop-mean-muging-befor-i-fuck-em-in-his-ass-throw-em-over-a-bridge-what-na-na-dats-one-of-my-hit-recocords-it-went-2-time
https://jersalemkidsplitawig.bandcamp.com/album/yeah-growtest-dis-song-called-duck-tape-yo-daddy-in-the-trap-did-in-the-mouth-made-yo-ratchet-mama-whacth-on-amozon-now-echo-now-echo-now-black-folkswhite-folks-freekin-mix-breds-love-me-doing-ni
https://jersalemkidsplitawig.bandcamp.com/album/yeah-i-no-yo-here-me-calling-yo-ee-nnn-ennnm-we-wont-stop-lol-and-i-pray-goood-dont-let-me-go-to-hell-song-im-gooing-my-black-as-down-to-the-babptise-church-only-nigga-that-gone-be-sitting-on-a-c
https://jersalemkidsplitawig.bandcamp.com/album/yeah-man-i-had-to-take-over-musty-titie-records-for-the-fat-jerry-curl-dead-homie-in-honor-of-that-fat-stank-nigga-death-ima-realesh-some-shit-i-already-releashed-on-his-label-and-titel-my-free-s
https://jersalemkidsplitawig.bandcamp.com/album/yeeeah-heads-up-2-skits-and-my-biigget-hits
https://jersalemkidsplitawig.bandcamp.com/album/you-said-she-taste-just-like-the-sweetest-peach-but-just-not-a-mc-rib-whiiitch-come-back-to-me-pleaserib-whitch-response-fuck-yo-fat-ass-nigga-aint-you-dead-bitch-you-wasnt-nothing-but-a-bust-dow
https://jersalemkidsplitawig.bandcamp.com/album/young-amps-dice-game-minus-his-buddy-roll-dem-bones-if-i-win-i-get-your-golding-manshion-and-yo-tripel-angel-mc-double-ah-fat-nigga-i-won-raaa-arr-you-cheated-man-fuck-yo-fat-ass-steaks-and-cakes
