https://monolithictorment.bandcamp.com/album/1-800-273-8255
https://monolithictorment.bandcamp.com/album/always-unhappy
https://monolithictorment.bandcamp.com/album/anything-you-ask
https://monolithictorment.bandcamp.com/album/awaiting-punishment
https://monolithictorment.bandcamp.com/album/basic-training
https://monolithictorment.bandcamp.com/album/beyond-dead-inside
https://monolithictorment.bandcamp.com/album/chances-are-i-hate-you
https://monolithictorment.bandcamp.com/album/cheap-motels
https://monolithictorment.bandcamp.com/album/dead-plug
https://monolithictorment.bandcamp.com/album/deceit-animosity
https://monolithictorment.bandcamp.com/album/decrepit
https://monolithictorment.bandcamp.com/album/dreaming-of-better-days
https://monolithictorment.bandcamp.com/album/e-batters
https://monolithictorment.bandcamp.com/album/end-of-the-line
https://monolithictorment.bandcamp.com/album/ending-sadness
https://monolithictorment.bandcamp.com/album/epidemic
https://monolithictorment.bandcamp.com/album/everything-i-do-is-worthless
https://monolithictorment.bandcamp.com/album/foot-of-the-bed
https://monolithictorment.bandcamp.com/album/full-body-skin-graft
https://monolithictorment.bandcamp.com/album/game-over
https://monolithictorment.bandcamp.com/album/going-nowhere
https://monolithictorment.bandcamp.com/album/hardware
https://monolithictorment.bandcamp.com/album/human-fucking-trash
https://monolithictorment.bandcamp.com/album/i-m-a-piece-of-shit
https://monolithictorment.bandcamp.com/album/i-need-to-stop-but-im-just-so-broken
https://monolithictorment.bandcamp.com/album/i-should-have-died-sooner
https://monolithictorment.bandcamp.com/album/im-sorry-im-so-damaged
https://monolithictorment.bandcamp.com/album/itll-get-better
https://monolithictorment.bandcamp.com/album/l-i-t
https://monolithictorment.bandcamp.com/album/lasciviousness-2
https://monolithictorment.bandcamp.com/album/life-without-you
https://monolithictorment.bandcamp.com/album/lorraine-vigil
https://monolithictorment.bandcamp.com/album/misery-condition
https://monolithictorment.bandcamp.com/album/monolithic-torment-root-cellar-goodbye-forever
https://monolithictorment.bandcamp.com/album/monolithic-torment-why-was-i-trash-to-you
https://monolithictorment.bandcamp.com/album/nukeem
https://monolithictorment.bandcamp.com/album/obsolete
https://monolithictorment.bandcamp.com/album/pain-and-misery
https://monolithictorment.bandcamp.com/album/painful-commitment
https://monolithictorment.bandcamp.com/album/pure-evil-static
https://monolithictorment.bandcamp.com/album/raseiniai
https://monolithictorment.bandcamp.com/album/ritual-killing
https://monolithictorment.bandcamp.com/album/roadside-carnage
https://monolithictorment.bandcamp.com/album/sado-rituals-monolithic-torment-1347
https://monolithictorment.bandcamp.com/album/scare-tactics
https://monolithictorment.bandcamp.com/album/sexy-women-eating-food
https://monolithictorment.bandcamp.com/album/sharing-is-caring
https://monolithictorment.bandcamp.com/album/snuf
https://monolithictorment.bandcamp.com/album/spare-parts
https://monolithictorment.bandcamp.com/album/stepping-lightly
https://monolithictorment.bandcamp.com/album/thanks-for-giving-a-shit
https://monolithictorment.bandcamp.com/album/the-split
https://monolithictorment.bandcamp.com/album/today-we-die
https://monolithictorment.bandcamp.com/album/too-mentally-ill-for-love
https://monolithictorment.bandcamp.com/album/untitled
https://monolithictorment.bandcamp.com/album/unwanted
https://monolithictorment.bandcamp.com/album/v-v
https://monolithictorment.bandcamp.com/album/xxx
https://monolithictorment.bandcamp.com/track/untitled
