https://ditcdcom.bandcamp.com/album/120-and-up
https://ditcdcom.bandcamp.com/album/2wo-skummy
https://ditcdcom.bandcamp.com/album/3-kingz-part-2-the-sequel
https://ditcdcom.bandcamp.com/album/3-ninjaz-ditcd-version
https://ditcdcom.bandcamp.com/album/360-starring-eto
https://ditcdcom.bandcamp.com/album/3rd-eyez-on-me
https://ditcdcom.bandcamp.com/album/5-shots
https://ditcdcom.bandcamp.com/album/a-dei-2-kil
https://ditcdcom.bandcamp.com/album/a-nightmare-on-piff-st
https://ditcdcom.bandcamp.com/album/a-stoner-life-10-year-anniversary
https://ditcdcom.bandcamp.com/album/abndnt
https://ditcdcom.bandcamp.com/album/african-medallions
https://ditcdcom.bandcamp.com/album/ahmed
https://ditcdcom.bandcamp.com/album/air-bne
https://ditcdcom.bandcamp.com/album/alchemy-ii-ein-sof
https://ditcdcom.bandcamp.com/album/alkast-remixes
https://ditcdcom.bandcamp.com/album/alone-against-tomorrow-deluxe-edition
https://ditcdcom.bandcamp.com/album/alpha-2
https://ditcdcom.bandcamp.com/album/alpha-iii
https://ditcdcom.bandcamp.com/album/am-gold
https://ditcdcom.bandcamp.com/album/ambitions-as-a-grinder
https://ditcdcom.bandcamp.com/album/ambrosia
https://ditcdcom.bandcamp.com/album/american-hunger-rebirth-vol-2
https://ditcdcom.bandcamp.com/album/american-kumbag
https://ditcdcom.bandcamp.com/album/american-ultra
https://ditcdcom.bandcamp.com/album/and-it-was-beautiful
https://ditcdcom.bandcamp.com/album/ante-meridiem-cats-deluxe
https://ditcdcom.bandcamp.com/album/aponia
https://ditcdcom.bandcamp.com/album/ars-gratia-artis
https://ditcdcom.bandcamp.com/album/atlantic-rap-vol-1
https://ditcdcom.bandcamp.com/album/audio-trafficking
https://ditcdcom.bandcamp.com/album/audio-trafficking-2
https://ditcdcom.bandcamp.com/album/back-in-the-day-underground-90s-2000s-remixes
https://ditcdcom.bandcamp.com/album/baroque-works
https://ditcdcom.bandcamp.com/album/be-double-clip-tight
https://ditcdcom.bandcamp.com/album/be-more-purpose-driven-not-money-driven
https://ditcdcom.bandcamp.com/album/beautiful-dei
https://ditcdcom.bandcamp.com/album/beautiful-payne
https://ditcdcom.bandcamp.com/album/beautiful-payne-vol-2
https://ditcdcom.bandcamp.com/album/beautiful-payne-vol-3
https://ditcdcom.bandcamp.com/album/beautiful-sorrow
https://ditcdcom.bandcamp.com/album/been-haram-season-one
https://ditcdcom.bandcamp.com/album/belly-2k23
https://ditcdcom.bandcamp.com/album/big-red-machine
https://ditcdcom.bandcamp.com/album/black-diamondz-and-pearlz
https://ditcdcom.bandcamp.com/album/black-theater-ep
https://ditcdcom.bandcamp.com/album/blockstar-ranger-in-the-name-of-fire
https://ditcdcom.bandcamp.com/album/blood-on-my-chainsaw
https://ditcdcom.bandcamp.com/album/blood-on-my-hands
https://ditcdcom.bandcamp.com/album/book-of-himothy-verse-iv
https://ditcdcom.bandcamp.com/album/bovine-bovine-too
https://ditcdcom.bandcamp.com/album/breakthrough-2
https://ditcdcom.bandcamp.com/album/broke-mega-glass
https://ditcdcom.bandcamp.com/album/bta
https://ditcdcom.bandcamp.com/album/burnie-torrio-deluxe-edition
https://ditcdcom.bandcamp.com/album/but-wait-theres-more
https://ditcdcom.bandcamp.com/album/butte-is-back-vol-2
https://ditcdcom.bandcamp.com/album/by-gods-good-grace
https://ditcdcom.bandcamp.com/album/call-me-billie-iii
https://ditcdcom.bandcamp.com/album/can-i-rap-for-you
https://ditcdcom.bandcamp.com/album/cause-n-effect
https://ditcdcom.bandcamp.com/album/cement-shoes-and-colombian-neckties
https://ditcdcom.bandcamp.com/album/cement-shoes-and-colombian-neckties-2
https://ditcdcom.bandcamp.com/album/chaliebull
https://ditcdcom.bandcamp.com/album/chernobyl-sessions
https://ditcdcom.bandcamp.com/album/cinematic-murder
https://ditcdcom.bandcamp.com/album/city-of-god
https://ditcdcom.bandcamp.com/album/closure
https://ditcdcom.bandcamp.com/album/consigliere
https://ditcdcom.bandcamp.com/album/cowboy-kaleeos-bops
https://ditcdcom.bandcamp.com/album/crade
https://ditcdcom.bandcamp.com/album/crocodile-island
https://ditcdcom.bandcamp.com/album/crs
https://ditcdcom.bandcamp.com/album/crystal-castles
https://ditcdcom.bandcamp.com/album/custom-made-killa
https://ditcdcom.bandcamp.com/album/d-fus-cant-read
https://ditcdcom.bandcamp.com/album/d-fus-cant-read-vol-2-raw-j-nx
https://ditcdcom.bandcamp.com/album/d3vil-fffie
https://ditcdcom.bandcamp.com/album/da-deebo-e-p
https://ditcdcom.bandcamp.com/album/danger-my-ally
https://ditcdcom.bandcamp.com/album/dangerous-ii-2
https://ditcdcom.bandcamp.com/album/dangerous-ii-the-mixtape
https://ditcdcom.bandcamp.com/album/dark
https://ditcdcom.bandcamp.com/album/dark-side-of-the-ring
https://ditcdcom.bandcamp.com/album/dark-side-of-the-ring-3
https://ditcdcom.bandcamp.com/album/dark-side-of-the-ring-ii-2
https://ditcdcom.bandcamp.com/album/dark-side-of-the-ring-the-robbery-edition
https://ditcdcom.bandcamp.com/album/darker-than-a-million-midnights
https://ditcdcom.bandcamp.com/album/dei-de-los-muertos-dei-of-the-dead
https://ditcdcom.bandcamp.com/album/dimensions
https://ditcdcom.bandcamp.com/album/dis-for-the-project
https://ditcdcom.bandcamp.com/album/disgusting
https://ditcdcom.bandcamp.com/album/distractions
https://ditcdcom.bandcamp.com/album/ditcd-com-label-sampler-vol-7
https://ditcdcom.bandcamp.com/album/ditcd-com-label-sampler-vol-8
https://ditcdcom.bandcamp.com/album/ditcd-mixtape-series-vol-1-the-best-of-action-figure-973
https://ditcdcom.bandcamp.com/album/ditcd-presents-rain-hail-snow-and-earthquakes-vol-1-the-best-of-a-p-da-overlord
https://ditcdcom.bandcamp.com/album/dog-spelled-backwards
https://ditcdcom.bandcamp.com/album/don-spoda
https://ditcdcom.bandcamp.com/album/draculas-funeral
https://ditcdcom.bandcamp.com/album/draymond-brown
https://ditcdcom.bandcamp.com/album/dreams-of-medina
https://ditcdcom.bandcamp.com/album/dreams-of-medina-2
https://ditcdcom.bandcamp.com/album/dump-gawd-r-a-p-lord
https://ditcdcom.bandcamp.com/album/dump-gawd-reloaded
https://ditcdcom.bandcamp.com/album/dynamite-kid
https://ditcdcom.bandcamp.com/album/e-s-f-all-fkn-day
https://ditcdcom.bandcamp.com/album/edy-williams
https://ditcdcom.bandcamp.com/album/eerythingaintthedevilfault
https://ditcdcom.bandcamp.com/album/ego-trip-theatre
https://ditcdcom.bandcamp.com/album/el-don-y-la-dona-3
https://ditcdcom.bandcamp.com/album/everyones-gotta-pryce
https://ditcdcom.bandcamp.com/album/everything-means-nothing
https://ditcdcom.bandcamp.com/album/evil-flowers-in-full-bloom
https://ditcdcom.bandcamp.com/album/exhibitor-of-marvelous-feats
https://ditcdcom.bandcamp.com/album/expensive-thrifts
https://ditcdcom.bandcamp.com/album/expression-chamber
https://ditcdcom.bandcamp.com/album/eye-of-the-beholder
https://ditcdcom.bandcamp.com/album/eye-of-the-beholder-2
https://ditcdcom.bandcamp.com/album/eyes-wide-shut
https://ditcdcom.bandcamp.com/album/falling-into-place-side-a
https://ditcdcom.bandcamp.com/album/favela-venceu
https://ditcdcom.bandcamp.com/album/felecia-sun
https://ditcdcom.bandcamp.com/album/figures
https://ditcdcom.bandcamp.com/album/filmed-by-quentin-tarantino
https://ditcdcom.bandcamp.com/album/filthiness-is-next-to-godliness
https://ditcdcom.bandcamp.com/album/firewater
https://ditcdcom.bandcamp.com/album/flvxxo-bustelo
https://ditcdcom.bandcamp.com/album/forum-exclusive
https://ditcdcom.bandcamp.com/album/four-finger-ring-ii
https://ditcdcom.bandcamp.com/album/four-finger-ring-iii
https://ditcdcom.bandcamp.com/album/free-creation
https://ditcdcom.bandcamp.com/album/freestyling-with-white-jesus-and-black-family
https://ditcdcom.bandcamp.com/album/fresh-powder
https://ditcdcom.bandcamp.com/album/fresh31
https://ditcdcom.bandcamp.com/album/from-russia-with-love-pt-1-2
https://ditcdcom.bandcamp.com/album/from-the-villain-with-love
https://ditcdcom.bandcamp.com/album/from-the-villain-with-love-ii
https://ditcdcom.bandcamp.com/album/from-the-villain-with-love-vol-iii
https://ditcdcom.bandcamp.com/album/from-us-with-love
https://ditcdcom.bandcamp.com/album/fuck-that-pretty-boy-shit
https://ditcdcom.bandcamp.com/album/fuck-u-respectfully-niggaz-iz-pussy-remember-that
https://ditcdcom.bandcamp.com/album/gas-mask-beats-3
https://ditcdcom.bandcamp.com/album/genghis-khanplex
https://ditcdcom.bandcamp.com/album/genghis-khanplex-2
https://ditcdcom.bandcamp.com/album/genocide-in-the-20th-century
https://ditcdcom.bandcamp.com/album/george-orwell-was-an-opp
https://ditcdcom.bandcamp.com/album/ghosts-of-rockingham
https://ditcdcom.bandcamp.com/album/ghosts-of-rockingham-vol-2
https://ditcdcom.bandcamp.com/album/glauque
https://ditcdcom.bandcamp.com/album/glory-in-the-weight
https://ditcdcom.bandcamp.com/album/gloverlord
https://ditcdcom.bandcamp.com/album/gods-time
https://ditcdcom.bandcamp.com/album/golden-pipe-dreams
https://ditcdcom.bandcamp.com/album/gortex-blunts-ep
https://ditcdcom.bandcamp.com/album/grandmastersplash
https://ditcdcom.bandcamp.com/album/greenthumbs-meets-trigger-fingers
https://ditcdcom.bandcamp.com/album/grim-day-deluxe
https://ditcdcom.bandcamp.com/album/grim-night
https://ditcdcom.bandcamp.com/album/groundworks
https://ditcdcom.bandcamp.com/album/guerilla-don
https://ditcdcom.bandcamp.com/album/halloween-havoc
https://ditcdcom.bandcamp.com/album/have-a-bad-day
https://ditcdcom.bandcamp.com/album/hells-hot
https://ditcdcom.bandcamp.com/album/heres-the-thing
https://ditcdcom.bandcamp.com/album/hhss
https://ditcdcom.bandcamp.com/album/hidden-blades-daggers
https://ditcdcom.bandcamp.com/album/high-altitude
https://ditcdcom.bandcamp.com/album/hiphop-aint-dead-presents-daytona-chavez-mixtape
https://ditcdcom.bandcamp.com/album/hoe-tales
https://ditcdcom.bandcamp.com/album/holy-hands-3-revelations-2
https://ditcdcom.bandcamp.com/album/i-am-not-your-negro
https://ditcdcom.bandcamp.com/album/i-sold-crystal-meth-to-taylor-swift
https://ditcdcom.bandcamp.com/album/i-spit-on-your-grave
https://ditcdcom.bandcamp.com/album/i-survived-a-shark-attack
https://ditcdcom.bandcamp.com/album/ideasarebulletproof
https://ditcdcom.bandcamp.com/album/if-cocaine-could-talk-7
https://ditcdcom.bandcamp.com/album/if-time-stood-still
https://ditcdcom.bandcamp.com/album/illegal-tender
https://ditcdcom.bandcamp.com/album/iller-clips-deluxe-edition
https://ditcdcom.bandcamp.com/album/in-stereo-2020
https://ditcdcom.bandcamp.com/album/its-a-stick-up-the-ep
https://ditcdcom.bandcamp.com/album/its-all-love-until-its-not
https://ditcdcom.bandcamp.com/album/its-in-the-eyes
https://ditcdcom.bandcamp.com/album/its-still-a-dirty-game
https://ditcdcom.bandcamp.com/album/iv-deluxe-edition
https://ditcdcom.bandcamp.com/album/ivey-league
https://ditcdcom.bandcamp.com/album/jamal-takes-manhattan
https://ditcdcom.bandcamp.com/album/jazzy-dub-psycho-silver-deluxe-double-ep
https://ditcdcom.bandcamp.com/album/jjs-revenge
https://ditcdcom.bandcamp.com/album/journey-into-mystery
https://ditcdcom.bandcamp.com/album/judgement-dei
https://ditcdcom.bandcamp.com/album/kamikaze-chalie
https://ditcdcom.bandcamp.com/album/kill-all-evil
https://ditcdcom.bandcamp.com/album/king-midas
https://ditcdcom.bandcamp.com/album/klap-gawd
https://ditcdcom.bandcamp.com/album/knowledge-born
https://ditcdcom.bandcamp.com/album/l-o-s-s-e-s
https://ditcdcom.bandcamp.com/album/la-gloria-sea
https://ditcdcom.bandcamp.com/album/label-sampler-vol-1
https://ditcdcom.bandcamp.com/album/label-sampler-vol-2
https://ditcdcom.bandcamp.com/album/label-sampler-vol-25
https://ditcdcom.bandcamp.com/album/label-sampler-vol-3
https://ditcdcom.bandcamp.com/album/label-sampler-vol-4
https://ditcdcom.bandcamp.com/album/label-sampler-vol-5
https://ditcdcom.bandcamp.com/album/label-sampler-vol-6
https://ditcdcom.bandcamp.com/album/label-sampler-vol-9
https://ditcdcom.bandcamp.com/album/leatherface-4
https://ditcdcom.bandcamp.com/album/leftfield
https://ditcdcom.bandcamp.com/album/leftsideparanormal
https://ditcdcom.bandcamp.com/album/let-the-die-be-cast
https://ditcdcom.bandcamp.com/album/life-flashing
https://ditcdcom.bandcamp.com/album/light
https://ditcdcom.bandcamp.com/album/listen-to-the-masters
https://ditcdcom.bandcamp.com/album/long-way-home
https://ditcdcom.bandcamp.com/album/loose-threads
https://ditcdcom.bandcamp.com/album/loosie-smoke-pt-1
https://ditcdcom.bandcamp.com/album/loosie-smoke-pt-2
https://ditcdcom.bandcamp.com/album/loosie-smoke-pt-3-hosted-by-dj-beanz
https://ditcdcom.bandcamp.com/album/lordini
https://ditcdcom.bandcamp.com/album/lost-in-translation
https://ditcdcom.bandcamp.com/album/lovers-lane
https://ditcdcom.bandcamp.com/album/lucha-libre-for-the-soul-deluxe
https://ditcdcom.bandcamp.com/album/lucha-libre-for-the-soul-deluxe-edition
https://ditcdcom.bandcamp.com/album/luchador-body-odor
https://ditcdcom.bandcamp.com/album/machine-mouth
https://ditcdcom.bandcamp.com/album/madd-levels
https://ditcdcom.bandcamp.com/album/made-this-album-instead
https://ditcdcom.bandcamp.com/album/main-south
https://ditcdcom.bandcamp.com/album/masters-of-ceremonies
https://ditcdcom.bandcamp.com/album/members-only
https://ditcdcom.bandcamp.com/album/mind-over-matter
https://ditcdcom.bandcamp.com/album/money-blood-loyalty
https://ditcdcom.bandcamp.com/album/monumentality
https://ditcdcom.bandcamp.com/album/moving-parts
https://ditcdcom.bandcamp.com/album/mugshot-smerk
https://ditcdcom.bandcamp.com/album/murals-and-mayhem
https://ditcdcom.bandcamp.com/album/murder-games
https://ditcdcom.bandcamp.com/album/musical-karma
https://ditcdcom.bandcamp.com/album/muttley
https://ditcdcom.bandcamp.com/album/my-life-iz-a-movie-2
https://ditcdcom.bandcamp.com/album/my-time-trilogy
https://ditcdcom.bandcamp.com/album/mysterioso
https://ditcdcom.bandcamp.com/album/new-jersey-drive-2-da-roc
https://ditcdcom.bandcamp.com/album/new-jersey-transit
https://ditcdcom.bandcamp.com/album/nkosi
https://ditcdcom.bandcamp.com/album/no-strings-attached
https://ditcdcom.bandcamp.com/album/nostalgia
https://ditcdcom.bandcamp.com/album/nothing-but-the-truth
https://ditcdcom.bandcamp.com/album/now-streaming
https://ditcdcom.bandcamp.com/album/occams-razor
https://ditcdcom.bandcamp.com/album/old-head
https://ditcdcom.bandcamp.com/album/omnipotent-juice
https://ditcdcom.bandcamp.com/album/oracle
https://ditcdcom.bandcamp.com/album/our-creator
https://ditcdcom.bandcamp.com/album/oyster
https://ditcdcom.bandcamp.com/album/painkill-5-year-anniversary
https://ditcdcom.bandcamp.com/album/pass-jesus-the-blunt-when-they-open-the-gates
https://ditcdcom.bandcamp.com/album/passage-of-obscurities
https://ditcdcom.bandcamp.com/album/passion-of-the-mic-vol-1
https://ditcdcom.bandcamp.com/album/pastel-blues
https://ditcdcom.bandcamp.com/album/pastel-blues-instrumentals
https://ditcdcom.bandcamp.com/album/pastore
https://ditcdcom.bandcamp.com/album/patience-pays
https://ditcdcom.bandcamp.com/album/persona-non-grata
https://ditcdcom.bandcamp.com/album/phantom-of-the-wax
https://ditcdcom.bandcamp.com/album/phenomenon-worldwide
https://ditcdcom.bandcamp.com/album/poetry-in-motion-deluxe-edition
https://ditcdcom.bandcamp.com/album/polo-assassins-deluxe
https://ditcdcom.bandcamp.com/album/pork-pie
https://ditcdcom.bandcamp.com/album/power-wolf
https://ditcdcom.bandcamp.com/album/pray-for-puerto-rico
https://ditcdcom.bandcamp.com/album/prohibition
https://ditcdcom.bandcamp.com/album/przarectah
https://ditcdcom.bandcamp.com/album/psychography-101-singles-2014-2024
https://ditcdcom.bandcamp.com/album/psychotic-features
https://ditcdcom.bandcamp.com/album/pure-form
https://ditcdcom.bandcamp.com/album/pure-form-2
https://ditcdcom.bandcamp.com/album/pure-form-3
https://ditcdcom.bandcamp.com/album/pyoor-gold-deluxe-edition
https://ditcdcom.bandcamp.com/album/pyramid-skeemz
https://ditcdcom.bandcamp.com/album/pyroglyphs
https://ditcdcom.bandcamp.com/album/quantumania
https://ditcdcom.bandcamp.com/album/quick-fix-ep
https://ditcdcom.bandcamp.com/album/quiet-storm-in-the-ring
https://ditcdcom.bandcamp.com/album/ramesses-ii
https://ditcdcom.bandcamp.com/album/random-act-of-violence
https://ditcdcom.bandcamp.com/album/rap-basel
https://ditcdcom.bandcamp.com/album/rare-form-the-genesis
https://ditcdcom.bandcamp.com/album/rebirth
https://ditcdcom.bandcamp.com/album/reek-havoc
https://ditcdcom.bandcamp.com/album/return-of-dadinho
https://ditcdcom.bandcamp.com/album/rich-25
https://ditcdcom.bandcamp.com/album/ring-psychology
https://ditcdcom.bandcamp.com/album/risk-it-for-the-biscuit
https://ditcdcom.bandcamp.com/album/road-to-barcelona
https://ditcdcom.bandcamp.com/album/roc-builders-2
https://ditcdcom.bandcamp.com/album/rogue-shinobi
https://ditcdcom.bandcamp.com/album/s-s-o
https://ditcdcom.bandcamp.com/album/same-old-different-new
https://ditcdcom.bandcamp.com/album/serenity
https://ditcdcom.bandcamp.com/album/sewer-science
https://ditcdcom.bandcamp.com/album/shadows-the-collection
https://ditcdcom.bandcamp.com/album/shark-wrestling-in-shibuya
https://ditcdcom.bandcamp.com/album/sheet-music-vol-1000
https://ditcdcom.bandcamp.com/album/sheet-music-vol-2000
https://ditcdcom.bandcamp.com/album/shift-paradigm
https://ditcdcom.bandcamp.com/album/shit-gettin-expensive
https://ditcdcom.bandcamp.com/album/sicilian-summer-deluxe-edition
https://ditcdcom.bandcamp.com/album/silence-is-golden
https://ditcdcom.bandcamp.com/album/skeletor
https://ditcdcom.bandcamp.com/album/skums-roses
https://ditcdcom.bandcamp.com/album/smoke-wave
https://ditcdcom.bandcamp.com/album/smoke-wave-2
https://ditcdcom.bandcamp.com/album/snapshots
https://ditcdcom.bandcamp.com/album/snoblo
https://ditcdcom.bandcamp.com/album/sofa-king-grim
https://ditcdcom.bandcamp.com/album/songs-im-on-that-you-probably-never-heard-vol-2
https://ditcdcom.bandcamp.com/album/sosa-meets-tony
https://ditcdcom.bandcamp.com/album/soul-food-for-thought
https://ditcdcom.bandcamp.com/album/soul-music-for-the-soulless
https://ditcdcom.bandcamp.com/album/spike-the-kool-aid
https://ditcdcom.bandcamp.com/album/spilled-blood-never-dries
https://ditcdcom.bandcamp.com/album/stack-vs-skrilla
https://ditcdcom.bandcamp.com/album/stained-glass
https://ditcdcom.bandcamp.com/album/state-of-emergency
https://ditcdcom.bandcamp.com/album/still-dangerous
https://ditcdcom.bandcamp.com/album/still-stoned-while-creating
https://ditcdcom.bandcamp.com/album/stolen-goodz
https://ditcdcom.bandcamp.com/album/straight-razor-robbery
https://ditcdcom.bandcamp.com/album/sunday-driver
https://ditcdcom.bandcamp.com/album/super-villain-team-up-2-sign-of-the-skull
https://ditcdcom.bandcamp.com/album/super-villain-team-up-injustice-for-all
https://ditcdcom.bandcamp.com/album/susan
https://ditcdcom.bandcamp.com/album/synchro
https://ditcdcom.bandcamp.com/album/tears-in-your-eyes
https://ditcdcom.bandcamp.com/album/tell-em-i-was-here
https://ditcdcom.bandcamp.com/album/terminally-eel
https://ditcdcom.bandcamp.com/album/testa-dura
https://ditcdcom.bandcamp.com/album/tha-ineffable-conflict-of-roosevelt-creek
https://ditcdcom.bandcamp.com/album/thank-god-for-fania
https://ditcdcom.bandcamp.com/album/the-6ixers
https://ditcdcom.bandcamp.com/album/the-apes-that-was-left-behind
https://ditcdcom.bandcamp.com/album/the-art-of-tradition
https://ditcdcom.bandcamp.com/album/the-assassination-bureau-ltd
https://ditcdcom.bandcamp.com/album/the-authenticos
https://ditcdcom.bandcamp.com/album/the-best-has-yet-to-happen
https://ditcdcom.bandcamp.com/album/the-black-swan
https://ditcdcom.bandcamp.com/album/the-cult
https://ditcdcom.bandcamp.com/album/the-devils-in-the-underground
https://ditcdcom.bandcamp.com/album/the-furious-splash
https://ditcdcom.bandcamp.com/album/the-gatridge-deluxe-vol-1-2
https://ditcdcom.bandcamp.com/album/the-godfather-the-don-trilogy
https://ditcdcom.bandcamp.com/album/the-golden-triangle
https://ditcdcom.bandcamp.com/album/the-great-brinx
https://ditcdcom.bandcamp.com/album/the-greenhouse-pages-the-indo-edition
https://ditcdcom.bandcamp.com/album/the-jesus-pack
https://ditcdcom.bandcamp.com/album/the-last-ego
https://ditcdcom.bandcamp.com/album/the-late-starter
https://ditcdcom.bandcamp.com/album/the-love-tape
https://ditcdcom.bandcamp.com/album/the-lughz-experience
https://ditcdcom.bandcamp.com/album/the-mali-selections-vol-one-and-two-deluxe-edition
https://ditcdcom.bandcamp.com/album/the-master-piece
https://ditcdcom.bandcamp.com/album/the-mind-of-hugo-strange
https://ditcdcom.bandcamp.com/album/the-mind-of-hugo-strange-2
https://ditcdcom.bandcamp.com/album/the-nothing
https://ditcdcom.bandcamp.com/album/the-occupation
https://ditcdcom.bandcamp.com/album/the-path
https://ditcdcom.bandcamp.com/album/the-pryce-you-pay
https://ditcdcom.bandcamp.com/album/the-pryce-you-pay-deluxe-edition
https://ditcdcom.bandcamp.com/album/the-return-of-mona-lisa
https://ditcdcom.bandcamp.com/album/the-right-way-for-dummies
https://ditcdcom.bandcamp.com/album/the-strange-soul-project
https://ditcdcom.bandcamp.com/album/the-trauma-center-part-1
https://ditcdcom.bandcamp.com/album/the-trauma-center-pt-2
https://ditcdcom.bandcamp.com/album/the-unlimited-pack
https://ditcdcom.bandcamp.com/album/the-wave-gallery
https://ditcdcom.bandcamp.com/album/the-wedgewood-tape-vol-5
https://ditcdcom.bandcamp.com/album/the-world-is-piff-3
https://ditcdcom.bandcamp.com/album/the-woven-fate
https://ditcdcom.bandcamp.com/album/theatre-obscura
https://ditcdcom.bandcamp.com/album/thechroniclesofthezes
https://ditcdcom.bandcamp.com/album/they-dont-understand
https://ditcdcom.bandcamp.com/album/they-hated-jesus-at-first
https://ditcdcom.bandcamp.com/album/thieves-guild
https://ditcdcom.bandcamp.com/album/things-lost-in-the-fire
https://ditcdcom.bandcamp.com/album/this-is-me
https://ditcdcom.bandcamp.com/album/this-is-the-place
https://ditcdcom.bandcamp.com/album/threnody
https://ditcdcom.bandcamp.com/album/through-through-ii-the-goodness
https://ditcdcom.bandcamp.com/album/treasure-trove
https://ditcdcom.bandcamp.com/album/trees-are-undefeated
https://ditcdcom.bandcamp.com/album/true-2-self
https://ditcdcom.bandcamp.com/album/two-way-mirror
https://ditcdcom.bandcamp.com/album/ugandan-lunch-meat-deluxe-edition
https://ditcdcom.bandcamp.com/album/ultimate-rapper-guillotine-5000
https://ditcdcom.bandcamp.com/album/under-the-red-hood
https://ditcdcom.bandcamp.com/album/unfuckwitable
https://ditcdcom.bandcamp.com/album/upset-antagonists
https://ditcdcom.bandcamp.com/album/urban-testimony
https://ditcdcom.bandcamp.com/album/v-erbal-h-ead-s-hots
https://ditcdcom.bandcamp.com/album/vibes-vibrations
https://ditcdcom.bandcamp.com/album/w-h-i-m
https://ditcdcom.bandcamp.com/album/w-lfyseasonsingles-vol-1
https://ditcdcom.bandcamp.com/album/walk-like-this
https://ditcdcom.bandcamp.com/album/warped-collages
https://ditcdcom.bandcamp.com/album/watermarks
https://ditcdcom.bandcamp.com/album/wcu-wulverine-cinematic-universe
https://ditcdcom.bandcamp.com/album/wdybi
https://ditcdcom.bandcamp.com/album/we-own-the-night
https://ditcdcom.bandcamp.com/album/what-do-sounds-smell-like
https://ditcdcom.bandcamp.com/album/what-it-is
https://ditcdcom.bandcamp.com/album/when-the-ink-spill
https://ditcdcom.bandcamp.com/album/where-theres-smoke
https://ditcdcom.bandcamp.com/album/wheres-johnny
https://ditcdcom.bandcamp.com/album/whores-antidote
https://ditcdcom.bandcamp.com/album/woolies
https://ditcdcom.bandcamp.com/album/word-on-the-street-is-god-wants-you-dead
https://ditcdcom.bandcamp.com/album/words-of-war
https://ditcdcom.bandcamp.com/album/writin-my-wrongs
https://ditcdcom.bandcamp.com/album/wulvermania-iii
https://ditcdcom.bandcamp.com/album/year-of-the-ox
https://ditcdcom.bandcamp.com/album/yfrwnx-side-a
https://ditcdcom.bandcamp.com/album/yfrwnx-side-b
https://ditcdcom.bandcamp.com/album/yinizm
https://ditcdcom.bandcamp.com/album/you-never-could-tell
https://ditcdcom.bandcamp.com/album/you-not-like-that
https://ditcdcom.bandcamp.com/album/you-trippin
https://ditcdcom.bandcamp.com/album/zoes-bandidos
