https://jerusalemkidsp.bandcamp.com/album/a-song-about-my-late-night-freak-before-i-new-she-was-my-late-night-freak-free-like-sex-with-her-lmao-ziiing-just-kiding-ha-to-pay-zinng-oh-and-heres-another-song-for-the-bad-joke
https://jerusalemkidsp.bandcamp.com/album/a-song-about-pating-and-drinking-you-might-of-herd-for-free-and-i-wonder-if-it-could-ever-be-dis-good-agin-owe-my-bad-didnt-no-you-were-still-there-enjoy
https://jerusalemkidsp.bandcamp.com/album/america-just-some-stuff-on-my-mind-part-2
https://jerusalemkidsp.bandcamp.com/album/because-a-heaven-aint-close-in-a-place-like-this-i-said-ahh-let-me-down-easy-to-when-you-do-i-wont-trip-im-mr-bright-side-just-keep-in-mind-no-ones-every-gone-to-love-you-more-then-i-do-arent-tho
https://jerusalemkidsp.bandcamp.com/album/demonic-rock-rap-part2
https://jerusalemkidsp.bandcamp.com/album/estalabeasting
https://jerusalemkidsp.bandcamp.com/album/fuck-yo-block-niiiigaaaz-once-agin
https://jerusalemkidsp.bandcamp.com/album/fuck-you-unless-im-sober
https://jerusalemkidsp.bandcamp.com/album/gods-littel-hit-man
https://jerusalemkidsp.bandcamp.com/album/i-fill-like-shit-today-yes-that-is-the-name-of-dis-mix-tomany-stank-ass-pervert-nigga-fucking-playing-toe-tag-yes-i-have-enjoyed-a-bag-of-cool-ranch-daritos-or-2-today-so-what-chump-nigga-dats-wh
https://jerusalemkidsp.bandcamp.com/album/if-i-had-a-lazy-people-would-be-hating-on-me-look-owe-look-at-him-think-he-so-cool-with-his-lazy-eye-yeeeah-i-no-ill-be-cool-with-an-lazy-eye
https://jerusalemkidsp.bandcamp.com/album/im-on-top-of-the-wooorld-cough-cough-owe-eee-owee-owe-suspect-instermental-enjoy-they-al-want-me-dead-they-all-want-me-ha-ha-drunk
https://jerusalemkidsp.bandcamp.com/album/just-some-stuff-that-was-on-my-mind
https://jerusalemkidsp.bandcamp.com/album/like-smoke-exstended-version-unrealesed
https://jerusalemkidsp.bandcamp.com/album/mix-tape-choosen-one
https://jerusalemkidsp.bandcamp.com/album/murder-and-rock-and-roll
https://jerusalemkidsp.bandcamp.com/album/no-hulk
https://jerusalemkidsp.bandcamp.com/album/no-more-games-rebirth-666
https://jerusalemkidsp.bandcamp.com/album/once-agin-its-on-niggaz-enjoy
https://jerusalemkidsp.bandcamp.com/album/outer-space
https://jerusalemkidsp.bandcamp.com/album/right-around-the-way
https://jerusalemkidsp.bandcamp.com/album/rob-a-nigggaaaa
https://jerusalemkidsp.bandcamp.com/album/singel-lied-to-tomany-times
https://jerusalemkidsp.bandcamp.com/album/singel-tun-of-money
https://jerusalemkidsp.bandcamp.com/album/so-long-all-my-so-called-freinds-part-2
https://jerusalemkidsp.bandcamp.com/album/some-more-shit-i-had-on-my-mind
https://jerusalemkidsp.bandcamp.com/album/the-1st-one-to-do-it-the-trap-worst-night-mare-regardless-of-what-a-song-you-herd-for-free
https://jerusalemkidsp.bandcamp.com/album/the-best-ever-part-2
https://jerusalemkidsp.bandcamp.com/album/the-rawest-in-the-sota-part2
https://jerusalemkidsp.bandcamp.com/album/the-truest-to-do-it-mixtape
https://jerusalemkidsp.bandcamp.com/album/this-song-was-dedicated-to-the-most-beutiful-women-in-the-world-so-all-you-slut-nigga-and-bitches-and-hoesand-fuck-boys-listen-and-respect-it-what-what-my-fans-base-is-sliping-away-from-me-owheal
https://jerusalemkidsp.bandcamp.com/album/this-songs-bout-gone-back-intime-to-correct-all-the-mistakes-you-made-with-a-loved-one-any-loved-one-sorry-as-negros-listen-up-ha-haaa-raze-yo-kids-nigga-raze-yo-kids-or-go-noticed-i-said-any-lov
https://jerusalemkidsp.bandcamp.com/album/touch-if-you-will-my-stomach
https://jerusalemkidsp.bandcamp.com/album/what-no-hit-did-kill-goku-yeah-yeah-but-no-goku-came-back-owe-owe-your-here-enjoy-evey-body
https://jerusalemkidsp.bandcamp.com/album/what-no-i-think-aborham-lincon-past-away-before-fredrick-douglas-yea-yeaah-they-were-both-cool-i-geuss-no-no-theres-no-more-salsa-chips-left-what-in-my-stomach-nigga-were-else-man-you-jive-fool-s
https://jerusalemkidsp.bandcamp.com/album/who-do-you-belive
https://jerusalemkidsp.bandcamp.com/album/why-i-dont-fuck-with-you-mix-tape
https://jerusalemkidsp.bandcamp.com/album/within-a-broken-mirro-i-clearly-see-your-reflection-time-and-time-agin-owe-my-bad-i-was-singing-enjoy-what-jive-turkey-youuu-my-vocals-are-so-on-point-your-just-not-cool-enough-to-see-that-owe-my
https://jerusalemkidsp.bandcamp.com/album/wont-tell-her-instermental-ummh-um-enjoy-pepole-sorry-bout-last-time-ha-ha
https://jerusalemkidsp.bandcamp.com/album/you-aint-no-child-of-god-you-aint-no-child-of-god-you-a-meance-blast-that-foul-blast-dat-foul-dats-what-des-bitch-ass-nigga-be-saying-owe-haha-enjoy-ziiing
