https://ivoperelmanleo.bandcamp.com/album/a-violent-dose-of-anything
https://ivoperelmanleo.bandcamp.com/album/blue
https://ivoperelmanleo.bandcamp.com/album/book-of-sound
https://ivoperelmanleo.bandcamp.com/album/brazilian-watercolour
https://ivoperelmanleo.bandcamp.com/album/breaking-point
https://ivoperelmanleo.bandcamp.com/album/butterfly-whispers
https://ivoperelmanleo.bandcamp.com/album/callas
https://ivoperelmanleo.bandcamp.com/album/complementary-colors
https://ivoperelmanleo.bandcamp.com/album/corpo
https://ivoperelmanleo.bandcamp.com/album/counterpoint
https://ivoperelmanleo.bandcamp.com/album/efflorescence
https://ivoperelmanleo.bandcamp.com/album/enigma
https://ivoperelmanleo.bandcamp.com/album/family-ties
https://ivoperelmanleo.bandcamp.com/album/geometry
https://ivoperelmanleo.bandcamp.com/album/heptagon
https://ivoperelmanleo.bandcamp.com/album/introspection
https://ivoperelmanleo.bandcamp.com/album/kindred-spirits
https://ivoperelmanleo.bandcamp.com/album/live-in-baltimore
https://ivoperelmanleo.bandcamp.com/album/live-in-brussels
https://ivoperelmanleo.bandcamp.com/album/living-jelly
https://ivoperelmanleo.bandcamp.com/album/mind-games
https://ivoperelmanleo.bandcamp.com/album/octagon
https://ivoperelmanleo.bandcamp.com/album/oneness
https://ivoperelmanleo.bandcamp.com/album/philosophers-stone
https://ivoperelmanleo.bandcamp.com/album/reverie
https://ivoperelmanleo.bandcamp.com/album/sad-life
https://ivoperelmanleo.bandcamp.com/album/scalene
https://ivoperelmanleo.bandcamp.com/album/seeds-vision-and-counterpoint
https://ivoperelmanleo.bandcamp.com/album/serendipity
https://ivoperelmanleo.bandcamp.com/album/sieiro
https://ivoperelmanleo.bandcamp.com/album/soul
https://ivoperelmanleo.bandcamp.com/album/spiritual-prayers
https://ivoperelmanleo.bandcamp.com/album/strings
https://ivoperelmanleo.bandcamp.com/album/strings-1
https://ivoperelmanleo.bandcamp.com/album/strings-2
https://ivoperelmanleo.bandcamp.com/album/strings-3
https://ivoperelmanleo.bandcamp.com/album/strings-4
https://ivoperelmanleo.bandcamp.com/album/tenorhood
https://ivoperelmanleo.bandcamp.com/album/the-alexander-suite
https://ivoperelmanleo.bandcamp.com/album/the-apple-in-the-dark
https://ivoperelmanleo.bandcamp.com/album/the-art-of-perelman-shipp-volume-1-titan
https://ivoperelmanleo.bandcamp.com/album/the-art-of-perelman-shipp-volume-2-tarvos
https://ivoperelmanleo.bandcamp.com/album/the-art-of-perelman-shipp-volume-3-pandora
https://ivoperelmanleo.bandcamp.com/album/the-art-of-perelman-shipp-volume-4-hyperion
https://ivoperelmanleo.bandcamp.com/album/the-art-of-perelman-shipp-volume-5-rhea
https://ivoperelmanleo.bandcamp.com/album/the-art-of-perelman-shipp-volume-6-saturn
https://ivoperelmanleo.bandcamp.com/album/the-art-of-perelman-shipp-volume-7-dione
https://ivoperelmanleo.bandcamp.com/album/the-art-of-the-duet
https://ivoperelmanleo.bandcamp.com/album/the-art-of-the-improv-trio-volume-1
https://ivoperelmanleo.bandcamp.com/album/the-art-of-the-improv-trio-volume-2
https://ivoperelmanleo.bandcamp.com/album/the-art-of-the-improv-trio-volume-3
https://ivoperelmanleo.bandcamp.com/album/the-art-of-the-improv-trio-volume-4
https://ivoperelmanleo.bandcamp.com/album/the-art-of-the-improv-trio-volume-5
https://ivoperelmanleo.bandcamp.com/album/the-art-of-the-improv-trio-volume-6
https://ivoperelmanleo.bandcamp.com/album/the-clairvoyant-2
https://ivoperelmanleo.bandcamp.com/album/the-edge
https://ivoperelmanleo.bandcamp.com/album/the-foreign-legion
https://ivoperelmanleo.bandcamp.com/album/the-gift
https://ivoperelmanleo.bandcamp.com/album/the-hammer
https://ivoperelmanleo.bandcamp.com/album/the-hitchhiker
https://ivoperelmanleo.bandcamp.com/album/the-hour-of-the-star
https://ivoperelmanleo.bandcamp.com/album/the-other-edge
https://ivoperelmanleo.bandcamp.com/album/the-passion-according-to-g-h
https://ivoperelmanleo.bandcamp.com/album/the-seven-energies-of-the-universe
https://ivoperelmanleo.bandcamp.com/album/the-stream-of-life
https://ivoperelmanleo.bandcamp.com/album/the-ventriloquist
https://ivoperelmanleo.bandcamp.com/album/two-men-walking
https://ivoperelmanleo.bandcamp.com/album/villa-lobos-suite
