https://cordtapes.bandcamp.com/album/01-hekatombaion
https://cordtapes.bandcamp.com/album/02-metageitnion
https://cordtapes.bandcamp.com/album/03-boedromion
https://cordtapes.bandcamp.com/album/04-pyanepsion
https://cordtapes.bandcamp.com/album/05-maimakterion
https://cordtapes.bandcamp.com/album/06-poseideon
https://cordtapes.bandcamp.com/album/bacchus-tapes-01-02-03
https://cordtapes.bandcamp.com/album/co-rd-01-appalachian-white-deer
https://cordtapes.bandcamp.com/album/co-rd-02-silverhome-wendesel
https://cordtapes.bandcamp.com/album/co-rd-03-rainbow-lake-plume-clouds
https://cordtapes.bandcamp.com/album/naked-sound-eight
https://cordtapes.bandcamp.com/album/naked-sound-eighteen
https://cordtapes.bandcamp.com/album/naked-sound-eleven
https://cordtapes.bandcamp.com/album/naked-sound-fifteen
https://cordtapes.bandcamp.com/album/naked-sound-five
https://cordtapes.bandcamp.com/album/naked-sound-four
https://cordtapes.bandcamp.com/album/naked-sound-fourteen
https://cordtapes.bandcamp.com/album/naked-sound-nine
https://cordtapes.bandcamp.com/album/naked-sound-nineteen
https://cordtapes.bandcamp.com/album/naked-sound-one
https://cordtapes.bandcamp.com/album/naked-sound-seven
https://cordtapes.bandcamp.com/album/naked-sound-seventeen
https://cordtapes.bandcamp.com/album/naked-sound-six
https://cordtapes.bandcamp.com/album/naked-sound-sixteen
https://cordtapes.bandcamp.com/album/naked-sound-ten
https://cordtapes.bandcamp.com/album/naked-sound-thirteen
https://cordtapes.bandcamp.com/album/naked-sound-three
https://cordtapes.bandcamp.com/album/naked-sound-twelve
https://cordtapes.bandcamp.com/album/naked-sound-two
