https://lionelmarchetti.bandcamp.com/album/1988-lenfance-du-mortel-1988-lectro-pop-experience
https://lionelmarchetti.bandcamp.com/album/22-septembre-2022-2022-improvised-electronic-music-studio
https://lionelmarchetti.bandcamp.com/album/23-formes-en-lastique-2011-composition-de-musique-concr-te
https://lionelmarchetti.bandcamp.com/album/28-memory-machine-1999-composition-de-musique-concr-te
https://lionelmarchetti.bandcamp.com/album/4-d-cembre-2023-musique-lectronique-improvis-e-studio
https://lionelmarchetti.bandcamp.com/album/4-tudes-despace-2009-composition-de-musique-concr-te
https://lionelmarchetti.bandcamp.com/album/60-tages-2016-free-rock
https://lionelmarchetti.bandcamp.com/album/67x1mn-japon-2024-carnet-de-voyage-du-japon-composition-de-musique-concr-te
https://lionelmarchetti.bandcamp.com/album/abraxas-2024-film
https://lionelmarchetti.bandcamp.com/album/ad-le-et-hadrien-le-livre-des-vacances-livre-1-2007-composition-de-musique-concr-te
https://lionelmarchetti.bandcamp.com/album/ad-le-et-hadrien-le-livre-des-vacances-livre-2-2007-composition-de-musique-concr-te
https://lionelmarchetti.bandcamp.com/album/album-studio-2015-improvised-electronic-music-studio
https://lionelmarchetti.bandcamp.com/album/archives-depuis-1987-premi-res-compositions-de-musique-concr-te-compositions-hors-catalogue
https://lionelmarchetti.bandcamp.com/album/archives-radiophoniques
https://lionelmarchetti.bandcamp.com/album/atelier-de-cr-ation-radiophonique-ce-que-l-il-voit-par-olivier-capparos-et-lionel-marchetti-france-culture-1995
https://lionelmarchetti.bandcamp.com/album/atelier-de-cr-ation-radiophonique-notes-de-voyages-accompagn-france-culture-1992
https://lionelmarchetti.bandcamp.com/album/atelier-de-cr-ation-radiophonique-voyage-babel-france-culture-1999
https://lionelmarchetti.bandcamp.com/album/atlas-97-ph-nom-nes-1987-2016-composition-de-musique-concr-te-version-int-grale-12-heures
https://lionelmarchetti.bandcamp.com/album/ayigba-la-terre-carnet-sonore-du-b-nin-avec-l-orchestre-akp-jo-mimi-2025-carnet-sonore
https://lionelmarchetti.bandcamp.com/album/change-cannibale-archives-de-concerts-1999-2011-improvised-electronic-music-4-concerts
https://lionelmarchetti.bandcamp.com/album/chasser-1-re-tude-naturelle-1991-2010-composition-de-musique-concr-te
https://lionelmarchetti.bandcamp.com/album/chasser-le-pi-ge-1995-2010-composition-de-musique-concr-te
https://lionelmarchetti.bandcamp.com/album/ciel-cristal-2022-improvised-electronic-music-guitars-concert-au-plan-tarium-de-porto-planet-rio-do-porto
https://lionelmarchetti.bandcamp.com/album/connaissance-par-les-gouffres-2016-triptyque-composition-de-musique-concr-te
https://lionelmarchetti.bandcamp.com/album/cr-te-2002-improvised-music-studio
https://lionelmarchetti.bandcamp.com/album/de-langle-mort-2021-composition-lectroacoustique
https://lionelmarchetti.bandcamp.com/album/de-langle-mort-aigue-marine-2024-musique-improvis-e
https://lionelmarchetti.bandcamp.com/album/de-langle-mort-noir-rouge-jaune-2024-musique-improvis-e
https://lionelmarchetti.bandcamp.com/album/de-langle-mort-pitz-pancrace-2025-electronic-music
https://lionelmarchetti.bandcamp.com/album/double-wash-2000-improvised-music-studio
https://lionelmarchetti.bandcamp.com/album/earth-2014-composition-de-musique-concr-te
https://lionelmarchetti.bandcamp.com/album/el-ojo-doble-2015-composition-de-musique-concr-te
https://lionelmarchetti.bandcamp.com/album/equus-grand-v-hicule-2001-composition-de-musique-concr-te
https://lionelmarchetti.bandcamp.com/album/filarium-2015-six-compositions-de-musique-concr-te
https://lionelmarchetti.bandcamp.com/album/group4-2015-free-improvised-music-concert
https://lionelmarchetti.bandcamp.com/album/hatali-atsale-l-change-des-yeux-2007-composition-de-musique-concr-te
https://lionelmarchetti.bandcamp.com/album/inland-lake-le-lac-int-rieur-2023-compositions-instrumentales-pour-decibel-new-music-ensemble-et-lectronique
https://lionelmarchetti.bandcamp.com/album/jeu-du-monde-1991-2019-compilation-un-choix-de-29-compositions-de-musiques-concr-tes
https://lionelmarchetti.bandcamp.com/album/k-ln-concert-au-loft-cologne-2015-improvised-electronic-music-concert
https://lionelmarchetti.bandcamp.com/album/kitnabudja-town-1993-composition-de-musique-concr-te
https://lionelmarchetti.bandcamp.com/album/kitty-hawk-le-sable-et-le-vent-2008-composition-de-musique-concr-te
https://lionelmarchetti.bandcamp.com/album/knud-un-nom-de-serpent-le-cercle-des-entrailles-1994-composition-de-musique-concr-te
https://lionelmarchetti.bandcamp.com/album/la-grande-vall-e-micro-climat
https://lionelmarchetti.bandcamp.com/album/la-jet-e-2012-composition-pour-violon-lectronique
https://lionelmarchetti.bandcamp.com/album/labyrinthe-dune-ligne-2024-quatuor-lectronique-voix-magn-tophone-bande-magn-tique-revox
https://lionelmarchetti.bandcamp.com/album/labyrinthe-dune-ligne-s-rie-documentaire-2017-composition-de-musique-concr-te
https://lionelmarchetti.bandcamp.com/album/le-diable-ermite-2021-composition-lectroacoustique-clarinettes
https://lionelmarchetti.bandcamp.com/album/le-silence-2025-composition-de-musique-concr-te
https://lionelmarchetti.bandcamp.com/album/les-120-jours-1998-compositions-de-musique-concr-te
https://lionelmarchetti.bandcamp.com/album/limproviste-2023-duo-saxophone-synth-tiseur-concert-carreau-du-temple-paris-france-musique
https://lionelmarchetti.bandcamp.com/album/live-l-tschberg-tunnel-2005-improvised-electronic-music-concert
https://lionelmarchetti.bandcamp.com/album/live-paris-gen-ve-2011-improvised-electronic-music-2-concerts
https://lionelmarchetti.bandcamp.com/album/live-quintetavant-2002-improvised-electronic-music-concert
https://lionelmarchetti.bandcamp.com/album/live-sion-2001-improvised-music-concert
https://lionelmarchetti.bandcamp.com/album/livre-des-morts-2003-musique-de-film
https://lionelmarchetti.bandcamp.com/album/locus-asper-locus-3-nes-2024
https://lionelmarchetti.bandcamp.com/album/m-andre-s-33-x-1-mn-et-quelques-poussi-res-s-rie-documentaire-2023-composition-de-musique-concr-te
https://lionelmarchetti.bandcamp.com/album/machine-lyrique-2018-improvised-electronic-music-studio
https://lionelmarchetti.bandcamp.com/album/madame-morte-2011-composition-de-musique-concr-te
https://lionelmarchetti.bandcamp.com/album/marchetti-n-tinger-werchowski-1998-improvised-music-concerts
https://lionelmarchetti.bandcamp.com/album/mort-aux-vaches-2000-improvised-music-studio
https://lionelmarchetti.bandcamp.com/album/motor-revers-2011-improvised-electronic-music-studio
https://lionelmarchetti.bandcamp.com/album/natura-morta-2008-composition-de-musique-concr-te
https://lionelmarchetti.bandcamp.com/album/okura-73-n-42-e-2006-composition-de-musique-concr-te
https://lionelmarchetti.bandcamp.com/album/p-trole-2009-composition-de-musique-concr-te
https://lionelmarchetti.bandcamp.com/album/partie-de-p-che-un-arbre-couch-dans-la-dordogne-2026-compositions-s-rie-documentaire
https://lionelmarchetti.bandcamp.com/album/perf-2021-electronic-music
https://lionelmarchetti.bandcamp.com/album/planktos-2020-composition-de-musique-concr-te
https://lionelmarchetti.bandcamp.com/album/premi-re-tude-les-ombres-2012-composition-de-musique-concr-te
https://lionelmarchetti.bandcamp.com/album/psalmus-omnis-spiritus-laudet-dominum-2013-composition-de-musique-concr-te
https://lionelmarchetti.bandcamp.com/album/red-dust-livre-d-os-2005-2-compositions-de-musique-concr-te
https://lionelmarchetti.bandcamp.com/album/riss-lavalanche-1990-composition-de-musique-concr-te
https://lionelmarchetti.bandcamp.com/album/rouge-gris-bruit-2001-improvised-music-studio
https://lionelmarchetti.bandcamp.com/album/shanghai-atelier-2014-improvised-electronic-music-studio
https://lionelmarchetti.bandcamp.com/album/suite-blanche-angelica-2025-composition-concr-te-concert
https://lionelmarchetti.bandcamp.com/album/symphonie-2022-improvised-electronic-music-studio
https://lionelmarchetti.bandcamp.com/album/take-2023-musique-improvis-e-studio
https://lionelmarchetti.bandcamp.com/album/tape-ex-re-702-2022-composition-de-musique-concr-te
https://lionelmarchetti.bandcamp.com/album/the-coast-the-coast-opposite-2016-2018-composition-de-musique-concr-te-partition-concr-te
https://lionelmarchetti.bandcamp.com/album/the-last-days-of-reality-2011-2018-compositions-instrumentales-pour-decibel-new-music-ensemble-et-lectronique
https://lionelmarchetti.bandcamp.com/album/the-tower-lescalier-en-spirale-2021-composition-de-musique-concr-te
https://lionelmarchetti.bandcamp.com/album/tsstt-2011-improvised-music-studio
https://lionelmarchetti.bandcamp.com/album/two-mirrors-2014-improvised-electronic-music-studio
https://lionelmarchetti.bandcamp.com/album/un-nuage-de-poussi-re-2018-composition-pour-violon-lectronique
https://lionelmarchetti.bandcamp.com/album/une-s-rie-de-reflets-2014-trois-compositions-de-musique-concr-te
https://lionelmarchetti.bandcamp.com/album/une-s-rie-de-reflets-2017-version-instrumentale-partition-concr-te
https://lionelmarchetti.bandcamp.com/album/zizi-2002-composition-de-musique-concr-te
https://lionelmarchetti.bandcamp.com/track/11-t-tes-2015-composition-de-musique-concr-te
https://lionelmarchetti.bandcamp.com/track/15x1-minute-premier-labyrinthe-2008-composition-de-musique-concr-te
https://lionelmarchetti.bandcamp.com/track/5x2-tude-concr-te-2012-composition-de-musique-concr-te
https://lionelmarchetti.bandcamp.com/track/a-short-story-2009-composition-de-musique-concr-te
https://lionelmarchetti.bandcamp.com/track/a-walk-in-the-forest-experimental-concert-recording-bendigo-australia-cluny-france-2018-improvised-electronic-music
https://lionelmarchetti.bandcamp.com/track/alphazcentauris-1988-composition-de-musique-concr-te
https://lionelmarchetti.bandcamp.com/track/anti-eden-2020-composition-de-musique-concr-te
https://lionelmarchetti.bandcamp.com/track/atelier-de-cr-ation-radiophonique-sing-me-to-sleep-5-tudes-sur-le-sommeil-et-le-r-ve-france-culture-2004
https://lionelmarchetti.bandcamp.com/track/atelier-de-la-cr-ation-le-puits-et-la-dune-france-culture-2014
https://lionelmarchetti.bandcamp.com/track/bois-de-saroli-altitude-943-2002-improvised-music-fieldrecording-studio
https://lionelmarchetti.bandcamp.com/track/chicago-2019-composition-de-musique-concr-te
https://lionelmarchetti.bandcamp.com/track/citydarkcity-1988-2015-lectro-robotic-experience
https://lionelmarchetti.bandcamp.com/track/concert-paris-festival-pr-sences-lectronique-2014-improvised-electronic-music-concert
https://lionelmarchetti.bandcamp.com/track/dans-la-montagne-ki-ken-ta-1996-composition-de-musique-concr-te
https://lionelmarchetti.bandcamp.com/track/docteur-kramer-you-are-not-you-2004-composition-de-musique-concr-te
https://lionelmarchetti.bandcamp.com/track/hr-osiris-7c-1991-2015-composition-de-musique-concr-te
https://lionelmarchetti.bandcamp.com/track/icare-noir-lattachement-2022-composition-de-musique-concr-te
https://lionelmarchetti.bandcamp.com/track/katakomb-1987-lectro-pop-experience
https://lionelmarchetti.bandcamp.com/track/konan-de-fukushima-2009-composition-de-musique-concr-te
https://lionelmarchetti.bandcamp.com/track/l-il-retourn-1997-composition-de-musique-concr-te
https://lionelmarchetti.bandcamp.com/track/l-incandescence-de-l-toile-1991-composition-de-musique-concr-te
https://lionelmarchetti.bandcamp.com/track/la-grande-vall-e-1995-composition-de-musique-concr-te
https://lionelmarchetti.bandcamp.com/track/la-mo-ra-2021-composition-de-musique-concr-te
https://lionelmarchetti.bandcamp.com/track/la-vie-dans-les-bois-2003-composition-de-musique-concr-te
https://lionelmarchetti.bandcamp.com/track/le-chemin-du-chaman-1991-composition-de-musique-concr-te-2
https://lionelmarchetti.bandcamp.com/track/le-dieu-nu-2018-composition-de-musique-concr-te
https://lionelmarchetti.bandcamp.com/track/les-7-solitudes-de-la-pierre-2020-composition-de-musique-concr-te
https://lionelmarchetti.bandcamp.com/track/les-fleurs-tombent-2001-poems
https://lionelmarchetti.bandcamp.com/track/les-oiseaux-2018-composition-de-musique-concr-te
https://lionelmarchetti.bandcamp.com/track/lignorance-2020-composition-de-musique-concr-te
https://lionelmarchetti.bandcamp.com/track/m-re-feu-40-t-tes-2003-composition-de-musique-concr-te
https://lionelmarchetti.bandcamp.com/track/mementum-momentum-table-de-cire-2005-composition-de-musique-concr-te
https://lionelmarchetti.bandcamp.com/track/michel-doneda-lionel-marchetti-montpellier-2018-improvised-electronic-music-concert
https://lionelmarchetti.bandcamp.com/track/micro-climat-1989-composition-de-musique-concr-te
https://lionelmarchetti.bandcamp.com/track/mohave-desert-2016-composition-de-musique-concr-te
https://lionelmarchetti.bandcamp.com/track/mue-la-demeure-brillante-1992-composition-de-musique-concr-te
https://lionelmarchetti.bandcamp.com/track/noord-five-atlantica-2005-composition-de-musique-concr-te
https://lionelmarchetti.bandcamp.com/track/nostalgie-du-cyclope-2015-composition-de-musique-concr-te
https://lionelmarchetti.bandcamp.com/track/oc-an-de-la-fertilit-2016-composition-de-musique-concr-te
https://lionelmarchetti.bandcamp.com/track/passerelle-1990-composition-de-musique-concr-te
https://lionelmarchetti.bandcamp.com/track/portrait-d-un-glacier-alpes-2173-m-1998-composition-de-musique-concr-te
https://lionelmarchetti.bandcamp.com/track/rebours-1990-composition-de-musique-concr-te
https://lionelmarchetti.bandcamp.com/track/red-dust-livre-magn-tique-2005-composition-de-musique-concr-te
https://lionelmarchetti.bandcamp.com/track/red-dust-livre-maudit-2005-composition-de-musique-concr-te
https://lionelmarchetti.bandcamp.com/track/sanzun-no-yo-un-froid-noir-2023-duo-voix-revox-concert-ina-grm-2017
https://lionelmarchetti.bandcamp.com/track/sirrus-1990-composition-de-musique-concr-te
https://lionelmarchetti.bandcamp.com/track/super-bouddha-torino-2017-improvised-electronic-music-concert
https://lionelmarchetti.bandcamp.com/track/tantra-a-little-town-2014-composition-de-musique-concr-te
https://lionelmarchetti.bandcamp.com/track/the-answer-2018-composition-de-musique-concr-te
https://lionelmarchetti.bandcamp.com/track/train-de-nuit-noord-3-683-1999-composition-de-musique-concr-te
https://lionelmarchetti.bandcamp.com/track/tsf-radio-study-2011-composition-de-musique-concr-te
https://lionelmarchetti.bandcamp.com/track/u-chu-jin-les-tres-en-dehors-de-la-terre-2013-lectro-pop-experience
