https://streamsofconsciousness.bandcamp.com/album/130806
https://streamsofconsciousness.bandcamp.com/album/131006
https://streamsofconsciousness.bandcamp.com/album/131106
https://streamsofconsciousness.bandcamp.com/album/131810
https://streamsofconsciousness.bandcamp.com/album/131910
https://streamsofconsciousness.bandcamp.com/album/132010
https://streamsofconsciousness.bandcamp.com/album/132406
https://streamsofconsciousness.bandcamp.com/album/151302
https://streamsofconsciousness.bandcamp.com/album/151402
https://streamsofconsciousness.bandcamp.com/album/152401
https://streamsofconsciousness.bandcamp.com/album/221709
https://streamsofconsciousness.bandcamp.com/album/231908
https://streamsofconsciousness.bandcamp.com/album/232006
https://streamsofconsciousness.bandcamp.com/album/232202
https://streamsofconsciousness.bandcamp.com/album/232504
https://streamsofconsciousness.bandcamp.com/album/232606
https://streamsofconsciousness.bandcamp.com/album/232703
https://streamsofconsciousness.bandcamp.com/album/240112
https://streamsofconsciousness.bandcamp.com/album/240212
https://streamsofconsciousness.bandcamp.com/album/240912
https://streamsofconsciousness.bandcamp.com/album/241211
https://streamsofconsciousness.bandcamp.com/album/241602
https://streamsofconsciousness.bandcamp.com/album/241712
https://streamsofconsciousness.bandcamp.com/album/243006
https://streamsofconsciousness.bandcamp.com/album/250505
https://streamsofconsciousness.bandcamp.com/album/250601
https://streamsofconsciousness.bandcamp.com/album/250703
https://streamsofconsciousness.bandcamp.com/album/250704
https://streamsofconsciousness.bandcamp.com/album/250706
https://streamsofconsciousness.bandcamp.com/album/250801
https://streamsofconsciousness.bandcamp.com/album/250804
https://streamsofconsciousness.bandcamp.com/album/251203
https://streamsofconsciousness.bandcamp.com/album/251406
https://streamsofconsciousness.bandcamp.com/album/251805
https://streamsofconsciousness.bandcamp.com/album/252106
