https://iliabelorukov.bandcamp.com/album/a-few-steps-away
https://iliabelorukov.bandcamp.com/album/a-fluteophone-in-the-forest
https://iliabelorukov.bandcamp.com/album/a-fluteophone-in-the-house
https://iliabelorukov.bandcamp.com/album/after
https://iliabelorukov.bandcamp.com/album/antitheses
https://iliabelorukov.bandcamp.com/album/anyone-could-look-around
https://iliabelorukov.bandcamp.com/album/archive-of-singles-and-guest-appearances
https://iliabelorukov.bandcamp.com/album/areeeeight
https://iliabelorukov.bandcamp.com/album/arzed-one
https://iliabelorukov.bandcamp.com/album/autiofiktio
https://iliabelorukov.bandcamp.com/album/back-feeder
https://iliabelorukov.bandcamp.com/album/bewitched-concert
https://iliabelorukov.bandcamp.com/album/binus
https://iliabelorukov.bandcamp.com/album/bizarre-perspectives
https://iliabelorukov.bandcamp.com/album/caa-29
https://iliabelorukov.bandcamp.com/album/caa-29-we-heard-a-rustle
https://iliabelorukov.bandcamp.com/album/cephas-unisons
https://iliabelorukov.bandcamp.com/album/conditions
https://iliabelorukov.bandcamp.com/album/conspects
https://iliabelorukov.bandcamp.com/album/contour
https://iliabelorukov.bandcamp.com/album/d-b-c
https://iliabelorukov.bandcamp.com/album/disquiet
https://iliabelorukov.bandcamp.com/album/distrust-ones-own-eyes
https://iliabelorukov.bandcamp.com/album/dots-lines
https://iliabelorukov.bandcamp.com/album/elements-of-logic
https://iliabelorukov.bandcamp.com/album/empty-set
https://iliabelorukov.bandcamp.com/album/ep-bonus-track
https://iliabelorukov.bandcamp.com/album/etudes
https://iliabelorukov.bandcamp.com/album/everyone-else-would-find
https://iliabelorukov.bandcamp.com/album/everything-changes-nothing-disappears
https://iliabelorukov.bandcamp.com/album/ex-nihilo
https://iliabelorukov.bandcamp.com/album/fireflies
https://iliabelorukov.bandcamp.com/album/funkingdom
https://iliabelorukov.bandcamp.com/album/heads-tails
https://iliabelorukov.bandcamp.com/album/hofka
https://iliabelorukov.bandcamp.com/album/i-did-what-was-possible-to-quiet-us
https://iliabelorukov.bandcamp.com/album/i-will-not-squeak-chalk-single
https://iliabelorukov.bandcamp.com/album/invanskrue
https://iliabelorukov.bandcamp.com/album/june-2009
https://iliabelorukov.bandcamp.com/album/june-21
https://iliabelorukov.bandcamp.com/album/k-n-t
https://iliabelorukov.bandcamp.com/album/kiertue-nityksi-2018
https://iliabelorukov.bandcamp.com/album/kletka
https://iliabelorukov.bandcamp.com/album/laniakea
https://iliabelorukov.bandcamp.com/album/library-meeting
https://iliabelorukov.bandcamp.com/album/live
https://iliabelorukov.bandcamp.com/album/live-album
https://iliabelorukov.bandcamp.com/album/live-at-the-40-squares-gallery
https://iliabelorukov.bandcamp.com/album/live-in-vilnius
https://iliabelorukov.bandcamp.com/album/march-2009
https://iliabelorukov.bandcamp.com/album/meeting-in-lviv
https://iliabelorukov.bandcamp.com/album/meeting-in-saint-petersburg
https://iliabelorukov.bandcamp.com/album/melomania
https://iliabelorukov.bandcamp.com/album/mincminc
https://iliabelorukov.bandcamp.com/album/moscow-2013-10-25-live
https://iliabelorukov.bandcamp.com/album/neurilemma
https://iliabelorukov.bandcamp.com/album/new-field
https://iliabelorukov.bandcamp.com/album/nobody-ever-escaped-from-there
https://iliabelorukov.bandcamp.com/album/nrd-drm-two-100-1000-forward-and-reverse
https://iliabelorukov.bandcamp.com/album/nrd-drm-two-2021
https://iliabelorukov.bandcamp.com/album/nudoksa
https://iliabelorukov.bandcamp.com/album/objectus-binominis
https://iliabelorukov.bandcamp.com/album/obwod
https://iliabelorukov.bandcamp.com/album/open-readings
https://iliabelorukov.bandcamp.com/album/pafka
https://iliabelorukov.bandcamp.com/album/quiet-place-recomposed
https://iliabelorukov.bandcamp.com/album/richterfest-duets-split
https://iliabelorukov.bandcamp.com/album/rotonda
https://iliabelorukov.bandcamp.com/album/sacrifizio-incruento
https://iliabelorukov.bandcamp.com/album/sale-interiora
https://iliabelorukov.bandcamp.com/album/sauerkraut
https://iliabelorukov.bandcamp.com/album/sax-workers-rights
https://iliabelorukov.bandcamp.com/album/saxophone-solos-vol-1
https://iliabelorukov.bandcamp.com/album/scattered-underfoot
https://iliabelorukov.bandcamp.com/album/sculptor
https://iliabelorukov.bandcamp.com/album/secret-what-is-there-inside
https://iliabelorukov.bandcamp.com/album/sel59-solos
https://iliabelorukov.bandcamp.com/album/selected-works-vol-1
https://iliabelorukov.bandcamp.com/album/selected-works-vol-10
https://iliabelorukov.bandcamp.com/album/selected-works-vol-11
https://iliabelorukov.bandcamp.com/album/selected-works-vol-12
https://iliabelorukov.bandcamp.com/album/selected-works-vol-13
https://iliabelorukov.bandcamp.com/album/selected-works-vol-2
https://iliabelorukov.bandcamp.com/album/selected-works-vol-3
https://iliabelorukov.bandcamp.com/album/selected-works-vol-4
https://iliabelorukov.bandcamp.com/album/selected-works-vol-5
https://iliabelorukov.bandcamp.com/album/selected-works-vol-6
https://iliabelorukov.bandcamp.com/album/selected-works-vol-7
https://iliabelorukov.bandcamp.com/album/selected-works-vol-8-2
https://iliabelorukov.bandcamp.com/album/selected-works-vol-9
https://iliabelorukov.bandcamp.com/album/september-2011
https://iliabelorukov.bandcamp.com/album/september-21
https://iliabelorukov.bandcamp.com/album/signs-of-suspicious-activity
https://iliabelorukov.bandcamp.com/album/sin-of-omission
https://iliabelorukov.bandcamp.com/album/solo-works-for-compilations-remixes
https://iliabelorukov.bandcamp.com/album/somebody-else-around-here
https://iliabelorukov.bandcamp.com/album/somebody-rattled
https://iliabelorukov.bandcamp.com/album/someone-has-always-come
https://iliabelorukov.bandcamp.com/album/somnolence
https://iliabelorukov.bandcamp.com/album/split-with-albert-cirera-dmitry-lapshin-ram-n-prats
https://iliabelorukov.bandcamp.com/album/split-with-alexei-borisov-jelena-glazova
https://iliabelorukov.bandcamp.com/album/split-with-andrey-lomakin
https://iliabelorukov.bandcamp.com/album/split-with-anton-mizenko
https://iliabelorukov.bandcamp.com/album/split-with-coaxil
https://iliabelorukov.bandcamp.com/album/split-with-coaxil-2
https://iliabelorukov.bandcamp.com/album/split-with-feliks-mirenskiy
https://iliabelorukov.bandcamp.com/album/split-with-jelena-glazova
https://iliabelorukov.bandcamp.com/album/split-with-jelena-glazova-2
https://iliabelorukov.bandcamp.com/album/split-with-jelena-glazova-3
https://iliabelorukov.bandcamp.com/album/split-with-oleg-makarov
https://iliabelorukov.bandcamp.com/album/split-with-porcje-roso-owe
https://iliabelorukov.bandcamp.com/album/split-with-sysoev-chernyshkov-poleukhina
https://iliabelorukov.bandcamp.com/album/split-with-vitaly-maklakov
https://iliabelorukov.bandcamp.com/album/srnnn-hknm
https://iliabelorukov.bandcamp.com/album/stamp-a-spot
https://iliabelorukov.bandcamp.com/album/still-fire
https://iliabelorukov.bandcamp.com/album/studio
https://iliabelorukov.bandcamp.com/album/studio-album
https://iliabelorukov.bandcamp.com/album/studio-rotonda
https://iliabelorukov.bandcamp.com/album/sufka
https://iliabelorukov.bandcamp.com/album/tak-prosto
https://iliabelorukov.bandcamp.com/album/the-music-of-the-first-julys-day
https://iliabelorukov.bandcamp.com/album/the-red-soul
https://iliabelorukov.bandcamp.com/album/there-back
https://iliabelorukov.bandcamp.com/album/there-was-hardly-anybody-there
https://iliabelorukov.bandcamp.com/album/theses-2012
https://iliabelorukov.bandcamp.com/album/to-see-far-and-wide
https://iliabelorukov.bandcamp.com/album/tomsk-2012-04-20-live
https://iliabelorukov.bandcamp.com/album/tri
https://iliabelorukov.bandcamp.com/album/tunnel
https://iliabelorukov.bandcamp.com/album/un-view-mask-ed
https://iliabelorukov.bandcamp.com/album/voda-naidet-teply-dym
https://iliabelorukov.bandcamp.com/album/vtoroi
https://iliabelorukov.bandcamp.com/album/wanderers-nachtlied-ii
https://iliabelorukov.bandcamp.com/album/warm-things-vol-1
https://iliabelorukov.bandcamp.com/album/warm-things-vol-2
https://iliabelorukov.bandcamp.com/album/warszawa-2011-10-31-live-ep
https://iliabelorukov.bandcamp.com/album/whssu
https://iliabelorukov.bandcamp.com/album/wrestling-for-futility
https://iliabelorukov.bandcamp.com/album/yksityisalue
https://iliabelorukov.bandcamp.com/album/zerno
https://iliabelorukov.bandcamp.com/album/zvukozero
