https://thebeautifulnewagerelaxationtapes.bandcamp.com/album/-
https://thebeautifulnewagerelaxationtapes.bandcamp.com/album/777
https://thebeautifulnewagerelaxationtapes.bandcamp.com/album/a-m-b-i-e-n-c-e
https://thebeautifulnewagerelaxationtapes.bandcamp.com/album/a-m-b-i-e-n-c-e-ii
https://thebeautifulnewagerelaxationtapes.bandcamp.com/album/absolutely
https://thebeautifulnewagerelaxationtapes.bandcamp.com/album/afterglow
https://thebeautifulnewagerelaxationtapes.bandcamp.com/album/antonious
https://thebeautifulnewagerelaxationtapes.bandcamp.com/album/atmosphere
https://thebeautifulnewagerelaxationtapes.bandcamp.com/album/be-nice
https://thebeautifulnewagerelaxationtapes.bandcamp.com/album/better-days-are-coming
https://thebeautifulnewagerelaxationtapes.bandcamp.com/album/beyond
https://thebeautifulnewagerelaxationtapes.bandcamp.com/album/beyond-this-place-of-wrath-and-tears
https://thebeautifulnewagerelaxationtapes.bandcamp.com/album/camera
https://thebeautifulnewagerelaxationtapes.bandcamp.com/album/catharsis
https://thebeautifulnewagerelaxationtapes.bandcamp.com/album/cheer-up-alice
https://thebeautifulnewagerelaxationtapes.bandcamp.com/album/coalescences
https://thebeautifulnewagerelaxationtapes.bandcamp.com/album/colour-shoppe
https://thebeautifulnewagerelaxationtapes.bandcamp.com/album/distant-memory
https://thebeautifulnewagerelaxationtapes.bandcamp.com/album/do-you-think-ill-ever-make-art-again
https://thebeautifulnewagerelaxationtapes.bandcamp.com/album/dreaming-of-you-again
https://thebeautifulnewagerelaxationtapes.bandcamp.com/album/e-g-r-e-s-s
https://thebeautifulnewagerelaxationtapes.bandcamp.com/album/f-e-e-l-i-n-g-s-ep
https://thebeautifulnewagerelaxationtapes.bandcamp.com/album/faith
https://thebeautifulnewagerelaxationtapes.bandcamp.com/album/from-elsewhere
https://thebeautifulnewagerelaxationtapes.bandcamp.com/album/germander
https://thebeautifulnewagerelaxationtapes.bandcamp.com/album/ghosts-from-past-lives
https://thebeautifulnewagerelaxationtapes.bandcamp.com/album/go-back-to-autumn
https://thebeautifulnewagerelaxationtapes.bandcamp.com/album/h-o-m-e-s-i-c-k
https://thebeautifulnewagerelaxationtapes.bandcamp.com/album/have-fun-and-be-safe
https://thebeautifulnewagerelaxationtapes.bandcamp.com/album/hope
https://thebeautifulnewagerelaxationtapes.bandcamp.com/album/horizons
https://thebeautifulnewagerelaxationtapes.bandcamp.com/album/hypholoma
https://thebeautifulnewagerelaxationtapes.bandcamp.com/album/i-feel-like-i-got-my-life-back
https://thebeautifulnewagerelaxationtapes.bandcamp.com/album/i-hope-you-never-feel-this-way-ever-again
https://thebeautifulnewagerelaxationtapes.bandcamp.com/album/insomnia
https://thebeautifulnewagerelaxationtapes.bandcamp.com/album/it-is-only-a-memory-now
https://thebeautifulnewagerelaxationtapes.bandcamp.com/album/its-over
https://thebeautifulnewagerelaxationtapes.bandcamp.com/album/l-a-n-d-s-c-a-p-e-s
https://thebeautifulnewagerelaxationtapes.bandcamp.com/album/l-o-v-e-l-o-r-n
https://thebeautifulnewagerelaxationtapes.bandcamp.com/album/lichens
https://thebeautifulnewagerelaxationtapes.bandcamp.com/album/lightthroughthetrees
https://thebeautifulnewagerelaxationtapes.bandcamp.com/album/looking-towards-the-horizon-keeping-an-eye-on-the-sunrise
https://thebeautifulnewagerelaxationtapes.bandcamp.com/album/lune-e-p
https://thebeautifulnewagerelaxationtapes.bandcamp.com/album/may-the-music-passing-through-this-device-somehow-help-to-bring-just-a-little-more-peace-to-this-troubled-world
https://thebeautifulnewagerelaxationtapes.bandcamp.com/album/maybe-in-another-life
https://thebeautifulnewagerelaxationtapes.bandcamp.com/album/melancholia
https://thebeautifulnewagerelaxationtapes.bandcamp.com/album/melancholia-ii
https://thebeautifulnewagerelaxationtapes.bandcamp.com/album/melancholia-iii
https://thebeautifulnewagerelaxationtapes.bandcamp.com/album/melancholia-iv
https://thebeautifulnewagerelaxationtapes.bandcamp.com/album/melancholia-v
https://thebeautifulnewagerelaxationtapes.bandcamp.com/album/melancholia-vi
https://thebeautifulnewagerelaxationtapes.bandcamp.com/album/melancholia-vii
https://thebeautifulnewagerelaxationtapes.bandcamp.com/album/memories-of-the-dunes
https://thebeautifulnewagerelaxationtapes.bandcamp.com/album/music-for-jane-clark
https://thebeautifulnewagerelaxationtapes.bandcamp.com/album/mycena
https://thebeautifulnewagerelaxationtapes.bandcamp.com/album/nice
https://thebeautifulnewagerelaxationtapes.bandcamp.com/album/ocean-park
https://thebeautifulnewagerelaxationtapes.bandcamp.com/album/p-o-l-a-r-i-t-y
https://thebeautifulnewagerelaxationtapes.bandcamp.com/album/peace
https://thebeautifulnewagerelaxationtapes.bandcamp.com/album/peaceful-mornings
https://thebeautifulnewagerelaxationtapes.bandcamp.com/album/pleasant-words
https://thebeautifulnewagerelaxationtapes.bandcamp.com/album/positive-affirmations
https://thebeautifulnewagerelaxationtapes.bandcamp.com/album/presents-the-heavens-gate-initiation-tape
https://thebeautifulnewagerelaxationtapes.bandcamp.com/album/psychic-3rd-eye-clense-tones-chakra-rebalancing
https://thebeautifulnewagerelaxationtapes.bandcamp.com/album/psychic-killers
https://thebeautifulnewagerelaxationtapes.bandcamp.com/album/ready-for-the-return-of-the-light
https://thebeautifulnewagerelaxationtapes.bandcamp.com/album/reflections
https://thebeautifulnewagerelaxationtapes.bandcamp.com/album/relief
https://thebeautifulnewagerelaxationtapes.bandcamp.com/album/remember
https://thebeautifulnewagerelaxationtapes.bandcamp.com/album/s-o-l-a-c-e
https://thebeautifulnewagerelaxationtapes.bandcamp.com/album/s-o-l-i-t-u-d-e
https://thebeautifulnewagerelaxationtapes.bandcamp.com/album/s-p-i-r-i-t
https://thebeautifulnewagerelaxationtapes.bandcamp.com/album/s-u-n-s-e-t-p-a-r-a-d-i-s-e
https://thebeautifulnewagerelaxationtapes.bandcamp.com/album/solstice
https://thebeautifulnewagerelaxationtapes.bandcamp.com/album/star
https://thebeautifulnewagerelaxationtapes.bandcamp.com/album/texture
https://thebeautifulnewagerelaxationtapes.bandcamp.com/album/the-celestial-spheres
https://thebeautifulnewagerelaxationtapes.bandcamp.com/album/the-coptic-vision
https://thebeautifulnewagerelaxationtapes.bandcamp.com/album/the-digital-sea
https://thebeautifulnewagerelaxationtapes.bandcamp.com/album/the-far-horizon
https://thebeautifulnewagerelaxationtapes.bandcamp.com/album/the-firmament
https://thebeautifulnewagerelaxationtapes.bandcamp.com/album/the-guardians-of-heaven
https://thebeautifulnewagerelaxationtapes.bandcamp.com/album/the-holy-mountains
https://thebeautifulnewagerelaxationtapes.bandcamp.com/album/the-hypergiants-asmr
https://thebeautifulnewagerelaxationtapes.bandcamp.com/album/the-hypergiants-asmr-presents-advanced-anger-management-techniques
https://thebeautifulnewagerelaxationtapes.bandcamp.com/album/the-hypergiants-asmr-presents-positive-affirmations-volume-ii
https://thebeautifulnewagerelaxationtapes.bandcamp.com/album/the-hypergiants-asmr-presents-positive-affirmations-volumes-iii
https://thebeautifulnewagerelaxationtapes.bandcamp.com/album/the-hypergiants-asmr-presents-positive-affirmations-voulme-iv
https://thebeautifulnewagerelaxationtapes.bandcamp.com/album/the-hypergiants-asmr-presents-sleepytime-music
https://thebeautifulnewagerelaxationtapes.bandcamp.com/album/the-hypergiants-asmr-presents-the-avant-garde-manifesto
https://thebeautifulnewagerelaxationtapes.bandcamp.com/album/the-hypergiants-asmr-presents-the-copt
https://thebeautifulnewagerelaxationtapes.bandcamp.com/album/the-hypergiants-asmr-presents-the-dreamcatcher
https://thebeautifulnewagerelaxationtapes.bandcamp.com/album/the-hypergiants-asmr-presents-the-garden-of-earthly-delights-the-lucid-dreaming-guide
https://thebeautifulnewagerelaxationtapes.bandcamp.com/album/the-hypergiants-asmr-presents-today-thank-you-saint-expeditus
https://thebeautifulnewagerelaxationtapes.bandcamp.com/album/the-immaculate-triumph
https://thebeautifulnewagerelaxationtapes.bandcamp.com/album/the-majestic-heavens-remastered
https://thebeautifulnewagerelaxationtapes.bandcamp.com/album/the-planets-remastered
https://thebeautifulnewagerelaxationtapes.bandcamp.com/album/the-rainbow-halo-of-earth
https://thebeautifulnewagerelaxationtapes.bandcamp.com/album/the-slow-descent-remastered-single
https://thebeautifulnewagerelaxationtapes.bandcamp.com/album/the-time-we-prayed
https://thebeautifulnewagerelaxationtapes.bandcamp.com/album/thinktank
https://thebeautifulnewagerelaxationtapes.bandcamp.com/album/this-is-the-best-possible-world
https://thebeautifulnewagerelaxationtapes.bandcamp.com/album/tigerswallowtail
https://thebeautifulnewagerelaxationtapes.bandcamp.com/album/v-i-s-i-o-n-s
https://thebeautifulnewagerelaxationtapes.bandcamp.com/album/victory
https://thebeautifulnewagerelaxationtapes.bandcamp.com/album/what-does-tomorrow-look-like
https://thebeautifulnewagerelaxationtapes.bandcamp.com/album/with-heavy-heart
https://thebeautifulnewagerelaxationtapes.bandcamp.com/album/wow-wow-wow
https://thebeautifulnewagerelaxationtapes.bandcamp.com/album/you-are-completely-free
https://thebeautifulnewagerelaxationtapes.bandcamp.com/album/you-can-relax-now
https://thebeautifulnewagerelaxationtapes.bandcamp.com/album/you-will-be-okay
