https://aloracruciblehom.bandcamp.com/album/oak-lace-apparition?label=477574433&tab=music
https://aloracruciblehom.bandcamp.com/album/thymiamatascension?label=477574433&tab=music
https://current93hom.bandcamp.com/album/horsey-original-master-tape-edition?label=477574433&tab=music
https://current93hom.bandcamp.com/album/if-a-city-is-set-upon-a-hill?label=477574433&tab=music
https://current93hom.bandcamp.com/album/in-menstrual-night-2024-remastered-edition?label=477574433&tab=music
https://current93hom.bandcamp.com/album/island-2024-remastered-edition?label=477574433&tab=music
https://current93hom.bandcamp.com/album/sleep-has-his-house-original-master-tape-edition?label=477574433&tab=music
https://danielosullivanhom.bandcamp.com/album/rosarium?label=477574433&tab=music
https://danielosullivanhom.bandcamp.com/track/for-ari-single?label=477574433&tab=music
https://danielosullivanhom.bandcamp.com/track/waterbearer-single?label=477574433&tab=music
https://embracingtheruins.bandcamp.com/album/embracing-the-ruins?label=477574433&tab=music
https://hhythemacumbas.bandcamp.com/album/beheaded-totem?label=477574433&tab=music
https://hhythemacumbas.bandcamp.com/album/melting-in-the-heat-of-chase?label=477574433&tab=music
https://homkkkmo.bandcamp.com/album/are-you-land-or-water?label=477574433&tab=music
https://homkkkmo.bandcamp.com/album/temple-for-the-atheist?label=477574433&tab=music
https://homkkkmo.bandcamp.com/track/air-france-concordia?label=477574433&tab=music
https://homkkkmo.bandcamp.com/track/future-days-fortuna?label=477574433&tab=music
https://homulver.bandcamp.com/album/atgclvlsscap-2?label=477574433&tab=music
https://houseofmythology.bandcamp.com/album/mmxvii-free-hom-compilation
https://houseofmythology.bandcamp.com/album/riverhead
https://houseofmythology.bandcamp.com/album/watch-pray-five-years-of-studious-decrepitude
https://houseofmythology.bandcamp.com/track/fall-of-the-yak-man
https://hypnopazzu.bandcamp.com/album/create-christ-sailor-boy?label=477574433&tab=music
https://laniakea.bandcamp.com/album/a-pot-of-powdered-nettles-2?label=477574433&tab=music
https://noddinggod.bandcamp.com/album/play-wooden-child?label=477574433&tab=music
https://stianwesterhushom.bandcamp.com/album/amputation?label=477574433&tab=music
https://stianwesterhushom.bandcamp.com/album/redundance?label=477574433&tab=music
https://stianwesterhushom.bandcamp.com/album/sott?label=477574433&tab=music
https://stianwesterhushom.bandcamp.com/track/chase-the-new-morning?label=477574433&tab=music
https://stianwesterhushom.bandcamp.com/track/theres-a-light?label=477574433&tab=music
https://teleplasmistehom.bandcamp.com/album/frequency-is-the-new-ecstasy?label=477574433&tab=music
https://teleplasmistehom.bandcamp.com/album/the-wishing-machine?label=477574433&tab=music
https://teleplasmistehom.bandcamp.com/album/to-kiss-earth-goodbye?label=477574433&tab=music
https://thestargazersassistant.bandcamp.com/album/fire-worshipper?label=477574433&tab=music
https://thestargazersassistant.bandcamp.com/album/remoteness-of-light?label=477574433&tab=music
https://thestargazersassistant.bandcamp.com/album/resurgam-i-resurgam-ii?label=477574433&tab=music
https://thestargazersassistant.bandcamp.com/track/agneya-single?label=477574433&tab=music
https://thestargazersassistant.bandcamp.com/track/shalman-edit-uzu-noir-mixx?label=477574433&tab=music
https://zu93.bandcamp.com/album/mirror-emperor?label=477574433&tab=music
https://zuhom.bandcamp.com/album/ferrum-sidereum?label=477574433&tab=music
https://zuhom.bandcamp.com/album/jhator?label=477574433&tab=music
https://zuhom.bandcamp.com/album/terminalia-amazonia?label=477574433&tab=music
