https://stv-iwicshf.bandcamp.com/album/--11
https://stv-iwicshf.bandcamp.com/album/--12
https://stv-iwicshf.bandcamp.com/album/--13
https://stv-iwicshf.bandcamp.com/album/--15
https://stv-iwicshf.bandcamp.com/album/--16
https://stv-iwicshf.bandcamp.com/album/001
https://stv-iwicshf.bandcamp.com/album/002-tunnel
https://stv-iwicshf.bandcamp.com/album/004-lesson-in-dissociation
https://stv-iwicshf.bandcamp.com/album/005-007
https://stv-iwicshf.bandcamp.com/album/008-12oo
https://stv-iwicshf.bandcamp.com/album/009-pre-vertigo-lifestyle
https://stv-iwicshf.bandcamp.com/album/014-8-8-8alalalalal-00oooo-gravitate-gravitate-o-ucant-o-3-3-8
https://stv-iwicshf.bandcamp.com/album/016
https://stv-iwicshf.bandcamp.com/album/017-the-divine-sky-blazing
https://stv-iwicshf.bandcamp.com/album/018
https://stv-iwicshf.bandcamp.com/album/018-022-deluxe-edition
https://stv-iwicshf.bandcamp.com/album/019
https://stv-iwicshf.bandcamp.com/album/020-2
https://stv-iwicshf.bandcamp.com/album/021
https://stv-iwicshf.bandcamp.com/album/022-2
https://stv-iwicshf.bandcamp.com/album/023-027
https://stv-iwicshf.bandcamp.com/album/023-2
https://stv-iwicshf.bandcamp.com/album/024
https://stv-iwicshf.bandcamp.com/album/025
https://stv-iwicshf.bandcamp.com/album/026
https://stv-iwicshf.bandcamp.com/album/027
https://stv-iwicshf.bandcamp.com/album/028-if-this-be-error-and-upon-me-proved
https://stv-iwicshf.bandcamp.com/album/029-my-daughter-dies-in-my-arms
https://stv-iwicshf.bandcamp.com/album/030
https://stv-iwicshf.bandcamp.com/album/031-dratt-inn-i-den-br-lende-avgrunnen-av-hendene-p-den-store-djevelen
https://stv-iwicshf.bandcamp.com/album/032-post-vertigo-freestyle
https://stv-iwicshf.bandcamp.com/album/033
https://stv-iwicshf.bandcamp.com/album/034
https://stv-iwicshf.bandcamp.com/album/035-12ooo
https://stv-iwicshf.bandcamp.com/album/036-there-s-someone-out-there-waiting-for-us-and-it-ll-all-be-ok
https://stv-iwicshf.bandcamp.com/album/037-like-fire
https://stv-iwicshf.bandcamp.com/album/038-we-feel-pain
https://stv-iwicshf.bandcamp.com/album/039-in-the-eye
https://stv-iwicshf.bandcamp.com/album/040-youre-gonna-have-to-take-the-fall
https://stv-iwicshf.bandcamp.com/album/041-the-divine-sky-falling
https://stv-iwicshf.bandcamp.com/album/042-heaven-feels-so-bleak
https://stv-iwicshf.bandcamp.com/album/043-i-know-nothing
https://stv-iwicshf.bandcamp.com/album/044-those-who-pioneer-heaven
https://stv-iwicshf.bandcamp.com/album/045-our-greatest-glory
https://stv-iwicshf.bandcamp.com/album/046-trodding-to-the-end-of-the-world-i
https://stv-iwicshf.bandcamp.com/album/047-trodding-to-the-end-of-the-world-ii
https://stv-iwicshf.bandcamp.com/album/048-trodding-to-the-end-of-the-world-iii
https://stv-iwicshf.bandcamp.com/album/049-trodding-to-the-end-of-the-world-iv
https://stv-iwicshf.bandcamp.com/album/050-one-last-hurrah-and-one-last-piece-of-peace-before-we-endure-the-wave-of-clouds-and-dreams-ad-nauseams-all-et-cetera
https://stv-iwicshf.bandcamp.com/album/051
https://stv-iwicshf.bandcamp.com/album/052
https://stv-iwicshf.bandcamp.com/album/053
https://stv-iwicshf.bandcamp.com/album/054-1999
https://stv-iwicshf.bandcamp.com/album/055
https://stv-iwicshf.bandcamp.com/album/056
https://stv-iwicshf.bandcamp.com/album/057-success
https://stv-iwicshf.bandcamp.com/album/058
https://stv-iwicshf.bandcamp.com/album/059-5-ecco
https://stv-iwicshf.bandcamp.com/album/060-2
https://stv-iwicshf.bandcamp.com/album/061-2
https://stv-iwicshf.bandcamp.com/album/062-2
https://stv-iwicshf.bandcamp.com/album/063-2
https://stv-iwicshf.bandcamp.com/album/064-2
https://stv-iwicshf.bandcamp.com/album/065
https://stv-iwicshf.bandcamp.com/album/066-2
https://stv-iwicshf.bandcamp.com/album/067
https://stv-iwicshf.bandcamp.com/album/068
https://stv-iwicshf.bandcamp.com/album/069
https://stv-iwicshf.bandcamp.com/album/070-2
https://stv-iwicshf.bandcamp.com/album/071
https://stv-iwicshf.bandcamp.com/album/072-2
https://stv-iwicshf.bandcamp.com/album/073
https://stv-iwicshf.bandcamp.com/album/074
https://stv-iwicshf.bandcamp.com/album/075-goregrind
https://stv-iwicshf.bandcamp.com/album/076
https://stv-iwicshf.bandcamp.com/album/077
https://stv-iwicshf.bandcamp.com/album/078
https://stv-iwicshf.bandcamp.com/album/079
https://stv-iwicshf.bandcamp.com/album/080-2
https://stv-iwicshf.bandcamp.com/album/081-2
https://stv-iwicshf.bandcamp.com/album/082
https://stv-iwicshf.bandcamp.com/album/083
https://stv-iwicshf.bandcamp.com/album/084
https://stv-iwicshf.bandcamp.com/album/085
https://stv-iwicshf.bandcamp.com/album/086
https://stv-iwicshf.bandcamp.com/album/087
https://stv-iwicshf.bandcamp.com/album/088
https://stv-iwicshf.bandcamp.com/album/089
https://stv-iwicshf.bandcamp.com/album/090-1
https://stv-iwicshf.bandcamp.com/album/091-2
https://stv-iwicshf.bandcamp.com/album/092-3
https://stv-iwicshf.bandcamp.com/album/093-4-2
https://stv-iwicshf.bandcamp.com/album/094-5
https://stv-iwicshf.bandcamp.com/album/095-6
https://stv-iwicshf.bandcamp.com/album/096-7
https://stv-iwicshf.bandcamp.com/album/097-8
https://stv-iwicshf.bandcamp.com/album/098-9-3
https://stv-iwicshf.bandcamp.com/album/099
https://stv-iwicshf.bandcamp.com/album/1
https://stv-iwicshf.bandcamp.com/album/1-2
https://stv-iwicshf.bandcamp.com/album/100
https://stv-iwicshf.bandcamp.com/album/101-then-ill-show-you-the-world-as-i-see-it
https://stv-iwicshf.bandcamp.com/album/102-i-do-know-what-a-dawn-is
https://stv-iwicshf.bandcamp.com/album/103-scarcely-bigger-than-a-shoebox
https://stv-iwicshf.bandcamp.com/album/104-what-you-ve-been-saying
https://stv-iwicshf.bandcamp.com/album/105-a-notice-to-permit-refusal
https://stv-iwicshf.bandcamp.com/album/106-honour-or-superiority-or-pleasure
https://stv-iwicshf.bandcamp.com/album/107-cerebral-diseases-and-nervous-afflictions
https://stv-iwicshf.bandcamp.com/album/108-i-was-on-my-knees-when-you-knocked-me-down
https://stv-iwicshf.bandcamp.com/album/109-more-consciousness-within-their-bodies
https://stv-iwicshf.bandcamp.com/album/110-i-am-the-kindest-person-i-have-ever-had-in-my-life
https://stv-iwicshf.bandcamp.com/album/111-lights-and-patterns-consult-a-doctor
https://stv-iwicshf.bandcamp.com/album/112-the-fastest-recorded-sprinting-speed-of-a-horse
https://stv-iwicshf.bandcamp.com/album/113-were-all-human
https://stv-iwicshf.bandcamp.com/album/114-i-ve-been-in-here-a-very-long-time
https://stv-iwicshf.bandcamp.com/album/115-jeg-vil-at-du-skal-tenke-i-hodet-ditt-at-du-vil-gj-re-det
https://stv-iwicshf.bandcamp.com/album/116-so-lost-in-thought-a-princess
https://stv-iwicshf.bandcamp.com/album/117-positions-which-must-not-be-contested
https://stv-iwicshf.bandcamp.com/album/118-a-cavernous-hangar
https://stv-iwicshf.bandcamp.com/album/119-the-scent-of-the-sun-1
https://stv-iwicshf.bandcamp.com/album/120-the-scent-of-the-sun-2
https://stv-iwicshf.bandcamp.com/album/121-the-scent-of-the-sun-3
https://stv-iwicshf.bandcamp.com/album/122-winigabadayou-inga-gagabai
https://stv-iwicshf.bandcamp.com/album/123-the-noise-was-strong-enough-to-pierce-the-heavens
https://stv-iwicshf.bandcamp.com/album/124-i-want-to-see-the-world
https://stv-iwicshf.bandcamp.com/album/125-2
https://stv-iwicshf.bandcamp.com/album/126-the-livelihoods-of-farming-communities-i
https://stv-iwicshf.bandcamp.com/album/127-the-livelihoods-of-farming-communities-ii
https://stv-iwicshf.bandcamp.com/album/128-the-livelihoods-of-farming-communities-iii
https://stv-iwicshf.bandcamp.com/album/129-the-livelihoods-of-farming-communities-iv
https://stv-iwicshf.bandcamp.com/album/130-god-in-no-flesh
https://stv-iwicshf.bandcamp.com/album/131
https://stv-iwicshf.bandcamp.com/album/132-exposes-the-tension-between
https://stv-iwicshf.bandcamp.com/album/133-can-you-love-me
https://stv-iwicshf.bandcamp.com/album/134-i-took-off-the-whole-ceiling
https://stv-iwicshf.bandcamp.com/album/135-a-menacing-image
https://stv-iwicshf.bandcamp.com/album/136-ill-shut-now
https://stv-iwicshf.bandcamp.com/album/137-untoward-effects-of-past
https://stv-iwicshf.bandcamp.com/album/138
https://stv-iwicshf.bandcamp.com/album/139-3
https://stv-iwicshf.bandcamp.com/album/140-the-new-yes-you-reincarnated-into-failure
https://stv-iwicshf.bandcamp.com/album/141
https://stv-iwicshf.bandcamp.com/album/142-lenses-made-from-crystals
https://stv-iwicshf.bandcamp.com/album/143-he-comes-to-kill-my-heart
https://stv-iwicshf.bandcamp.com/album/144-a-strange-longing
https://stv-iwicshf.bandcamp.com/album/145-forgiveness-is-the-sin
https://stv-iwicshf.bandcamp.com/album/146-it-is-the-privilege-of-the-gods
https://stv-iwicshf.bandcamp.com/album/147
https://stv-iwicshf.bandcamp.com/album/148
https://stv-iwicshf.bandcamp.com/album/149-2
https://stv-iwicshf.bandcamp.com/album/150-2
https://stv-iwicshf.bandcamp.com/album/151-2
https://stv-iwicshf.bandcamp.com/album/152-2
https://stv-iwicshf.bandcamp.com/album/153
https://stv-iwicshf.bandcamp.com/album/154-4
https://stv-iwicshf.bandcamp.com/album/155-2
https://stv-iwicshf.bandcamp.com/album/156-2
https://stv-iwicshf.bandcamp.com/album/157-3
https://stv-iwicshf.bandcamp.com/album/158-the-water-is-now-very-cold
https://stv-iwicshf.bandcamp.com/album/159-3
https://stv-iwicshf.bandcamp.com/album/2
https://stv-iwicshf.bandcamp.com/album/2-2
https://stv-iwicshf.bandcamp.com/album/3
https://stv-iwicshf.bandcamp.com/album/3-2
https://stv-iwicshf.bandcamp.com/album/4
https://stv-iwicshf.bandcamp.com/album/a-3
https://stv-iwicshf.bandcamp.com/album/b-3
https://stv-iwicshf.bandcamp.com/album/c
https://stv-iwicshf.bandcamp.com/album/d
https://stv-iwicshf.bandcamp.com/album/e
https://stv-iwicshf.bandcamp.com/album/f-2
https://stv-iwicshf.bandcamp.com/album/g
https://stv-iwicshf.bandcamp.com/album/h
https://stv-iwicshf.bandcamp.com/album/i-2
https://stv-iwicshf.bandcamp.com/album/j-2
https://stv-iwicshf.bandcamp.com/album/k
https://stv-iwicshf.bandcamp.com/album/l
https://stv-iwicshf.bandcamp.com/album/m
https://stv-iwicshf.bandcamp.com/album/n
https://stv-iwicshf.bandcamp.com/album/o
https://stv-iwicshf.bandcamp.com/album/p
https://stv-iwicshf.bandcamp.com/album/q
https://stv-iwicshf.bandcamp.com/album/r
https://stv-iwicshf.bandcamp.com/album/s
https://stv-iwicshf.bandcamp.com/album/t
https://stv-iwicshf.bandcamp.com/album/threnody-for-a-world-that-ends
https://stv-iwicshf.bandcamp.com/album/u
https://stv-iwicshf.bandcamp.com/album/untitled
https://stv-iwicshf.bandcamp.com/album/v
https://stv-iwicshf.bandcamp.com/album/w
https://stv-iwicshf.bandcamp.com/album/x
https://stv-iwicshf.bandcamp.com/album/y
https://stv-iwicshf.bandcamp.com/album/z
