https://friendlyclipart.bandcamp.com/album/2014-i-k-v-ixxx
https://friendlyclipart.bandcamp.com/album/2017-2018-lost-songs-compilation
https://friendlyclipart.bandcamp.com/album/2030
https://friendlyclipart.bandcamp.com/album/a-f-w-b0nv-r4x
https://friendlyclipart.bandcamp.com/album/blood-moon-part-ii-blood-moon-becomes-one-with-the-deep-web-and-drowns-in-the-puddle-of-sin
https://friendlyclipart.bandcamp.com/album/chxpped-and-lxxped
https://friendlyclipart.bandcamp.com/album/cursed-ep
https://friendlyclipart.bandcamp.com/album/death-and-rebirth-fun-with-samples
https://friendlyclipart.bandcamp.com/album/eternal-something
https://friendlyclipart.bandcamp.com/album/fca-misc-2019-2020
https://friendlyclipart.bandcamp.com/album/fever-ep
https://friendlyclipart.bandcamp.com/album/flowers-growing-in-the-dead-earth-lonesome-traveller-through-endless-shadow-worlds
https://friendlyclipart.bandcamp.com/album/friendly-clip-art-00
https://friendlyclipart.bandcamp.com/album/friendly-clip-art-01-play
https://friendlyclipart.bandcamp.com/album/friendly-clip-art-02-worldsenddiary
https://friendlyclipart.bandcamp.com/album/friendly-clip-art-03-nanoempathy
https://friendlyclipart.bandcamp.com/album/g-3-c3
https://friendlyclipart.bandcamp.com/album/g-v-p-vv-v3-ixxx
https://friendlyclipart.bandcamp.com/album/grimy-ratpiss-buffet
https://friendlyclipart.bandcamp.com/album/homestuck-amv-4-13
https://friendlyclipart.bandcamp.com/album/in-the-form-of-a-grand-tribute-dedicated-to-your-arena-in-the-great-void-of-space
https://friendlyclipart.bandcamp.com/album/in-the-form-of-a-grand-tribute-excerpts
https://friendlyclipart.bandcamp.com/album/invisible-illness-school-spirit
https://friendlyclipart.bandcamp.com/album/love-andria-ep
https://friendlyclipart.bandcamp.com/album/lovenoise
https://friendlyclipart.bandcamp.com/album/moonwatchers-ep
https://friendlyclipart.bandcamp.com/album/never-the-same
https://friendlyclipart.bandcamp.com/album/piss-christ-fuck-everything-aka-the-obfuscation-of-genuine-emotion-via-bullshit-the-first-blood-moon-album-if-you-listen-to-this-you-will-fucking-die
https://friendlyclipart.bandcamp.com/album/piss-christ-fuck-everything-sleep-deprivation-mixes
https://friendlyclipart.bandcamp.com/album/possessed-by-evil
https://friendlyclipart.bandcamp.com/album/qv
https://friendlyclipart.bandcamp.com/album/r-vr-2
https://friendlyclipart.bandcamp.com/album/r2-1g-k-r-1x
https://friendlyclipart.bandcamp.com/album/reflections-on-a-moonlit-mirror-khepris-escape
https://friendlyclipart.bandcamp.com/album/sketches-i
https://friendlyclipart.bandcamp.com/album/some-songs-about-those-dumb-kids-from-homestuck-beyond-canon
https://friendlyclipart.bandcamp.com/album/the-witch-ep
https://friendlyclipart.bandcamp.com/album/underworld-ep
https://friendlyclipart.bandcamp.com/album/unknown-classical
https://friendlyclipart.bandcamp.com/album/untitled-piano-improv
https://friendlyclipart.bandcamp.com/album/vv-i-2014
https://friendlyclipart.bandcamp.com/track/-
https://friendlyclipart.bandcamp.com/track/8-2
https://friendlyclipart.bandcamp.com/track/bloody-crystals-and-the-end-of-the-world-blood-moon-are-the-demonic-angels-that-shall-bring-upon-the-end-times-the-world-shall-be-purged-of-its-concrete-prisons-sins-shall-be-forgotten-when-we-ar-2
https://friendlyclipart.bandcamp.com/track/drowning-in-the-puddle-of-sin
https://friendlyclipart.bandcamp.com/track/drum-solo-2019
https://friendlyclipart.bandcamp.com/track/earfquake-remix
https://friendlyclipart.bandcamp.com/track/earth-condensed
https://friendlyclipart.bandcamp.com/track/field-recordings-from-the-surface-of-mars-excerpt
https://friendlyclipart.bandcamp.com/track/industrial-heat-death
https://friendlyclipart.bandcamp.com/track/ly-3-8-m-3
https://friendlyclipart.bandcamp.com/track/m-3-1-2
https://friendlyclipart.bandcamp.com/track/piss-christ-ii-single
https://friendlyclipart.bandcamp.com/track/re-introduction
https://friendlyclipart.bandcamp.com/track/sorry-2
https://friendlyclipart.bandcamp.com/track/star-2
https://friendlyclipart.bandcamp.com/track/the-claw-2
https://friendlyclipart.bandcamp.com/track/the-peacock-2
https://friendlyclipart.bandcamp.com/track/trash
https://friendlyclipart.bandcamp.com/track/u-w3r3-my-1-3
https://friendlyclipart.bandcamp.com/track/v-vv-2
https://friendlyclipart.bandcamp.com/track/wh3n-w3-m33-up-2
https://friendlyclipart.bandcamp.com/track/what-if-phones-were-bad-unironic-nsfw-gone-sexual-6585466784547854847292-end-of-the-world-do-not-fucking-listen-xxx-com-trashocean-drowning-death-drowning-trash-ocean-death-reddityoutubevinetikto
https://friendlyclipart.bandcamp.com/track/worlds-com-2
https://friendlyclipart.bandcamp.com/track/x-x-v-r-f-v-r-l-v-x-x-2
https://friendlyclipart.bandcamp.com/track/xxx-c-kl-udz-xxx-2
https://friendlyclipart.bandcamp.com/track/years-suite-parts-i-iv
