https://fossilaerosol.bandcamp.com/album/17-years-in-ektachrome
https://fossilaerosol.bandcamp.com/album/32016
https://fossilaerosol.bandcamp.com/album/about-your-belief-remastered
https://fossilaerosol.bandcamp.com/album/archaeological-testing-in-the-land-of-monkeys
https://fossilaerosol.bandcamp.com/album/august-53rd
https://fossilaerosol.bandcamp.com/album/cassette-recordings-1983-1995-remastered
https://fossilaerosol.bandcamp.com/album/cliff-house-hotel
https://fossilaerosol.bandcamp.com/album/disassociated
https://fossilaerosol.bandcamp.com/album/environmental-adjustments-march-1997
https://fossilaerosol.bandcamp.com/album/horde
https://fossilaerosol.bandcamp.com/album/mutations-and-synthetics
https://fossilaerosol.bandcamp.com/album/nigths-and-profecy-special-multimedia-edition
https://fossilaerosol.bandcamp.com/album/objects-of-disassociation-volume-1
https://fossilaerosol.bandcamp.com/album/predicament-recordings-volume-i-32020-52020
https://fossilaerosol.bandcamp.com/album/predicament-recordings-volume-ii-22021
https://fossilaerosol.bandcamp.com/album/red-fades-first
https://fossilaerosol.bandcamp.com/album/revisionist-history
https://fossilaerosol.bandcamp.com/album/reviving-seasonal-practices
https://fossilaerosol.bandcamp.com/album/rusted-articles-1874-from-1968-2020-reconfiguration
https://fossilaerosol.bandcamp.com/album/scaath-catfish
https://fossilaerosol.bandcamp.com/album/telegnostic-devices
https://fossilaerosol.bandcamp.com/album/the-day-1982-contaminated-1971-2
https://fossilaerosol.bandcamp.com/album/the-recounting-of-night-time-2
https://fossilaerosol.bandcamp.com/album/the-unlistening-place
https://fossilaerosol.bandcamp.com/album/three-days-at-qurna
https://fossilaerosol.bandcamp.com/album/very-early-fragments
https://fossilaerosol.bandcamp.com/album/what-is-the-light-of
https://fossilaerosol.bandcamp.com/album/zombi-traditions-37-years
https://fossilaerosol.bandcamp.com/track/1986
https://fossilaerosol.bandcamp.com/track/ballad-for-c19
https://fossilaerosol.bandcamp.com/track/hounded-to-the-steppes
https://fossilaerosol.bandcamp.com/track/january-18-2018
https://fossilaerosol.bandcamp.com/track/navigating-frozen-nigeria-2012-remaster
https://fossilaerosol.bandcamp.com/track/night-roar-2025
https://fossilaerosol.bandcamp.com/track/nine-fragmentary-lessons
https://fossilaerosol.bandcamp.com/track/some-historical-shrines-of-1934
