https://kevindrumm.bandcamp.com/album/-
https://kevindrumm.bandcamp.com/album/--2
https://kevindrumm.bandcamp.com/album/--4
https://kevindrumm.bandcamp.com/album/--5
https://kevindrumm.bandcamp.com/album/09082001-gtr-synth-solo
https://kevindrumm.bandcamp.com/album/11
https://kevindrumm.bandcamp.com/album/1204
https://kevindrumm.bandcamp.com/album/1340
https://kevindrumm.bandcamp.com/album/1416
https://kevindrumm.bandcamp.com/album/141723
https://kevindrumm.bandcamp.com/album/1616
https://kevindrumm.bandcamp.com/album/1983
https://kevindrumm.bandcamp.com/album/2014-everythings-going-along-as-usual-and-then-all-shit-breaks-loose
https://kevindrumm.bandcamp.com/album/2134
https://kevindrumm.bandcamp.com/album/2723
https://kevindrumm.bandcamp.com/album/2744
https://kevindrumm.bandcamp.com/album/3752
https://kevindrumm.bandcamp.com/album/60-minute-relief
https://kevindrumm.bandcamp.com/album/a-recent-notice
https://kevindrumm.bandcamp.com/album/a-small-register-of-motion
https://kevindrumm.bandcamp.com/album/achromic-pants
https://kevindrumm.bandcamp.com/album/ah
https://kevindrumm.bandcamp.com/album/alku-tape
https://kevindrumm.bandcamp.com/album/all-the-voices
https://kevindrumm.bandcamp.com/album/and-another-thing-longer-version
https://kevindrumm.bandcamp.com/album/another-odyssey-of-waiting
https://kevindrumm.bandcamp.com/album/another-set-of-days-now-over
https://kevindrumm.bandcamp.com/album/another-time
https://kevindrumm.bandcamp.com/album/anthems
https://kevindrumm.bandcamp.com/album/april
https://kevindrumm.bandcamp.com/album/baile
https://kevindrumm.bandcamp.com/album/barrage-2
https://kevindrumm.bandcamp.com/album/basic-combustion
https://kevindrumm.bandcamp.com/album/battering-rams
https://kevindrumm.bandcamp.com/album/battles-in-the-snow
https://kevindrumm.bandcamp.com/album/battles-in-the-snow-ii
https://kevindrumm.bandcamp.com/album/be-like-a-tree
https://kevindrumm.bandcamp.com/album/behold-nothing
https://kevindrumm.bandcamp.com/album/better-ways-to-break-the-ice
https://kevindrumm.bandcamp.com/album/big-dream
https://kevindrumm.bandcamp.com/album/binned
https://kevindrumm.bandcamp.com/album/blast-of-silence-2
https://kevindrumm.bandcamp.com/album/blocking-2
https://kevindrumm.bandcamp.com/album/bodega-blur-2
https://kevindrumm.bandcamp.com/album/bolero-muter
https://kevindrumm.bandcamp.com/album/bppv
https://kevindrumm.bandcamp.com/album/by-way-of-no
https://kevindrumm.bandcamp.com/album/christ
https://kevindrumm.bandcamp.com/album/concatenate
https://kevindrumm.bandcamp.com/album/constriction
https://kevindrumm.bandcamp.com/album/cortisol-swirl
https://kevindrumm.bandcamp.com/album/crazy
https://kevindrumm.bandcamp.com/album/crooked-abode
https://kevindrumm.bandcamp.com/album/crowded
https://kevindrumm.bandcamp.com/album/crumbs-in-the-dark
https://kevindrumm.bandcamp.com/album/dat-rust
https://kevindrumm.bandcamp.com/album/db
https://kevindrumm.bandcamp.com/album/db-2
https://kevindrumm.bandcamp.com/album/db-3
https://kevindrumm.bandcamp.com/album/debalconied
https://kevindrumm.bandcamp.com/album/december-in-the-upper-nineties-ep
https://kevindrumm.bandcamp.com/album/decrease
https://kevindrumm.bandcamp.com/album/disintegrating-day-to-day-incorporeal-matters
https://kevindrumm.bandcamp.com/album/dizzy
https://kevindrumm.bandcamp.com/album/dont-ask
https://kevindrumm.bandcamp.com/album/double-the-room
https://kevindrumm.bandcamp.com/album/drip
https://kevindrumm.bandcamp.com/album/earrach
https://kevindrumm.bandcamp.com/album/earrach-ii
https://kevindrumm.bandcamp.com/album/eisegesis
https://kevindrumm.bandcamp.com/album/electronic-harassment-6
https://kevindrumm.bandcamp.com/album/electronic-harassment-ii-iii-2
https://kevindrumm.bandcamp.com/album/end-of-the-year-tracks-1
https://kevindrumm.bandcamp.com/album/end-of-the-year-tracks-2
https://kevindrumm.bandcamp.com/album/end-of-the-year-tracks-3
https://kevindrumm.bandcamp.com/album/enter-one-side-exit-the-other
https://kevindrumm.bandcamp.com/album/equinox
https://kevindrumm.bandcamp.com/album/eremition
https://kevindrumm.bandcamp.com/album/eremition-3
https://kevindrumm.bandcamp.com/album/eremition-ii
https://kevindrumm.bandcamp.com/album/etc-a
https://kevindrumm.bandcamp.com/album/fall
https://kevindrumm.bandcamp.com/album/feb-1-2026-trackk
https://kevindrumm.bandcamp.com/album/february
https://kevindrumm.bandcamp.com/album/final-protracted-spillings-vol
https://kevindrumm.bandcamp.com/album/fortification-spectrum
https://kevindrumm.bandcamp.com/album/frequencies-worst
https://kevindrumm.bandcamp.com/album/frequency
https://kevindrumm.bandcamp.com/album/from-rubble
https://kevindrumm.bandcamp.com/album/front-room
https://kevindrumm.bandcamp.com/album/frozen-pipes
https://kevindrumm.bandcamp.com/album/future-when-it-comes
https://kevindrumm.bandcamp.com/album/ghybbrish
https://kevindrumm.bandcamp.com/album/glory-and-disgrace-come-from-speaking
https://kevindrumm.bandcamp.com/album/good-morning
https://kevindrumm.bandcamp.com/album/good-times
https://kevindrumm.bandcamp.com/album/grey-screen
https://kevindrumm.bandcamp.com/album/hello
https://kevindrumm.bandcamp.com/album/horizontal
https://kevindrumm.bandcamp.com/album/horror-of-birth
https://kevindrumm.bandcamp.com/album/humid-weather
https://kevindrumm.bandcamp.com/album/i-have-a-computer
https://kevindrumm.bandcamp.com/album/imperial-distortion
https://kevindrumm.bandcamp.com/album/imperial-horizon
https://kevindrumm.bandcamp.com/album/impish-tyrant
https://kevindrumm.bandcamp.com/album/indeed
https://kevindrumm.bandcamp.com/album/indifferent-bystander
https://kevindrumm.bandcamp.com/album/interference
https://kevindrumm.bandcamp.com/album/into-striped-light
https://kevindrumm.bandcamp.com/album/irradiate
https://kevindrumm.bandcamp.com/album/january
https://kevindrumm.bandcamp.com/album/june
https://kevindrumm.bandcamp.com/album/june-spill
https://kevindrumm.bandcamp.com/album/jury-prize
https://kevindrumm.bandcamp.com/album/kd-rh-oto-23-july-2014
https://kevindrumm.bandcamp.com/album/kv-kd-1994
https://kevindrumm.bandcamp.com/album/land-of-lurches
https://kevindrumm.bandcamp.com/album/less-than-half-as-loud
https://kevindrumm.bandcamp.com/album/live-1995-somewhere-in-chicago
https://kevindrumm.bandcamp.com/album/live-sunday-service
https://kevindrumm.bandcamp.com/album/local-crackers
https://kevindrumm.bandcamp.com/album/lost-yarn
https://kevindrumm.bandcamp.com/album/lump-of-iron
https://kevindrumm.bandcamp.com/album/make-it-down
https://kevindrumm.bandcamp.com/album/march
https://kevindrumm.bandcamp.com/album/matter
https://kevindrumm.bandcamp.com/album/may-1
https://kevindrumm.bandcamp.com/album/may-18
https://kevindrumm.bandcamp.com/album/may-part-1
https://kevindrumm.bandcamp.com/album/may-part-2
https://kevindrumm.bandcamp.com/album/mayorofposen
https://kevindrumm.bandcamp.com/album/mephistophelian-facilitator
https://kevindrumm.bandcamp.com/album/mercy-cuts-i-2
https://kevindrumm.bandcamp.com/album/middle-of-nothing
https://kevindrumm.bandcamp.com/album/minutiaed
https://kevindrumm.bandcamp.com/album/mirth-unblurred
https://kevindrumm.bandcamp.com/album/mistuned
https://kevindrumm.bandcamp.com/album/mithering-the-skiving-gorm
https://kevindrumm.bandcamp.com/album/more-answers
https://kevindrumm.bandcamp.com/album/more-sunday-stuff
https://kevindrumm.bandcamp.com/album/morning
https://kevindrumm.bandcamp.com/album/motif
https://kevindrumm.bandcamp.com/album/murder
https://kevindrumm.bandcamp.com/album/necro-acoustic-1-lights-out
https://kevindrumm.bandcamp.com/album/necro-acoustic-2-malaise
https://kevindrumm.bandcamp.com/album/necro-acoustic-3-decrepit
https://kevindrumm.bandcamp.com/album/necro-acoustic-4-no-edit
https://kevindrumm.bandcamp.com/album/necro-acoustic-5-organ
https://kevindrumm.bandcamp.com/album/neighbors
https://kevindrumm.bandcamp.com/album/new-ends
https://kevindrumm.bandcamp.com/album/new-old-card
https://kevindrumm.bandcamp.com/album/night-of-dead-faces
https://kevindrumm.bandcamp.com/album/nocturnal-dementia
https://kevindrumm.bandcamp.com/album/october-early-warning
https://kevindrumm.bandcamp.com/album/odd-ways
https://kevindrumm.bandcamp.com/album/old-connections
https://kevindrumm.bandcamp.com/album/overstaying
https://kevindrumm.bandcamp.com/album/pcm-1
https://kevindrumm.bandcamp.com/album/pcm-3
https://kevindrumm.bandcamp.com/album/pcm-4
https://kevindrumm.bandcamp.com/album/pcm-5
https://kevindrumm.bandcamp.com/album/pcm-8
https://kevindrumm.bandcamp.com/album/perpetual-damnation
https://kevindrumm.bandcamp.com/album/phantom-jerk
https://kevindrumm.bandcamp.com/album/press
https://kevindrumm.bandcamp.com/album/pretend-multiphonics
https://kevindrumm.bandcamp.com/album/pretend-to-place-a-fake-brick-firmly-on-the-keys
https://kevindrumm.bandcamp.com/album/primate
https://kevindrumm.bandcamp.com/album/puddle-on-the-floor
https://kevindrumm.bandcamp.com/album/purge
https://kevindrumm.bandcamp.com/album/q
https://kevindrumm.bandcamp.com/album/qe
https://kevindrumm.bandcamp.com/album/quiet-nights
https://kevindrumm.bandcamp.com/album/recline-116-minute-ep
https://kevindrumm.bandcamp.com/album/redundant-phase
https://kevindrumm.bandcamp.com/album/reverse-osmosis
https://kevindrumm.bandcamp.com/album/robys-residue
https://kevindrumm.bandcamp.com/album/room-sound-one
https://kevindrumm.bandcamp.com/album/runtish-ep
https://kevindrumm.bandcamp.com/album/s-t-1996
https://kevindrumm.bandcamp.com/album/sand-salt
https://kevindrumm.bandcamp.com/album/second
https://kevindrumm.bandcamp.com/album/seven-hells-vol-ii-chort
https://kevindrumm.bandcamp.com/album/seven-hells-vol-v-the-distance-backwards
https://kevindrumm.bandcamp.com/album/seven-hells-volume-i-jugando-a-las-damas-con-la-muerte
https://kevindrumm.bandcamp.com/album/seven-hells-volume-iii-superstition
https://kevindrumm.bandcamp.com/album/seven-hells-volume-iv-into-the-flowery
https://kevindrumm.bandcamp.com/album/seven-hells-volume-vi-asymmetry
https://kevindrumm.bandcamp.com/album/shadowless-goons
https://kevindrumm.bandcamp.com/album/sheer-hellish-miasma
https://kevindrumm.bandcamp.com/album/shut-in-etc
https://kevindrumm.bandcamp.com/album/side-one
https://kevindrumm.bandcamp.com/album/side-two
https://kevindrumm.bandcamp.com/album/sight
https://kevindrumm.bandcamp.com/album/skip-the-hills-altogether-2
https://kevindrumm.bandcamp.com/album/slow-night
https://kevindrumm.bandcamp.com/album/slow-tape-2
https://kevindrumm.bandcamp.com/album/small-news
https://kevindrumm.bandcamp.com/album/some-event
https://kevindrumm.bandcamp.com/album/some-listenable-romance
https://kevindrumm.bandcamp.com/album/spectral-gaunts-i
https://kevindrumm.bandcamp.com/album/spectral-gaunts-ii
https://kevindrumm.bandcamp.com/album/sphere-of-low-power
https://kevindrumm.bandcamp.com/album/static-flood
https://kevindrumm.bandcamp.com/album/strok
https://kevindrumm.bandcamp.com/album/summertime
https://kevindrumm.bandcamp.com/album/sunblind-panick
https://kevindrumm.bandcamp.com/album/sunday
https://kevindrumm.bandcamp.com/album/sundays
https://kevindrumm.bandcamp.com/album/suspension-massive-swarms-of-jellyfish
https://kevindrumm.bandcamp.com/album/syncope
https://kevindrumm.bandcamp.com/album/synthetic-miscreancy
https://kevindrumm.bandcamp.com/album/tannenbaum
https://kevindrumm.bandcamp.com/album/technology
https://kevindrumm.bandcamp.com/album/teeter
https://kevindrumm.bandcamp.com/album/the-back-room
https://kevindrumm.bandcamp.com/album/the-blind-owl
https://kevindrumm.bandcamp.com/album/the-damned-sort
https://kevindrumm.bandcamp.com/album/the-ear-drops
https://kevindrumm.bandcamp.com/album/the-excavation
https://kevindrumm.bandcamp.com/album/the-forty-foot-high-emergency-curtain
https://kevindrumm.bandcamp.com/album/the-gas-bill-ep
https://kevindrumm.bandcamp.com/album/the-illusion-of-having-plans
https://kevindrumm.bandcamp.com/album/the-kitchen
https://kevindrumm.bandcamp.com/album/the-last-minute-or-later
https://kevindrumm.bandcamp.com/album/the-loop
https://kevindrumm.bandcamp.com/album/the-march-flog
https://kevindrumm.bandcamp.com/album/the-next-world-is-better
https://kevindrumm.bandcamp.com/album/the-obstacles-of-romantic-exaggeration
https://kevindrumm.bandcamp.com/album/the-old-hag
https://kevindrumm.bandcamp.com/album/the-playing-with-trucks-single
https://kevindrumm.bandcamp.com/album/the-real-sound-of-small-talk
https://kevindrumm.bandcamp.com/album/the-sea-wins-2
https://kevindrumm.bandcamp.com/album/the-second-floor-is-vacant
https://kevindrumm.bandcamp.com/album/the-unbalanced
https://kevindrumm.bandcamp.com/album/the-western-buzzer
https://kevindrumm.bandcamp.com/album/the-whole-house
https://kevindrumm.bandcamp.com/album/the-wizard-of-east-dubuque
https://kevindrumm.bandcamp.com/album/torched
https://kevindrumm.bandcamp.com/album/toronto-may-2000
https://kevindrumm.bandcamp.com/album/triangles
https://kevindrumm.bandcamp.com/album/trouble
https://kevindrumm.bandcamp.com/album/twinkle-toes-2
https://kevindrumm.bandcamp.com/album/two-for-four-smaller-walls
https://kevindrumm.bandcamp.com/album/two-ms
https://kevindrumm.bandcamp.com/album/umbrella-shot
https://kevindrumm.bandcamp.com/album/unhinging
https://kevindrumm.bandcamp.com/album/upside-down
https://kevindrumm.bandcamp.com/album/voyces
https://kevindrumm.bandcamp.com/album/well-there-you-go
https://kevindrumm.bandcamp.com/album/wind-melted-away-the-past
https://kevindrumm.bandcamp.com/album/winter
https://kevindrumm.bandcamp.com/album/with-pulse-without
https://kevindrumm.bandcamp.com/album/wrong-intersection-2
https://kevindrumm.bandcamp.com/track/nothing-under-a-microscope
https://kevindrumm.bandcamp.com/track/pcm-2
https://kevindrumm.bandcamp.com/track/retina-check
