https://jerusalemkid4.bandcamp.com/album/2-new-instermentals-because-im-mental-belive-in-crhist-or-you-coooold-as-ice-and-stop-eyeing-my-pizza-niggaz-what-no-weel-i-k8nda-know-jig-na-na-no-i-dont
https://jerusalemkid4.bandcamp.com/album/2-unrelased-version
https://jerusalemkid4.bandcamp.com/album/3-free-favs-but-im-not-your-slaaaaaave-num-num-num-eating-lays-there-chips
https://jerusalemkid4.bandcamp.com/album/a-few-of-my-favs-young-blac-male-with-out-the-racis-k-because-im-a-thug-a-slaaaave-lol
https://jerusalemkid4.bandcamp.com/album/a-song-from-demonic-rock-1and-laughter-and-sunshine
https://jerusalemkid4.bandcamp.com/album/a-song-you-herd-and-one-new-song-um-yeap
https://jerusalemkid4.bandcamp.com/album/another-mix-up-and-mash-up-wooweee-sweell-lol
https://jerusalemkid4.bandcamp.com/album/documentary-and-past-of-steaks-and-cakes
https://jerusalemkid4.bandcamp.com/album/first-is-my-all-time-favorite-song-and-a-few-unreleash-remixes-and-favs-do-you-stupid-nincapos-no-what-your-in-for-lol-oh-yeah-and-r-i-p-slave-to-the-man-up-above-you-punk-biiiitch
https://jerusalemkid4.bandcamp.com/album/gangster-that-who-your-looking-at-gangster-gangster-that-who-you-looking-at-lol-rip-to-my-mans-uncel-duce-die-in-sp
https://jerusalemkid4.bandcamp.com/album/hey-do-you-all-remmeber-as-a-kid-those-hot-summer-day-playin-tuga-war-whe-youll-lose-youll-just-fall-in-the-mud-and-gigel-and-laugh-slighty-smile-well-i-dindnt-i-hated-dat-shit-so-i-made-a-song-a
https://jerusalemkid4.bandcamp.com/album/hey-laddies-i-been-jogging-latley-trying-to-lose-dis-weight-to-day-i-run-so-fast-ummm-you-no-peatro-from-x-man-or-um-flash-well-the-said-your-the-african-americaaaan-version-of-they-here-me-laddi
https://jerusalemkid4.bandcamp.com/album/hey-you-roach-hores-and-ratmaster-oh-and-beutiful-pepole-to-my-bad-got-carried-away
https://jerusalemkid4.bandcamp.com/album/hiiii-yaaaas
https://jerusalemkid4.bandcamp.com/album/hiy-every-body-one-singel-you-nicapos-still-no-respect-hun
https://jerusalemkid4.bandcamp.com/album/hold-me-tight-owe-girl-yeah-girl-you-no-dat-yeeeah-girl-oh-umm-enjoy
https://jerusalemkid4.bandcamp.com/album/i-adddore-ooor-orrr-foood-owe-owe-owe-owe-owe-no-im-no-getting-sewd-that-was-smiley-cyrus-verision-response-far-ass-stupid-bitch-response-biiitch-whater-you-just-made-cause-you-aint-my-dad-ha
https://jerusalemkid4.bandcamp.com/album/i-no-you-rarchet-thots-and-punk-ass-nigga-fill-where-im-coming-from-despite-of-all-the-things-in-the-past-that-i-dun-what-man-shut-your-fat-self-up-whatever-hit-you-with-an-upper-cut-so-around-yo
https://jerusalemkid4.bandcamp.com/album/im-a-hungover-slave-dem-crackers-devils-cant-look-me-in-my-eyes-or-sombody-gone-die-lol
https://jerusalemkid4.bandcamp.com/album/im-diigin-dat-booty-girl-you-no-dat-girl-at-home-drinking-listern-for-a-thrill-hospitalized-by-twele-your-stupid-fat-and-you-suck-mr-rodeo
https://jerusalemkid4.bandcamp.com/album/im-just-saying-ducan-hines-ducan-shrines-cake-mix-same-thing-no-diffrence-i-wouldnt-say-its-off-brand-and-star-burst-star-hearse-candy-same-thing
https://jerusalemkid4.bandcamp.com/album/im-tierd-of-you-droping-the-same-songs-just-rereleased-grand-dad-and-mention-pretty-wemen-well-thats-to-dam-baaad-ha-haaa-remmeber-ummm-holes-dat-dat-one-movie-response-fat-stupid-mufuka-man
https://jerusalemkid4.bandcamp.com/album/instermental
https://jerusalemkid4.bandcamp.com/album/instermental-dont-make-me-have-to-run-up-on-yaa-dindnt-you-kill-that-man-in-yo-last-mix-tapes-yea-a-few-pepole-for-real-but-that-was-just-a-dream-response-fat-stupid-nigga-get-help-lol
https://jerusalemkid4.bandcamp.com/album/instermental-posted-in-da-trap-no-snack-pack-cheese-burger-almos-forgot-your-girl-a-girl-but-she-aint-a-girl
https://jerusalemkid4.bandcamp.com/album/instermentals-on-deck-instermentals-on-deck-call-sheeeerk-with-peeecks
https://jerusalemkid4.bandcamp.com/album/listen-to-dis-yeah-gir-that-booty-girl-lol
https://jerusalemkid4.bandcamp.com/album/man-i-got-a-hang-over-was-it-cinco-last-night-the-trap-was-a-bitchit-staaaaanks-lol-few-more-instermental-oh-and-ha-never-mind-my-uhhh-sexy-yellow-eye
https://jerusalemkid4.bandcamp.com/album/man-im-calling-out-kendrik-kanye-papoose-man-yall-nigga-caps-must-be-lose-drizzy-the-ledgens-nas-jigga-who-else-aspap-man-listen-to-my-best-work-ever-the-industy-is-dun-i-promise-no-mad-rapper-do
https://jerusalemkid4.bandcamp.com/album/mix-tape-of-grapes-and-cake-and-celery-yeaa-nigga
https://jerusalemkid4.bandcamp.com/album/mmmmmm-right-back-at-ya-shake-ya-booty-so-so-its-the-best-song-in-the-world-to-this-day-so-get-bent-loser-paul-lol
https://jerusalemkid4.bandcamp.com/album/new-shit
https://jerusalemkid4.bandcamp.com/album/nigga-what-you-still-owe-me-from-last-week-go-get-fuck-up-yo-as-oh-hey-every-body
https://jerusalemkid4.bandcamp.com/album/no-bro-i-said-anly-mc-sword-in-that-song-and-i-said-i-wanted-to-sqeez-her-hand-thats-not-even-a-perso-thats-even-worst-what-are-you-a-sycopath-na-na-fig-newtons-forget-it-man-3-favs-because-im-al
https://jerusalemkid4.bandcamp.com/album/one-more-of-my-favs-dont-be-messing-with-this-chuby-face-thug-slaaaave
https://jerusalemkid4.bandcamp.com/album/one-more-ting-ha-haum-yeah-man-bout-dem-la-lakers
https://jerusalemkid4.bandcamp.com/album/one-new-song-and-skit
https://jerusalemkid4.bandcamp.com/album/one-of-my-favorite-man-aint-you-talking-bout-your-own-so-bang-pop-pop-slice-dead-there-all-the-hatters-take-small-breath-like-dis-wup-wup-ha-harlem-nights
https://jerusalemkid4.bandcamp.com/album/one-of-my-favorites-of-all-favs-and-another-fav-im-a-slaaave-na-na-no-im-not-ha-hum-well-mmmhum-enjoy
https://jerusalemkid4.bandcamp.com/album/owe-no-girl-i-thought-love-you-i-mean-i-did-but-them-ribs-pull-me-first-uhhh-no-cry-super-yowza-enjoy-yeah-i-shot-dat-nigga-uncel-duce-so-non-rapping-mufka
https://jerusalemkid4.bandcamp.com/album/owe-oweee-you-ran-over-my-toe-with-dat-shopping-cart-because-im-blaaack-he-did-every-body-he-diiid-no-i-didnt-im-sewing-what-dude
https://jerusalemkid4.bandcamp.com/album/rapping-up-the-documentary-of-steaks-and-cakes-rib-rib-witch-in-peace
https://jerusalemkid4.bandcamp.com/album/reaklace-or-un-reackacke-what-nigga-jigga-who-therapist-whaaat
https://jerusalemkid4.bandcamp.com/album/round-2rap-smmmmmack-oh-and-a-song-you-might-herd-man-i-ate-all-the-pizza-you-dam-mulie-leave-me-alone-lol-q-samel-l-jackson-voice-yes-im-aware-im-black-i-just-dont-care
https://jerusalemkid4.bandcamp.com/album/round-one-rap-mr-funny-man-vs-jerusalem-kid-freestyle-battel-smmmack
https://jerusalemkid4.bandcamp.com/album/serve-up-you-nincapos-what-shut-up-you-jive-turkey-you-it-is-a-real-world-youll-see-it-is-lol
https://jerusalemkid4.bandcamp.com/album/sounds-of-thee-ocean-west-coasting-soap-when-den-yeah-datswhat-your-dealing-with-oh-no-what-did-i-do-i-miss-uncel-duce-now-lol
https://jerusalemkid4.bandcamp.com/album/star-hearse-come-on-they-are-not-made-out-of-pepole-let-me-read-the-pack-real-quick-90-human-oh-still-bomb-dowe
https://jerusalemkid4.bandcamp.com/album/steaks-and-cakes-resurection
https://jerusalemkid4.bandcamp.com/album/thats-fraknenstine-me-as-well-but-but-gueuss-what-im-blaaack-instead-muha-muha-happy-early-hallowen-this-summer-all-you-littel-niglets-kiding-lol
https://jerusalemkid4.bandcamp.com/album/the-death-of-steaks-and-cakes-r-i-b-meanin-rib-whitch-in-peace-sleep-wit-the-idise-fat-jerry-curl-head-bitch-nigga
https://jerusalemkid4.bandcamp.com/album/the-last-of-the-last-of-steaks-and-cake-passing-rib-whitch-in-peace-um-dis-jerusalem-kid-i-interupted-this-mans-typing-steaks-and-cakes-um-fuck-yo-fat-ass-nigga
https://jerusalemkid4.bandcamp.com/album/the-mix-about-steak-and-grape-and-rape-ha-ha-sorry
https://jerusalemkid4.bandcamp.com/album/the-rawest-in-the-sota-part-3
https://jerusalemkid4.bandcamp.com/album/too-wise-men-once-told-me-its-butter-its-milk-its-cooorn-bread-ummm-its-dem-one-dudes-never-m8nd-just-listen-shit-whatever-you-are-so-not-black-and-radicallol
https://jerusalemkid4.bandcamp.com/album/trap-trance-instermentals-maddness-and-laughter
https://jerusalemkid4.bandcamp.com/album/um-one-new-song
https://jerusalemkid4.bandcamp.com/album/walk-wit-me
https://jerusalemkid4.bandcamp.com/album/well-pull-my-pants-down-and-shove-a-twelve-gage-up-my-ass-boooy-you-dirty-yankeys-ready-to-go-to-war-you-dont-give-a-dam-about-dog-shit-i-recone-me-neither-yeeehaaaa-lol
https://jerusalemkid4.bandcamp.com/album/well-this-time-around-i-got-you-mama-bent-over-lol
https://jerusalemkid4.bandcamp.com/album/what-yall-smoking-on-lol-wanna-be-freinds-i-see-you-eyeing-these-to-free-instermentals
https://jerusalemkid4.bandcamp.com/album/wow-we-yoza-my-new-timber-wolf-shirt-sweell-yowza-uuuum-and-dat-aint-cool-foul-because-its-friday-what-get-you-hand-off-me-ya-black-nigg-remmeber-halley-in-dat-one-movie-split-personality-ummmmm
https://jerusalemkid4.bandcamp.com/album/yall-niggazs-is-snitches-exspode-inyour-ass-holes-punks-no-hom-never-mind
https://jerusalemkid4.bandcamp.com/album/yeaaah-nigga-i-rap-and-grill-out-in-the-trap
https://jerusalemkid4.bandcamp.com/album/yeah-i-said-that-in-one-of-my-song-yeah-yeah-bust-down-take-your-ass-back-yeah-she-was-from-albama-man-response-we-dont-like-very-much-our-fillings-were-hurt-well-thats-to-dam-bad-listen-to-more
https://jerusalemkid4.bandcamp.com/album/yeah-im-out-here-doing-gangstaz-shit-you-no-stepping-on-bugs-a-douging-slugs-what-no-no-i-mean-steping-on-bugs-litterly-and-douging-those-slimey-slugs-in-my-garden
https://jerusalemkid4.bandcamp.com/album/yeah-man-im-hospitalized-after-eating-star-hearse-i-think-i-might-go-back-to-the-non-human-juicy-one-called-star-burst-they-always-were-my-favor-icu-beeeeeeeeep-god-speed
https://jerusalemkid4.bandcamp.com/album/yeah-you-freakin-hores-stink-dats-what-i-dont-like-about-you-signiture-of-tony-montana
https://jerusalemkid4.bandcamp.com/album/you-are-a-fat-bastard-lol-steaks-in-cakes
https://jerusalemkid4.bandcamp.com/album/you-dont-no-my-struggel-you-dont-no-my-pain-aint-that-kany-so-so-what-you-lame-your-so-uncool-maaan
https://jerusalemkid4.bandcamp.com/album/you-slut-nigga-gone-need-more-than-mama-dis-mother-day-yall-gone-need-er-what-aint-filing-me-on-hurting-you-and-shit-my-heart-owee-well-fuck-you-non-carring-bout-me-hurting-you-geniric-gangasta-l
https://jerusalemkid4.bandcamp.com/album/you-were-you-were-just-coldhearted-thats-why-im-posting-your-stupid-pitucer-up-for-the-howle-world-to-see-ha-ha-lol
