https://knurl.bandcamp.com/album/6sp
https://knurl.bandcamp.com/album/a-common-liability
https://knurl.bandcamp.com/album/a-discrete-entity
https://knurl.bandcamp.com/album/a-scathing-attack-2
https://knurl.bandcamp.com/album/acidamide
https://knurl.bandcamp.com/album/affinity-for-disaster
https://knurl.bandcamp.com/album/autotropia
https://knurl.bandcamp.com/album/black-anathema
https://knurl.bandcamp.com/album/burning-the-surface
https://knurl.bandcamp.com/album/cause-to-execute
https://knurl.bandcamp.com/album/chainmeal-i-ii
https://knurl.bandcamp.com/album/climax-intervention
https://knurl.bandcamp.com/album/cytostatic
https://knurl.bandcamp.com/album/disassemblage
https://knurl.bandcamp.com/album/do-not-exceed-maximum
https://knurl.bandcamp.com/album/floritura-deuteranopia
https://knurl.bandcamp.com/album/halometh
https://knurl.bandcamp.com/album/hematoma
https://knurl.bandcamp.com/album/indicative-of-the-existence
https://knurl.bandcamp.com/album/inherent-attribution
https://knurl.bandcamp.com/album/invection
https://knurl.bandcamp.com/album/knurl-at-no-music-fest
https://knurl.bandcamp.com/album/magnetomotive
https://knurl.bandcamp.com/album/meatrag
https://knurl.bandcamp.com/album/mesencephentry
https://knurl.bandcamp.com/album/mesosoma
https://knurl.bandcamp.com/album/nervescrap
https://knurl.bandcamp.com/album/obtain-by-sacrifice
https://knurl.bandcamp.com/album/outside-diameter-payoff
https://knurl.bandcamp.com/album/parasphere
https://knurl.bandcamp.com/album/periodic-nephromucilaginosity
https://knurl.bandcamp.com/album/phenalsyasis
https://knurl.bandcamp.com/album/primary-halciation
https://knurl.bandcamp.com/album/provided-for-vital-processes
https://knurl.bandcamp.com/album/radical-torsion
https://knurl.bandcamp.com/album/sessions-52524
https://knurl.bandcamp.com/album/sterocytose
https://knurl.bandcamp.com/album/ternization
https://knurl.bandcamp.com/album/tetramatrix
https://knurl.bandcamp.com/album/tetrothema
https://knurl.bandcamp.com/album/the-desired-abrasion
https://knurl.bandcamp.com/album/the-final-decisive-moment
https://knurl.bandcamp.com/album/the-inciting-cause
https://knurl.bandcamp.com/album/the-induced-passion
https://knurl.bandcamp.com/album/the-magnitude-of-a-quantity-considered
https://knurl.bandcamp.com/album/the-main-axis
https://knurl.bandcamp.com/album/the-needed-stimulus
https://knurl.bandcamp.com/album/the-partial-exception
https://knurl.bandcamp.com/album/the-tide-of-unreason
https://knurl.bandcamp.com/album/the-unintentional-process
https://knurl.bandcamp.com/album/thirunantha
https://knurl.bandcamp.com/album/torus
https://knurl.bandcamp.com/album/vengeance-bade-weary
https://knurl.bandcamp.com/track/plasmacyanin
