https://elizabethveldon.bandcamp.com/album/-
https://elizabethveldon.bandcamp.com/album/--3
https://elizabethveldon.bandcamp.com/album/01110100-01110111-01101111-1-0-1
https://elizabethveldon.bandcamp.com/album/1
https://elizabethveldon.bandcamp.com/album/1-for-the-dead
https://elizabethveldon.bandcamp.com/album/1-from-three-sunsets
https://elizabethveldon.bandcamp.com/album/100
https://elizabethveldon.bandcamp.com/album/1145-12-09-2012-redux
https://elizabethveldon.bandcamp.com/album/18-cherry-blossoms-for-h
https://elizabethveldon.bandcamp.com/album/19112013
https://elizabethveldon.bandcamp.com/album/2
https://elizabethveldon.bandcamp.com/album/2-2
https://elizabethveldon.bandcamp.com/album/2-from-three-sunsets
https://elizabethveldon.bandcamp.com/album/24-07-2016-314pm
https://elizabethveldon.bandcamp.com/album/270915
https://elizabethveldon.bandcamp.com/album/3
https://elizabethveldon.bandcamp.com/album/30-fires-for-the-fire-spook
https://elizabethveldon.bandcamp.com/album/365
https://elizabethveldon.bandcamp.com/album/5-for-thomas-veldon
https://elizabethveldon.bandcamp.com/album/70-on-the-liberation-of-auschwitz
https://elizabethveldon.bandcamp.com/album/70000000
https://elizabethveldon.bandcamp.com/album/70hiroshima
https://elizabethveldon.bandcamp.com/album/a-blasted-victoriana-2013-remaster
https://elizabethveldon.bandcamp.com/album/a-canticle-for-frankie-knuckles
https://elizabethveldon.bandcamp.com/album/a-childhood-of-tape-hiss-and-violence
https://elizabethveldon.bandcamp.com/album/a-childs-war
https://elizabethveldon.bandcamp.com/album/a-cycle-repeating
https://elizabethveldon.bandcamp.com/album/a-definition-of-light
https://elizabethveldon.bandcamp.com/album/a-diary-of-holy-week
https://elizabethveldon.bandcamp.com/album/a-diaspora-in-reverse-four-songs-of-growing-up-in-the-west-coast-catholic-community-of-scotland
https://elizabethveldon.bandcamp.com/album/a-dream-of-allepo-in-ruins
https://elizabethveldon.bandcamp.com/album/a-dull-fury-encased-in-stasis
https://elizabethveldon.bandcamp.com/album/a-fanciful-imagining-of-rosslyn-chapel
https://elizabethveldon.bandcamp.com/album/a-fantasia-on-god-rest-you-merry-gentlemen-after-fahey
https://elizabethveldon.bandcamp.com/album/a-formal-consideration-of-the-symbolism-within-the-wind-among-the-reeds-in-light-of-yeats-nationalism-part-1
https://elizabethveldon.bandcamp.com/album/a-formal-consideration-of-the-symbolism-within-the-wind-among-the-reeds-in-light-of-yeats-nationalism-part-2
https://elizabethveldon.bandcamp.com/album/a-found-poem
https://elizabethveldon.bandcamp.com/album/a-geographical-fix
https://elizabethveldon.bandcamp.com/album/a-ghost-story-for-christmas
https://elizabethveldon.bandcamp.com/album/a-glasgow-type-for-charles
https://elizabethveldon.bandcamp.com/album/a-handwriting-exercise-for-michel-foucault
https://elizabethveldon.bandcamp.com/album/a-history-of-fields-and-industry
https://elizabethveldon.bandcamp.com/album/a-history-of-silence-culloden-moor-5032018
https://elizabethveldon.bandcamp.com/album/a-is-for
https://elizabethveldon.bandcamp.com/album/a-journey-towards-wholeness-for-jackie
https://elizabethveldon.bandcamp.com/album/a-late-snow-dusted-the-hills
https://elizabethveldon.bandcamp.com/album/a-lecture-on-oil-for-joseph-beuys-a-new-scottish-symphony-movements-1-and-2
https://elizabethveldon.bandcamp.com/album/a-litany-in-time-of-plague
https://elizabethveldon.bandcamp.com/album/a-long-period-comet-for-caroline-herschel
https://elizabethveldon.bandcamp.com/album/a-machine-for-nicky
https://elizabethveldon.bandcamp.com/album/a-map-of-privilege-a-map-of-pain
https://elizabethveldon.bandcamp.com/album/a-masculine-perspective
https://elizabethveldon.bandcamp.com/album/a-mass-for-lucy-meadows
https://elizabethveldon.bandcamp.com/album/a-mass-for-oscar-romero
https://elizabethveldon.bandcamp.com/album/a-meditation-on-the-book-of-job
https://elizabethveldon.bandcamp.com/album/a-mountain-shut-within-itself
https://elizabethveldon.bandcamp.com/album/a-movement-for-charles-darwin
https://elizabethveldon.bandcamp.com/album/a-night-in-winter-part-1
https://elizabethveldon.bandcamp.com/album/a-night-in-winter-part-2
https://elizabethveldon.bandcamp.com/album/a-night-on-gallows-hill
https://elizabethveldon.bandcamp.com/album/a-night-treasury-part-1
https://elizabethveldon.bandcamp.com/album/a-nightingale-sang-in-village-halls-a-civilian-song-book-part-1
https://elizabethveldon.bandcamp.com/album/a-poetic-tradition
https://elizabethveldon.bandcamp.com/album/a-poetic-tradition-2
https://elizabethveldon.bandcamp.com/album/a-portrait-of-the-artist-as-a-middle-aged-woman-who-smiles-at-dogs-and-children
https://elizabethveldon.bandcamp.com/album/a-prayer-for-jhonn
https://elizabethveldon.bandcamp.com/album/a-process-for-travis
https://elizabethveldon.bandcamp.com/album/a-process-of-decomposition-6-9
https://elizabethveldon.bandcamp.com/album/a-process-of-decomposition-part-1
https://elizabethveldon.bandcamp.com/album/a-process-of-unlearning-for-peggy-and-sophia
https://elizabethveldon.bandcamp.com/album/a-quiet-sky
https://elizabethveldon.bandcamp.com/album/a-readers-guide-for-seonaid
https://elizabethveldon.bandcamp.com/album/a-reflection-on-the-history-of-radio-astronomy
https://elizabethveldon.bandcamp.com/album/a-requiem-for-thomas-veldon
https://elizabethveldon.bandcamp.com/album/a-resurrection-for-april
https://elizabethveldon.bandcamp.com/album/a-ritual-before-sleep
https://elizabethveldon.bandcamp.com/album/a-ruined-hut-beset-by-the-winds
https://elizabethveldon.bandcamp.com/album/a-sad-tales-best-for-winter
https://elizabethveldon.bandcamp.com/album/a-section-from-my-distorted-vision-for-hildegard-of-bingen
https://elizabethveldon.bandcamp.com/album/a-section-of-biography-describing-two-narratives
https://elizabethveldon.bandcamp.com/album/a-sense-of-movement-for-rl
https://elizabethveldon.bandcamp.com/album/a-ship-of-ghosts-brought-me-here
https://elizabethveldon.bandcamp.com/album/a-short-note-on-the-prevalence-of-anti-transgender-narratives
https://elizabethveldon.bandcamp.com/album/a-short-piece-for-guitar-and-found-objects
https://elizabethveldon.bandcamp.com/album/a-shorter-history-of-radio-live-at-radiophrenia-and-three-practice-sessions
https://elizabethveldon.bandcamp.com/album/a-shorter-protestant-hymnal-for-rhondalea
https://elizabethveldon.bandcamp.com/album/a-sketch-towards-a-map-of-scotland
https://elizabethveldon.bandcamp.com/album/a-sleep-song
https://elizabethveldon.bandcamp.com/album/a-solstice-song
https://elizabethveldon.bandcamp.com/album/a-song-for-christmas-once-in-royal-davids-city
https://elizabethveldon.bandcamp.com/album/a-song-for-winter
https://elizabethveldon.bandcamp.com/album/a-soul-with-no-footprint
https://elizabethveldon.bandcamp.com/album/a-speck-of-dust-set-in-darkness-for-carl-sagan
https://elizabethveldon.bandcamp.com/album/a-still-point-for-susan
https://elizabethveldon.bandcamp.com/album/a-study-at-several-orders-of-magnitude
https://elizabethveldon.bandcamp.com/album/a-study-for-a-second-album-of-incidental-music-for-doctor-who-for-leon
https://elizabethveldon.bandcamp.com/album/a-study-of-two-relative-masses
https://elizabethveldon.bandcamp.com/album/a-study-towards-to-describe-a-photograph-for-cindy
https://elizabethveldon.bandcamp.com/album/a-suite-for-m-r-james
https://elizabethveldon.bandcamp.com/album/a-suite-of-wedding-music-for-ryan
https://elizabethveldon.bandcamp.com/album/a-text-for-rhondalea
https://elizabethveldon.bandcamp.com/album/a-thousand-miles-thinking-for-rl
https://elizabethveldon.bandcamp.com/album/a-tribute-to-the-topic-folk-samplers
https://elizabethveldon.bandcamp.com/album/a-typography-of-pain
https://elizabethveldon.bandcamp.com/album/a-vase-of-flowers-sitting-by-the-window-unregarded-and-covered-in-dust-but-vibrant-still-still-full-of-light-volume-1
https://elizabethveldon.bandcamp.com/album/a-vase-of-flowers-sitting-by-the-window-unregarded-and-covered-in-dust-but-vibrant-still-still-full-of-light-volume-2
https://elizabethveldon.bandcamp.com/album/a-vocal-exercise-for-rhondalea
https://elizabethveldon.bandcamp.com/album/a-wassailing-a-wassailing
https://elizabethveldon.bandcamp.com/album/a-winter-poem-for-sara
https://elizabethveldon.bandcamp.com/album/a-winter-song-for-faze
https://elizabethveldon.bandcamp.com/album/a-work-defined-by-stillness-and-for-scott
https://elizabethveldon.bandcamp.com/album/above-the-city-a-symbol-the-arthurs-seat-coffins
https://elizabethveldon.bandcamp.com/album/above-thy-deep-and-dreamless-sleep
https://elizabethveldon.bandcamp.com/album/accessing-the-quran-through-the-ghost-of-western-church-music
https://elizabethveldon.bandcamp.com/album/adam-lay-ibowndyn-bowndyn-in-a-bond
https://elizabethveldon.bandcamp.com/album/adieu-to-old-england-adieu
https://elizabethveldon.bandcamp.com/album/after-a-period-of-silence
https://elizabethveldon.bandcamp.com/album/after-stonewall-after-comptons
https://elizabethveldon.bandcamp.com/album/after-without-sanctuary-three-photographs-three-victims-and-a-song
https://elizabethveldon.bandcamp.com/album/all-all-are-in-my-thoughts-tonight-being-dead-in-memory-of-thomas-veldon
https://elizabethveldon.bandcamp.com/album/all-homes-have-memories
https://elizabethveldon.bandcamp.com/album/all-i-want-for-christmas-parts-1-and-2
https://elizabethveldon.bandcamp.com/album/all-i-was-saying-was-i-love-you-repeatedly-for-munchie
https://elizabethveldon.bandcamp.com/album/all-is-at-rest
https://elizabethveldon.bandcamp.com/album/all-the-dignity-you-can-muster
https://elizabethveldon.bandcamp.com/album/all-the-rest-have-thirty-one-in-memory-of-laetitia
https://elizabethveldon.bandcamp.com/album/all-things-are-passing-disolving-fading-away-a-second-lament-for-john-macdonald-after-oighrig-ni-illeasbaig-dhomhnallach-euphemia-macdonald
https://elizabethveldon.bandcamp.com/album/all-we-have-now-is-each-other
https://elizabethveldon.bandcamp.com/album/ameratsu-on-the-origin-of-species-a-short-introduction-and-seven-chapters-remix
https://elizabethveldon.bandcamp.com/album/american-political-life-is-a-pit-of-snakes
https://elizabethveldon.bandcamp.com/album/an-alchemic-process-for-derek-jarman
https://elizabethveldon.bandcamp.com/album/an-alchemy
https://elizabethveldon.bandcamp.com/album/an-alternitive-soundtrack-to-the-great-white-silence
https://elizabethveldon.bandcamp.com/album/an-anglo-saxon-songbook-part-1-riddles-for-ade
https://elizabethveldon.bandcamp.com/album/an-anglo-saxon-songbook-part-2-shorter-poems-for-jude-cowan-montague
https://elizabethveldon.bandcamp.com/album/an-anglo-saxon-songbook-part-3-charms-and-spells-for-james-wise-magus
https://elizabethveldon.bandcamp.com/album/an-aspect-of-hills-in-differing-light
https://elizabethveldon.bandcamp.com/album/an-eala-bh-n-fort-george-11-08-17
https://elizabethveldon.bandcamp.com/album/an-elegy-for-fred-phelps
https://elizabethveldon.bandcamp.com/album/an-empty-room-redux
https://elizabethveldon.bandcamp.com/album/an-evenings-entertainment-the-audiobook-project-part-1
https://elizabethveldon.bandcamp.com/album/an-evocation-of-a-proximity-sensor
https://elizabethveldon.bandcamp.com/album/an-evocation-of-rain
https://elizabethveldon.bandcamp.com/album/an-illustration-of-formal-structure-with-reference-to-donnes-holy-sonnets-part-1-of-3
https://elizabethveldon.bandcamp.com/album/an-improvisation-on-election-night
https://elizabethveldon.bandcamp.com/album/an-infinite-series-for-my-maths-lecturer
https://elizabethveldon.bandcamp.com/album/an-island-beset-by-the-seas
https://elizabethveldon.bandcamp.com/album/an-old-soldier-with-a-wooden-head-three-texts-by-erik-satie
https://elizabethveldon.bandcamp.com/album/an-organ-dedicated-to-purcell
https://elizabethveldon.bandcamp.com/album/an-unsentimental-song-for-andy-which-seeks-to-express-love
https://elizabethveldon.bandcamp.com/album/and-am-i-born-to-die
https://elizabethveldon.bandcamp.com/album/and-here-is-the-ring-that-was-broken-between-us-in-the-midst-of-all-danger-love-to-remind-me-of-you
https://elizabethveldon.bandcamp.com/album/and-if-any-question-why-we-lived-we-will-reply-for-the-one-million-acts-of-kindness-we-could-bestow-the-fragments-of-compassion-the-love-and-the-hope-of-easing-the-pain-of-others-for-this-and-a-m
https://elizabethveldon.bandcamp.com/album/and-not-only-for-those-who-are-harmed-but-those-who-harm-who-wander-in-darkness-for-them-a-grace-a-light
https://elizabethveldon.bandcamp.com/album/and-the-angel-that-talked-with-me-came-again-and-waked-me-as-a-man-that-is-wakened-out-of-his-sleep-and-said-unto-me-what-seest-thou
https://elizabethveldon.bandcamp.com/album/and-the-tenor-bell-i-suppose-owing-to-some-negligence-on-the-part-of-the-ringers-kept-sounding-faintly-about-once-in-a-minute-during-the-sermon
https://elizabethveldon.bandcamp.com/album/and-then-i-think-the-sun
https://elizabethveldon.bandcamp.com/album/and-then-i-thought-its-only-us-two-left-for-marie
https://elizabethveldon.bandcamp.com/album/and-we-will-never-leave-you
https://elizabethveldon.bandcamp.com/album/and-what-was-in-those-ships-all-three
https://elizabethveldon.bandcamp.com/album/and-when-the-boys-asked-her-sibyl-what-do-you-want-she-answered
https://elizabethveldon.bandcamp.com/album/and-will-he-not-come-again
https://elizabethveldon.bandcamp.com/album/another-sun-selected-compilation-tracks-from-ilsa-records
https://elizabethveldon.bandcamp.com/album/another-year-has-passed-and-your-death-has-not-rattled-the-windows-or-stirred-the-dry-leaves-that-have-begun-to-fall
https://elizabethveldon.bandcamp.com/album/antiquities
https://elizabethveldon.bandcamp.com/album/approaching-forty
https://elizabethveldon.bandcamp.com/album/apropos-of-nothing-261216
https://elizabethveldon.bandcamp.com/album/around-the-cairn-the-wagtails-are-dancing
https://elizabethveldon.bandcamp.com/album/as-i-walk-past-the-walls-of-south-leith-parish-church-i-think-of-those-lost-at-sea
https://elizabethveldon.bandcamp.com/album/as-i-woke-and-heard-the-rain
https://elizabethveldon.bandcamp.com/album/as-night-fell-we-waited-our-hands-in-our-laps
https://elizabethveldon.bandcamp.com/album/at-five-oclock-in-the-morning-solo-albums-from-black-circle-records
https://elizabethveldon.bandcamp.com/album/at-low-tide-the-witches-grave-pool-is-flooded-with-the-song-of-herons
https://elizabethveldon.bandcamp.com/album/at-night-the-streets
https://elizabethveldon.bandcamp.com/album/at-the-closing-of-the-year-we-remember-the-dead
https://elizabethveldon.bandcamp.com/album/autumn-is-the-domain-of-sleep
https://elizabethveldon.bandcamp.com/album/barbarossa
https://elizabethveldon.bandcamp.com/album/because-you-love-to-be-with-me-as-i-make-music-i-make-this-song-to-help-you-sleep
https://elizabethveldon.bandcamp.com/album/before-the-revolution-i-drank-sweet-wine-and-smoked-cigerettes
https://elizabethveldon.bandcamp.com/album/behold-a-fourth-beast-dreadful-and-terrible-and-strong-exceedingly-and-it-had-great-iron-teeth-the-gorbals-vampire
https://elizabethveldon.bandcamp.com/album/between-the-shore-and-the-woods
https://elizabethveldon.bandcamp.com/album/between-the-soft-moor-and-the-soft-sky
https://elizabethveldon.bandcamp.com/album/birdsong-for-ai-weiwei
https://elizabethveldon.bandcamp.com/album/black-circle-reissue-series-volume-1-pressed-flowers-and-two-discussions-of-ufology
https://elizabethveldon.bandcamp.com/album/black-circle-reissue-series-volume-2-tate-and-lyle-collected-works-and-gender-free-childhood-boys-and-girls-in-a-gender-free-childhood
https://elizabethveldon.bandcamp.com/album/black-circle-reissue-series-volume-3-cerebral-soulless-shit-and-limbs-on-the-common
https://elizabethveldon.bandcamp.com/album/black-circle-reissue-series-volume-4-then-i-think-of-wood-and-i-think-of-my-bones-as-wood-something-slow-and-put-here-a-long-time-ago-and-ex-libris-trismegistus
https://elizabethveldon.bandcamp.com/album/black-circle-reissue-series-volume-5-left-right-for-peetura-and-commit-your-voice-to-the-ether-before-everything-is-lost
https://elizabethveldon.bandcamp.com/album/blood-brain-barrier
https://elizabethveldon.bandcamp.com/album/blossom-trees-in-a-time-of-plague
https://elizabethveldon.bandcamp.com/album/blurs-of-light
https://elizabethveldon.bandcamp.com/album/bounded-by-water-we-filled-this-valley-with-graves
https://elizabethveldon.bandcamp.com/album/branches-from-a-tree-two-drone-albums-formally-published-by-red-venice-records
https://elizabethveldon.bandcamp.com/album/brenhilda-sleeps-with-a-shags-nest-in-her-ribcage
https://elizabethveldon.bandcamp.com/album/broken-robot-repair-job
https://elizabethveldon.bandcamp.com/album/but-its-not-winter-yet
https://elizabethveldon.bandcamp.com/album/but-she-s-become-a-fish-again-three-supernatural-ballads
https://elizabethveldon.bandcamp.com/album/by-ditton-meadows-you-walked-and-walk-there-still-a-gladness-unfolding-in-the-air
https://elizabethveldon.bandcamp.com/album/by-easter-carbeth-there-we-sat-down-yea-we-wept-when-we-remembered-zion
https://elizabethveldon.bandcamp.com/album/by-not-keeping-still-for-phil
https://elizabethveldon.bandcamp.com/album/c-j-wills-md-laments-the-discomfort-of-his-riding-boots-and-afterwards-mentions-the-condition-of-the-jewish-people-in-19th-century-persia-but-mostly-laments-the-condition-of-his-boots
https://elizabethveldon.bandcamp.com/album/camden-and-kings-cross-for-tina
https://elizabethveldon.bandcamp.com/album/change-and-decay-all-around-i-see
https://elizabethveldon.bandcamp.com/album/change-and-decay-all-around-i-see-responses-to-abide-with-me-for-jackie-as-a-gesture-towards-a-gift
https://elizabethveldon.bandcamp.com/album/characterset
https://elizabethveldon.bandcamp.com/album/christ-reborn-as-twins-on-the-streets-of-cambridge
https://elizabethveldon.bandcamp.com/album/christmas-under-fire
https://elizabethveldon.bandcamp.com/album/clabbernappers-mawkins-and-thrummy-caps
https://elizabethveldon.bandcamp.com/album/cold-and-hungry-i-came-to-this-place-and-there-was-a-fire-burning
https://elizabethveldon.bandcamp.com/album/come-not-to-sojourn-but-abide-with-me
https://elizabethveldon.bandcamp.com/album/common-themes-in-european-fascism-volume-1-class-and-socialist-rhetoric
https://elizabethveldon.bandcamp.com/album/common-themes-in-european-fascism-volume-2-myth-and-tradition
https://elizabethveldon.bandcamp.com/album/common-themes-in-european-fascism-volume-3-two-definitions-of-fascism
https://elizabethveldon.bandcamp.com/album/computer-music-revisited
https://elizabethveldon.bandcamp.com/album/cuidus-contrarium-verum-est-a-life-of-christine-the-astonishing-chapters-eleven-to-fifteen
https://elizabethveldon.bandcamp.com/album/cuidus-contrarium-verum-est-a-life-of-christine-the-astonishing-chapters-one-to-five
https://elizabethveldon.bandcamp.com/album/cuidus-contrarium-verum-est-a-life-of-christine-the-astonishing-chapters-six-to-ten
https://elizabethveldon.bandcamp.com/album/cuidus-contrarium-verum-est-a-life-of-christine-the-astonishing-chapters-sixteen-to-twenty
https://elizabethveldon.bandcamp.com/album/d-12-07-25-for-thomas-veldon
https://elizabethveldon.bandcamp.com/album/david-rending-the-jaws-of-the-lion-amidst-a-score-of-broken-cross-slabs
https://elizabethveldon.bandcamp.com/album/defining-place-by-its-dislocation
https://elizabethveldon.bandcamp.com/album/dies-natalis-solis-invicti
https://elizabethveldon.bandcamp.com/album/disembodiment-embodiment-24-figures-for-alex
https://elizabethveldon.bandcamp.com/album/distance
https://elizabethveldon.bandcamp.com/album/distant-hills-dream-of-winter
https://elizabethveldon.bandcamp.com/album/dna
https://elizabethveldon.bandcamp.com/album/down-at-the-old-bull-and-bush-in-memoriam-tina-hibbins
https://elizabethveldon.bandcamp.com/album/dr-who-at-the-two-apple-trees-workshop
https://elizabethveldon.bandcamp.com/album/drawing-the-sortes
https://elizabethveldon.bandcamp.com/album/dreams-of-falling
https://elizabethveldon.bandcamp.com/album/du-mu-t-nicht-die-nacht-in-dir-verschr-nken-mu-t-sie-ins-ewge-licht-versenken-transgender-day-of-remembrance-2020
https://elizabethveldon.bandcamp.com/album/dumbartons-drums-for-jean-redpath
https://elizabethveldon.bandcamp.com/album/each-performance-is-a-fresh-improvisation-a-new-attempt-to-define-a-language-for-your-instrument-a-new-set-of-gestures-which-builds-upon-but-does-not-seek-to-replicate-each-performance-and-each-s
https://elizabethveldon.bandcamp.com/album/early-works-noise-works
https://elizabethveldon.bandcamp.com/album/earth-stood-hard-as-iron-water-like-a-stone
https://elizabethveldon.bandcamp.com/album/easter-1916-100
https://elizabethveldon.bandcamp.com/album/ecce-homo
https://elizabethveldon.bandcamp.com/album/eight-essays-on-falling
https://elizabethveldon.bandcamp.com/album/elements
https://elizabethveldon.bandcamp.com/album/elizabeth-veldons-election-diary-week-2
https://elizabethveldon.bandcamp.com/album/elizabeth-veldons-election-diary-week-one
https://elizabethveldon.bandcamp.com/album/elizabeth-veldons-election-diary-week-three
https://elizabethveldon.bandcamp.com/album/elizabeths-twelve-days-of-christmas-jazz
https://elizabethveldon.bandcamp.com/album/ely-cathedral-west-door-15-09-19
https://elizabethveldon.bandcamp.com/album/en-meditativ-fred-f-r-laetitia-schteinberg
https://elizabethveldon.bandcamp.com/album/encompass-me-in-your-eyes-wild-calm
https://elizabethveldon.bandcamp.com/album/entrance-and-recessional
https://elizabethveldon.bandcamp.com/album/excuse-me-sir-but-i-think-this-record-is-broken
https://elizabethveldon.bandcamp.com/album/exploring-representations-of-poverty-and-resistance-in-british-folk-music
https://elizabethveldon.bandcamp.com/album/faith-hope-and-empathy-1-corinthians-13
https://elizabethveldon.bandcamp.com/album/falling-always-falling-for-a
https://elizabethveldon.bandcamp.com/album/falling-into-autumn
https://elizabethveldon.bandcamp.com/album/fear-not-for-i-have-redeemed-thee-i-have-called-thee-by-thy-name-thou-art-mine
https://elizabethveldon.bandcamp.com/album/fields-of-purple-seed-heads
https://elizabethveldon.bandcamp.com/album/figured-in-the-drift-of-stars-selected-tracks-from-compilations-on-black-circle-records
https://elizabethveldon.bandcamp.com/album/five-dances-for-larry-eigner
https://elizabethveldon.bandcamp.com/album/five-evocations-of-loss-for-james-and-catherine
https://elizabethveldon.bandcamp.com/album/five-explorations-of-a-geometric-shape-for-rhondalea
https://elizabethveldon.bandcamp.com/album/five-figures-after-mccoy-tyners-piano-on-the-second-take-of-greensleeves-group-1
https://elizabethveldon.bandcamp.com/album/five-figures-after-mccoy-tyners-piano-on-the-second-take-of-greensleeves-group-2
https://elizabethveldon.bandcamp.com/album/five-figures-for-molly-bloom
https://elizabethveldon.bandcamp.com/album/five-poems-from-the-man-with-the-night-sweats
https://elizabethveldon.bandcamp.com/album/five-reflections-on-the-dark-nights-of-winter
https://elizabethveldon.bandcamp.com/album/five-saint-elizabeths
https://elizabethveldon.bandcamp.com/album/five-selections-from-the-birds-of-the-british-isles-and-their-eggs-by-t-a-coward
https://elizabethveldon.bandcamp.com/album/five-short-dances-from-the-merry-muses-of-caledonia
https://elizabethveldon.bandcamp.com/album/five-soundtracks-to-short-silent-films
https://elizabethveldon.bandcamp.com/album/five-variations-on-hail-the-conquering-hero-culloden-6517
https://elizabethveldon.bandcamp.com/album/five-variations-on-the-gettysburg-address-for-monica-isabel-sanchez
https://elizabethveldon.bandcamp.com/album/fivetimesfiftyfortallis
https://elizabethveldon.bandcamp.com/album/flow
https://elizabethveldon.bandcamp.com/album/fluff-from-my-pocket
https://elizabethveldon.bandcamp.com/album/fontanamix-fontanamixfeed
https://elizabethveldon.bandcamp.com/album/fools-for-christ-towards-a-study-of-christine-the-astonishing
https://elizabethveldon.bandcamp.com/album/for-all-my-dead-songs
https://elizabethveldon.bandcamp.com/album/for-analogue-piano
https://elizabethveldon.bandcamp.com/album/for-ariana-grande-in-recognition-of-her-desperation
https://elizabethveldon.bandcamp.com/album/for-beth-who-is-abed
https://elizabethveldon.bandcamp.com/album/for-charlie-and-ibrahim-that-they-lie-in-the-same-grave
https://elizabethveldon.bandcamp.com/album/for-eliane-radigue
https://elizabethveldon.bandcamp.com/album/for-gods-invincible-spring-our-love-is-made-afraid
https://elizabethveldon.bandcamp.com/album/for-i-will-consider-my-cat-nickholas
https://elizabethveldon.bandcamp.com/album/for-john-cage
https://elizabethveldon.bandcamp.com/album/for-lydia-who-gives-expression-to-flowers
https://elizabethveldon.bandcamp.com/album/for-movement
https://elizabethveldon.bandcamp.com/album/for-my-father-his-rotting-memory
https://elizabethveldon.bandcamp.com/album/for-nicky
https://elizabethveldon.bandcamp.com/album/for-nicky-whos-dreams-manifest-bluebells
https://elizabethveldon.bandcamp.com/album/for-nq-o-s
https://elizabethveldon.bandcamp.com/album/for-shaking-hands-sonatas-and-interludes-for-billy-connoly
https://elizabethveldon.bandcamp.com/album/for-software-piano
https://elizabethveldon.bandcamp.com/album/for-the-birds-on-st-valentines-day
https://elizabethveldon.bandcamp.com/album/for-you-alison-the-grace-of-god-which-does-not-leave-you-in-illness-or-even-now-while-you-sleep-or-later-when-you-wake
https://elizabethveldon.bandcamp.com/album/four-gestures-towards-a-lost-girlhood
https://elizabethveldon.bandcamp.com/album/four-improvisations
https://elizabethveldon.bandcamp.com/album/four-improvisations-useing-a-moog-werkstatt-01
https://elizabethveldon.bandcamp.com/album/four-laments-for-the-makars-of-iona
https://elizabethveldon.bandcamp.com/album/four-landscapes
https://elizabethveldon.bandcamp.com/album/four-lost-or-unpublished-works
https://elizabethveldon.bandcamp.com/album/four-lyrics-and-three-passages-from-four-quartets
https://elizabethveldon.bandcamp.com/album/four-maps-of-the-afterlife
https://elizabethveldon.bandcamp.com/album/four-short-fighting-songs-for-the-swing-kids-for-daniel
https://elizabethveldon.bandcamp.com/album/four-situations-from-atkinsons-expedition-of-1833
https://elizabethveldon.bandcamp.com/album/four-songs-burning
https://elizabethveldon.bandcamp.com/album/four-songs-by-john-dowland-part-1-flow-my-tears-fall-for-jude
https://elizabethveldon.bandcamp.com/album/four-songs-by-john-dowland-part-2-can-she-excuse-my-wrongs-for-jude
https://elizabethveldon.bandcamp.com/album/four-songs-by-john-dowland-part-3-his-golden-locks-time-hath-to-silver-turned-for-jude
https://elizabethveldon.bandcamp.com/album/four-songs-by-john-dowland-part-4-i-saw-my-lady-weep-for-jude
https://elizabethveldon.bandcamp.com/album/four-songs-from-herds-ancient-and-modern-scottish-songs-volume-1
https://elizabethveldon.bandcamp.com/album/four-tracks-for-a-dancefloor
https://elizabethveldon.bandcamp.com/album/four-variations-on-disintegration
https://elizabethveldon.bandcamp.com/album/four-winter-impressions
https://elizabethveldon.bandcamp.com/album/four-years-of-growing-older-than-you-for-thomas
https://elizabethveldon.bandcamp.com/album/from-a-distant-point-everything-is-at-peace-and-there-is-no-pain-thus-is-the-mind-of-god
https://elizabethveldon.bandcamp.com/album/from-depth-of-sin-and-from-a-deep-despair-from-depth-of-death-from-depth-of-heart-s-sorrow
https://elizabethveldon.bandcamp.com/album/from-five-songs-on-forgetting-scots
https://elizabethveldon.bandcamp.com/album/from-how-shall-we-sing-the-lords-song-in-a-strange-land-five-psalms
https://elizabethveldon.bandcamp.com/album/from-laika-other-works
https://elizabethveldon.bandcamp.com/album/from-laika-other-works-2
https://elizabethveldon.bandcamp.com/album/from-six-ghost-stories
https://elizabethveldon.bandcamp.com/album/from-the-highest-point-of-the-park-you-turn-right-and-descend-into-the-valley-once-filled-by-a-lake
https://elizabethveldon.bandcamp.com/album/from-the-highest-point-of-the-park-you-turn-right-and-descend-into-the-valley-once-filled-by-a-lake-2
https://elizabethveldon.bandcamp.com/album/gathering-voices-in-silence
https://elizabethveldon.bandcamp.com/album/gestures-toward-a-changing-climate-a-duet-with-storm-floris
https://elizabethveldon.bandcamp.com/album/gesturing-towards-invasion-between-the-acts-and-woolfs-diaries
https://elizabethveldon.bandcamp.com/album/ghosts
https://elizabethveldon.bandcamp.com/album/glen-tanar-2
https://elizabethveldon.bandcamp.com/album/glengoyne-surrenders-to-winter-and-all-the-valleys-fill-with-snow
https://elizabethveldon.bandcamp.com/album/global-frequency-responce
https://elizabethveldon.bandcamp.com/album/golden-head-black-wing
https://elizabethveldon.bandcamp.com/album/golden-lads-and-lassies-must
https://elizabethveldon.bandcamp.com/album/good-king-wenceslas-advent-pieces-2
https://elizabethveldon.bandcamp.com/album/green-shadow-sings-the-songs-of-green-shadow
https://elizabethveldon.bandcamp.com/album/h-2
https://elizabethveldon.bandcamp.com/album/halloween-in-a-haunted-world
https://elizabethveldon.bandcamp.com/album/he-is-coming-granton-primary-school
https://elizabethveldon.bandcamp.com/album/healing-music-for-paul
https://elizabethveldon.bandcamp.com/album/heart-of-driving-the-night-into-saturday
https://elizabethveldon.bandcamp.com/album/here-is-a-seed-henychesk-kherson-region-24-02-22
https://elizabethveldon.bandcamp.com/album/hiss-and-digital-effects-echos-and-edits-for-hendry
https://elizabethveldon.bandcamp.com/album/hitler-and-mussolini-are-only-historical-figures-manifesting-a-particular-trait-in-european-politics
https://elizabethveldon.bandcamp.com/album/holy-wells-and-their-uses-for-aoife
https://elizabethveldon.bandcamp.com/album/how-great-a-loss
https://elizabethveldon.bandcamp.com/album/how-long-dead
https://elizabethveldon.bandcamp.com/album/how-long-how-long-for-thomas
https://elizabethveldon.bandcamp.com/album/hurry-up-its-getting-dark
https://elizabethveldon.bandcamp.com/album/i-am-sitting-in-your-garden-can-you-see-me
https://elizabethveldon.bandcamp.com/album/i-am-the-collector-volume-1-landscapes
https://elizabethveldon.bandcamp.com/album/i-am-the-collector-volume-2-poetry-music-and-the-arts
https://elizabethveldon.bandcamp.com/album/i-am-the-collector-volume-3-death-grief-and-the-shoah
https://elizabethveldon.bandcamp.com/album/i-am-the-collector-volume-4-music-for-music-music-for-art
https://elizabethveldon.bandcamp.com/album/i-am-the-collector-volume-5-another-look-at-landscape
https://elizabethveldon.bandcamp.com/album/i-am-the-collector-volume-five-how-did-we-get-here-part-one
https://elizabethveldon.bandcamp.com/album/i-am-the-collector-volume-five-how-did-we-get-here-part-two
https://elizabethveldon.bandcamp.com/album/i-am-the-collector-volume-six-piano-works-part-one
https://elizabethveldon.bandcamp.com/album/i-am-winter
https://elizabethveldon.bandcamp.com/album/i-believe-there-will-be-saying-of-mass-and-singing-of-dirges-i-had-no-notion-they-came-so-dear
https://elizabethveldon.bandcamp.com/album/i-break-everything
https://elizabethveldon.bandcamp.com/album/i-can-not-eat-i-am-dying
https://elizabethveldon.bandcamp.com/album/i-changed-my-sex
https://elizabethveldon.bandcamp.com/album/i-consume-it-consumes-us-practice-sessions-and-live
https://elizabethveldon.bandcamp.com/album/i-dreamt-i-stood-on-a-ladder-in-a-village-outside-cambridge-and-saw-the-world-encapsulated-within-the-fens-infinite-and-beautiful
https://elizabethveldon.bandcamp.com/album/i-dreamt-we-where-walking-down-the-motorway-between-coatbridge-and-chappelhall-and-the-verges-where-luxuriant-while-the-cars-glided-past-silently-for-marie
https://elizabethveldon.bandcamp.com/album/i-first-reconciled-myself-to-death-while-walking-the-route-of-the-old-turnpike-road-near-the-house-where-my-grandmother-lived
https://elizabethveldon.bandcamp.com/album/i-have-been-opening-the-windows-to-let-in-light
https://elizabethveldon.bandcamp.com/album/i-have-taken-the-military-roads-ardersier-to-fort-george-1-7-19
https://elizabethveldon.bandcamp.com/album/i-haw-seen-elf-arrwows-maid-the-divell-dights-them-and-the-elf-boyes-quhytes-them
https://elizabethveldon.bandcamp.com/album/i-know-the-path-for-a
https://elizabethveldon.bandcamp.com/album/i-learned-that-the-death-of-each-victim-carries-importance-i-want-to-convey-that
https://elizabethveldon.bandcamp.com/album/i-let-you-fall-for-helen
https://elizabethveldon.bandcamp.com/album/i-love-you-more-than-air
https://elizabethveldon.bandcamp.com/album/i-make-this-song-about-myself-revisiting-cuidus-contrarium-verum-est
https://elizabethveldon.bandcamp.com/album/i-met-my-brother-walking-on-the-common-where-the-plague-houses-once-stood-cleansing-the-land-with-joy-happy-in-death-and-free-from-pain
https://elizabethveldon.bandcamp.com/album/i-saw-the-wizard-of-west-bow-astride-a-headless-horse-as-i-assended-to-victoria-street
https://elizabethveldon.bandcamp.com/album/i-saw-three-ships-advent-pieces-4
https://elizabethveldon.bandcamp.com/album/i-was-brave-on-my-first-day-at-school-five-hospital-stories
https://elizabethveldon.bandcamp.com/album/i-was-walking-in-silent-streets
https://elizabethveldon.bandcamp.com/album/i-will-allow-myself-to-find-the-still-point-at-which-i-can-express-my-sorrow-for-this-loss-for-seonaid
https://elizabethveldon.bandcamp.com/album/i-woke-i-did-indeed-a-million-years-before-the-blooming-sun
https://elizabethveldon.bandcamp.com/album/i-woke-up-and-could-not-see-the-campsies
https://elizabethveldon.bandcamp.com/album/ianrnlacl-arvrvaac-for-maddiemx-for-her-body-to-become-a-sight-of-spontaneous-joy
https://elizabethveldon.bandcamp.com/album/id-situation-remixes-for-broken-cctv-cameras-and-video-tape
https://elizabethveldon.bandcamp.com/album/if-god-is-present-god-is-in-the-woods-at-culloden
https://elizabethveldon.bandcamp.com/album/if-i-can-shoot-rabbits-then-i-can-shoot-fascists
https://elizabethveldon.bandcamp.com/album/if-i-was-a-believer-i-would-pray-for-him
https://elizabethveldon.bandcamp.com/album/if-we-are-ever-alone-three-nights-of-darkness-for-easter-2021-night-1
https://elizabethveldon.bandcamp.com/album/if-we-are-ever-alone-three-nights-of-darkness-for-easter-2021-night-2
https://elizabethveldon.bandcamp.com/album/if-we-are-ever-alone-three-nights-of-darkness-for-easter-2021-night-3
https://elizabethveldon.bandcamp.com/album/if-we-shadows-have-offended-think-on-this-and-all-is-mended
https://elizabethveldon.bandcamp.com/album/im-not-afraid-any-more
https://elizabethveldon.bandcamp.com/album/imortal-seeming-ever-eight-war-poems
https://elizabethveldon.bandcamp.com/album/improvisation
https://elizabethveldon.bandcamp.com/album/improvisation-for-electric-organ
https://elizabethveldon.bandcamp.com/album/improvisation-in-three-movements
https://elizabethveldon.bandcamp.com/album/in-her-eyes-space-is-curved-and-it-is-possible-to-have-a-straight-line
https://elizabethveldon.bandcamp.com/album/in-remembrance-of-maria-anna-mozart
https://elizabethveldon.bandcamp.com/album/in-spite-of-that-we-call-this-friday-good
https://elizabethveldon.bandcamp.com/album/in-the-darkening-night-the-trees-are-falling-asleep
https://elizabethveldon.bandcamp.com/album/in-the-hills-near-scaniport-we-found-two-trees-growing-together-across-the-path-and-this-was-a-gateway
https://elizabethveldon.bandcamp.com/album/in-the-night-i-read-of-ghosts
https://elizabethveldon.bandcamp.com/album/in-the-ruined-chapel-the-wind-sings-2
https://elizabethveldon.bandcamp.com/album/iona
https://elizabethveldon.bandcamp.com/album/it-will-not-be-long-love-until-our-wedding-day
https://elizabethveldon.bandcamp.com/album/its-getting-dark
https://elizabethveldon.bandcamp.com/album/its-ok-you-where-sleeping-for-catherine
https://elizabethveldon.bandcamp.com/album/ive-been-falling-over
https://elizabethveldon.bandcamp.com/album/ive-never-been-a-patriot
https://elizabethveldon.bandcamp.com/album/jamie-foyers-dream-of-the-rood
https://elizabethveldon.bandcamp.com/album/jenny-wi-the-iron-teeth
https://elizabethveldon.bandcamp.com/album/jerusalem-the-golden-the-only-thing-we-have-to-fear-is-fear-itself
https://elizabethveldon.bandcamp.com/album/just-say-no-to-rockism-for-travis
https://elizabethveldon.bandcamp.com/album/kindertransportlieder
https://elizabethveldon.bandcamp.com/album/kristallnacht-2013
https://elizabethveldon.bandcamp.com/album/lachrim-for-arwen
https://elizabethveldon.bandcamp.com/album/laika
https://elizabethveldon.bandcamp.com/album/last-christmas-i-gave-you-my-drone
https://elizabethveldon.bandcamp.com/album/last-night-i-dreamt-of-cambridge-again
https://elizabethveldon.bandcamp.com/album/last-night-i-dreamt-of-the-roman-road-again-the-road-and-the-wood-and-the-drive-from-cherry-hinton-in-the-summer-in-the-sun
https://elizabethveldon.bandcamp.com/album/last-night-i-followed-your-ghost-from-stourbridge-common-to-baits-bite-lock
https://elizabethveldon.bandcamp.com/album/leave-behind-everything-you-dont-need
https://elizabethveldon.bandcamp.com/album/like-a-broken-record-selected-compilation-tracks-from-black-circle-records
https://elizabethveldon.bandcamp.com/album/like-dust-smoke-ghosts-on-the-bombing-of-nagasaki
https://elizabethveldon.bandcamp.com/album/like-falling-forever
https://elizabethveldon.bandcamp.com/album/like-wakening-refreshed-from-a-long-sleep
https://elizabethveldon.bandcamp.com/album/linier-narratives
https://elizabethveldon.bandcamp.com/album/little-town-of-bethlehem-advent-pieces-3
https://elizabethveldon.bandcamp.com/album/live-at-a-little-bit-of-theatre-tuesday-28th-may-2012
https://elizabethveldon.bandcamp.com/album/live-at-blackfriers-glasgow-25th-of-june-2013
https://elizabethveldon.bandcamp.com/album/live-soundtrack-to-south
https://elizabethveldon.bandcamp.com/album/loch-ness-by-dores
https://elizabethveldon.bandcamp.com/album/lowland-islands-1-greater-cumbrea
https://elizabethveldon.bandcamp.com/album/machines-for-jean-tinguely
https://elizabethveldon.bandcamp.com/album/mahler-s-1st-symphony-re-imagined-as-ice-water-dripping-in-a-thaw
https://elizabethveldon.bandcamp.com/album/male-critics-and-more-selected-work-from-reactivation-congress
https://elizabethveldon.bandcamp.com/album/maps
https://elizabethveldon.bandcamp.com/album/marginalia-for-douglas
https://elizabethveldon.bandcamp.com/album/marys-song
https://elizabethveldon.bandcamp.com/album/memento-mori-elgin-cathedral-28-07-17
https://elizabethveldon.bandcamp.com/album/mid-summer-in-doggerland
https://elizabethveldon.bandcamp.com/album/milngavie-to-carbeth
https://elizabethveldon.bandcamp.com/album/milton-road-to-nepal-for-ghoti
https://elizabethveldon.bandcamp.com/album/mis-air-airing-baidh-us-burrail-measg-nan-glumag-eagalaich-i-was-drowning-and-howling-amongst-the-horrid-pools
https://elizabethveldon.bandcamp.com/album/miscellanea
https://elizabethveldon.bandcamp.com/album/moodsetter-pacesetter-scenic-light-documentary-noise-silence
https://elizabethveldon.bandcamp.com/album/motorway
https://elizabethveldon.bandcamp.com/album/music-for-a-horror-film
https://elizabethveldon.bandcamp.com/album/music-for-a-lost-lauren-bacall-film
https://elizabethveldon.bandcamp.com/album/music-for-a-while-after-purcell
https://elizabethveldon.bandcamp.com/album/music-for-christians-tea-party
https://elizabethveldon.bandcamp.com/album/music-for-dead-buildings
https://elizabethveldon.bandcamp.com/album/music-for-dead-factories-1-3
https://elizabethveldon.bandcamp.com/album/music-for-the-rosetta-probe
https://elizabethveldon.bandcamp.com/album/music-for-the-solstice
https://elizabethveldon.bandcamp.com/album/music-from-the-film-where-he-dreamt-he-had-died-sonatas-and-interludes-for-marie
https://elizabethveldon.bandcamp.com/album/musica-universalis
https://elizabethveldon.bandcamp.com/album/my-craft-or-sullen-art
https://elizabethveldon.bandcamp.com/album/my-distorted-vision-for-hildegard-of-bingen-2
https://elizabethveldon.bandcamp.com/album/my-language-comes-and-goes
https://elizabethveldon.bandcamp.com/album/new-music-for-travis-nsic-for-trew-muavis-nsor-treic-fw-muavis-nsor-treic-fvisw-mua-sor-tre-nivisca-fw-mu-new-words-for-travis
https://elizabethveldon.bandcamp.com/album/new-years-day-baldernock-sonatas-and-interludes-for-a-rural-life
https://elizabethveldon.bandcamp.com/album/night-and-fog-for-thomas-veldon
https://elizabethveldon.bandcamp.com/album/nine-fields-collected-field-recordings-from-black-circle-in-the-field
https://elizabethveldon.bandcamp.com/album/notes-towards-a-mass-for-orlando
https://elizabethveldon.bandcamp.com/album/notes-towards-a-model-of-the-economic-redistribution-of-poetry-part-1-of-3
https://elizabethveldon.bandcamp.com/album/notes-towards-a-model-of-the-economic-redistribution-of-poetry-part-2-of-3
https://elizabethveldon.bandcamp.com/album/notes-towards-a-model-of-the-economic-redistribution-of-poetry-part-3-of-3-fourteen-poems
https://elizabethveldon.bandcamp.com/album/notes-towards-westron-wynd
https://elizabethveldon.bandcamp.com/album/now-goth-sonne-under-wode
https://elizabethveldon.bandcamp.com/album/now-i-am-older-for-tam
https://elizabethveldon.bandcamp.com/album/now-men-will-go-content-with-what-we-spoiled-or-discontent-boil-bloody-and-be-spilled-extended-mix
https://elizabethveldon.bandcamp.com/album/nowel-nowel-nowel
https://elizabethveldon.bandcamp.com/album/o-my-hart-holocaust-remembrance-day-2021
https://elizabethveldon.bandcamp.com/album/o-swallow-swallow-le-prince-d-aquitaine-la-tour-abolie
https://elizabethveldon.bandcamp.com/album/o-wind-forgi-e-a-hameless-loon-that-canna-see-for-tears
https://elizabethveldon.bandcamp.com/album/ode-to-st-cecilia-that-i-may-learn-the-patience-of-an-artist-after-purcell
https://elizabethveldon.bandcamp.com/album/oh-death-for-dock-boggs
https://elizabethveldon.bandcamp.com/album/oh-the-broom-the-bonny-bonny-broom
https://elizabethveldon.bandcamp.com/album/old-souls-torn-and-hung-at-tobar-na-coille
https://elizabethveldon.bandcamp.com/album/on-a-winters-night-watching-the-armaments-factory-you-can-hear-the-pig-latin-of-centurions-complaining-of-the-cold
https://elizabethveldon.bandcamp.com/album/on-blairskaith-muir
https://elizabethveldon.bandcamp.com/album/on-blindness
https://elizabethveldon.bandcamp.com/album/on-death-kindertotenlieder
https://elizabethveldon.bandcamp.com/album/on-finding-a-box-full-of-old-poems-two-new-poems
https://elizabethveldon.bandcamp.com/album/on-margate-sands-i-can-connect-nothing-with-nothing
https://elizabethveldon.bandcamp.com/album/on-passing-the-new-menim-gate-on-crossing-the-drumochter-pass
https://elizabethveldon.bandcamp.com/album/on-the-coldest-night-of-the-year-we-measure-our-own-breath-as-if-it-represented-a-loss
https://elizabethveldon.bandcamp.com/album/one-million-dead-epistemologies
https://elizabethveldon.bandcamp.com/album/one-million-longings-hung-from-the-branches-at-tobar-na-coille
https://elizabethveldon.bandcamp.com/album/one-one-one
https://elizabethveldon.bandcamp.com/album/one-week-of-the-shipping-forcast
https://elizabethveldon.bandcamp.com/album/only-the-dead-have-seen-the-outer-lands-a-history-of-britain-and-ireland-in-five-parts
https://elizabethveldon.bandcamp.com/album/opening-the-window-to-let-you-out
https://elizabethveldon.bandcamp.com/album/or-burn-my-nose-out-with-cocaine-in-memory-of-ethyl-eichelbergers-jocasta
https://elizabethveldon.bandcamp.com/album/oskar-gr-ning-receives-a-sentence-of-six-minutes-and-six-seconds-for-each-soul
https://elizabethveldon.bandcamp.com/album/our-lives-are-expressions-of-light-for-mary
https://elizabethveldon.bandcamp.com/album/our-parents-told-us-to-always-remember-home-the-evening-star
https://elizabethveldon.bandcamp.com/album/our-parents-told-us-to-always-remember-home-the-evening-star-3
https://elizabethveldon.bandcamp.com/album/our-voices-when-raised-together-ruined-church-milton-of-clava
https://elizabethveldon.bandcamp.com/album/overnight-sleeper-from-inverness-to-london-1-11-2019-part-1
https://elizabethveldon.bandcamp.com/album/overnight-sleeper-from-inverness-to-london-1-11-2019-part-2
https://elizabethveldon.bandcamp.com/album/overriding-the-impulses-of-the-lower-brain
https://elizabethveldon.bandcamp.com/album/ovids-metamorphoses-reimagined-as-two-remixes
https://elizabethveldon.bandcamp.com/album/passing-over-in-silence
https://elizabethveldon.bandcamp.com/album/passing-the-dark-house-ost
https://elizabethveldon.bandcamp.com/album/peering-into-caledonia-we-dream-of-italy-the-sun-olive-groves
https://elizabethveldon.bandcamp.com/album/perle-plesaunte-to-prynces-paye-to-clanly-clos-in-golde-so-clere
https://elizabethveldon.bandcamp.com/album/pine-trees-in-the-wind
https://elizabethveldon.bandcamp.com/album/praise-be-the-lord-who-trains-my-hands-for-war-my-fingers-for-battle
https://elizabethveldon.bandcamp.com/album/pray-to-be-released-from-image
https://elizabethveldon.bandcamp.com/album/preludes-after-t-s-elliot-for-seonaid
https://elizabethveldon.bandcamp.com/album/queen-victorias-mech-suit
https://elizabethveldon.bandcamp.com/album/radiophrenia-practice-1
https://elizabethveldon.bandcamp.com/album/radiophrenia-practice-2
https://elizabethveldon.bandcamp.com/album/raindrops-prisms-raindrops-for-hunter
https://elizabethveldon.bandcamp.com/album/raw-heads-tod-lowries-and-boggleboes
https://elizabethveldon.bandcamp.com/album/reading-st-paul-i-realised-the-centrality-of-empathy-in-interpersonal-relationships
https://elizabethveldon.bandcamp.com/album/realising-the-sensation-of-traveling-by-steam-train-using-a-repetitive-piano-phrase-for-rl
https://elizabethveldon.bandcamp.com/album/red-runs-through-autumn-leafs-like-sparks-through-burning-charcoal
https://elizabethveldon.bandcamp.com/album/regarding-the-pain-of-others
https://elizabethveldon.bandcamp.com/album/requiem-for-faze-exile
https://elizabethveldon.bandcamp.com/album/requiem-ternam-all-souls
https://elizabethveldon.bandcamp.com/album/rgb
https://elizabethveldon.bandcamp.com/album/roberts-contract
https://elizabethveldon.bandcamp.com/album/second-toughest-on-the-pigs
https://elizabethveldon.bandcamp.com/album/session-at-falafel-studio
https://elizabethveldon.bandcamp.com/album/seven
https://elizabethveldon.bandcamp.com/album/seventy-seven-gestures-for-hiroshima
https://elizabethveldon.bandcamp.com/album/several-cuts
https://elizabethveldon.bandcamp.com/album/several-reflections-on-anglo-saxon-burial-rituals-for-outcasts
https://elizabethveldon.bandcamp.com/album/several-songs-in-a-broken-voice
https://elizabethveldon.bandcamp.com/album/several-variant-paths
https://elizabethveldon.bandcamp.com/album/shalom-for-gad-beck
https://elizabethveldon.bandcamp.com/album/shells-go-crying-over-them
https://elizabethveldon.bandcamp.com/album/shellycoats-jack-in-the-wads-and-wraiths
https://elizabethveldon.bandcamp.com/album/shine-through-the-gloom-and-point-me-to-the-skies
https://elizabethveldon.bandcamp.com/album/should-auld-acquaintance
https://elizabethveldon.bandcamp.com/album/sic-transit-gloria-mundi-thus-passes-the-glory-of-the-world
https://elizabethveldon.bandcamp.com/album/silence
https://elizabethveldon.bandcamp.com/album/singing
https://elizabethveldon.bandcamp.com/album/sir-your-art-is-ill-considered
https://elizabethveldon.bandcamp.com/album/six-journeys
https://elizabethveldon.bandcamp.com/album/six-mystery-plays
https://elizabethveldon.bandcamp.com/album/six-songs-for-judas
https://elizabethveldon.bandcamp.com/album/sixteen-sketches-of-a-resurrection-for-easter-sunday
https://elizabethveldon.bandcamp.com/album/sleepy-songs-for-leon
https://elizabethveldon.bandcamp.com/album/snow-and
https://elizabethveldon.bandcamp.com/album/snow-comes-off-the-hills
https://elizabethveldon.bandcamp.com/album/so-krishna
https://elizabethveldon.bandcamp.com/album/some-christmas-songs
https://elizabethveldon.bandcamp.com/album/some-dreams-long-faded-deleted-collaborations-on-black-circle
https://elizabethveldon.bandcamp.com/album/some-flowers-in-autumn-another-volume-of-soundcloud-tracks
https://elizabethveldon.bandcamp.com/album/some-lowland-poems
https://elizabethveldon.bandcamp.com/album/some-lullabies-for-oona
https://elizabethveldon.bandcamp.com/album/some-meditations-on-the-transformitive-nature-of-giving-for-christina-rossetti
https://elizabethveldon.bandcamp.com/album/some-passages-relating-to-the-doomsday-project-1984-1986
https://elizabethveldon.bandcamp.com/album/some-songs-for-cindy
https://elizabethveldon.bandcamp.com/album/some-songs-for-field-boundaries-and-shorelines-for-sara
https://elizabethveldon.bandcamp.com/album/some-songs-for-nicky-as-he-sleeps
https://elizabethveldon.bandcamp.com/album/some-songs-for-pluto
https://elizabethveldon.bandcamp.com/album/some-streets
https://elizabethveldon.bandcamp.com/album/someone-whose-face-i-didnt-see-was-in-the-woods-with-me-last-night
https://elizabethveldon.bandcamp.com/album/something-rogie-falls-09-17
https://elizabethveldon.bandcamp.com/album/songs-for-the-summer-walker-in-the-woods
https://elizabethveldon.bandcamp.com/album/spring-is-white-flowers-by-the-castle-walls
https://elizabethveldon.bandcamp.com/album/spring-opens-like-a-flower
https://elizabethveldon.bandcamp.com/album/square-wave-construct
https://elizabethveldon.bandcamp.com/album/star-of-the-sea-pray-for-us-sinners-pray-for-me
https://elizabethveldon.bandcamp.com/album/steampunk-monorail-for-spike
https://elizabethveldon.bandcamp.com/album/stop-being-dismissive-of-dance-music-by-thinking-you-can-do-glitch
https://elizabethveldon.bandcamp.com/album/storm-owyn-24-1-25
https://elizabethveldon.bandcamp.com/album/such-a-fine-sunny-day-for-sophie-scholl
https://elizabethveldon.bandcamp.com/album/sunset
https://elizabethveldon.bandcamp.com/album/surrendering-to-providence-for-edward
https://elizabethveldon.bandcamp.com/album/sweet-singing-in-the-choir
https://elizabethveldon.bandcamp.com/album/tame-horses-on-tumbledown-2
https://elizabethveldon.bandcamp.com/album/tapeloop
https://elizabethveldon.bandcamp.com/album/ten-shaker-dances-for-mother-ann-lee-and-christian-that-he-may-dance
https://elizabethveldon.bandcamp.com/album/ten-shaker-dances-for-mother-ann-lee-and-christian-that-he-may-dance-group-1
https://elizabethveldon.bandcamp.com/album/ten-shaker-dances-for-mother-ann-lee-and-christian-that-he-may-dance-group-10
https://elizabethveldon.bandcamp.com/album/ten-shaker-dances-for-mother-ann-lee-and-christian-that-he-may-dance-group-2
https://elizabethveldon.bandcamp.com/album/ten-shaker-dances-for-mother-ann-lee-and-christian-that-he-may-dance-group-3
https://elizabethveldon.bandcamp.com/album/ten-shaker-dances-for-mother-ann-lee-and-christian-that-he-may-dance-group-4
https://elizabethveldon.bandcamp.com/album/ten-shaker-dances-for-mother-ann-lee-and-christian-that-he-may-dance-group-5
https://elizabethveldon.bandcamp.com/album/ten-shaker-dances-for-mother-ann-lee-and-christian-that-he-may-dance-group-6
https://elizabethveldon.bandcamp.com/album/ten-shaker-dances-for-mother-ann-lee-and-christian-that-he-may-dance-group-7
https://elizabethveldon.bandcamp.com/album/ten-shaker-dances-for-mother-ann-lee-and-christian-that-he-may-dance-group-8
https://elizabethveldon.bandcamp.com/album/ten-shaker-dances-for-mother-ann-lee-and-christian-that-he-may-dance-group-9
https://elizabethveldon.bandcamp.com/album/tenebrae
https://elizabethveldon.bandcamp.com/album/tha-t-m-am-fiadh-an-coille-hallaig-time-the-deer-is-in-the-wood-of-hallaig
https://elizabethveldon.bandcamp.com/album/that-song-has-became-a-boat-out-on-the-loch-in-the-sunshine
https://elizabethveldon.bandcamp.com/album/that-when-i-waked-i-cried-to-dream-again
https://elizabethveldon.bandcamp.com/album/the-air-is-dreaming-of-autumn
https://elizabethveldon.bandcamp.com/album/the-air-is-full-of-leaves
https://elizabethveldon.bandcamp.com/album/the-bluebells-are-dying
https://elizabethveldon.bandcamp.com/album/the-body-of-a-brazilian-transexual-for-suzanne-moore-and-other-works-from-black-circle-gender-fuck
https://elizabethveldon.bandcamp.com/album/the-butterfly-is-a-symbol-of-the-soul-for-phil
https://elizabethveldon.bandcamp.com/album/the-celtic-twilight
https://elizabethveldon.bandcamp.com/album/the-clouds-are-walking-in-the-hills
https://elizabethveldon.bandcamp.com/album/the-codex
https://elizabethveldon.bandcamp.com/album/the-cold-late-sun
https://elizabethveldon.bandcamp.com/album/the-condition-of-pre-revolutionary-exiles-in-siberia-as-recorded-by-s-turner-f-r-g-s-who-wishes-us-to-forget-their-plight-in-the-interests-of-incresed-trade
https://elizabethveldon.bandcamp.com/album/the-daily-visitations-of-the-clatter
https://elizabethveldon.bandcamp.com/album/the-dark-ost
https://elizabethveldon.bandcamp.com/album/the-daughters-of-ava-are-walking-down-sauchiehall-street
https://elizabethveldon.bandcamp.com/album/the-dead-have-been-seen-alive
https://elizabethveldon.bandcamp.com/album/the-deaths
https://elizabethveldon.bandcamp.com/album/the-drystane-dyke-and-the-trees-burnished-gold-by-the-setting-sun
https://elizabethveldon.bandcamp.com/album/the-english-and-their-dogs
https://elizabethveldon.bandcamp.com/album/the-erymanthian-boar-gorges-on-adonis
https://elizabethveldon.bandcamp.com/album/the-ferns-are-nodding-their-heads-as-autumn-passes
https://elizabethveldon.bandcamp.com/album/the-first-flowers-are-raising-their-voices
https://elizabethveldon.bandcamp.com/album/the-first-sutra
https://elizabethveldon.bandcamp.com/album/the-first-tree-in-the-greenwood-it-was-the-holly
https://elizabethveldon.bandcamp.com/album/the-foxglove-is-blooming-for-robert-wiggens-d-06-2013
https://elizabethveldon.bandcamp.com/album/the-frost-is-setting-in
https://elizabethveldon.bandcamp.com/album/the-frost-takes-hold
https://elizabethveldon.bandcamp.com/album/the-fruit-between-my-lips-to-clotted-blood-was-transubstantiate
https://elizabethveldon.bandcamp.com/album/the-fury-of-aerial-bombardment
https://elizabethveldon.bandcamp.com/album/the-garden-is-darkening
https://elizabethveldon.bandcamp.com/album/the-garden-is-falling-asleep-and-in-its-sleep-it-dreams-of-winter
https://elizabethveldon.bandcamp.com/album/the-garden-is-filling-with-rain
https://elizabethveldon.bandcamp.com/album/the-gaudy-spring
https://elizabethveldon.bandcamp.com/album/the-godly-ship-a-year-before-the-mast-bonus-material
https://elizabethveldon.bandcamp.com/album/the-good-shepherd
https://elizabethveldon.bandcamp.com/album/the-gradient-of-the-sky-from-soft-cornflower-to-radiant-lavender-to-dusty-gold
https://elizabethveldon.bandcamp.com/album/the-grass-bleaches-in-the-autumn-sunlight
https://elizabethveldon.bandcamp.com/album/the-growing-terror-of-nothing-to-think-about
https://elizabethveldon.bandcamp.com/album/the-hills-are-dressed-in-white
https://elizabethveldon.bandcamp.com/album/the-holly-and-the-ivy-advent-pieces-1
https://elizabethveldon.bandcamp.com/album/the-horse-has-lost-its-rider-thhore-st-its-rie-has-losder-tht-ihore-sts-losds-rie-haer
https://elizabethveldon.bandcamp.com/album/the-house-is-dark
https://elizabethveldon.bandcamp.com/album/the-house-of-god
https://elizabethveldon.bandcamp.com/album/the-human-capacity-for-evil-is-more-than-matched-by-acts-of-rememberance-for-chris-and-ela
https://elizabethveldon.bandcamp.com/album/the-irony-of-a-deaths-head
https://elizabethveldon.bandcamp.com/album/the-lady-chapel
https://elizabethveldon.bandcamp.com/album/the-landnama-book-of-iceland-as-it-illustrates-the-dialect-place-names-folk-lore-and-antiquities-of-cumberland-westmorland-and-north-lancashire
https://elizabethveldon.bandcamp.com/album/the-lilly-of-my-heart
https://elizabethveldon.bandcamp.com/album/the-limits-of-the-known
https://elizabethveldon.bandcamp.com/album/the-line-to-legend-land-part-3
https://elizabethveldon.bandcamp.com/album/the-line-to-legend-land-part-4
https://elizabethveldon.bandcamp.com/album/the-line-to-legend-land-parts-1-and-2
https://elizabethveldon.bandcamp.com/album/the-line-to-legend-land-parts-5-and-6
https://elizabethveldon.bandcamp.com/album/the-lower-levels-of-angels-even-are-bathed-in-grace-for-lilly
https://elizabethveldon.bandcamp.com/album/the-moment-before-the-train-sways
https://elizabethveldon.bandcamp.com/album/the-new-year-reviving-old-desires
https://elizabethveldon.bandcamp.com/album/the-new-year-reviving-old-desires-2
https://elizabethveldon.bandcamp.com/album/the-night-of-the-fuhrer-2-ghost-storm-ost
https://elizabethveldon.bandcamp.com/album/the-nights-crowd-round
https://elizabethveldon.bandcamp.com/album/the-obscuring-veil-and-other-metaphors-for-the-state-we-are-in
https://elizabethveldon.bandcamp.com/album/the-perfect-blue-sky-drops-leafs-to-us-as-if-bestowing-a-benediction
https://elizabethveldon.bandcamp.com/album/the-persistence-of-frost-and-shadow
https://elizabethveldon.bandcamp.com/album/the-pigeon-mass
https://elizabethveldon.bandcamp.com/album/the-protection-of-osiris-against-the-violence-of-typho-must-be-elicited-according-to-the-proper-rites-and-sacrifices
https://elizabethveldon.bandcamp.com/album/the-radio-station-is-playing-stranger-on-the-shore-and-it-is-raining
https://elizabethveldon.bandcamp.com/album/the-recording-angel-of-llangernyw-yew
https://elizabethveldon.bandcamp.com/album/the-resurrected-soul-is-as-a-leaf-opening-in-the-spring-for-thomas-tallis
https://elizabethveldon.bandcamp.com/album/the-scotrail-variations-set-1
https://elizabethveldon.bandcamp.com/album/the-shadow-of-falling-snow
https://elizabethveldon.bandcamp.com/album/the-snows-have-a-home
https://elizabethveldon.bandcamp.com/album/the-south-shetland-islands-volume-1
https://elizabethveldon.bandcamp.com/album/the-story-of-the-jewish-calender-by-azriel-eisenberg
https://elizabethveldon.bandcamp.com/album/the-toil-of-all-that-be-helps-not-the-primal-fault
https://elizabethveldon.bandcamp.com/album/the-town-rests-in-a-bay-of-hills
https://elizabethveldon.bandcamp.com/album/the-transport
https://elizabethveldon.bandcamp.com/album/the-trees-are-alive-with-bird-song
https://elizabethveldon.bandcamp.com/album/the-trees-are-nodding-their-heads-and-in-the-night-the-fox-calls
https://elizabethveldon.bandcamp.com/album/the-unity-of-divinity-and-the-world-the-cardinal-points-the-four-elements
https://elizabethveldon.bandcamp.com/album/the-very-image-of-love
https://elizabethveldon.bandcamp.com/album/the-voice-of-the-evangelist-a-reflection-on-bachs-st-johns-passion
https://elizabethveldon.bandcamp.com/album/the-voices-of-shadows-muttering-over-split-lives
https://elizabethveldon.bandcamp.com/album/the-whirling-knife-jazz-piano-of-elizabeth-veldon
https://elizabethveldon.bandcamp.com/album/the-whirling-knife-jazz-piano-of-elizabeth-veldon-volume-2
https://elizabethveldon.bandcamp.com/album/the-whispering-of-falling-leaves-sounds-like-footsteps-retreating
https://elizabethveldon.bandcamp.com/album/the-white-hare-of-the-calder-water-for-thomas-veldon
https://elizabethveldon.bandcamp.com/album/the-window-is-nailed-and-boarded-through-which-i-saw-the-west
https://elizabethveldon.bandcamp.com/album/the-world-will-end-with-foxes-calling
https://elizabethveldon.bandcamp.com/album/the-year-we-missed-the-bluebells-for-rhondalea
https://elizabethveldon.bandcamp.com/album/then-be-not-coy-in-memory-of-gladys-paterson-d-july-2015
https://elizabethveldon.bandcamp.com/album/then-i-think-of-all-the-women-who-have-gone-before-me-taken-male-names-hidden-themselves-in-the-anonymity-of-institutions-the-safety-of-academia-and-i-think-of-the-waste-the-loss-and-my-heart-bre
https://elizabethveldon.bandcamp.com/album/then-phaetron-saw-the-world-on-every-side-ablaze
https://elizabethveldon.bandcamp.com/album/there-are-foxes-in-the-long-grass-boardering-the-fields-and-they-are-singing
https://elizabethveldon.bandcamp.com/album/there-is-a-dreadful-hell-within-me-several-poems-by-ivor-gurney
https://elizabethveldon.bandcamp.com/album/there-is-someone-moving-in-the-house-i-can-hear-them-i-can-hear-them
https://elizabethveldon.bandcamp.com/album/these-ten-years
https://elizabethveldon.bandcamp.com/album/they-have-all-gone-into-the-world-of-light-for-gladys
https://elizabethveldon.bandcamp.com/album/they-where-pursued-by-fire
https://elizabethveldon.bandcamp.com/album/this-far-out-there-is-only-cold-cold-and-the-violence-of-eternity
https://elizabethveldon.bandcamp.com/album/this-is-what-i-have-broken
https://elizabethveldon.bandcamp.com/album/this-is-your-home-for-luke-and-boris
https://elizabethveldon.bandcamp.com/album/this-pressure-this-texture-this-smell-this-gesture
https://elizabethveldon.bandcamp.com/album/thornset-orange-berries-cluster-flamin-beauty-fain
https://elizabethveldon.bandcamp.com/album/three-books-of-alchemy-for-anastasia-in-her-grief
https://elizabethveldon.bandcamp.com/album/three-bursts-of-static
https://elizabethveldon.bandcamp.com/album/three-christmas-ghosts
https://elizabethveldon.bandcamp.com/album/three-christmas-walks-with-jaye
https://elizabethveldon.bandcamp.com/album/three-dances-for-twilight
https://elizabethveldon.bandcamp.com/album/three-days-out-we-sang-songs-and-tried-to-forget-earth-while-around-us-the-wind-sang-for-sara
https://elizabethveldon.bandcamp.com/album/three-drum-machine-improvisations
https://elizabethveldon.bandcamp.com/album/three-finger-exercises-for-arthur-doyle
https://elizabethveldon.bandcamp.com/album/three-folk-songs
https://elizabethveldon.bandcamp.com/album/three-ghosts-instruments-for-halloween-ghost-organ
https://elizabethveldon.bandcamp.com/album/three-improvisations-2
https://elizabethveldon.bandcamp.com/album/three-lowland-songs
https://elizabethveldon.bandcamp.com/album/three-monsters-for-halloween-the-wendigo
https://elizabethveldon.bandcamp.com/album/three-monsters-for-halloween-there-are-things-in-the-hills-and-in-the-distance-but-we-must-not-speak-of-them
https://elizabethveldon.bandcamp.com/album/three-monsters-for-halloween-zombie
https://elizabethveldon.bandcamp.com/album/three-movements-towards-and-away-from-sleep
https://elizabethveldon.bandcamp.com/album/three-pieces-for-guitar
https://elizabethveldon.bandcamp.com/album/three-plague-songs
https://elizabethveldon.bandcamp.com/album/three-regional-superstitions-from-lowsleys-berkshire-grammar-folk-lore-and-glossary
https://elizabethveldon.bandcamp.com/album/three-rituals-for-a-child-and-a-dog
https://elizabethveldon.bandcamp.com/album/three-school-stories-after-rowling
https://elizabethveldon.bandcamp.com/album/three-sketches-towards-a-typography-of-pain
https://elizabethveldon.bandcamp.com/album/three-sleep-songs
https://elizabethveldon.bandcamp.com/album/three-solos-in-memory-of-cornelius-cardew
https://elizabethveldon.bandcamp.com/album/three-songs-for-a-and-e
https://elizabethveldon.bandcamp.com/album/three-songs-for-a-deer
https://elizabethveldon.bandcamp.com/album/three-songs-for-a-stillborn-youth
https://elizabethveldon.bandcamp.com/album/three-songs-for-ghosts
https://elizabethveldon.bandcamp.com/album/three-songs-for-the-dead-tenebrae-responsories-out-of-season-for-l
https://elizabethveldon.bandcamp.com/album/three-spring-poems
https://elizabethveldon.bandcamp.com/album/three-standard-measures-of-inequality
https://elizabethveldon.bandcamp.com/album/three-texts-for-christmas-0-prologue
https://elizabethveldon.bandcamp.com/album/three-texts-for-christmas-1-the-magnificat
https://elizabethveldon.bandcamp.com/album/three-texts-for-christmas-2-the-nativity-luke-2-1-21
https://elizabethveldon.bandcamp.com/album/three-texts-for-christmas-3-1913-massacre
https://elizabethveldon.bandcamp.com/album/three-textures-for-imagined-concrete-surfaces
https://elizabethveldon.bandcamp.com/album/three-tracks-drawn-from-memory
https://elizabethveldon.bandcamp.com/album/three-transitional-pieces
https://elizabethveldon.bandcamp.com/album/tired-of-celebrating-great-men-four-vocoder-improvisations
https://elizabethveldon.bandcamp.com/album/to-be-as-this
https://elizabethveldon.bandcamp.com/album/to-describe-a-photograph-for-cindy
https://elizabethveldon.bandcamp.com/album/to-die-as-the-foxglove-is-blooming-for-robert-wiggens-d-06-2013
https://elizabethveldon.bandcamp.com/album/to-not-be-at-ease-for-l
https://elizabethveldon.bandcamp.com/album/to-sit-atop-a-pile-of-shattered-rood-screens
https://elizabethveldon.bandcamp.com/album/to-trouble-the-living-stream-for-megan
https://elizabethveldon.bandcamp.com/album/tom-weir-can-not-see-the-carved-faces-on-the-auld-wifes-lifts
https://elizabethveldon.bandcamp.com/album/toughest-on-the-innocent
https://elizabethveldon.bandcamp.com/album/towards-an-abstract-music
https://elizabethveldon.bandcamp.com/album/towards-autumn
https://elizabethveldon.bandcamp.com/album/towards-darkness
https://elizabethveldon.bandcamp.com/album/towards-light-christmas-2021
https://elizabethveldon.bandcamp.com/album/towards-night-17th-september-2014
https://elizabethveldon.bandcamp.com/album/towards-spring
https://elizabethveldon.bandcamp.com/album/towards-true-north-for-brian
https://elizabethveldon.bandcamp.com/album/towards-winter
https://elizabethveldon.bandcamp.com/album/traveling-north-for-cindy
https://elizabethveldon.bandcamp.com/album/treatise-pp-168-173-2
https://elizabethveldon.bandcamp.com/album/trilogy-for-a-future-us
https://elizabethveldon.bandcamp.com/album/trio-trilogy-trinity-one
https://elizabethveldon.bandcamp.com/album/trio-trilogy-trinity-three
https://elizabethveldon.bandcamp.com/album/trio-trilogy-trinity-two
https://elizabethveldon.bandcamp.com/album/two-angels-for-angel-dialogues-for-radio-and-piano-radio-and-synthesiser
https://elizabethveldon.bandcamp.com/album/two-anthems-for-a-new-republic
https://elizabethveldon.bandcamp.com/album/two-anthems-on-the-burial-and-assumption-of-the-virgin-in-the-york-psalter
https://elizabethveldon.bandcamp.com/album/two-broken-programs
https://elizabethveldon.bandcamp.com/album/two-broken-sequences
https://elizabethveldon.bandcamp.com/album/two-broken-tunes
https://elizabethveldon.bandcamp.com/album/two-christmas-songs
https://elizabethveldon.bandcamp.com/album/two-city-narratives
https://elizabethveldon.bandcamp.com/album/two-dances-for-a-girl-in-red-for-toni
https://elizabethveldon.bandcamp.com/album/two-dead-wings-after-a-photograph-by-karen-constance
https://elizabethveldon.bandcamp.com/album/two-deaths
https://elizabethveldon.bandcamp.com/album/two-disassociations-from-the-reverent-campbells-trip-to-the-holy-land
https://elizabethveldon.bandcamp.com/album/two-doctor-who-treatments
https://elizabethveldon.bandcamp.com/album/two-empty-sets-and-a-coda
https://elizabethveldon.bandcamp.com/album/two-episodes-from-the-life-of-saint-brynach
https://elizabethveldon.bandcamp.com/album/two-evocations-of-early-sound-poetry
https://elizabethveldon.bandcamp.com/album/two-fawns-crash-through-the-woods-ahead-of-us
https://elizabethveldon.bandcamp.com/album/two-fens-and-a-river-path-for-tam-after-vaughan-williams
https://elizabethveldon.bandcamp.com/album/two-ghost-stories
https://elizabethveldon.bandcamp.com/album/two-ghosts-and-a-penance
https://elizabethveldon.bandcamp.com/album/two-ghosts-caught-in-the-eternal-loop-of-the-glasgow-underground-system
https://elizabethveldon.bandcamp.com/album/two-glasgow-streets-at-night
https://elizabethveldon.bandcamp.com/album/two-glitches
https://elizabethveldon.bandcamp.com/album/two-guitar-pieces
https://elizabethveldon.bandcamp.com/album/two-hand-stencils
https://elizabethveldon.bandcamp.com/album/two-hand-stencils-2
https://elizabethveldon.bandcamp.com/album/two-hand-stencils-3
https://elizabethveldon.bandcamp.com/album/two-improvisations
https://elizabethveldon.bandcamp.com/album/two-improvisations-for-a-folk-instrument
https://elizabethveldon.bandcamp.com/album/two-landscapes
https://elizabethveldon.bandcamp.com/album/two-landscapes-haunted
https://elizabethveldon.bandcamp.com/album/two-lectures-and-a-happening
https://elizabethveldon.bandcamp.com/album/two-lieder-for-clara-schumann-and-a-selection-of-fragments-from-the-work-of-maria-anna-mozart
https://elizabethveldon.bandcamp.com/album/two-moons-for-k
https://elizabethveldon.bandcamp.com/album/two-passages-from-ernest-shackletons-journals-for-madeline
https://elizabethveldon.bandcamp.com/album/two-pieces-for-bass-guitar
https://elizabethveldon.bandcamp.com/album/two-poems
https://elizabethveldon.bandcamp.com/album/two-poems-for-autumn
https://elizabethveldon.bandcamp.com/album/two-programs
https://elizabethveldon.bandcamp.com/album/two-propositions-on-handels-messiah-derived-from-a-reading-of-marissen
https://elizabethveldon.bandcamp.com/album/two-radio-pieces
https://elizabethveldon.bandcamp.com/album/two-reflections-on-classical-music
https://elizabethveldon.bandcamp.com/album/two-scottish-tales
https://elizabethveldon.bandcamp.com/album/two-seasons
https://elizabethveldon.bandcamp.com/album/two-short-notes-towards-an-aids-mass
https://elizabethveldon.bandcamp.com/album/two-sleepy-songs-for-spike
https://elizabethveldon.bandcamp.com/album/two-songs-composed-on-a-recorder-for-a-dead-fiddler
https://elizabethveldon.bandcamp.com/album/two-songs-for-a-scottish-seaside-resort
https://elizabethveldon.bandcamp.com/album/two-songs-for-laetitia
https://elizabethveldon.bandcamp.com/album/two-songs-for-the-stillness-of-night
https://elizabethveldon.bandcamp.com/album/two-spectra-from-lockyers-contributions-to-solar-physics
https://elizabethveldon.bandcamp.com/album/two-spells-against-winter-for-caroline
https://elizabethveldon.bandcamp.com/album/two-tone-poems
https://elizabethveldon.bandcamp.com/album/two-tracks-for-a-gym-volume-1
https://elizabethveldon.bandcamp.com/album/two-untitled-pieces
https://elizabethveldon.bandcamp.com/album/two-views-of-the-west
https://elizabethveldon.bandcamp.com/album/two-winter-songs-and-a-spring-carol
https://elizabethveldon.bandcamp.com/album/two-works-adrift
https://elizabethveldon.bandcamp.com/album/uncollected-ephemera-found-in-a-drawer-2
https://elizabethveldon.bandcamp.com/album/uncollected-ephemera-found-in-a-drawer-volume-2
https://elizabethveldon.bandcamp.com/album/under-a-pale-sun
https://elizabethveldon.bandcamp.com/album/under-an-eternal-sun-berry-picking-in-blairgowrie
https://elizabethveldon.bandcamp.com/album/untitled
https://elizabethveldon.bandcamp.com/album/untitled-0
https://elizabethveldon.bandcamp.com/album/untitled-1-2
https://elizabethveldon.bandcamp.com/album/untitled-104
https://elizabethveldon.bandcamp.com/album/untitled-2
https://elizabethveldon.bandcamp.com/album/untitled-2-2
https://elizabethveldon.bandcamp.com/album/untitled-3
https://elizabethveldon.bandcamp.com/album/untitled-31
https://elizabethveldon.bandcamp.com/album/untitled-63
https://elizabethveldon.bandcamp.com/album/untitled-72
https://elizabethveldon.bandcamp.com/album/untitled-95
https://elizabethveldon.bandcamp.com/album/untitled-98
https://elizabethveldon.bandcamp.com/album/untitled-99
https://elizabethveldon.bandcamp.com/album/untitled-spring-20181
https://elizabethveldon.bandcamp.com/album/untitled-winter-7
https://elizabethveldon.bandcamp.com/album/untitled-work-in-three-sections
https://elizabethveldon.bandcamp.com/album/unused-section-from-blue
https://elizabethveldon.bandcamp.com/album/variations-on-an-anthem-for-an-imagined-country
https://elizabethveldon.bandcamp.com/album/wake-me-with-tears-in-your-eyes-for-helen
https://elizabethveldon.bandcamp.com/album/walking-across-christs-pieces-one-summer-i-had-a-vision-of-a-life-lived-by-the-campsies-watching-the-slow-erosion-of-time
https://elizabethveldon.bandcamp.com/album/walking-in-a-trap-street-for-paul
https://elizabethveldon.bandcamp.com/album/war-is-not-over-in-answer-to-john-lennon
https://elizabethveldon.bandcamp.com/album/warner-copyright-infringement
https://elizabethveldon.bandcamp.com/album/watched-by-wading-birds-the-stones-walk-towards-the-firth
https://elizabethveldon.bandcamp.com/album/we-are-balancing-on-a-broken-chair-but-we-will-not-fall-for-my-mother
https://elizabethveldon.bandcamp.com/album/we-are-falling-kabul-160821
https://elizabethveldon.bandcamp.com/album/we-are-full-of-memories-full-of-loss
https://elizabethveldon.bandcamp.com/album/we-are-the-broken-robots-see-us-fall
https://elizabethveldon.bandcamp.com/album/we-ghosts-now-living-for-ashley
https://elizabethveldon.bandcamp.com/album/we-have-arisen-from-sleep
https://elizabethveldon.bandcamp.com/album/we-have-come-to-understand-the-cold
https://elizabethveldon.bandcamp.com/album/we-left-our-traces-on-bouvet-island
https://elizabethveldon.bandcamp.com/album/we-waited-for-dawn-hiding-in-the-last-safe-space
https://elizabethveldon.bandcamp.com/album/we-were-only-happy-when-we-were-shopping
https://elizabethveldon.bandcamp.com/album/we-woke-to-bright-skies
https://elizabethveldon.bandcamp.com/album/what-can-i-give-him
https://elizabethveldon.bandcamp.com/album/what-vain-art-can-reply
https://elizabethveldon.bandcamp.com/album/what-we-saw-in-the-hills
https://elizabethveldon.bandcamp.com/album/whats-the-use-of-worrying-a-liturgie-for-a-guinea-pig-called-lucifer
https://elizabethveldon.bandcamp.com/album/when-i-am-dead-i-will-miss-the-bluebells
https://elizabethveldon.bandcamp.com/album/when-i-die-bury-me-with-my-head-towards-the-sea-so-that-i-may-be-reborn-as-a-wave
https://elizabethveldon.bandcamp.com/album/when-i-return-and-to-real-music-making-and-play-that-prelude-how-will-it-happen-then
https://elizabethveldon.bandcamp.com/album/when-i-was-a-child-i-believed-the-dead-lived-in-high-places-so-i-will-walk-the-campsies-until-i-find-you-for-my-brother
https://elizabethveldon.bandcamp.com/album/when-in-that-dream-i-was-dead
https://elizabethveldon.bandcamp.com/album/when-we-painted-the-boats-blue-balintore-27-07-20
https://elizabethveldon.bandcamp.com/album/when-you-are-a-child-adults-take-pictures-without-asking-your-permission-first
https://elizabethveldon.bandcamp.com/album/when-you-die-there-will-be-so-many-photographs
https://elizabethveldon.bandcamp.com/album/when-you-wake-there-will-be-so-much-love-for-nicky
https://elizabethveldon.bandcamp.com/album/while-we-slept-the-murmuring-of-god-enfolded-us
https://elizabethveldon.bandcamp.com/album/whirling-the-midwifes-extractor-and-two-unfinished-works
https://elizabethveldon.bandcamp.com/album/white-hills-wait-wait
https://elizabethveldon.bandcamp.com/album/white-knots-in-the-dark
https://elizabethveldon.bandcamp.com/album/who-gives-and-who-takes-comfort-is-less-important-than-the-enacting-of-a-ritual-signifying-we-are-together-for-ela-and-florek
https://elizabethveldon.bandcamp.com/album/who-is-sleeping
https://elizabethveldon.bandcamp.com/album/whole-and-broken
https://elizabethveldon.bandcamp.com/album/why-we-create-art-for-alistair-crosbie
https://elizabethveldon.bandcamp.com/album/wild-calla-lilies-growing-on-the-banks-of-the-allander-symbolise-the-resurrection-of-judas-who-will-free-us-from-roman-tyranny
https://elizabethveldon.bandcamp.com/album/winter-is-a-warm-coat
https://elizabethveldon.bandcamp.com/album/winter-skies
https://elizabethveldon.bandcamp.com/album/within-the-warm-darkness-18th-september-2014
https://elizabethveldon.bandcamp.com/album/wood
https://elizabethveldon.bandcamp.com/album/workers-playtime
https://elizabethveldon.bandcamp.com/album/years-ago-before-the-romans-i-stood-here-watching-the-sun-bestow-benedictions-on-each-home
https://elizabethveldon.bandcamp.com/track/365-days-of-blows-nun-will-die-sonn-so-hell-aufgehn
https://elizabethveldon.bandcamp.com/track/bodies
https://elizabethveldon.bandcamp.com/track/gnossienne-1-for-a-noise-orchestra-of-one-pianist-alexandre-tharaud
https://elizabethveldon.bandcamp.com/track/swallow-swallow
https://elizabethveldon.bandcamp.com/track/the-convulsion-of-nature
