https://autovolum.bandcamp.com/album/ancient-wrath-knows-no-limit
https://autovolum.bandcamp.com/album/artificial-nightfall
https://autovolum.bandcamp.com/album/avoid-not
https://autovolum.bandcamp.com/album/barely-a-civilization-anymore
https://autovolum.bandcamp.com/album/blue-earths-black-depth
https://autovolum.bandcamp.com/album/brutalized-universe
https://autovolum.bandcamp.com/album/cosmic-shrine-visit
https://autovolum.bandcamp.com/album/crust
https://autovolum.bandcamp.com/album/deathtrap-crater
https://autovolum.bandcamp.com/album/dense
https://autovolum.bandcamp.com/album/desiccated-lands
https://autovolum.bandcamp.com/album/disintegration
https://autovolum.bandcamp.com/album/drowning-enceladus
https://autovolum.bandcamp.com/album/eradication-of-organic-matter-with-supreme-efficiency
https://autovolum.bandcamp.com/album/evolve-to-dehumanize
https://autovolum.bandcamp.com/album/excavations
https://autovolum.bandcamp.com/album/extrasolar-moonrise
https://autovolum.bandcamp.com/album/fake-eclipse
https://autovolum.bandcamp.com/album/faraway-relics
https://autovolum.bandcamp.com/album/hadean-rumble
https://autovolum.bandcamp.com/album/hellish-spacescapes
https://autovolum.bandcamp.com/album/immateriality-bursting
https://autovolum.bandcamp.com/album/implode
https://autovolum.bandcamp.com/album/intergalactic-gauntlets
https://autovolum.bandcamp.com/album/lethal-quadrospiral
https://autovolum.bandcamp.com/album/lifeform-nullifiers
https://autovolum.bandcamp.com/album/like-timeless-meteorite-falls
https://autovolum.bandcamp.com/album/lingering-juncture
https://autovolum.bandcamp.com/album/martian-gravel
https://autovolum.bandcamp.com/album/ominous-circular-space
https://autovolum.bandcamp.com/album/otherworldly-glacier
https://autovolum.bandcamp.com/album/permian-duplications
https://autovolum.bandcamp.com/album/pinpoint-rive
https://autovolum.bandcamp.com/album/planetary-consolation
https://autovolum.bandcamp.com/album/primitive-eons
https://autovolum.bandcamp.com/album/scattered-behind-the-orbit-of-eris
https://autovolum.bandcamp.com/album/subterranean-beacons
https://autovolum.bandcamp.com/album/suffocating-interior-gas
https://autovolum.bandcamp.com/album/supermassives
https://autovolum.bandcamp.com/album/the-universe-wants-you-dead
https://autovolum.bandcamp.com/album/theia-event
https://autovolum.bandcamp.com/album/torn-fragments
https://autovolum.bandcamp.com/album/towards-singularity
https://autovolum.bandcamp.com/album/under-immense-pressure
https://autovolum.bandcamp.com/album/unknown-objects
