https://joemcphee.bandcamp.com/album/2006-u-s-tour
https://joemcphee.bandcamp.com/album/a-night-in-alchemia
https://joemcphee.bandcamp.com/album/alone-together-the-solo-ensemble-recordings-1974-1979
https://joemcphee.bandcamp.com/album/angels-devils-and-haints
https://joemcphee.bandcamp.com/album/black-is-the-color-live-in-poughkeepsie-and-new-windsor-1969-70
https://joemcphee.bandcamp.com/album/blue-chicago-blues
https://joemcphee.bandcamp.com/album/brace-for-impact-2
https://joemcphee.bandcamp.com/album/brooklyn-dna
https://joemcphee.bandcamp.com/album/candy
https://joemcphee.bandcamp.com/album/chicago-tenor-duets
https://joemcphee.bandcamp.com/album/common-threads
https://joemcphee.bandcamp.com/album/creole-gardens-a-new-orleans-suite
https://joemcphee.bandcamp.com/album/emancipation-proclamation-a-real-statement-of-freedom
https://joemcphee.bandcamp.com/album/erotic-winds-caa-002
https://joemcphee.bandcamp.com/album/existential-moments
https://joemcphee.bandcamp.com/album/finger-wigglers
https://joemcphee.bandcamp.com/album/first-date
https://joemcphee.bandcamp.com/album/flowers
https://joemcphee.bandcamp.com/album/for-frank-wright
https://joemcphee.bandcamp.com/album/game-theory
https://joemcphee.bandcamp.com/album/glasses-2
https://joemcphee.bandcamp.com/album/guts
https://joemcphee.bandcamp.com/album/human-encore
https://joemcphee.bandcamp.com/album/ibsen-s-ghosts
https://joemcphee.bandcamp.com/album/impressions-of-jimmy-giuffre
https://joemcphee.bandcamp.com/album/in-black-and-white
https://joemcphee.bandcamp.com/album/in-finland
https://joemcphee.bandcamp.com/album/intimate-conversations
https://joemcphee.bandcamp.com/album/invitation-to-a-dream
https://joemcphee.bandcamp.com/album/joe-mcphee-evan-parker-daunik-lazro
https://joemcphee.bandcamp.com/album/journey
https://joemcphee.bandcamp.com/album/journey-to-parazzar
https://joemcphee.bandcamp.com/album/keep-going-3
https://joemcphee.bandcamp.com/album/lan-impulse
https://joemcphee.bandcamp.com/album/lark-uprising
https://joemcphee.bandcamp.com/album/legend-street-one
https://joemcphee.bandcamp.com/album/legend-street-two
https://joemcphee.bandcamp.com/album/live-at-vassar-1970
https://joemcphee.bandcamp.com/album/live-on-tour-2008
https://joemcphee.bandcamp.com/album/live-on-tour-2010
https://joemcphee.bandcamp.com/album/looking-back
https://joemcphee.bandcamp.com/album/magic
https://joemcphee.bandcamp.com/album/manhattan-tango
https://joemcphee.bandcamp.com/album/moods-playing-with-the-elements
https://joemcphee.bandcamp.com/album/musings-of-a-bahamian-son-poems-and-other-words-by-joe-mcphee
https://joemcphee.bandcamp.com/album/nation-time-2
https://joemcphee.bandcamp.com/album/now-is
https://joemcphee.bandcamp.com/album/nuclear-family-2
https://joemcphee.bandcamp.com/album/octoblue
https://joemcphee.bandcamp.com/album/on-tour-toronto-rochester
https://joemcphee.bandcamp.com/album/one-day-a-lightning-storm
https://joemcphee.bandcamp.com/album/pieces-of-light
https://joemcphee.bandcamp.com/album/port-of-saints
https://joemcphee.bandcamp.com/album/remembrance
https://joemcphee.bandcamp.com/album/roulette-at-location-one
https://joemcphee.bandcamp.com/album/route-84-quarantine-blues
https://joemcphee.bandcamp.com/album/seven-pieces-live-at-willisau-1995
https://joemcphee.bandcamp.com/album/she-knows
https://joemcphee.bandcamp.com/album/six-situations
https://joemcphee.bandcamp.com/album/something-old-something-new-something-borrowed-something-blue
https://joemcphee.bandcamp.com/album/sonic-elements
https://joemcphee.bandcamp.com/album/sound-on-sound-2
https://joemcphee.bandcamp.com/album/spontaneous-combustion
https://joemcphee.bandcamp.com/album/sweet-oranges
https://joemcphee.bandcamp.com/album/the-brass-city
https://joemcphee.bandcamp.com/album/the-cerkno-concert
https://joemcphee.bandcamp.com/album/the-damage-is-done
https://joemcphee.bandcamp.com/album/the-dream-book
https://joemcphee.bandcamp.com/album/the-open-door
https://joemcphee.bandcamp.com/album/the-sugar-hill-suite
https://joemcphee.bandcamp.com/album/the-watermelon-suite
https://joemcphee.bandcamp.com/album/the-willisau-concert
https://joemcphee.bandcamp.com/album/this-is-our-language
https://joemcphee.bandcamp.com/album/ticonderoga
https://joemcphee.bandcamp.com/album/trinity
https://joemcphee.bandcamp.com/album/turtle-crossing
https://joemcphee.bandcamp.com/album/underground-railroad-live-at-holy-cross-monastery
https://joemcphee.bandcamp.com/album/unquenchable-fire
https://joemcphee.bandcamp.com/album/variations-on-a-blue-line-round-midnight-2
https://joemcphee.bandcamp.com/album/voices-10-improvisations
https://joemcphee.bandcamp.com/album/what-if-they-both-could-fly
https://joemcphee.bandcamp.com/album/zebulon
