https://ivansandakovnoise.bandcamp.com/album/-
https://ivansandakovnoise.bandcamp.com/album/--3
https://ivansandakovnoise.bandcamp.com/album/--4
https://ivansandakovnoise.bandcamp.com/album/--5
https://ivansandakovnoise.bandcamp.com/album/--6
https://ivansandakovnoise.bandcamp.com/album/12052002-himmelgrau-re-walled
https://ivansandakovnoise.bandcamp.com/album/abstract-contact
https://ivansandakovnoise.bandcamp.com/album/adaptation-to-the-madness
https://ivansandakovnoise.bandcamp.com/album/an-old-centrifuge-sleep-column-remix
https://ivansandakovnoise.bandcamp.com/album/any-delights-of-life-only-dim-thoughts-only-destruction
https://ivansandakovnoise.bandcamp.com/album/bezlikost
https://ivansandakovnoise.bandcamp.com/album/black-bleeding-surface
https://ivansandakovnoise.bandcamp.com/album/black-boned-crust
https://ivansandakovnoise.bandcamp.com/album/black-drained-forest
https://ivansandakovnoise.bandcamp.com/album/black-drone-of-sorrow
https://ivansandakovnoise.bandcamp.com/album/black-gobble-corpse
https://ivansandakovnoise.bandcamp.com/album/black-house-of-death
https://ivansandakovnoise.bandcamp.com/album/black-hurst-suspence
https://ivansandakovnoise.bandcamp.com/album/black-rope-of-suicide
https://ivansandakovnoise.bandcamp.com/album/black-rotten-wood
https://ivansandakovnoise.bandcamp.com/album/black-spiritual-morgue
https://ivansandakovnoise.bandcamp.com/album/breaking-suggestion
https://ivansandakovnoise.bandcamp.com/album/cake-for-the-dead
https://ivansandakovnoise.bandcamp.com/album/cannibal
https://ivansandakovnoise.bandcamp.com/album/cannibal-dream
https://ivansandakovnoise.bandcamp.com/album/catatonic-dreams
https://ivansandakovnoise.bandcamp.com/album/cave
https://ivansandakovnoise.bandcamp.com/album/collected-works
https://ivansandakovnoise.bandcamp.com/album/compression-and-bleeding
https://ivansandakovnoise.bandcamp.com/album/creature-from-the-haunted-sea
https://ivansandakovnoise.bandcamp.com/album/dead-connected-transmissions
https://ivansandakovnoise.bandcamp.com/album/dead-libido-fetish
https://ivansandakovnoise.bandcamp.com/album/dead-minds
https://ivansandakovnoise.bandcamp.com/album/dead-nature-sculpture
https://ivansandakovnoise.bandcamp.com/album/dead-woman-is-returns
https://ivansandakovnoise.bandcamp.com/album/drained-dead-body
https://ivansandakovnoise.bandcamp.com/album/faces-smeared-on-the-walls
https://ivansandakovnoise.bandcamp.com/album/feast
https://ivansandakovnoise.bandcamp.com/album/forest-with-graves
https://ivansandakovnoise.bandcamp.com/album/formylove
https://ivansandakovnoise.bandcamp.com/album/foundry-report
https://ivansandakovnoise.bandcamp.com/album/fragility-knife
https://ivansandakovnoise.bandcamp.com/album/garrota
https://ivansandakovnoise.bandcamp.com/album/genocide
https://ivansandakovnoise.bandcamp.com/album/grace
https://ivansandakovnoise.bandcamp.com/album/grinding-glories
https://ivansandakovnoise.bandcamp.com/album/grunt
https://ivansandakovnoise.bandcamp.com/album/harsh-brain
https://ivansandakovnoise.bandcamp.com/album/hole
https://ivansandakovnoise.bandcamp.com/album/hunger
https://ivansandakovnoise.bandcamp.com/album/i
https://ivansandakovnoise.bandcamp.com/album/imprisonment-static-anger
https://ivansandakovnoise.bandcamp.com/album/in-search-of-flesh
https://ivansandakovnoise.bandcamp.com/album/ion-rimaru
https://ivansandakovnoise.bandcamp.com/album/last-touch
https://ivansandakovnoise.bandcamp.com/album/loneliness-and-cold-knife
https://ivansandakovnoise.bandcamp.com/album/maniac
https://ivansandakovnoise.bandcamp.com/album/matilda
https://ivansandakovnoise.bandcamp.com/album/mirjana-puhar
https://ivansandakovnoise.bandcamp.com/album/morbid-drained
https://ivansandakovnoise.bandcamp.com/album/murder-vision
https://ivansandakovnoise.bandcamp.com/album/mustard-gas-burns
https://ivansandakovnoise.bandcamp.com/album/my-dreams-is-nothing
https://ivansandakovnoise.bandcamp.com/album/nature-of-steel-and-death
https://ivansandakovnoise.bandcamp.com/album/necrosis-of-sleep
https://ivansandakovnoise.bandcamp.com/album/night-of-gangbang-obsession
https://ivansandakovnoise.bandcamp.com/album/no-resistance
https://ivansandakovnoise.bandcamp.com/album/not-in-forces
https://ivansandakovnoise.bandcamp.com/album/nothing-around-me
https://ivansandakovnoise.bandcamp.com/album/obsession
https://ivansandakovnoise.bandcamp.com/album/obsession-2
https://ivansandakovnoise.bandcamp.com/album/october-depression
https://ivansandakovnoise.bandcamp.com/album/organic-destructive-discomfort
https://ivansandakovnoise.bandcamp.com/album/pit
https://ivansandakovnoise.bandcamp.com/album/plague-grey-edition
https://ivansandakovnoise.bandcamp.com/album/plague-of-the-florence-1348
https://ivansandakovnoise.bandcamp.com/album/rack-bed
https://ivansandakovnoise.bandcamp.com/album/radio-capture-17122024
https://ivansandakovnoise.bandcamp.com/album/raw-flies
https://ivansandakovnoise.bandcamp.com/album/raznaya-forma-delimogo
https://ivansandakovnoise.bandcamp.com/album/relax-by-torture
https://ivansandakovnoise.bandcamp.com/album/revelation-bonecrusher
https://ivansandakovnoise.bandcamp.com/album/rising-walls
https://ivansandakovnoise.bandcamp.com/album/scar
https://ivansandakovnoise.bandcamp.com/album/sewer-dream-2
https://ivansandakovnoise.bandcamp.com/album/sound-decomposition
https://ivansandakovnoise.bandcamp.com/album/split
https://ivansandakovnoise.bandcamp.com/album/split-3
https://ivansandakovnoise.bandcamp.com/album/split-4
https://ivansandakovnoise.bandcamp.com/album/static-ritual
https://ivansandakovnoise.bandcamp.com/album/stolb-awake-from-sleep
https://ivansandakovnoise.bandcamp.com/album/sublimated-reason
https://ivansandakovnoise.bandcamp.com/album/suffocated-beauty
https://ivansandakovnoise.bandcamp.com/album/swarm
https://ivansandakovnoise.bandcamp.com/album/sweet-screams
https://ivansandakovnoise.bandcamp.com/album/the-massacre-in-villiske
https://ivansandakovnoise.bandcamp.com/album/the-smell-of-wood-and-blood
https://ivansandakovnoise.bandcamp.com/album/through-anguishes-and-immersions
https://ivansandakovnoise.bandcamp.com/album/trage-begrafenis-plays
https://ivansandakovnoise.bandcamp.com/album/unconscious-agression-of-walls
https://ivansandakovnoise.bandcamp.com/album/unknown
https://ivansandakovnoise.bandcamp.com/album/untitled
https://ivansandakovnoise.bandcamp.com/album/untitled-3
https://ivansandakovnoise.bandcamp.com/album/void-transmissions
https://ivansandakovnoise.bandcamp.com/album/vomir-sleep-column
https://ivansandakovnoise.bandcamp.com/album/vurdalak
https://ivansandakovnoise.bandcamp.com/album/wall-deadly-action
