https://idmtheftable.bandcamp.com/album/-
https://idmtheftable.bandcamp.com/album/030303-half-the-beast-just-you-and-i
https://idmtheftable.bandcamp.com/album/1-baked-hand
https://idmtheftable.bandcamp.com/album/1-drizzle-and-7-rains-for-billy
https://idmtheftable.bandcamp.com/album/1998
https://idmtheftable.bandcamp.com/album/2-autoharps-a-snowmobile-some-snowplows-a-premature-snowblower
https://idmtheftable.bandcamp.com/album/2016
https://idmtheftable.bandcamp.com/album/3d-jet-scooter
https://idmtheftable.bandcamp.com/album/a-3-named-spooky
https://idmtheftable.bandcamp.com/album/a-deflated-beach-ball-of-a-man
https://idmtheftable.bandcamp.com/album/a-dull-lit-spigot-to-frown-on-oclocks
https://idmtheftable.bandcamp.com/album/a-tuba-with-a-microphone-in-it
https://idmtheftable.bandcamp.com/album/and-i-pulled-the-word-and-from-my-beard
https://idmtheftable.bandcamp.com/album/and-the-smell-of-a-blown-out-candle
https://idmtheftable.bandcamp.com/album/andrea-pensado-id-m-theft-able
https://idmtheftable.bandcamp.com/album/aquarius-let-the-sunshine-in
https://idmtheftable.bandcamp.com/album/babbs-bridge
https://idmtheftable.bandcamp.com/album/blue-jay
https://idmtheftable.bandcamp.com/album/buttercup
https://idmtheftable.bandcamp.com/album/cd-laser-lens-cleaner-2009
https://idmtheftable.bandcamp.com/album/chants-and-mantras-of-munjoy-and-big-boy
https://idmtheftable.bandcamp.com/album/clean-houses-exude-fear
https://idmtheftable.bandcamp.com/album/couche-tard-vs-flying-j
https://idmtheftable.bandcamp.com/album/dedicated-to-ace-frehley
https://idmtheftable.bandcamp.com/album/e-custodial-new-star-gaze
https://idmtheftable.bandcamp.com/album/endless-blooper
https://idmtheftable.bandcamp.com/album/endless-blooper-ending
https://idmtheftable.bandcamp.com/album/errored-jellies-jellied-errors
https://idmtheftable.bandcamp.com/album/exhalations-in-a-flash-light-beam
https://idmtheftable.bandcamp.com/album/feb-27-1999
https://idmtheftable.bandcamp.com/album/folk-or-stereo-separation-in-thrift-stores
https://idmtheftable.bandcamp.com/album/hangin-flaccid-like-a-wet-lilac
https://idmtheftable.bandcamp.com/album/head-down-inna-vitamin-blush
https://idmtheftable.bandcamp.com/album/if-im-too-fat-for-you-why-dont-you-come-over-here-and-suck-out-all-the-fat
https://idmtheftable.bandcamp.com/album/if-you-travel-around-the-country-you-know-that-water-quality-varies-widely
https://idmtheftable.bandcamp.com/album/im-on-flourescence
https://idmtheftable.bandcamp.com/album/into-onto-sheets-the
https://idmtheftable.bandcamp.com/album/jai-besoin-de-toi
https://idmtheftable.bandcamp.com/album/jimmy-page
https://idmtheftable.bandcamp.com/album/jowls-without-a-face
https://idmtheftable.bandcamp.com/album/l-e-t-t-i-n-g-s
https://idmtheftable.bandcamp.com/album/leaving-the-keyboard-that-plays-itself-down-by-the-river-between-2-30-and-3-30-am-august-3rd-2017
https://idmtheftable.bandcamp.com/album/my-entire-reproductive-system-has-been-replaced-by-a-slide-projector
https://idmtheftable.bandcamp.com/album/no
https://idmtheftable.bandcamp.com/album/no-more-room-for-whoa-carolina
https://idmtheftable.bandcamp.com/album/notre-dame-de-la-plotte
https://idmtheftable.bandcamp.com/album/ns-on-fire
https://idmtheftable.bandcamp.com/album/oboe-cold
https://idmtheftable.bandcamp.com/album/on-teufelsberg
https://idmtheftable.bandcamp.com/album/organ-standards
https://idmtheftable.bandcamp.com/album/paying-10-hour-to-dig-a-hole-in-monroe
https://idmtheftable.bandcamp.com/album/popsicles-icicles-baseball-and-fancy-clothes
https://idmtheftable.bandcamp.com/album/releaseless-2
https://idmtheftable.bandcamp.com/album/sand-down-your-pelvis
https://idmtheftable.bandcamp.com/album/school-willwear-this
https://idmtheftable.bandcamp.com/album/slide-over-et-c
https://idmtheftable.bandcamp.com/album/smidge-beats
https://idmtheftable.bandcamp.com/album/some-fruit-and-tape
https://idmtheftable.bandcamp.com/album/split-angels-no
https://idmtheftable.bandcamp.com/album/star-guts
https://idmtheftable.bandcamp.com/album/tambourine-green
https://idmtheftable.bandcamp.com/album/teeth-teething
https://idmtheftable.bandcamp.com/album/the-do-it-yourself-staircase
https://idmtheftable.bandcamp.com/album/the-recoton-high-bias-from-rushville-illinois
https://idmtheftable.bandcamp.com/album/the-xylophoning-of-dirges
https://idmtheftable.bandcamp.com/album/the-year-we-discovered-the-candy-drop
https://idmtheftable.bandcamp.com/album/things-i-might-write-on-the-egypt-road-rock
https://idmtheftable.bandcamp.com/album/well-i-fell-in-love-with-the-eye-at-the-bottom-of-the-well
https://idmtheftable.bandcamp.com/album/werthers-original
https://idmtheftable.bandcamp.com/album/which-ponds-y-which-sugars-y-witch-ponds-ive-witch
https://idmtheftable.bandcamp.com/album/width-widths-reach-reaches-length-lengths
https://idmtheftable.bandcamp.com/track/a-box-fan-on-a-toy-piano-while-i-sleep
