https://mikecooper.bandcamp.com/album/avant-roots-mike-cooper-viv-corringham
https://mikecooper.bandcamp.com/album/beach-crossings-pacific-footprints-mike-cooper-and-friends
https://mikecooper.bandcamp.com/album/black-flamingo
https://mikecooper.bandcamp.com/album/buy-batteries-and-shelter-pets
https://mikecooper.bandcamp.com/album/cane-fire-ost
https://mikecooper.bandcamp.com/album/distant-songs-of-madmen-on-paradise-road
https://mikecooper.bandcamp.com/album/eternal-equinox
https://mikecooper.bandcamp.com/album/extraordinary-moments-hotel-palenque
https://mikecooper.bandcamp.com/album/forbidden-delta-planet-blues
https://mikecooper.bandcamp.com/album/fratello-mare
https://mikecooper.bandcamp.com/album/globe-notes
https://mikecooper.bandcamp.com/album/hipshot-guitars-vol-2
https://mikecooper.bandcamp.com/album/hipshot-guitars-vol-one
https://mikecooper.bandcamp.com/album/intensidades-tropicales
https://mikecooper.bandcamp.com/album/kiribati
https://mikecooper.bandcamp.com/album/la-malvarosa
https://mikecooper.bandcamp.com/album/life-and-death-in-paradise-milan-live-acoustic-2018
https://mikecooper.bandcamp.com/album/listen-better-the-chao-phraya-river-project
https://mikecooper.bandcamp.com/album/metal-box
https://mikecooper.bandcamp.com/album/mike-cooper-21st-century-lap-steel-guitar
https://mikecooper.bandcamp.com/album/mike-cooper-40-nights-and-40-days
https://mikecooper.bandcamp.com/album/mike-cooper-a-covid-year-compilation-2
https://mikecooper.bandcamp.com/album/mike-cooper-aelita-queen-of-mars
https://mikecooper.bandcamp.com/album/mike-cooper-and-jon-raskin-hotel-noctambulo
https://mikecooper.bandcamp.com/album/mike-cooper-and-scot-ray-dua-kepala-kelapa
https://mikecooper.bandcamp.com/album/mike-cooper-astrosurfing
https://mikecooper.bandcamp.com/album/mike-cooper-blue-guitar
https://mikecooper.bandcamp.com/album/mike-cooper-cane-fire
https://mikecooper.bandcamp.com/album/mike-cooper-chris-abrahams-live-sima-sydney-2009
https://mikecooper.bandcamp.com/album/mike-cooper-dr-truna-make-it-significant
https://mikecooper.bandcamp.com/album/mike-cooper-duck-baker-cumino-in-mia-cucina
https://mikecooper.bandcamp.com/album/mike-cooper-elliott-sharp-long-distance-information
https://mikecooper.bandcamp.com/album/mike-cooper-gary-peters-cubist-country
https://mikecooper.bandcamp.com/album/mike-cooper-giacinto-two
https://mikecooper.bandcamp.com/album/mike-cooper-guitar-solos-free-at-last
https://mikecooper.bandcamp.com/album/mike-cooper-island-songs
https://mikecooper.bandcamp.com/album/mike-cooper-jim-mcauley-fragile-corners
https://mikecooper.bandcamp.com/album/mike-cooper-jon-raskin-raskupa
https://mikecooper.bandcamp.com/album/mike-cooper-linhumaine
https://mikecooper.bandcamp.com/album/mike-cooper-live-at-syros-international-film-festival
https://mikecooper.bandcamp.com/album/mike-cooper-live-cave-12
https://mikecooper.bandcamp.com/album/mike-cooper-mark-wastell-sound-mirrors
https://mikecooper.bandcamp.com/album/mike-cooper-mazen-kerbaj-glass-love
https://mikecooper.bandcamp.com/album/mike-cooper-meanwhile
https://mikecooper.bandcamp.com/album/mike-cooper-pacific-voyager
https://mikecooper.bandcamp.com/album/mike-cooper-pat-thomas-glass-love-venetus
https://mikecooper.bandcamp.com/album/mike-cooper-playing-with-water
https://mikecooper.bandcamp.com/album/mike-cooper-protest-songs
https://mikecooper.bandcamp.com/album/mike-cooper-radio-paradise
https://mikecooper.bandcamp.com/album/mike-cooper-rast
https://mikecooper.bandcamp.com/album/mike-cooper-re-settled
https://mikecooper.bandcamp.com/album/mike-cooper-reluctant-swimmer-virtual-surfer
https://mikecooper.bandcamp.com/album/mike-cooper-scot-ray-play-kika-kila
https://mikecooper.bandcamp.com/album/mike-cooper-send-of-the-sea-2
https://mikecooper.bandcamp.com/album/mike-cooper-sky-songs
https://mikecooper.bandcamp.com/album/mike-cooper-spirit-songs-live
https://mikecooper.bandcamp.com/album/mike-cooper-spirit-songs-live-four-volumes
https://mikecooper.bandcamp.com/album/mike-cooper-steelaway
https://mikecooper.bandcamp.com/album/mike-cooper-tabu
https://mikecooper.bandcamp.com/album/mike-cooper-the-dream-island-of-birds
https://mikecooper.bandcamp.com/album/mike-cooper-the-folderol-sessions
https://mikecooper.bandcamp.com/album/mike-cooper-thirteen-covid-miniatures
https://mikecooper.bandcamp.com/album/mike-cooper-tiki-modern
https://mikecooper.bandcamp.com/album/mike-cooper-under-the-volcano
https://mikecooper.bandcamp.com/album/mike-cooper-unsettled
https://mikecooper.bandcamp.com/album/mike-cooper-viv-corringham-rembetronika
https://mikecooper.bandcamp.com/album/mike-cooper-youre-gonna-miss-me-when-im-gone
https://mikecooper.bandcamp.com/album/national-gallery-keep-it-clean
https://mikecooper.bandcamp.com/album/new-guitar-old-hat-knew-blues
https://mikecooper.bandcamp.com/album/new-guitar-old-hat-knew-blues-2
https://mikecooper.bandcamp.com/album/new-kiribati
https://mikecooper.bandcamp.com/album/oceans-of-milk-and-treacle
https://mikecooper.bandcamp.com/album/out-of-the-shades-on-sale
https://mikecooper.bandcamp.com/album/places-i-know-the-machine-gun-co-with-mike-cooper
https://mikecooper.bandcamp.com/album/playing-with-water
https://mikecooper.bandcamp.com/album/raft
https://mikecooper.bandcamp.com/album/rayon-hula-15th-anniversary-edition
https://mikecooper.bandcamp.com/album/reluctant-swimmer-virtual-surfer
https://mikecooper.bandcamp.com/album/requiem-for-the-uk-two-folk-songs
https://mikecooper.bandcamp.com/album/right-h-ear-side-by-side
https://mikecooper.bandcamp.com/album/ritual-mike-cooper-michael-thieke
https://mikecooper.bandcamp.com/album/slow-motion-lightning
https://mikecooper.bandcamp.com/album/spirit-songs
https://mikecooper.bandcamp.com/album/spirit-songs-2
https://mikecooper.bandcamp.com/album/the-five-rings
https://mikecooper.bandcamp.com/album/the-purple-palms-of-bluesealand
https://mikecooper.bandcamp.com/album/tropical-gothic
https://mikecooper.bandcamp.com/album/tropical-gothic-onibaba-legong-gods-of-bali
https://mikecooper.bandcamp.com/album/trout-steel
https://mikecooper.bandcamp.com/album/truth-in-the-abstract-blues
https://mikecooper.bandcamp.com/album/when-a-screaming-comes-across-the-sky
https://mikecooper.bandcamp.com/album/white-shadows-in-the-south-seas
https://mikecooper.bandcamp.com/track/mike-coopers-shape-of-steel-to-come
https://mikecooper.bandcamp.com/track/new-hard-times-killing-floor-3
https://mikecooper.bandcamp.com/track/slow-motion-lightning-piano
