https://goodvibrations.bandcamp.com/album/20171210-the-games-we-play-live-at-kongsikl
https://goodvibrations.bandcamp.com/album/3-minus-2
https://goodvibrations.bandcamp.com/album/40-00
https://goodvibrations.bandcamp.com/album/41-43
https://goodvibrations.bandcamp.com/album/45-45
https://goodvibrations.bandcamp.com/album/a-wild-sheep-chase
https://goodvibrations.bandcamp.com/album/ancient
https://goodvibrations.bandcamp.com/album/anotherdimension
https://goodvibrations.bandcamp.com/album/barely-storm
https://goodvibrations.bandcamp.com/album/big-tune
https://goodvibrations.bandcamp.com/album/black-road
https://goodvibrations.bandcamp.com/album/ceo
https://goodvibrations.bandcamp.com/album/chasing-expresso
https://goodvibrations.bandcamp.com/album/cicadas-2019-remastered
https://goodvibrations.bandcamp.com/album/cocktail-party
https://goodvibrations.bandcamp.com/album/crawl
https://goodvibrations.bandcamp.com/album/cyclops
https://goodvibrations.bandcamp.com/album/data-collector
https://goodvibrations.bandcamp.com/album/deep-extended-play
https://goodvibrations.bandcamp.com/album/directing-traffic
https://goodvibrations.bandcamp.com/album/double-ambient
https://goodvibrations.bandcamp.com/album/exit-solo-guitar-improvisations-vol-19
https://goodvibrations.bandcamp.com/album/fast-lane
https://goodvibrations.bandcamp.com/album/feeds-extended-play
https://goodvibrations.bandcamp.com/album/flower
https://goodvibrations.bandcamp.com/album/foot-print-on-the-moon
https://goodvibrations.bandcamp.com/album/foreverscape-2019-remastered
https://goodvibrations.bandcamp.com/album/future-coffee
https://goodvibrations.bandcamp.com/album/futuristic
https://goodvibrations.bandcamp.com/album/ginger
https://goodvibrations.bandcamp.com/album/happier-tune
https://goodvibrations.bandcamp.com/album/headache-music
https://goodvibrations.bandcamp.com/album/hiding-place
https://goodvibrations.bandcamp.com/album/highway-star-selected-guitar-works-2007-2015
https://goodvibrations.bandcamp.com/album/holding
https://goodvibrations.bandcamp.com/album/hybrid-desert
https://goodvibrations.bandcamp.com/album/hybrid-desert-2
https://goodvibrations.bandcamp.com/album/in-between
https://goodvibrations.bandcamp.com/album/instant-construction
https://goodvibrations.bandcamp.com/album/kaleidoscope
https://goodvibrations.bandcamp.com/album/kaleidoscope-vol-ii
https://goodvibrations.bandcamp.com/album/lightyears
https://goodvibrations.bandcamp.com/album/main2-live-at-iskarnival-festival-day-1
https://goodvibrations.bandcamp.com/album/man-monkey
https://goodvibrations.bandcamp.com/album/many-suns-many-faces
https://goodvibrations.bandcamp.com/album/misconducted
https://goodvibrations.bandcamp.com/album/night-crawling
https://goodvibrations.bandcamp.com/album/night-vision
https://goodvibrations.bandcamp.com/album/ocean-blues-minus-guitar-2000-2002-extended-play-2018-remastered
https://goodvibrations.bandcamp.com/album/old-grey-single
https://goodvibrations.bandcamp.com/album/outer-space-horror-comedy
https://goodvibrations.bandcamp.com/album/p-m-a-m
https://goodvibrations.bandcamp.com/album/possible-soundtrack
https://goodvibrations.bandcamp.com/album/queen-bs-blues
https://goodvibrations.bandcamp.com/album/safe-and-sound
https://goodvibrations.bandcamp.com/album/single-line-on-the-string
https://goodvibrations.bandcamp.com/album/sixty-minutes-of-pleasure
https://goodvibrations.bandcamp.com/album/slight-opacity
https://goodvibrations.bandcamp.com/album/slow-break
https://goodvibrations.bandcamp.com/album/solar
https://goodvibrations.bandcamp.com/album/sorry-ma-forgot-to-take-out-the-trash
https://goodvibrations.bandcamp.com/album/sun
https://goodvibrations.bandcamp.com/album/the-house-i-used-to-live-in
https://goodvibrations.bandcamp.com/album/three-suns
https://goodvibrations.bandcamp.com/album/time-bomb
https://goodvibrations.bandcamp.com/album/tradition
https://goodvibrations.bandcamp.com/album/transfer-station
https://goodvibrations.bandcamp.com/album/triple-double-space
https://goodvibrations.bandcamp.com/album/untitled-2023
https://goodvibrations.bandcamp.com/album/van-goghs-fingerprint
https://goodvibrations.bandcamp.com/album/w1nd0f-t0rm
https://goodvibrations.bandcamp.com/album/wake-up
https://goodvibrations.bandcamp.com/album/wild-moods
https://goodvibrations.bandcamp.com/album/wild-moods-2
https://goodvibrations.bandcamp.com/album/windmill-by-the-sea
https://goodvibrations.bandcamp.com/track/lost-dog-boggie
https://goodvibrations.bandcamp.com/track/love-boxing-day-3am-mix
https://goodvibrations.bandcamp.com/track/yuck
