https://jadfair1.bandcamp.com/album/100-songs-a-master-class-in-songwriting
https://jadfair1.bandcamp.com/album/12-songs-2
https://jadfair1.bandcamp.com/album/a-day-in-may
https://jadfair1.bandcamp.com/album/a-lovers-knot
https://jadfair1.bandcamp.com/album/a-perfect-recipe
https://jadfair1.bandcamp.com/album/a-shining-star
https://jadfair1.bandcamp.com/album/a-way-about-you
https://jadfair1.bandcamp.com/album/adventure
https://jadfair1.bandcamp.com/album/advice-from-the-other-side
https://jadfair1.bandcamp.com/album/apple-peach-pear
https://jadfair1.bandcamp.com/album/ask-anyone
https://jadfair1.bandcamp.com/album/atom-brain
https://jadfair1.bandcamp.com/album/bad-songs
https://jadfair1.bandcamp.com/album/beautiful-music
https://jadfair1.bandcamp.com/album/better-days
https://jadfair1.bandcamp.com/album/bird-song
https://jadfair1.bandcamp.com/album/birds
https://jadfair1.bandcamp.com/album/black-bird
https://jadfair1.bandcamp.com/album/blue
https://jadfair1.bandcamp.com/album/bye-bye
https://jadfair1.bandcamp.com/album/can-never-leave
https://jadfair1.bandcamp.com/album/chocolate-rainbow-butterfly-unicorn
https://jadfair1.bandcamp.com/album/choose-your-own-future
https://jadfair1.bandcamp.com/album/cured
https://jadfair1.bandcamp.com/album/danger-house
https://jadfair1.bandcamp.com/album/danger-man
https://jadfair1.bandcamp.com/album/demons-everywhere
https://jadfair1.bandcamp.com/album/destroy-all-monsters
https://jadfair1.bandcamp.com/album/do-you-get-the-point
https://jadfair1.bandcamp.com/album/dream-land
https://jadfair1.bandcamp.com/album/dream-time
https://jadfair1.bandcamp.com/album/embrace-the-future
https://jadfair1.bandcamp.com/album/entertainment
https://jadfair1.bandcamp.com/album/every-night-i-have-the-same-dream
https://jadfair1.bandcamp.com/album/eye-monster
https://jadfair1.bandcamp.com/album/film-music
https://jadfair1.bandcamp.com/album/flower
https://jadfair1.bandcamp.com/album/full-moon
https://jadfair1.bandcamp.com/album/giant
https://jadfair1.bandcamp.com/album/glazed-donut
https://jadfair1.bandcamp.com/album/good-and-true
https://jadfair1.bandcamp.com/album/good-morning
https://jadfair1.bandcamp.com/album/got-you
https://jadfair1.bandcamp.com/album/green
https://jadfair1.bandcamp.com/album/grin
https://jadfair1.bandcamp.com/album/happiness
https://jadfair1.bandcamp.com/album/happy-hearts
https://jadfair1.bandcamp.com/album/i-know-it
https://jadfair1.bandcamp.com/album/i-like-ice-cream
https://jadfair1.bandcamp.com/album/i-like-the-way-you-smile
https://jadfair1.bandcamp.com/album/i-like-you
https://jadfair1.bandcamp.com/album/i-love-love
https://jadfair1.bandcamp.com/album/if-you-dare
https://jadfair1.bandcamp.com/album/invaders-from-mars
https://jadfair1.bandcamp.com/album/it-will-do-it-again
https://jadfair1.bandcamp.com/album/its-go-time
https://jadfair1.bandcamp.com/album/its-them
https://jadfair1.bandcamp.com/album/its-yours
https://jadfair1.bandcamp.com/album/jad-fair-oh-no
https://jadfair1.bandcamp.com/album/jump-for-joy
https://jadfair1.bandcamp.com/album/just-for-kicks
https://jadfair1.bandcamp.com/album/just-the-start
https://jadfair1.bandcamp.com/album/just-the-way-it-is
https://jadfair1.bandcamp.com/album/kicks
https://jadfair1.bandcamp.com/album/let-it-begin
https://jadfair1.bandcamp.com/album/let-love-be-your-umbrella
https://jadfair1.bandcamp.com/album/let-the-fun-begin
https://jadfair1.bandcamp.com/album/look-out
https://jadfair1.bandcamp.com/album/love
https://jadfair1.bandcamp.com/album/love-is-good
https://jadfair1.bandcamp.com/album/love-stampede
https://jadfair1.bandcamp.com/album/lucky-smile
https://jadfair1.bandcamp.com/album/lucky-star
https://jadfair1.bandcamp.com/album/make-a-wish
https://jadfair1.bandcamp.com/album/maybe
https://jadfair1.bandcamp.com/album/midnight
https://jadfair1.bandcamp.com/album/midnight-eyes
https://jadfair1.bandcamp.com/album/midnight-kicks
https://jadfair1.bandcamp.com/album/midnight-songs
https://jadfair1.bandcamp.com/album/mission-accomplished
https://jadfair1.bandcamp.com/album/monster
https://jadfair1.bandcamp.com/album/monster-on-my-head
https://jadfair1.bandcamp.com/album/monsters-rule-the-night
https://jadfair1.bandcamp.com/album/moon-monster-x
https://jadfair1.bandcamp.com/album/morning-sun
https://jadfair1.bandcamp.com/album/nature
https://jadfair1.bandcamp.com/album/niagara-falls
https://jadfair1.bandcamp.com/album/no-way-out
https://jadfair1.bandcamp.com/album/now-i-know
https://jadfair1.bandcamp.com/album/now-its-back
https://jadfair1.bandcamp.com/album/october-31
https://jadfair1.bandcamp.com/album/october-31-1969
https://jadfair1.bandcamp.com/album/on-the-go
https://jadfair1.bandcamp.com/album/one-hundred
https://jadfair1.bandcamp.com/album/pancakes-and-maple-syrup
https://jadfair1.bandcamp.com/album/peach
https://jadfair1.bandcamp.com/album/perfectly-perfect
https://jadfair1.bandcamp.com/album/planet-of-the-vampires
https://jadfair1.bandcamp.com/album/planet-x-2
https://jadfair1.bandcamp.com/album/planet-x-and-beyond
https://jadfair1.bandcamp.com/album/pow
https://jadfair1.bandcamp.com/album/prehistoric-times
https://jadfair1.bandcamp.com/album/probably-safe
https://jadfair1.bandcamp.com/album/pumpkin-head
https://jadfair1.bandcamp.com/album/rain-fall
https://jadfair1.bandcamp.com/album/rainbow
https://jadfair1.bandcamp.com/album/rainbow-love-heart-sensation
https://jadfair1.bandcamp.com/album/robot
https://jadfair1.bandcamp.com/album/shadows-in-the-dark
https://jadfair1.bandcamp.com/album/shining-stars-above-us
https://jadfair1.bandcamp.com/album/show-that-you-care
https://jadfair1.bandcamp.com/album/spinning-around
https://jadfair1.bandcamp.com/album/spring
https://jadfair1.bandcamp.com/album/star
https://jadfair1.bandcamp.com/album/stars-at-night
https://jadfair1.bandcamp.com/album/stick-with-the-plan
https://jadfair1.bandcamp.com/album/stop-the-creature
https://jadfair1.bandcamp.com/album/strange-lights
https://jadfair1.bandcamp.com/album/summer
https://jadfair1.bandcamp.com/album/sunday-afternoon
https://jadfair1.bandcamp.com/album/sunshine
https://jadfair1.bandcamp.com/album/sunshine-and-happiness
https://jadfair1.bandcamp.com/album/sunshine-eyes
https://jadfair1.bandcamp.com/album/sunshine-happiness-heart
https://jadfair1.bandcamp.com/album/sure-is
https://jadfair1.bandcamp.com/album/tarantula
https://jadfair1.bandcamp.com/album/thank-you
https://jadfair1.bandcamp.com/album/thank-you-love
https://jadfair1.bandcamp.com/album/that-kind-of-day
https://jadfair1.bandcamp.com/album/that-look-on-your-face
https://jadfair1.bandcamp.com/album/the-answer-is-yes
https://jadfair1.bandcamp.com/album/the-beauty-of-love
https://jadfair1.bandcamp.com/album/the-big-beat
https://jadfair1.bandcamp.com/album/the-celebration
https://jadfair1.bandcamp.com/album/the-night
https://jadfair1.bandcamp.com/album/the-party-is-just-getting-started
https://jadfair1.bandcamp.com/album/the-rebel-kind
https://jadfair1.bandcamp.com/album/the-stars-above
https://jadfair1.bandcamp.com/album/the-stars-are-out-tonight
https://jadfair1.bandcamp.com/album/they-are-here
https://jadfair1.bandcamp.com/album/they-are-with-us-now
https://jadfair1.bandcamp.com/album/thrilled
https://jadfair1.bandcamp.com/album/time-for-our-now
https://jadfair1.bandcamp.com/album/together
https://jadfair1.bandcamp.com/album/trees
https://jadfair1.bandcamp.com/album/twelve-months
https://jadfair1.bandcamp.com/album/two-birds
https://jadfair1.bandcamp.com/album/two-friends
https://jadfair1.bandcamp.com/album/vampires-ogres-and-fiends
https://jadfair1.bandcamp.com/album/walk-on-the-sun
https://jadfair1.bandcamp.com/album/walking-on-a-rainbow
https://jadfair1.bandcamp.com/album/we-win
https://jadfair1.bandcamp.com/album/when-sunshine-came-to-me
https://jadfair1.bandcamp.com/album/winning-ways
https://jadfair1.bandcamp.com/album/wish-on-a-star
https://jadfair1.bandcamp.com/album/with-us-now-2
https://jadfair1.bandcamp.com/album/wonderland
https://jadfair1.bandcamp.com/album/x-the-unknown
https://jadfair1.bandcamp.com/album/yes-you-are
https://jadfair1.bandcamp.com/album/you-and-i
https://jadfair1.bandcamp.com/album/you-are-the-one
https://jadfair1.bandcamp.com/album/youre-number-one
https://jadfair1.bandcamp.com/album/zombie-storm
https://jadfair1.bandcamp.com/track/fate-is-on-our-side-2
