https://hushtones.bandcamp.com/album/-
https://hushtones.bandcamp.com/album/--11
https://hushtones.bandcamp.com/album/--12
https://hushtones.bandcamp.com/album/--14
https://hushtones.bandcamp.com/album/--3
https://hushtones.bandcamp.com/album/--4
https://hushtones.bandcamp.com/album/--5
https://hushtones.bandcamp.com/album/--6
https://hushtones.bandcamp.com/album/--7
https://hushtones.bandcamp.com/album/1
https://hushtones.bandcamp.com/album/1-hp
https://hushtones.bandcamp.com/album/2
https://hushtones.bandcamp.com/album/3
https://hushtones.bandcamp.com/album/4
https://hushtones.bandcamp.com/album/6
https://hushtones.bandcamp.com/album/7
https://hushtones.bandcamp.com/album/abyss-of-the-monkey
https://hushtones.bandcamp.com/album/aquarium-i-v
https://hushtones.bandcamp.com/album/astral-death
https://hushtones.bandcamp.com/album/before-we-appear-lost-album
https://hushtones.bandcamp.com/album/caroline-another-aperture-experience
https://hushtones.bandcamp.com/album/cave-an-aperture-experience
https://hushtones.bandcamp.com/album/channel-surfing
https://hushtones.bandcamp.com/album/channel-surfing-3d
https://hushtones.bandcamp.com/album/death-poem
https://hushtones.bandcamp.com/album/death-romantique
https://hushtones.bandcamp.com/album/dream-passages
https://hushtones.bandcamp.com/album/drifting-between-dreams
https://hushtones.bandcamp.com/album/drowned-in-silent-agony
https://hushtones.bandcamp.com/album/eros
https://hushtones.bandcamp.com/album/everywhere-at-the-end-of-bikini-bottom
https://hushtones.bandcamp.com/album/forgotten
https://hushtones.bandcamp.com/album/g-s
https://hushtones.bandcamp.com/album/galatea
https://hushtones.bandcamp.com/album/gamecube
https://hushtones.bandcamp.com/album/happy-birthday
https://hushtones.bandcamp.com/album/hello-world
https://hushtones.bandcamp.com/album/high-fashion-2
https://hushtones.bandcamp.com/album/i-dont-want-to-die-anymore
https://hushtones.bandcamp.com/album/lego-castle-1979-1998
https://hushtones.bandcamp.com/album/m-e-g-a-s-t-r-u-c-t-u-r-e
https://hushtones.bandcamp.com/album/m-e-g-a-s-t-r-u-c-t-u-r-e-2
https://hushtones.bandcamp.com/album/measuring
https://hushtones.bandcamp.com/album/nights-of-azure
https://hushtones.bandcamp.com/album/ocean-temple
https://hushtones.bandcamp.com/album/on-mall-ky-to-goj
https://hushtones.bandcamp.com/album/one-moment-please
https://hushtones.bandcamp.com/album/platinum-dream-expansion
https://hushtones.bandcamp.com/album/power-exchange
https://hushtones.bandcamp.com/album/radiant-rebirth
https://hushtones.bandcamp.com/album/rated-m
https://hushtones.bandcamp.com/album/skylines
https://hushtones.bandcamp.com/album/sp-c-r
https://hushtones.bandcamp.com/album/st-yx
https://hushtones.bandcamp.com/album/this-isnt-hentai-jazz
https://hushtones.bandcamp.com/album/voyager-92
https://hushtones.bandcamp.com/album/wii
