https://terrapin27.bandcamp.com/album/autumn-winter
https://terrapin27.bandcamp.com/album/bonfire-evening-ii
https://terrapin27.bandcamp.com/album/cassettes-for-cain
https://terrapin27.bandcamp.com/album/changeling
https://terrapin27.bandcamp.com/album/cover-to-cover-ep
https://terrapin27.bandcamp.com/album/earthbound-canopy
https://terrapin27.bandcamp.com/album/eight-hours-of-night
https://terrapin27.bandcamp.com/album/evidence-for-ghosts
https://terrapin27.bandcamp.com/album/immortalised-daffodils
https://terrapin27.bandcamp.com/album/inheritance
https://terrapin27.bandcamp.com/album/innerexternal
https://terrapin27.bandcamp.com/album/innerviolent
https://terrapin27.bandcamp.com/album/leaves-for-u
https://terrapin27.bandcamp.com/album/mesmerised-by-the-mess
https://terrapin27.bandcamp.com/album/mixtape-2
https://terrapin27.bandcamp.com/album/namesake
https://terrapin27.bandcamp.com/album/one-take
https://terrapin27.bandcamp.com/album/outside
https://terrapin27.bandcamp.com/album/re-bonfire-evening
https://terrapin27.bandcamp.com/album/self-titled
https://terrapin27.bandcamp.com/album/the-sound
https://terrapin27.bandcamp.com/album/the-view-from-earth
https://terrapin27.bandcamp.com/album/time-enough
https://terrapin27.bandcamp.com/album/troubles-ep
https://terrapin27.bandcamp.com/album/untethered
