https://motionsicknessoftimetravel.bandcamp.com/album/a-disembodied-voice-in-the-darkness
https://motionsicknessoftimetravel.bandcamp.com/album/a-forest-aching-cold
https://motionsicknessoftimetravel.bandcamp.com/album/a-marbled-youth
https://motionsicknessoftimetravel.bandcamp.com/album/abditive-abature-split
https://motionsicknessoftimetravel.bandcamp.com/album/affinity
https://motionsicknessoftimetravel.bandcamp.com/album/aloonaluna-motion-sickness-of-time-travel-split
https://motionsicknessoftimetravel.bandcamp.com/album/alpha-piscium
https://motionsicknessoftimetravel.bandcamp.com/album/athenaeum-2009-2012
https://motionsicknessoftimetravel.bandcamp.com/album/awakening
https://motionsicknessoftimetravel.bandcamp.com/album/ballade-for-a-beaver-moon
https://motionsicknessoftimetravel.bandcamp.com/album/ballade-for-a-blue-moon
https://motionsicknessoftimetravel.bandcamp.com/album/ballade-for-a-buck-moon
https://motionsicknessoftimetravel.bandcamp.com/album/ballade-for-a-cold-moon
https://motionsicknessoftimetravel.bandcamp.com/album/ballade-for-a-crow-moon
https://motionsicknessoftimetravel.bandcamp.com/album/ballade-for-a-flower-moon
https://motionsicknessoftimetravel.bandcamp.com/album/ballade-for-a-harvest-moon
https://motionsicknessoftimetravel.bandcamp.com/album/ballade-for-a-hunters-moon
https://motionsicknessoftimetravel.bandcamp.com/album/ballade-for-a-seed-moon
https://motionsicknessoftimetravel.bandcamp.com/album/ballade-for-a-snow-moon
https://motionsicknessoftimetravel.bandcamp.com/album/ballade-for-a-strawberry-moon
https://motionsicknessoftimetravel.bandcamp.com/album/ballade-for-a-sturgeon-moon
https://motionsicknessoftimetravel.bandcamp.com/album/ballade-for-a-wolf-moon
https://motionsicknessoftimetravel.bandcamp.com/album/ballades
https://motionsicknessoftimetravel.bandcamp.com/album/bifurcation-bereavement
https://motionsicknessoftimetravel.bandcamp.com/album/chinaberry
https://motionsicknessoftimetravel.bandcamp.com/album/climax-3-box-5-way-split
https://motionsicknessoftimetravel.bandcamp.com/album/communicating-from-within-a-wooden-box
https://motionsicknessoftimetravel.bandcamp.com/album/conscious-currents
https://motionsicknessoftimetravel.bandcamp.com/album/cradle-songs
https://motionsicknessoftimetravel.bandcamp.com/album/crystal-anniversary-split
https://motionsicknessoftimetravel.bandcamp.com/album/cursory-glance
https://motionsicknessoftimetravel.bandcamp.com/album/cutlass-obscura-extrasolarity
https://motionsicknessoftimetravel.bandcamp.com/album/dark-year
https://motionsicknessoftimetravel.bandcamp.com/album/diaries-documents
https://motionsicknessoftimetravel.bandcamp.com/album/dreamcatcher
https://motionsicknessoftimetravel.bandcamp.com/album/eclipse-studies
https://motionsicknessoftimetravel.bandcamp.com/album/equilibrium
https://motionsicknessoftimetravel.bandcamp.com/album/existential-sphinx
https://motionsicknessoftimetravel.bandcamp.com/album/feathers-and-furs
https://motionsicknessoftimetravel.bandcamp.com/album/green-carpet-single
https://motionsicknessoftimetravel.bandcamp.com/album/if-we-were-landscapes
https://motionsicknessoftimetravel.bandcamp.com/album/let-down
https://motionsicknessoftimetravel.bandcamp.com/album/live-at-bolo-bolo-august-5-2023
https://motionsicknessoftimetravel.bandcamp.com/album/live-sunrise-sound-bath
https://motionsicknessoftimetravel.bandcamp.com/album/love-songs
https://motionsicknessoftimetravel.bandcamp.com/album/luminaries-synastry
https://motionsicknessoftimetravel.bandcamp.com/album/magick-box
https://motionsicknessoftimetravel.bandcamp.com/album/mass-ornament-motion-sickness-of-time-travel-split
https://motionsicknessoftimetravel.bandcamp.com/album/motion-sickness-of-time-travel
https://motionsicknessoftimetravel.bandcamp.com/album/motion-sickness-of-time-travel-imperial-topaz-split
https://motionsicknessoftimetravel.bandcamp.com/album/motion-sickness-of-time-travel-tidal-split
https://motionsicknessoftimetravel.bandcamp.com/album/no-domino
https://motionsicknessoftimetravel.bandcamp.com/album/not-a-phase-digital-mixtape
https://motionsicknessoftimetravel.bandcamp.com/album/oddments
https://motionsicknessoftimetravel.bandcamp.com/album/our-city-single
https://motionsicknessoftimetravel.bandcamp.com/album/ouroboros
https://motionsicknessoftimetravel.bandcamp.com/album/oust
https://motionsicknessoftimetravel.bandcamp.com/album/penchant-mode
https://motionsicknessoftimetravel.bandcamp.com/album/pretty-strong-lies-single
https://motionsicknessoftimetravel.bandcamp.com/album/red-tide
https://motionsicknessoftimetravel.bandcamp.com/album/remixes-tabs-out
https://motionsicknessoftimetravel.bandcamp.com/album/reworks-by-motion-sickness-of-time-travel
https://motionsicknessoftimetravel.bandcamp.com/album/seeping-through-the-veil-of-the-unconscious
https://motionsicknessoftimetravel.bandcamp.com/album/shinrin-yoku
https://motionsicknessoftimetravel.bandcamp.com/album/sistrum
https://motionsicknessoftimetravel.bandcamp.com/album/slow-architecture-split
https://motionsicknessoftimetravel.bandcamp.com/album/split
https://motionsicknessoftimetravel.bandcamp.com/album/subterranean
https://motionsicknessoftimetravel.bandcamp.com/album/superposition-wash
https://motionsicknessoftimetravel.bandcamp.com/album/swift-2125
https://motionsicknessoftimetravel.bandcamp.com/album/syzyg-a-lodge
https://motionsicknessoftimetravel.bandcamp.com/album/taxidermy-of-unicorns-4-way-split
https://motionsicknessoftimetravel.bandcamp.com/album/the-caterpillar-trees
https://motionsicknessoftimetravel.bandcamp.com/album/the-circuit
https://motionsicknessoftimetravel.bandcamp.com/album/the-cirque
https://motionsicknessoftimetravel.bandcamp.com/album/the-fire-cult-to-your-dream-child-split
https://motionsicknessoftimetravel.bandcamp.com/album/the-mandala-effect
https://motionsicknessoftimetravel.bandcamp.com/album/the-perennials
https://motionsicknessoftimetravel.bandcamp.com/album/the-rabbit-and-the-hawk
https://motionsicknessoftimetravel.bandcamp.com/album/the-sound-of-reality-dissolving
https://motionsicknessoftimetravel.bandcamp.com/album/the-true-book-of-space
https://motionsicknessoftimetravel.bandcamp.com/album/they-came-up-from-the-hills-and-down-from-the-sound
https://motionsicknessoftimetravel.bandcamp.com/album/totality
https://motionsicknessoftimetravel.bandcamp.com/album/traces
https://motionsicknessoftimetravel.bandcamp.com/album/triplet
https://motionsicknessoftimetravel.bandcamp.com/album/variations-on-sleep-split
https://motionsicknessoftimetravel.bandcamp.com/album/vignette-for-taurus
https://motionsicknessoftimetravel.bandcamp.com/album/weeks
https://motionsicknessoftimetravel.bandcamp.com/album/weeks-let-down
https://motionsicknessoftimetravel.bandcamp.com/album/where-i-first-laid-ears-on-you-2-split
https://motionsicknessoftimetravel.bandcamp.com/album/white-candle
https://motionsicknessoftimetravel.bandcamp.com/album/zodiac-2
https://motionsicknessoftimetravel.bandcamp.com/album/zodiac-subscription-series-version
