https://psneakyrecords.bandcamp.com/album/223-pounds-of-sugar-poured-directly-on-an-anthill
https://psneakyrecords.bandcamp.com/album/acklinn-ky
https://psneakyrecords.bandcamp.com/album/ava
https://psneakyrecords.bandcamp.com/album/c-u-in-abyss
https://psneakyrecords.bandcamp.com/album/d-i-e
https://psneakyrecords.bandcamp.com/album/death-rattle
https://psneakyrecords.bandcamp.com/album/dugan-nash-type-beat
https://psneakyrecords.bandcamp.com/album/granulator-diva
https://psneakyrecords.bandcamp.com/album/hoesonmydick69
https://psneakyrecords.bandcamp.com/album/inside-yr-mind
https://psneakyrecords.bandcamp.com/album/lock-the-doors
https://psneakyrecords.bandcamp.com/album/mommy
https://psneakyrecords.bandcamp.com/album/pet
https://psneakyrecords.bandcamp.com/album/petrushka
https://psneakyrecords.bandcamp.com/album/psisis
https://psneakyrecords.bandcamp.com/album/psneaky-deluxe-10-years-of-223
https://psneakyrecords.bandcamp.com/album/psneaky-deluxe-vol-2
https://psneakyrecords.bandcamp.com/album/puppeteered-corpse
https://psneakyrecords.bandcamp.com/album/specimen-v-01
https://psneakyrecords.bandcamp.com/album/spirit-photography
https://psneakyrecords.bandcamp.com/album/straightoutthedungeon
https://psneakyrecords.bandcamp.com/album/the-further-down-we-go-the-less-i-recognize
https://psneakyrecords.bandcamp.com/album/the-mirror
https://psneakyrecords.bandcamp.com/album/the-whimsical-and-epic-adventures-of-dj-rozwell-and-vaelastrasz-with-the-friends-theyve-met-along-the-way-and-the-morals-theyve-learned-on-their-wacky-journey
https://psneakyrecords.bandcamp.com/album/the-wire
https://psneakyrecords.bandcamp.com/album/urachus
https://psneakyrecords.bandcamp.com/album/wet-sand
https://psneakyrecords.bandcamp.com/track/naturesucks
