https://keithfullertonwhitman.bandcamp.com/album/a-stable-environment-going-in-025
https://keithfullertonwhitman.bandcamp.com/album/acid-causality-h
https://keithfullertonwhitman.bandcamp.com/album/acid-causality-l
https://keithfullertonwhitman.bandcamp.com/album/after-a-fashion
https://keithfullertonwhitman.bandcamp.com/album/amposta-generators-b-w-lleida-generators
https://keithfullertonwhitman.bandcamp.com/album/antithesis
https://keithfullertonwhitman.bandcamp.com/album/as-it-fell
https://keithfullertonwhitman.bandcamp.com/album/asr
https://keithfullertonwhitman.bandcamp.com/album/attention-cats
https://keithfullertonwhitman.bandcamp.com/album/bowd-ler-ize
https://keithfullertonwhitman.bandcamp.com/album/capitulation-engine
https://keithfullertonwhitman.bandcamp.com/album/collected-guitar-music-2002-2010
https://keithfullertonwhitman.bandcamp.com/album/compilatrix-1998-2004
https://keithfullertonwhitman.bandcamp.com/album/complicated-lives
https://keithfullertonwhitman.bandcamp.com/album/contemporary-drummer-redactions
https://keithfullertonwhitman.bandcamp.com/album/d-di
https://keithfullertonwhitman.bandcamp.com/album/dream-house-variations
https://keithfullertonwhitman.bandcamp.com/album/east-of-nowhere
https://keithfullertonwhitman.bandcamp.com/album/epithets
https://keithfullertonwhitman.bandcamp.com/album/generator
https://keithfullertonwhitman.bandcamp.com/album/generatorss
https://keithfullertonwhitman.bandcamp.com/album/greatest-hits
https://keithfullertonwhitman.bandcamp.com/album/grm-redactions
https://keithfullertonwhitman.bandcamp.com/album/l7-bgm
https://keithfullertonwhitman.bandcamp.com/album/late-monoliths-2011-2013
https://keithfullertonwhitman.bandcamp.com/album/late-playthroughs
https://keithfullertonwhitman.bandcamp.com/album/lisbon
https://keithfullertonwhitman.bandcamp.com/album/live-at-the-tremont-theater
https://keithfullertonwhitman.bandcamp.com/album/live-generators
https://keithfullertonwhitman.bandcamp.com/album/live-occlusions
https://keithfullertonwhitman.bandcamp.com/album/losing-everything-b-w-four-oscillators-reverb-nice
https://keithfullertonwhitman.bandcamp.com/album/multiples
https://keithfullertonwhitman.bandcamp.com/album/nadra-phalanx
https://keithfullertonwhitman.bandcamp.com/album/november-28-2009
https://keithfullertonwhitman.bandcamp.com/album/occlusions
https://keithfullertonwhitman.bandcamp.com/album/oiseaux-96-98
https://keithfullertonwhitman.bandcamp.com/album/okapi-tracks-1994-1996
https://keithfullertonwhitman.bandcamp.com/album/playthroughs
https://keithfullertonwhitman.bandcamp.com/album/private-performance-public-rehearsal
https://keithfullertonwhitman.bandcamp.com/album/r-ume
https://keithfullertonwhitman.bandcamp.com/album/regaining-composure-b-w-negating-freedom
https://keithfullertonwhitman.bandcamp.com/album/remixplosion-1996-2006
https://keithfullertonwhitman.bandcamp.com/album/resonators-1
https://keithfullertonwhitman.bandcamp.com/album/sch-ner-flu-engel
https://keithfullertonwhitman.bandcamp.com/album/sts
https://keithfullertonwhitman.bandcamp.com/album/swarm-dither-20th-anniversary
https://keithfullertonwhitman.bandcamp.com/album/taking-away
https://keithfullertonwhitman.bandcamp.com/album/to-a-certain-extent
https://keithfullertonwhitman.bandcamp.com/album/tokyo
https://keithfullertonwhitman.bandcamp.com/album/usego
https://keithfullertonwhitman.bandcamp.com/album/variations-for-oud-synthesizer
https://keithfullertonwhitman.bandcamp.com/album/vittorio
