https://cousinsilas1.bandcamp.com/album/2025
https://cousinsilas1.bandcamp.com/album/a-blue-expanse
https://cousinsilas1.bandcamp.com/album/a-brief-history-of
https://cousinsilas1.bandcamp.com/album/a-brief-history-of-a-second-volume
https://cousinsilas1.bandcamp.com/album/a-brief-moment
https://cousinsilas1.bandcamp.com/album/a-fall-of-moondust
https://cousinsilas1.bandcamp.com/album/a-journey-beyond-understanding
https://cousinsilas1.bandcamp.com/album/a-moment-lost
https://cousinsilas1.bandcamp.com/album/a-new-silas-sampler
https://cousinsilas1.bandcamp.com/album/a-night-in-centralia
https://cousinsilas1.bandcamp.com/album/a-selection-of-orphans
https://cousinsilas1.bandcamp.com/album/abominations-of-yondos-greatest-hits
https://cousinsilas1.bandcamp.com/album/absent-agreements
https://cousinsilas1.bandcamp.com/album/absentia
https://cousinsilas1.bandcamp.com/album/adrift-off-the-islets-of-langerhan-deluxe-edition
https://cousinsilas1.bandcamp.com/album/alternative-reality-launch
https://cousinsilas1.bandcamp.com/album/amidst-silence-deluxe-edition
https://cousinsilas1.bandcamp.com/album/and-memories-fade
https://cousinsilas1.bandcamp.com/album/and-yet-another-pointless-silas-sampler
https://cousinsilas1.bandcamp.com/album/anemoia
https://cousinsilas1.bandcamp.com/album/anemoia-2
https://cousinsilas1.bandcamp.com/album/arrival-and-departure
https://cousinsilas1.bandcamp.com/album/arriving-after-sunset
https://cousinsilas1.bandcamp.com/album/audio-scullery-plus
https://cousinsilas1.bandcamp.com/album/ballard-landscapes-1-deluxe-edition
https://cousinsilas1.bandcamp.com/album/ballard-landscapes-2-deluxe-edition
https://cousinsilas1.bandcamp.com/album/ballard-landscapes-3-deluxe-edition
https://cousinsilas1.bandcamp.com/album/ballard-landscapes-4-deluxe-edition
https://cousinsilas1.bandcamp.com/album/ballard-landscapes-5-deluxe-edition
https://cousinsilas1.bandcamp.com/album/ballard-landscapes-6-deluxe-edition
https://cousinsilas1.bandcamp.com/album/ballard-landscapes-8
https://cousinsilas1.bandcamp.com/album/before-dawn
https://cousinsilas1.bandcamp.com/album/bemerkelsesverdig-morgen
https://cousinsilas1.bandcamp.com/album/between-worlds
https://cousinsilas1.bandcamp.com/album/beyond-names
https://cousinsilas1.bandcamp.com/album/blue-ice-beyond
https://cousinsilas1.bandcamp.com/album/canaveral-dreams-deluxe-edition
https://cousinsilas1.bandcamp.com/album/canyon
https://cousinsilas1.bandcamp.com/album/catharsis
https://cousinsilas1.bandcamp.com/album/changing-views
https://cousinsilas1.bandcamp.com/album/coast
https://cousinsilas1.bandcamp.com/album/cold-star
https://cousinsilas1.bandcamp.com/album/collaborations
https://cousinsilas1.bandcamp.com/album/coloured-fragments
https://cousinsilas1.bandcamp.com/album/combined
https://cousinsilas1.bandcamp.com/album/contrasts
https://cousinsilas1.bandcamp.com/album/cosmosis
https://cousinsilas1.bandcamp.com/album/cousin-silas-aka-man
https://cousinsilas1.bandcamp.com/album/cousin-silas-candy-l-why-not
https://cousinsilas1.bandcamp.com/album/cousin-silas-friends-volume-9-part-1
https://cousinsilas1.bandcamp.com/album/cousin-silas-friends-volume-9-part-2
https://cousinsilas1.bandcamp.com/album/cousin-silas-friends-volume-9-part-3
https://cousinsilas1.bandcamp.com/album/cousin-silas-friends-volume-9-part-4-2
https://cousinsilas1.bandcamp.com/album/cousin-silas-friends-volume-9-part-5
https://cousinsilas1.bandcamp.com/album/cousin-silas-friends-volume-9-part-6
https://cousinsilas1.bandcamp.com/album/cousin-silas-friends-volume-9-part-7
https://cousinsilas1.bandcamp.com/album/cousin-silas-james-lowe
https://cousinsilas1.bandcamp.com/album/cousin-silas-pete-swinton
https://cousinsilas1.bandcamp.com/album/cousin-silas-walter-fini
https://cousinsilas1.bandcamp.com/album/cousin-silas-wilfried-hanrath
https://cousinsilas1.bandcamp.com/album/cousin-silas-wilfried-hanrath-two
https://cousinsilas1.bandcamp.com/album/dark-drones
https://cousinsilas1.bandcamp.com/album/dark-moons
https://cousinsilas1.bandcamp.com/album/dark-peak
https://cousinsilas1.bandcamp.com/album/dark-suburbia
https://cousinsilas1.bandcamp.com/album/dark-ways
https://cousinsilas1.bandcamp.com/album/darkest-midnight-1
https://cousinsilas1.bandcamp.com/album/darkest-midnight-2
https://cousinsilas1.bandcamp.com/album/darkest-midnight-volume-3
https://cousinsilas1.bandcamp.com/album/daylight-on-saturday
https://cousinsilas1.bandcamp.com/album/deep-dark-skies
https://cousinsilas1.bandcamp.com/album/deep-space-probe
https://cousinsilas1.bandcamp.com/album/discharge-the-material-of-an-idea
https://cousinsilas1.bandcamp.com/album/diversions-for-guitar-deluxe-edition
https://cousinsilas1.bandcamp.com/album/down-the-hill
https://cousinsilas1.bandcamp.com/album/dream-surfing
https://cousinsilas1.bandcamp.com/album/dreamstates-deluxe-edition
https://cousinsilas1.bandcamp.com/album/dreamsville
https://cousinsilas1.bandcamp.com/album/drift
https://cousinsilas1.bandcamp.com/album/drifting
https://cousinsilas1.bandcamp.com/album/ebb
https://cousinsilas1.bandcamp.com/album/electric-portraits
https://cousinsilas1.bandcamp.com/album/emporium-drone-001
https://cousinsilas1.bandcamp.com/album/emporium-drone-002
https://cousinsilas1.bandcamp.com/album/emporium-drone-003
https://cousinsilas1.bandcamp.com/album/emporium-drone-004
https://cousinsilas1.bandcamp.com/album/emporium-drone-005
https://cousinsilas1.bandcamp.com/album/emporium-drone-006
https://cousinsilas1.bandcamp.com/album/emporium-drone-007
https://cousinsilas1.bandcamp.com/album/emporium-drone-008
https://cousinsilas1.bandcamp.com/album/emporium-drone-009
https://cousinsilas1.bandcamp.com/album/emporium-drone-010
https://cousinsilas1.bandcamp.com/album/emporium-drone-011
https://cousinsilas1.bandcamp.com/album/emporium-drone-012
https://cousinsilas1.bandcamp.com/album/emporium-drone-013
https://cousinsilas1.bandcamp.com/album/emporium-drone-014
https://cousinsilas1.bandcamp.com/album/emporium-drone-015
https://cousinsilas1.bandcamp.com/album/emporium-drone-016
https://cousinsilas1.bandcamp.com/album/emporium-drone-017
https://cousinsilas1.bandcamp.com/album/emporium-drone-018
https://cousinsilas1.bandcamp.com/album/enclosures-deluxe-edition
https://cousinsilas1.bandcamp.com/album/even-in-dire-circumstances-plus
https://cousinsilas1.bandcamp.com/album/evening-on-the-water
https://cousinsilas1.bandcamp.com/album/everything-is-ok
https://cousinsilas1.bandcamp.com/album/everything-is-still-ok
https://cousinsilas1.bandcamp.com/album/f-nf-dunkle-drohnen
https://cousinsilas1.bandcamp.com/album/five-suns
https://cousinsilas1.bandcamp.com/album/fog-music-deluxe-edition
https://cousinsilas1.bandcamp.com/album/folk-lore
https://cousinsilas1.bandcamp.com/album/foreshore-deluxe-edition
https://cousinsilas1.bandcamp.com/album/four-ours
https://cousinsilas1.bandcamp.com/album/four-views
https://cousinsilas1.bandcamp.com/album/fresh-landscapes
https://cousinsilas1.bandcamp.com/album/from-another-place
https://cousinsilas1.bandcamp.com/album/gathering-day
https://cousinsilas1.bandcamp.com/album/geographics-deluxe-edition
https://cousinsilas1.bandcamp.com/album/geohistorical-empathy
https://cousinsilas1.bandcamp.com/album/gift-4-deluxe-edition
https://cousinsilas1.bandcamp.com/album/gratitude
https://cousinsilas1.bandcamp.com/album/guitar-etiquette
https://cousinsilas1.bandcamp.com/album/guitar-etiquette-2
https://cousinsilas1.bandcamp.com/album/guitar-etiquette-3
https://cousinsilas1.bandcamp.com/album/guitar-etiquette-4
https://cousinsilas1.bandcamp.com/album/guitar-etiquette-5
https://cousinsilas1.bandcamp.com/album/guitar-etiquette-6
https://cousinsilas1.bandcamp.com/album/guitar-etiquette-an-introduction-with-free-candy
https://cousinsilas1.bandcamp.com/album/heartless-bloom
https://cousinsilas1.bandcamp.com/album/i-see-can-you-hear
https://cousinsilas1.bandcamp.com/album/in-dub
https://cousinsilas1.bandcamp.com/album/in-the-skies
https://cousinsilas1.bandcamp.com/album/kafou-in-avalonia-extended-reissue
https://cousinsilas1.bandcamp.com/album/landscapes
https://cousinsilas1.bandcamp.com/album/laniakea
https://cousinsilas1.bandcamp.com/album/leaving-the-iss-deluxe-edition
https://cousinsilas1.bandcamp.com/album/letters-from-america
https://cousinsilas1.bandcamp.com/album/lift-the-sky
https://cousinsilas1.bandcamp.com/album/lilliput-portraits-and-peelings
https://cousinsilas1.bandcamp.com/album/liminal-drone-011
https://cousinsilas1.bandcamp.com/album/liminal-drone-012
https://cousinsilas1.bandcamp.com/album/liminal-drone-1-the-enclosing-mist
https://cousinsilas1.bandcamp.com/album/liminal-drone-2-fragile-dissonance
https://cousinsilas1.bandcamp.com/album/liminal-drone-5-winter
https://cousinsilas1.bandcamp.com/album/liminal-drone-6-spring
https://cousinsilas1.bandcamp.com/album/liminal-drone-7-dark-days-sacrificial-nights
https://cousinsilas1.bandcamp.com/album/liminal-drones-3-4-summer-fall
https://cousinsilas1.bandcamp.com/album/liminal-dronescapes-8-9-10-three-shades-of-lovecraft
https://cousinsilas1.bandcamp.com/album/live
https://cousinsilas1.bandcamp.com/album/living-in-the-liminal-zone
https://cousinsilas1.bandcamp.com/album/lost
https://cousinsilas1.bandcamp.com/album/lost-2
https://cousinsilas1.bandcamp.com/album/lost-3
https://cousinsilas1.bandcamp.com/album/memories-of-a-journey-deluxe-edition
https://cousinsilas1.bandcamp.com/album/merging-galaxies
https://cousinsilas1.bandcamp.com/album/metamorphosis-deluxe-edition
https://cousinsilas1.bandcamp.com/album/midnight-beats-1
https://cousinsilas1.bandcamp.com/album/midnight-beats-2
https://cousinsilas1.bandcamp.com/album/midnight-calm-1
https://cousinsilas1.bandcamp.com/album/midnight-calm-2
https://cousinsilas1.bandcamp.com/album/monday
https://cousinsilas1.bandcamp.com/album/more-darkness
https://cousinsilas1.bandcamp.com/album/music-for-a-photo-glenn-sogge
https://cousinsilas1.bandcamp.com/album/necropolis-line-deluxe-edition
https://cousinsilas1.bandcamp.com/album/new-runes-extended-reissue
https://cousinsilas1.bandcamp.com/album/no-title-as-such
https://cousinsilas1.bandcamp.com/album/nocturnal-lullabies-volume-1
https://cousinsilas1.bandcamp.com/album/nocturnal-lullabies-volume-10
https://cousinsilas1.bandcamp.com/album/nocturnal-lullabies-volume-11
https://cousinsilas1.bandcamp.com/album/nocturnal-lullabies-volume-12-2
https://cousinsilas1.bandcamp.com/album/nocturnal-lullabies-volume-13
https://cousinsilas1.bandcamp.com/album/nocturnal-lullabies-volume-14
https://cousinsilas1.bandcamp.com/album/nocturnal-lullabies-volume-15
https://cousinsilas1.bandcamp.com/album/nocturnal-lullabies-volume-16
https://cousinsilas1.bandcamp.com/album/nocturnal-lullabies-volume-17-2
https://cousinsilas1.bandcamp.com/album/nocturnal-lullabies-volume-18
https://cousinsilas1.bandcamp.com/album/nocturnal-lullabies-volume-19
https://cousinsilas1.bandcamp.com/album/nocturnal-lullabies-volume-2
https://cousinsilas1.bandcamp.com/album/nocturnal-lullabies-volume-20
https://cousinsilas1.bandcamp.com/album/nocturnal-lullabies-volume-21
https://cousinsilas1.bandcamp.com/album/nocturnal-lullabies-volume-22-2
https://cousinsilas1.bandcamp.com/album/nocturnal-lullabies-volume-23-a
https://cousinsilas1.bandcamp.com/album/nocturnal-lullabies-volume-23-b
https://cousinsilas1.bandcamp.com/album/nocturnal-lullabies-volume-23-c
https://cousinsilas1.bandcamp.com/album/nocturnal-lullabies-volume-24
https://cousinsilas1.bandcamp.com/album/nocturnal-lullabies-volume-25
https://cousinsilas1.bandcamp.com/album/nocturnal-lullabies-volume-26-2
https://cousinsilas1.bandcamp.com/album/nocturnal-lullabies-volume-27
https://cousinsilas1.bandcamp.com/album/nocturnal-lullabies-volume-28
https://cousinsilas1.bandcamp.com/album/nocturnal-lullabies-volume-29
https://cousinsilas1.bandcamp.com/album/nocturnal-lullabies-volume-3
https://cousinsilas1.bandcamp.com/album/nocturnal-lullabies-volume-30-the-sequel
https://cousinsilas1.bandcamp.com/album/nocturnal-lullabies-volume-31
https://cousinsilas1.bandcamp.com/album/nocturnal-lullabies-volume-32
https://cousinsilas1.bandcamp.com/album/nocturnal-lullabies-volume-4
https://cousinsilas1.bandcamp.com/album/nocturnal-lullabies-volume-5
https://cousinsilas1.bandcamp.com/album/nocturnal-lullabies-volume-6
https://cousinsilas1.bandcamp.com/album/nocturnal-lullabies-volume-7
https://cousinsilas1.bandcamp.com/album/nocturnal-lullabies-volume-8
https://cousinsilas1.bandcamp.com/album/nocturnal-lullabies-volume-9
https://cousinsilas1.bandcamp.com/album/nocturnes
https://cousinsilas1.bandcamp.com/album/observations-from-earth-and-beyond
https://cousinsilas1.bandcamp.com/album/of-dreams-and-sunbeams
https://cousinsilas1.bandcamp.com/album/one-time
https://cousinsilas1.bandcamp.com/album/open-space
https://cousinsilas1.bandcamp.com/album/orphans-1
https://cousinsilas1.bandcamp.com/album/orphans-10
https://cousinsilas1.bandcamp.com/album/orphans-11
https://cousinsilas1.bandcamp.com/album/orphans-12
https://cousinsilas1.bandcamp.com/album/orphans-13
https://cousinsilas1.bandcamp.com/album/orphans-14-2
https://cousinsilas1.bandcamp.com/album/orphans-15
https://cousinsilas1.bandcamp.com/album/orphans-16
https://cousinsilas1.bandcamp.com/album/orphans-17
https://cousinsilas1.bandcamp.com/album/orphans-18
https://cousinsilas1.bandcamp.com/album/orphans-2
https://cousinsilas1.bandcamp.com/album/orphans-3
https://cousinsilas1.bandcamp.com/album/orphans-4
https://cousinsilas1.bandcamp.com/album/orphans-5
https://cousinsilas1.bandcamp.com/album/orphans-6
https://cousinsilas1.bandcamp.com/album/orphans-7
https://cousinsilas1.bandcamp.com/album/orphans-8
https://cousinsilas1.bandcamp.com/album/orphans-9
https://cousinsilas1.bandcamp.com/album/other-spheres
https://cousinsilas1.bandcamp.com/album/over-moors-and-silver-streams
https://cousinsilas1.bandcamp.com/album/panoramica
https://cousinsilas1.bandcamp.com/album/passages-and-spheres
https://cousinsilas1.bandcamp.com/album/past-events-remembered
https://cousinsilas1.bandcamp.com/album/pastoral
https://cousinsilas1.bandcamp.com/album/pendle
https://cousinsilas1.bandcamp.com/album/piano
https://cousinsilas1.bandcamp.com/album/piano-2
https://cousinsilas1.bandcamp.com/album/planetary-systems
https://cousinsilas1.bandcamp.com/album/prisoners-of-the-coral-deep-deluxe-edition
https://cousinsilas1.bandcamp.com/album/quiet-afternoons
https://cousinsilas1.bandcamp.com/album/radio-galaxies
https://cousinsilas1.bandcamp.com/album/random-directions-of-chance-circumstance
https://cousinsilas1.bandcamp.com/album/random-textures
https://cousinsilas1.bandcamp.com/album/reckoning
https://cousinsilas1.bandcamp.com/album/restoration
https://cousinsilas1.bandcamp.com/album/return-to-maidenwell
https://cousinsilas1.bandcamp.com/album/returning-to-sol
https://cousinsilas1.bandcamp.com/album/revealing
https://cousinsilas1.bandcamp.com/album/scenes-from-a-forest
https://cousinsilas1.bandcamp.com/album/searching-for-the-third-star
https://cousinsilas1.bandcamp.com/album/seclusion-separation-retreat-principles-of-reinvention
https://cousinsilas1.bandcamp.com/album/sense-of-doubt-1-plus
https://cousinsilas1.bandcamp.com/album/sequential-variations
https://cousinsilas1.bandcamp.com/album/shades
https://cousinsilas1.bandcamp.com/album/shadow-life
https://cousinsilas1.bandcamp.com/album/shadows
https://cousinsilas1.bandcamp.com/album/short-stories
https://cousinsilas1.bandcamp.com/album/short-stories-2
https://cousinsilas1.bandcamp.com/album/short-stories-3
https://cousinsilas1.bandcamp.com/album/short-stories-4
https://cousinsilas1.bandcamp.com/album/short-stories-5
https://cousinsilas1.bandcamp.com/album/short-stories-6
https://cousinsilas1.bandcamp.com/album/silence-solitude
https://cousinsilas1.bandcamp.com/album/silent-hour
https://cousinsilas1.bandcamp.com/album/silent-perspectives
https://cousinsilas1.bandcamp.com/album/singular-passion
https://cousinsilas1.bandcamp.com/album/sketches-rough-drafts-and-early-ideas
https://cousinsilas1.bandcamp.com/album/sky-watching
https://cousinsilas1.bandcamp.com/album/snapshots
https://cousinsilas1.bandcamp.com/album/snapshots-2
https://cousinsilas1.bandcamp.com/album/snowline
https://cousinsilas1.bandcamp.com/album/soft-focus-guitarscapes-volume-1
https://cousinsilas1.bandcamp.com/album/solar-ignition
https://cousinsilas1.bandcamp.com/album/somnambulistic-sessions
https://cousinsilas1.bandcamp.com/album/soul-vacuum
https://cousinsilas1.bandcamp.com/album/spirits-of-afrodubism-extended-reissue
https://cousinsilas1.bandcamp.com/album/standing-on-the-edge-of-decay-deluxe-edition
https://cousinsilas1.bandcamp.com/album/still-silver-river
https://cousinsilas1.bandcamp.com/album/strange-sunrise-on-antilles
https://cousinsilas1.bandcamp.com/album/stygian
https://cousinsilas1.bandcamp.com/album/submerged
https://cousinsilas1.bandcamp.com/album/summer-waves-goodbye
https://cousinsilas1.bandcamp.com/album/sunsets-on-the-porch
https://cousinsilas1.bandcamp.com/album/the-2nd-ten
https://cousinsilas1.bandcamp.com/album/the-beginners-guide-to-looping-deluxe-edition
https://cousinsilas1.bandcamp.com/album/the-best-of-ballard-landscapes-plus
https://cousinsilas1.bandcamp.com/album/the-best-of-ballard-landscapes-plus-volume-2
https://cousinsilas1.bandcamp.com/album/the-bridge-plus
https://cousinsilas1.bandcamp.com/album/the-collected-bonus-tracks-volume-1
https://cousinsilas1.bandcamp.com/album/the-collected-bonus-tracks-volume-2
https://cousinsilas1.bandcamp.com/album/the-corpse-road
https://cousinsilas1.bandcamp.com/album/the-cousin-silas-emporium-members-project-autumn-volume-1
https://cousinsilas1.bandcamp.com/album/the-cousin-silas-emporium-members-project-autumn-volume-2
https://cousinsilas1.bandcamp.com/album/the-cousin-silas-emporium-members-project-drums-along-the-ambient-river-part-1
https://cousinsilas1.bandcamp.com/album/the-cousin-silas-emporium-members-project-drums-along-the-ambient-river-part-2
https://cousinsilas1.bandcamp.com/album/the-cousin-silas-emporium-members-project-hanging-out-with-delia
https://cousinsilas1.bandcamp.com/album/the-cousin-silas-emporium-members-project-lets-talk-about-the-beat-in-ambient-and-beyond-volume-1
https://cousinsilas1.bandcamp.com/album/the-cousin-silas-emporium-members-project-lets-talk-about-the-beat-in-ambient-and-beyond-volume-2
https://cousinsilas1.bandcamp.com/album/the-cousin-silas-emporium-members-project-lets-talk-about-the-beat-in-ambient-and-beyond-volume-3
https://cousinsilas1.bandcamp.com/album/the-cousin-silas-emporium-members-project-quadrants-1-part-1
https://cousinsilas1.bandcamp.com/album/the-cousin-silas-emporium-members-project-quadrants-1-part-2
https://cousinsilas1.bandcamp.com/album/the-cousin-silas-emporium-members-project-quadrants-2-part-1
https://cousinsilas1.bandcamp.com/album/the-cousin-silas-emporium-members-project-quadrants-2-part-2
https://cousinsilas1.bandcamp.com/album/the-cousin-silas-emporium-members-project-quadrants-3-part-1
https://cousinsilas1.bandcamp.com/album/the-cousin-silas-emporium-members-project-quadrants-3-part-2
https://cousinsilas1.bandcamp.com/album/the-cousin-silas-emporium-members-project-quadrants-4-part-1
https://cousinsilas1.bandcamp.com/album/the-cousin-silas-emporium-members-project-quadrants-4-part-2
https://cousinsilas1.bandcamp.com/album/the-cousin-silas-emporium-members-project-spring-volume-1
https://cousinsilas1.bandcamp.com/album/the-cousin-silas-emporium-members-project-spring-volume-2
https://cousinsilas1.bandcamp.com/album/the-cousin-silas-emporium-members-project-summer-volume-1
https://cousinsilas1.bandcamp.com/album/the-cousin-silas-emporium-members-project-summer-volume-2
https://cousinsilas1.bandcamp.com/album/the-cousin-silas-emporium-members-project-the-cardinal-points-east-part-1
https://cousinsilas1.bandcamp.com/album/the-cousin-silas-emporium-members-project-the-cardinal-points-east-part-2
https://cousinsilas1.bandcamp.com/album/the-cousin-silas-emporium-members-project-the-cardinal-points-north-part-1
https://cousinsilas1.bandcamp.com/album/the-cousin-silas-emporium-members-project-the-cardinal-points-north-part-2
https://cousinsilas1.bandcamp.com/album/the-cousin-silas-emporium-members-project-the-cardinal-points-south-part-1
https://cousinsilas1.bandcamp.com/album/the-cousin-silas-emporium-members-project-the-cardinal-points-south-part-2
https://cousinsilas1.bandcamp.com/album/the-cousin-silas-emporium-members-project-the-cardinal-points-west-part-1
https://cousinsilas1.bandcamp.com/album/the-cousin-silas-emporium-members-project-the-cardinal-points-west-part-2
https://cousinsilas1.bandcamp.com/album/the-cousin-silas-emporium-members-project-the-emporium-residents
https://cousinsilas1.bandcamp.com/album/the-cousin-silas-emporium-members-project-the-emporium-residents-round-2
https://cousinsilas1.bandcamp.com/album/the-cousin-silas-emporium-members-project-the-four-elements-air-volume-1
https://cousinsilas1.bandcamp.com/album/the-cousin-silas-emporium-members-project-the-four-elements-air-volume-2
https://cousinsilas1.bandcamp.com/album/the-cousin-silas-emporium-members-project-the-four-elements-air-volume-3
https://cousinsilas1.bandcamp.com/album/the-cousin-silas-emporium-members-project-the-four-elements-earth-volume-1
https://cousinsilas1.bandcamp.com/album/the-cousin-silas-emporium-members-project-the-four-elements-earth-volume-2
https://cousinsilas1.bandcamp.com/album/the-cousin-silas-emporium-members-project-the-four-elements-fire-volume-1
https://cousinsilas1.bandcamp.com/album/the-cousin-silas-emporium-members-project-the-four-elements-fire-volume-2
https://cousinsilas1.bandcamp.com/album/the-cousin-silas-emporium-members-project-the-four-elements-fire-volume-3
https://cousinsilas1.bandcamp.com/album/the-cousin-silas-emporium-members-project-the-four-elements-water-volume-1
https://cousinsilas1.bandcamp.com/album/the-cousin-silas-emporium-members-project-the-four-elements-water-volume-2
https://cousinsilas1.bandcamp.com/album/the-cousin-silas-emporium-members-project-the-four-states-of-matter-solid-volume-1
https://cousinsilas1.bandcamp.com/album/the-cousin-silas-emporium-members-project-volume-1
https://cousinsilas1.bandcamp.com/album/the-cousin-silas-emporium-members-project-volume-10
https://cousinsilas1.bandcamp.com/album/the-cousin-silas-emporium-members-project-volume-11
https://cousinsilas1.bandcamp.com/album/the-cousin-silas-emporium-members-project-volume-12-2
https://cousinsilas1.bandcamp.com/album/the-cousin-silas-emporium-members-project-volume-13
https://cousinsilas1.bandcamp.com/album/the-cousin-silas-emporium-members-project-volume-14-2
https://cousinsilas1.bandcamp.com/album/the-cousin-silas-emporium-members-project-volume-15
https://cousinsilas1.bandcamp.com/album/the-cousin-silas-emporium-members-project-volume-16-2
https://cousinsilas1.bandcamp.com/album/the-cousin-silas-emporium-members-project-volume-17-2
https://cousinsilas1.bandcamp.com/album/the-cousin-silas-emporium-members-project-volume-18-collab-special-part-a
https://cousinsilas1.bandcamp.com/album/the-cousin-silas-emporium-members-project-volume-18-collab-special-part-b
https://cousinsilas1.bandcamp.com/album/the-cousin-silas-emporium-members-project-volume-18-collab-special-part-c
https://cousinsilas1.bandcamp.com/album/the-cousin-silas-emporium-members-project-volume-18-collab-special-part-d
https://cousinsilas1.bandcamp.com/album/the-cousin-silas-emporium-members-project-volume-2
https://cousinsilas1.bandcamp.com/album/the-cousin-silas-emporium-members-project-volume-3
https://cousinsilas1.bandcamp.com/album/the-cousin-silas-emporium-members-project-volume-4
https://cousinsilas1.bandcamp.com/album/the-cousin-silas-emporium-members-project-volume-5
https://cousinsilas1.bandcamp.com/album/the-cousin-silas-emporium-members-project-volume-6
https://cousinsilas1.bandcamp.com/album/the-cousin-silas-emporium-members-project-volume-7
https://cousinsilas1.bandcamp.com/album/the-cousin-silas-emporium-members-project-volume-8
https://cousinsilas1.bandcamp.com/album/the-cousin-silas-emporium-members-project-volume-9
https://cousinsilas1.bandcamp.com/album/the-cousin-silas-emporium-members-project-winter-volume-1
https://cousinsilas1.bandcamp.com/album/the-cousin-silas-emporium-members-project-winter-volume-2
https://cousinsilas1.bandcamp.com/album/the-cousin-silas-emporium-members-project-winter-volume-3
https://cousinsilas1.bandcamp.com/album/the-creeping-flesh-other-eerie-tales
https://cousinsilas1.bandcamp.com/album/the-dark-age
https://cousinsilas1.bandcamp.com/album/the-derelict
https://cousinsilas1.bandcamp.com/album/the-dying-lights
https://cousinsilas1.bandcamp.com/album/the-emporium-drone-mix
https://cousinsilas1.bandcamp.com/album/the-emporium-drone-mix-2
https://cousinsilas1.bandcamp.com/album/the-fens
https://cousinsilas1.bandcamp.com/album/the-fifth-ten
https://cousinsilas1.bandcamp.com/album/the-first-ten
https://cousinsilas1.bandcamp.com/album/the-fourth-ten
https://cousinsilas1.bandcamp.com/album/the-gift-2-deluxe-edition
https://cousinsilas1.bandcamp.com/album/the-gift-deluxe-edition
https://cousinsilas1.bandcamp.com/album/the-gloaming
https://cousinsilas1.bandcamp.com/album/the-halloween-thing
https://cousinsilas1.bandcamp.com/album/the-halloween-thing-2
https://cousinsilas1.bandcamp.com/album/the-law-of-contagion-deluxe-edition
https://cousinsilas1.bandcamp.com/album/the-long-decay-deluxe-edition
https://cousinsilas1.bandcamp.com/album/the-mechanics-of-solitude
https://cousinsilas1.bandcamp.com/album/the-melting-static-deluxe-edition
https://cousinsilas1.bandcamp.com/album/the-nocturnal-lullabies-sampler-plus
https://cousinsilas1.bandcamp.com/album/the-other-way-around
https://cousinsilas1.bandcamp.com/album/the-place-it-used-to-be
https://cousinsilas1.bandcamp.com/album/the-shadow-from-space
https://cousinsilas1.bandcamp.com/album/the-shipping-forecast-other-tales
https://cousinsilas1.bandcamp.com/album/the-silas-autumn-sampler
https://cousinsilas1.bandcamp.com/album/the-silas-dark-sampler
https://cousinsilas1.bandcamp.com/album/the-silas-festive-sampler
https://cousinsilas1.bandcamp.com/album/the-silas-festive-sampler-2
https://cousinsilas1.bandcamp.com/album/the-silas-festive-sampler-3
https://cousinsilas1.bandcamp.com/album/the-silas-sampler
https://cousinsilas1.bandcamp.com/album/the-silas-sampler-2-the-twang-projects
https://cousinsilas1.bandcamp.com/album/the-silas-spring-sampler
https://cousinsilas1.bandcamp.com/album/the-silas-summer-sampler
https://cousinsilas1.bandcamp.com/album/the-sky-road
https://cousinsilas1.bandcamp.com/album/the-snow-imposed-silence-deluxe-edition
https://cousinsilas1.bandcamp.com/album/the-song-of-the-sky
https://cousinsilas1.bandcamp.com/album/the-third-ten
https://cousinsilas1.bandcamp.com/album/the-we-are-all-ghosts-silas-sampler
https://cousinsilas1.bandcamp.com/album/the-worlds-of-cousin-silas-kevin-lyons
https://cousinsilas1.bandcamp.com/album/thirds
https://cousinsilas1.bandcamp.com/album/this-loss
https://cousinsilas1.bandcamp.com/album/time-tide
https://cousinsilas1.bandcamp.com/album/to-those-we-left-behind
https://cousinsilas1.bandcamp.com/album/transformations
https://cousinsilas1.bandcamp.com/album/transmission-from-an-unknown-source
https://cousinsilas1.bandcamp.com/album/trio
https://cousinsilas1.bandcamp.com/album/triptych
https://cousinsilas1.bandcamp.com/album/two-portraits
https://cousinsilas1.bandcamp.com/album/two-suites-plus
https://cousinsilas1.bandcamp.com/album/uncertainty-deluxe-edition
https://cousinsilas1.bandcamp.com/album/underlining-transmogrification
https://cousinsilas1.bandcamp.com/album/unexpected-spacescape
https://cousinsilas1.bandcamp.com/album/urge
https://cousinsilas1.bandcamp.com/album/variations-on-a-theme-of-winter
https://cousinsilas1.bandcamp.com/album/waiting-for-winter
https://cousinsilas1.bandcamp.com/album/weaving-portraits
https://cousinsilas1.bandcamp.com/album/whispers-fall-deluxe-edition
https://cousinsilas1.bandcamp.com/album/white-sand-lagoons
https://cousinsilas1.bandcamp.com/album/winter-drones
https://cousinsilas1.bandcamp.com/album/winter-twilight-across-the-snow
https://cousinsilas1.bandcamp.com/album/wormwood-mandrake-the-weird-and-wonderful-dimensions-of-silas-jones-lyons
