https://ikunaa.bandcamp.com/album/box-of-melancholy
https://ikunaa.bandcamp.com/album/box-of-tragedy
https://ikunaa.bandcamp.com/album/depressed-yet-unable-to-die
https://ikunaa.bandcamp.com/album/endings
https://ikunaa.bandcamp.com/album/eternal-afterimages
https://ikunaa.bandcamp.com/album/freezing-depth-of-tears
https://ikunaa.bandcamp.com/album/funerals-became-garbage-disposals
https://ikunaa.bandcamp.com/album/half-hearted-attempt-at-kindness
https://ikunaa.bandcamp.com/album/hold
https://ikunaa.bandcamp.com/album/i-cant-be-the-only-one-who-feels-this-way
https://ikunaa.bandcamp.com/album/i-hope-this-will-be-enough-to-end-ourselves
https://ikunaa.bandcamp.com/album/its-time-to-choke-yourself-to-death-with-the-worst-quality-of-gravesoil
https://ikunaa.bandcamp.com/album/life-is-so-beautiful
https://ikunaa.bandcamp.com/album/megaliths
https://ikunaa.bandcamp.com/album/miroviainsomnium
https://ikunaa.bandcamp.com/album/no-more-reason-left-for-him-to-die-for-her-now
https://ikunaa.bandcamp.com/album/nobody-will-remember-nobody-will-care
https://ikunaa.bandcamp.com/album/nothing-changes-yet-everything-is-forever-lost
https://ikunaa.bandcamp.com/album/our-time-together-will-be-forgotten
https://ikunaa.bandcamp.com/album/salvaged-remains
https://ikunaa.bandcamp.com/album/statues-of-grievance-and-indifference
https://ikunaa.bandcamp.com/album/the-burden
https://ikunaa.bandcamp.com/album/the-darkness
https://ikunaa.bandcamp.com/album/the-grief-never-ends
https://ikunaa.bandcamp.com/album/the-insipid
https://ikunaa.bandcamp.com/album/the-same-pitch-black-light-blinds-me-since-more-than-thirty-years
https://ikunaa.bandcamp.com/album/the-unjust
https://ikunaa.bandcamp.com/album/tired
https://ikunaa.bandcamp.com/album/together-death-means-nothing
https://ikunaa.bandcamp.com/album/vantablack-rose
https://ikunaa.bandcamp.com/album/very-tired
https://ikunaa.bandcamp.com/album/we-should-finish-this
https://ikunaa.bandcamp.com/album/when-being-good-stops-working
https://ikunaa.bandcamp.com/album/when-i-tried-to-heal-a-wound-i-just-made-it-worse
https://ikunaa.bandcamp.com/album/when-my-tears-evaporate-in-the-heat-of-the-summer
