https://davedouglas.bandcamp.com/album/a-single-sky
https://davedouglas.bandcamp.com/album/alloy
https://davedouglas.bandcamp.com/album/be-still
https://davedouglas.bandcamp.com/album/bow-river-falls
https://davedouglas.bandcamp.com/album/brazen-heart
https://davedouglas.bandcamp.com/album/brazen-heart-live-at-jazz-standard-complete
https://davedouglas.bandcamp.com/album/brazen-heart-live-at-jazz-standard-friday
https://davedouglas.bandcamp.com/album/brazen-heart-live-at-jazz-standard-saturday
https://davedouglas.bandcamp.com/album/brazen-heart-live-at-jazz-standard-sunday
https://davedouglas.bandcamp.com/album/brazen-heart-live-at-jazz-standard-thursday
https://davedouglas.bandcamp.com/album/dada-people
https://davedouglas.bandcamp.com/album/dark-territory
https://davedouglas.bandcamp.com/album/dave-douglas-quintet-live-at-jazz-standard
https://davedouglas.bandcamp.com/album/dd-50-special-edition-50th-birthday-recordings
https://davedouglas.bandcamp.com/album/devotion
https://davedouglas.bandcamp.com/album/dizzy-atmosphere
https://davedouglas.bandcamp.com/album/engage
https://davedouglas.bandcamp.com/album/fabliaux
https://davedouglas.bandcamp.com/album/four-freedoms
https://davedouglas.bandcamp.com/album/gifts
https://davedouglas.bandcamp.com/album/gifts-trio-live
https://davedouglas.bandcamp.com/album/gps-volume-1-rare-metals
https://davedouglas.bandcamp.com/album/gps-volume-2-orange-afternoons
https://davedouglas.bandcamp.com/album/gps-volume-3-bad-mango
https://davedouglas.bandcamp.com/album/greenleaf-portable-series-rare-metals-orange-afternoons-bad-mango
https://davedouglas.bandcamp.com/album/high-risk
https://davedouglas.bandcamp.com/album/hudson-solos
https://davedouglas.bandcamp.com/album/if-there-are-mountains
https://davedouglas.bandcamp.com/album/keystone
https://davedouglas.bandcamp.com/album/little-giant-still-life
https://davedouglas.bandcamp.com/album/live-at-jazz-standard-8-set
https://davedouglas.bandcamp.com/album/live-at-the-bimhuis
https://davedouglas.bandcamp.com/album/live-at-the-jazz-standard-12-set
https://davedouglas.bandcamp.com/album/live-in-sweden
https://davedouglas.bandcamp.com/album/magic-triangle-leap-of-faith
https://davedouglas.bandcamp.com/album/marching-music
https://davedouglas.bandcamp.com/album/meaning-and-mystery
https://davedouglas.bandcamp.com/album/metamorphosis
https://davedouglas.bandcamp.com/album/moonshine
https://davedouglas.bandcamp.com/album/mountain-passages
https://davedouglas.bandcamp.com/album/on-stage
https://davedouglas.bandcamp.com/album/overcome
https://davedouglas.bandcamp.com/album/pathways
https://davedouglas.bandcamp.com/album/present-joys
https://davedouglas.bandcamp.com/album/riverside
https://davedouglas.bandcamp.com/album/secular-psalms
https://davedouglas.bandcamp.com/album/seven-minutes-for-kenny
https://davedouglas.bandcamp.com/album/showing-up-the-power-of-the-vote
https://davedouglas.bandcamp.com/album/songs-of-ascent-book-1-degrees
https://davedouglas.bandcamp.com/album/songs-of-ascent-book-2-steps
https://davedouglas.bandcamp.com/album/spark-of-being-box-set
https://davedouglas.bandcamp.com/album/spark-of-being-burst
https://davedouglas.bandcamp.com/album/spark-of-being-expand
https://davedouglas.bandcamp.com/album/spark-of-being-soundtrack
https://davedouglas.bandcamp.com/album/spirit-moves
https://davedouglas.bandcamp.com/album/stargazer
https://davedouglas.bandcamp.com/album/the-dream-monash-sessions
https://davedouglas.bandcamp.com/album/the-new-national-anthem
https://davedouglas.bandcamp.com/album/time-travel
https://davedouglas.bandcamp.com/album/tiny-bell-trio-live-in-europe
https://davedouglas.bandcamp.com/album/transcend
https://davedouglas.bandcamp.com/album/united-front
https://davedouglas.bandcamp.com/album/uplift
https://davedouglas.bandcamp.com/album/uplift-twelve-pieces-for-positive-action-in-2018-preview
