https://weltlandschaft.bandcamp.com/album/107a-2
https://weltlandschaft.bandcamp.com/album/8ce379
https://weltlandschaft.bandcamp.com/album/a-cold-finger-traced-across-an-empty-glass
https://weltlandschaft.bandcamp.com/album/a-moon-with-no-sky
https://weltlandschaft.bandcamp.com/album/a-night-shift-in-the-quarry
https://weltlandschaft.bandcamp.com/album/a-photograph-of-water
https://weltlandschaft.bandcamp.com/album/a-song-for-the-roaming-damned
https://weltlandschaft.bandcamp.com/album/a-vocabulary-for-communal-architectures
https://weltlandschaft.bandcamp.com/album/a-wreath-for-pandrosion
https://weltlandschaft.bandcamp.com/album/a220
https://weltlandschaft.bandcamp.com/album/academic-vert-thrash
https://weltlandschaft.bandcamp.com/album/accension-oil
https://weltlandschaft.bandcamp.com/album/achaemenid-cube
https://weltlandschaft.bandcamp.com/album/achaemenid-cube-2
https://weltlandschaft.bandcamp.com/album/adamantinarx
https://weltlandschaft.bandcamp.com/album/aius-loquens
https://weltlandschaft.bandcamp.com/album/aius-loquens-ii
https://weltlandschaft.bandcamp.com/album/algul-siento
https://weltlandschaft.bandcamp.com/album/alight-with-bels
https://weltlandschaft.bandcamp.com/album/allow-nothing-to-remain-as-it-was
https://weltlandschaft.bandcamp.com/album/alsciaukat
https://weltlandschaft.bandcamp.com/album/ambivalence
https://weltlandschaft.bandcamp.com/album/amchixtax
https://weltlandschaft.bandcamp.com/album/arch-trace
https://weltlandschaft.bandcamp.com/album/ascensoria
https://weltlandschaft.bandcamp.com/album/astra-shroud
https://weltlandschaft.bandcamp.com/album/aulos-diptych
https://weltlandschaft.bandcamp.com/album/azimuth-years
https://weltlandschaft.bandcamp.com/album/before-rotten-touch
https://weltlandschaft.bandcamp.com/album/belonging-to-winter
https://weltlandschaft.bandcamp.com/album/bin-tepe
https://weltlandschaft.bandcamp.com/album/bin-tepe-2
https://weltlandschaft.bandcamp.com/album/binding-the-appointed
https://weltlandschaft.bandcamp.com/album/binomial-phrase
https://weltlandschaft.bandcamp.com/album/bleached
https://weltlandschaft.bandcamp.com/album/carving-the-wall
https://weltlandschaft.bandcamp.com/album/cenotaph
https://weltlandschaft.bandcamp.com/album/chrysopoeian-waves
https://weltlandschaft.bandcamp.com/album/chrysopoeian-waves-ii
https://weltlandschaft.bandcamp.com/album/chrysopoeian-waves-iii
https://weltlandschaft.bandcamp.com/album/chrysopoeian-waves-iv
https://weltlandschaft.bandcamp.com/album/chrysopoeian-waves-ix
https://weltlandschaft.bandcamp.com/album/chrysopoeian-waves-v
https://weltlandschaft.bandcamp.com/album/chrysopoeian-waves-vi
https://weltlandschaft.bandcamp.com/album/chrysopoeian-waves-vii
https://weltlandschaft.bandcamp.com/album/chrysopoeian-waves-viii
https://weltlandschaft.bandcamp.com/album/chrysopoeian-waves-x
https://weltlandschaft.bandcamp.com/album/chrysopoeian-waves-xi
https://weltlandschaft.bandcamp.com/album/chrysopoeian-waves-xii
https://weltlandschaft.bandcamp.com/album/circumambulation
https://weltlandschaft.bandcamp.com/album/col
https://weltlandschaft.bandcamp.com/album/desacralization
https://weltlandschaft.bandcamp.com/album/desculptural
https://weltlandschaft.bandcamp.com/album/desecration-of-the-vainglorious-deific
https://weltlandschaft.bandcamp.com/album/desiccated-triad
https://weltlandschaft.bandcamp.com/album/dis
https://weltlandschaft.bandcamp.com/album/draincleaner
https://weltlandschaft.bandcamp.com/album/dynamic-hieroglyph-of-the-vale-azurine
https://weltlandschaft.bandcamp.com/album/ecce-nihilo
https://weltlandschaft.bandcamp.com/album/eight-integral-squarewaves
https://weltlandschaft.bandcamp.com/album/eo-ipso
https://weltlandschaft.bandcamp.com/album/ever-downward
https://weltlandschaft.bandcamp.com/album/ex-lo-rotor-orb
https://weltlandschaft.bandcamp.com/album/f-p-r
https://weltlandschaft.bandcamp.com/album/finer-rigours
https://weltlandschaft.bandcamp.com/album/formed-without-purpose
https://weltlandschaft.bandcamp.com/album/grass-to-heel
https://weltlandschaft.bandcamp.com/album/groundwork
https://weltlandschaft.bandcamp.com/album/halftone-burn
https://weltlandschaft.bandcamp.com/album/heaven-is-a-glass-forever-machine
https://weltlandschaft.bandcamp.com/album/i-c-c
https://weltlandschaft.bandcamp.com/album/impulse
https://weltlandschaft.bandcamp.com/album/incline-towards
https://weltlandschaft.bandcamp.com/album/initiation-wells
https://weltlandschaft.bandcamp.com/album/interference-patterns
https://weltlandschaft.bandcamp.com/album/interior-landscaping
https://weltlandschaft.bandcamp.com/album/isotelus
https://weltlandschaft.bandcamp.com/album/kem
https://weltlandschaft.bandcamp.com/album/laid-to-rest-in-the-cut-daisies
https://weltlandschaft.bandcamp.com/album/lc9x9
https://weltlandschaft.bandcamp.com/album/like-a-noonday-star-that-guides-the-praying-hands-of-a-king
https://weltlandschaft.bandcamp.com/album/litho
https://weltlandschaft.bandcamp.com/album/long-days-pleasant-nights
https://weltlandschaft.bandcamp.com/album/losing-ice
https://weltlandschaft.bandcamp.com/album/low-bedrooms
https://weltlandschaft.bandcamp.com/album/lud
https://weltlandschaft.bandcamp.com/album/malignant-isotropy
https://weltlandschaft.bandcamp.com/album/mare-and-mir
https://weltlandschaft.bandcamp.com/album/mending
https://weltlandschaft.bandcamp.com/album/microdot-ext
https://weltlandschaft.bandcamp.com/album/molybdos
https://weltlandschaft.bandcamp.com/album/moment-of-landscape
https://weltlandschaft.bandcamp.com/album/n-m-b
https://weltlandschaft.bandcamp.com/album/nan-madol
https://weltlandschaft.bandcamp.com/album/nascent-structures
https://weltlandschaft.bandcamp.com/album/nazca
https://weltlandschaft.bandcamp.com/album/ohmm
https://weltlandschaft.bandcamp.com/album/ohmm-ii
https://weltlandschaft.bandcamp.com/album/ohmm-iii
https://weltlandschaft.bandcamp.com/album/ohmm-iv
https://weltlandschaft.bandcamp.com/album/ohmm-ix
https://weltlandschaft.bandcamp.com/album/ohmm-ten-hypaethral-communions
https://weltlandschaft.bandcamp.com/album/ohmm-v-2
https://weltlandschaft.bandcamp.com/album/ohmm-vi
https://weltlandschaft.bandcamp.com/album/ohmm-vii
https://weltlandschaft.bandcamp.com/album/ohmm-viii
https://weltlandschaft.bandcamp.com/album/ohmm-x
https://weltlandschaft.bandcamp.com/album/on-distant-waves
https://weltlandschaft.bandcamp.com/album/pierce-coupling
https://weltlandschaft.bandcamp.com/album/pillar-of-persephone
https://weltlandschaft.bandcamp.com/album/radiant-orb-carrier
https://weltlandschaft.bandcamp.com/album/ranges-glimpsed
https://weltlandschaft.bandcamp.com/album/raysmoked
https://weltlandschaft.bandcamp.com/album/reinforcement
https://weltlandschaft.bandcamp.com/album/renunciation
https://weltlandschaft.bandcamp.com/album/resculptural
https://weltlandschaft.bandcamp.com/album/resistance
https://weltlandschaft.bandcamp.com/album/salt-ruins
https://weltlandschaft.bandcamp.com/album/scraped-residues
https://weltlandschaft.bandcamp.com/album/sift-and-repurpose
https://weltlandschaft.bandcamp.com/album/sill
https://weltlandschaft.bandcamp.com/album/sun-window
https://weltlandschaft.bandcamp.com/album/thay
https://weltlandschaft.bandcamp.com/album/the-branching-path
https://weltlandschaft.bandcamp.com/album/the-cloven-land-wreathed-in-falling-clouds
https://weltlandschaft.bandcamp.com/album/the-cold-foundation
https://weltlandschaft.bandcamp.com/album/the-contour-of-deletion
https://weltlandschaft.bandcamp.com/album/the-darkness-expands-like-a-gas
https://weltlandschaft.bandcamp.com/album/the-derelict
https://weltlandschaft.bandcamp.com/album/the-distance-from-the-fire
https://weltlandschaft.bandcamp.com/album/the-eburnean-barrier
https://weltlandschaft.bandcamp.com/album/the-glimmer-of-a-sword
https://weltlandschaft.bandcamp.com/album/the-grave-of-the-ocean-king
https://weltlandschaft.bandcamp.com/album/the-indescribable-pleasure-of-vandalism
https://weltlandschaft.bandcamp.com/album/the-lighting-of-the-new-fire
https://weltlandschaft.bandcamp.com/album/the-night-becomes-a-millstone-turning-across-the-face-of-the-urth
https://weltlandschaft.bandcamp.com/album/the-other-side-of-the-rain-wall
https://weltlandschaft.bandcamp.com/album/the-pavona-clavus-brain
https://weltlandschaft.bandcamp.com/album/the-superpositional-statue
https://weltlandschaft.bandcamp.com/album/the-violence-in-hell-is-made-of-blood
https://weltlandschaft.bandcamp.com/album/this-last-remnant-of-the-celestial-body
https://weltlandschaft.bandcamp.com/album/to-become-blank
https://weltlandschaft.bandcamp.com/album/to-suggest-a-structure
https://weltlandschaft.bandcamp.com/album/to-what-green-altar
https://weltlandschaft.bandcamp.com/album/tractrix
https://weltlandschaft.bandcamp.com/album/tractrix-2
https://weltlandschaft.bandcamp.com/album/tractrix-3
https://weltlandschaft.bandcamp.com/album/umunhum
https://weltlandschaft.bandcamp.com/album/unspoken-panegyric-to-the-graven-image
https://weltlandschaft.bandcamp.com/album/upon-the-curvature-of-a-hill
https://weltlandschaft.bandcamp.com/album/v-2-no-13
https://weltlandschaft.bandcamp.com/album/vasarelian-space
https://weltlandschaft.bandcamp.com/album/vbm-test-studies
https://weltlandschaft.bandcamp.com/album/vcz
https://weltlandschaft.bandcamp.com/album/venus-in-black
https://weltlandschaft.bandcamp.com/album/vision-and-formation
https://weltlandschaft.bandcamp.com/album/vitreous-and-defaced
https://weltlandschaft.bandcamp.com/album/w-s-o-pyramidal
https://weltlandschaft.bandcamp.com/album/wfl-33-intermodulations
https://weltlandschaft.bandcamp.com/album/wind-send
https://weltlandschaft.bandcamp.com/album/without-motion
https://weltlandschaft.bandcamp.com/album/wythoff-deconstruction
