https://haremnoisewall.bandcamp.com/album/-
https://haremnoisewall.bandcamp.com/album/--10
https://haremnoisewall.bandcamp.com/album/--100
https://haremnoisewall.bandcamp.com/album/--101
https://haremnoisewall.bandcamp.com/album/--102
https://haremnoisewall.bandcamp.com/album/--103
https://haremnoisewall.bandcamp.com/album/--104
https://haremnoisewall.bandcamp.com/album/--105
https://haremnoisewall.bandcamp.com/album/--106
https://haremnoisewall.bandcamp.com/album/--107
https://haremnoisewall.bandcamp.com/album/--108
https://haremnoisewall.bandcamp.com/album/--109
https://haremnoisewall.bandcamp.com/album/--11
https://haremnoisewall.bandcamp.com/album/--110
https://haremnoisewall.bandcamp.com/album/--111
https://haremnoisewall.bandcamp.com/album/--112
https://haremnoisewall.bandcamp.com/album/--113
https://haremnoisewall.bandcamp.com/album/--114
https://haremnoisewall.bandcamp.com/album/--115
https://haremnoisewall.bandcamp.com/album/--116
https://haremnoisewall.bandcamp.com/album/--117
https://haremnoisewall.bandcamp.com/album/--118
https://haremnoisewall.bandcamp.com/album/--119
https://haremnoisewall.bandcamp.com/album/--12
https://haremnoisewall.bandcamp.com/album/--120
https://haremnoisewall.bandcamp.com/album/--121
https://haremnoisewall.bandcamp.com/album/--122
https://haremnoisewall.bandcamp.com/album/--123
https://haremnoisewall.bandcamp.com/album/--124
https://haremnoisewall.bandcamp.com/album/--125
https://haremnoisewall.bandcamp.com/album/--126
https://haremnoisewall.bandcamp.com/album/--127
https://haremnoisewall.bandcamp.com/album/--128
https://haremnoisewall.bandcamp.com/album/--129
https://haremnoisewall.bandcamp.com/album/--13
https://haremnoisewall.bandcamp.com/album/--130
https://haremnoisewall.bandcamp.com/album/--131
https://haremnoisewall.bandcamp.com/album/--132
https://haremnoisewall.bandcamp.com/album/--133
https://haremnoisewall.bandcamp.com/album/--134
https://haremnoisewall.bandcamp.com/album/--135
https://haremnoisewall.bandcamp.com/album/--136
https://haremnoisewall.bandcamp.com/album/--137
https://haremnoisewall.bandcamp.com/album/--138
https://haremnoisewall.bandcamp.com/album/--139
https://haremnoisewall.bandcamp.com/album/--14
https://haremnoisewall.bandcamp.com/album/--140
https://haremnoisewall.bandcamp.com/album/--141
https://haremnoisewall.bandcamp.com/album/--142
https://haremnoisewall.bandcamp.com/album/--143
https://haremnoisewall.bandcamp.com/album/--144
https://haremnoisewall.bandcamp.com/album/--145
https://haremnoisewall.bandcamp.com/album/--146
https://haremnoisewall.bandcamp.com/album/--147
https://haremnoisewall.bandcamp.com/album/--148
https://haremnoisewall.bandcamp.com/album/--149
https://haremnoisewall.bandcamp.com/album/--15
https://haremnoisewall.bandcamp.com/album/--150
https://haremnoisewall.bandcamp.com/album/--151
https://haremnoisewall.bandcamp.com/album/--152
https://haremnoisewall.bandcamp.com/album/--153
https://haremnoisewall.bandcamp.com/album/--154
https://haremnoisewall.bandcamp.com/album/--155
https://haremnoisewall.bandcamp.com/album/--156
https://haremnoisewall.bandcamp.com/album/--158
https://haremnoisewall.bandcamp.com/album/--159
https://haremnoisewall.bandcamp.com/album/--16
https://haremnoisewall.bandcamp.com/album/--160
https://haremnoisewall.bandcamp.com/album/--161
https://haremnoisewall.bandcamp.com/album/--162
https://haremnoisewall.bandcamp.com/album/--163
https://haremnoisewall.bandcamp.com/album/--164
https://haremnoisewall.bandcamp.com/album/--165
https://haremnoisewall.bandcamp.com/album/--166
https://haremnoisewall.bandcamp.com/album/--167
https://haremnoisewall.bandcamp.com/album/--168
https://haremnoisewall.bandcamp.com/album/--169
https://haremnoisewall.bandcamp.com/album/--17
https://haremnoisewall.bandcamp.com/album/--170
https://haremnoisewall.bandcamp.com/album/--171
https://haremnoisewall.bandcamp.com/album/--172
https://haremnoisewall.bandcamp.com/album/--173
https://haremnoisewall.bandcamp.com/album/--174
https://haremnoisewall.bandcamp.com/album/--175
https://haremnoisewall.bandcamp.com/album/--176
https://haremnoisewall.bandcamp.com/album/--177
https://haremnoisewall.bandcamp.com/album/--178
https://haremnoisewall.bandcamp.com/album/--179
https://haremnoisewall.bandcamp.com/album/--18
https://haremnoisewall.bandcamp.com/album/--180
https://haremnoisewall.bandcamp.com/album/--181
https://haremnoisewall.bandcamp.com/album/--182
https://haremnoisewall.bandcamp.com/album/--183
https://haremnoisewall.bandcamp.com/album/--184
https://haremnoisewall.bandcamp.com/album/--185
https://haremnoisewall.bandcamp.com/album/--186
https://haremnoisewall.bandcamp.com/album/--187
https://haremnoisewall.bandcamp.com/album/--188
https://haremnoisewall.bandcamp.com/album/--189
https://haremnoisewall.bandcamp.com/album/--19
https://haremnoisewall.bandcamp.com/album/--190
https://haremnoisewall.bandcamp.com/album/--191
https://haremnoisewall.bandcamp.com/album/--192
https://haremnoisewall.bandcamp.com/album/--193
https://haremnoisewall.bandcamp.com/album/--194
https://haremnoisewall.bandcamp.com/album/--195
https://haremnoisewall.bandcamp.com/album/--196
https://haremnoisewall.bandcamp.com/album/--197
https://haremnoisewall.bandcamp.com/album/--198
https://haremnoisewall.bandcamp.com/album/--2
https://haremnoisewall.bandcamp.com/album/--20
https://haremnoisewall.bandcamp.com/album/--21
https://haremnoisewall.bandcamp.com/album/--22
https://haremnoisewall.bandcamp.com/album/--23
https://haremnoisewall.bandcamp.com/album/--24
https://haremnoisewall.bandcamp.com/album/--25
https://haremnoisewall.bandcamp.com/album/--26
https://haremnoisewall.bandcamp.com/album/--27
https://haremnoisewall.bandcamp.com/album/--28
https://haremnoisewall.bandcamp.com/album/--29
https://haremnoisewall.bandcamp.com/album/--3
https://haremnoisewall.bandcamp.com/album/--30
https://haremnoisewall.bandcamp.com/album/--31
https://haremnoisewall.bandcamp.com/album/--32
https://haremnoisewall.bandcamp.com/album/--33
https://haremnoisewall.bandcamp.com/album/--34
https://haremnoisewall.bandcamp.com/album/--35
https://haremnoisewall.bandcamp.com/album/--36
https://haremnoisewall.bandcamp.com/album/--37
https://haremnoisewall.bandcamp.com/album/--38
https://haremnoisewall.bandcamp.com/album/--39
https://haremnoisewall.bandcamp.com/album/--4
https://haremnoisewall.bandcamp.com/album/--40
https://haremnoisewall.bandcamp.com/album/--41
https://haremnoisewall.bandcamp.com/album/--42
https://haremnoisewall.bandcamp.com/album/--43
https://haremnoisewall.bandcamp.com/album/--44
https://haremnoisewall.bandcamp.com/album/--45
https://haremnoisewall.bandcamp.com/album/--46
https://haremnoisewall.bandcamp.com/album/--47
https://haremnoisewall.bandcamp.com/album/--48
https://haremnoisewall.bandcamp.com/album/--49
https://haremnoisewall.bandcamp.com/album/--5
https://haremnoisewall.bandcamp.com/album/--50
https://haremnoisewall.bandcamp.com/album/--51
https://haremnoisewall.bandcamp.com/album/--52
https://haremnoisewall.bandcamp.com/album/--53
https://haremnoisewall.bandcamp.com/album/--54
https://haremnoisewall.bandcamp.com/album/--55
https://haremnoisewall.bandcamp.com/album/--56
https://haremnoisewall.bandcamp.com/album/--57
https://haremnoisewall.bandcamp.com/album/--58
https://haremnoisewall.bandcamp.com/album/--59
https://haremnoisewall.bandcamp.com/album/--6
https://haremnoisewall.bandcamp.com/album/--60
https://haremnoisewall.bandcamp.com/album/--61
https://haremnoisewall.bandcamp.com/album/--62
https://haremnoisewall.bandcamp.com/album/--63
https://haremnoisewall.bandcamp.com/album/--64
https://haremnoisewall.bandcamp.com/album/--65
https://haremnoisewall.bandcamp.com/album/--66
https://haremnoisewall.bandcamp.com/album/--67
https://haremnoisewall.bandcamp.com/album/--68
https://haremnoisewall.bandcamp.com/album/--69
https://haremnoisewall.bandcamp.com/album/--7
https://haremnoisewall.bandcamp.com/album/--70
https://haremnoisewall.bandcamp.com/album/--71
https://haremnoisewall.bandcamp.com/album/--72
https://haremnoisewall.bandcamp.com/album/--73
https://haremnoisewall.bandcamp.com/album/--74
https://haremnoisewall.bandcamp.com/album/--75
https://haremnoisewall.bandcamp.com/album/--76
https://haremnoisewall.bandcamp.com/album/--77
https://haremnoisewall.bandcamp.com/album/--78
https://haremnoisewall.bandcamp.com/album/--79
https://haremnoisewall.bandcamp.com/album/--8
https://haremnoisewall.bandcamp.com/album/--80
https://haremnoisewall.bandcamp.com/album/--81
https://haremnoisewall.bandcamp.com/album/--82
https://haremnoisewall.bandcamp.com/album/--83
https://haremnoisewall.bandcamp.com/album/--84
https://haremnoisewall.bandcamp.com/album/--85
https://haremnoisewall.bandcamp.com/album/--86
https://haremnoisewall.bandcamp.com/album/--87
https://haremnoisewall.bandcamp.com/album/--88
https://haremnoisewall.bandcamp.com/album/--89
https://haremnoisewall.bandcamp.com/album/--9
https://haremnoisewall.bandcamp.com/album/--90
https://haremnoisewall.bandcamp.com/album/--91
https://haremnoisewall.bandcamp.com/album/--92
https://haremnoisewall.bandcamp.com/album/--93
https://haremnoisewall.bandcamp.com/album/--94
https://haremnoisewall.bandcamp.com/album/--95
https://haremnoisewall.bandcamp.com/album/--96
https://haremnoisewall.bandcamp.com/album/--97
https://haremnoisewall.bandcamp.com/album/--98
https://haremnoisewall.bandcamp.com/album/--99
https://haremnoisewall.bandcamp.com/album/2
https://haremnoisewall.bandcamp.com/album/a-k
https://haremnoisewall.bandcamp.com/album/d-va
https://haremnoisewall.bandcamp.com/album/e
https://haremnoisewall.bandcamp.com/album/iii
https://haremnoisewall.bandcamp.com/album/s
https://haremnoisewall.bandcamp.com/album/v
