https://uhfmafia.bandcamp.com/album/burnt-feathersystems
https://uhfmafia.bandcamp.com/album/cloister-ep
https://uhfmafia.bandcamp.com/album/extremely-genuine-night-sex-of-the-wild-perverts
https://uhfmafia.bandcamp.com/album/four-days-asleep
https://uhfmafia.bandcamp.com/album/fuck-of
https://uhfmafia.bandcamp.com/album/funnel-of-violence
https://uhfmafia.bandcamp.com/album/how-it-felt
https://uhfmafia.bandcamp.com/album/outcast-ep
https://uhfmafia.bandcamp.com/album/pale-girls
https://uhfmafia.bandcamp.com/album/radio-dreams
https://uhfmafia.bandcamp.com/album/the-house-of-pain
https://uhfmafia.bandcamp.com/album/utter-disregard
https://uhfmafia.bandcamp.com/album/void
https://uhfmafia.bandcamp.com/album/you-re-actually-living-these-nightmare-experiences
https://uhfmafia.bandcamp.com/track/hunter
https://uhfmafia.bandcamp.com/track/i-wish-i-hadnt-been-born-feat-ragk
https://uhfmafia.bandcamp.com/track/larry
https://uhfmafia.bandcamp.com/track/pico-crenshaw
https://uhfmafia.bandcamp.com/track/the-devil
https://uhfmafia.bandcamp.com/track/wounds-blood-gutter-niku-daruma
