https://cassetteartclassics.bandcamp.com/album/2-live-outings
https://cassetteartclassics.bandcamp.com/album/300-days-of-sodom-enhanced
https://cassetteartclassics.bandcamp.com/album/a-collection-of-stiff-kittens
https://cassetteartclassics.bandcamp.com/album/a-fear-of-staircases
https://cassetteartclassics.bandcamp.com/album/a-matter-of-principle
https://cassetteartclassics.bandcamp.com/album/a-thorn-in-societys-palm
https://cassetteartclassics.bandcamp.com/album/alternative-communication-through-autonomic-overdubbing
https://cassetteartclassics.bandcamp.com/album/aphasia-e-h-i-split-tape-1994
https://cassetteartclassics.bandcamp.com/album/articulation-without-the-tongue
https://cassetteartclassics.bandcamp.com/album/atrocity-slaughter
https://cassetteartclassics.bandcamp.com/album/audio-alchemy-digest-4
https://cassetteartclassics.bandcamp.com/album/bearers-of-the-imperial-seal
https://cassetteartclassics.bandcamp.com/album/better-pull-that-plug-1982
https://cassetteartclassics.bandcamp.com/album/bloodbath
https://cassetteartclassics.bandcamp.com/album/body-sounds
https://cassetteartclassics.bandcamp.com/album/both-ends-against-the-middle
https://cassetteartclassics.bandcamp.com/album/bound-to-die
https://cassetteartclassics.bandcamp.com/album/bruit-non-stop-1995
https://cassetteartclassics.bandcamp.com/album/buddums
https://cassetteartclassics.bandcamp.com/album/cause-and-effect-january-1985-catalog-aural-sampler
https://cassetteartclassics.bandcamp.com/album/cause-and-effect-may-1985-catalog-aural-sampler
https://cassetteartclassics.bandcamp.com/album/children-of-slaves-1986
https://cassetteartclassics.bandcamp.com/album/chimerical-dysentary
https://cassetteartclassics.bandcamp.com/album/cleanest-rooms
https://cassetteartclassics.bandcamp.com/album/comandant-bruno-and-dx-club-1986
https://cassetteartclassics.bandcamp.com/album/confessions-of-a-shit-addict
https://cassetteartclassics.bandcamp.com/album/cotton-in-your-ears
https://cassetteartclassics.bandcamp.com/album/cracked-cranium
https://cassetteartclassics.bandcamp.com/album/crying-shame
https://cassetteartclassics.bandcamp.com/album/deaths-deal
https://cassetteartclassics.bandcamp.com/album/devil-music-min-y-live-1988
https://cassetteartclassics.bandcamp.com/album/diary-of-a-shiteater
https://cassetteartclassics.bandcamp.com/album/ditch
https://cassetteartclassics.bandcamp.com/album/ejaculations-paris-1919-1986
https://cassetteartclassics.bandcamp.com/album/escape-from-fate
https://cassetteartclassics.bandcamp.com/album/everybodys-mad-at-amerikkka
https://cassetteartclassics.bandcamp.com/album/exercises-in-style
https://cassetteartclassics.bandcamp.com/album/firebird-1987
https://cassetteartclassics.bandcamp.com/album/flaming-desires
https://cassetteartclassics.bandcamp.com/album/gar-ons-oubli-s-1984
https://cassetteartclassics.bandcamp.com/album/global-warming-1994
https://cassetteartclassics.bandcamp.com/album/goonz
https://cassetteartclassics.bandcamp.com/album/harsh-thoughts
https://cassetteartclassics.bandcamp.com/album/hat-touch-1985
https://cassetteartclassics.bandcamp.com/album/heads
https://cassetteartclassics.bandcamp.com/album/hear-the-roar-of-mountains
https://cassetteartclassics.bandcamp.com/album/hellhole
https://cassetteartclassics.bandcamp.com/album/hr-120-france-compilation
https://cassetteartclassics.bandcamp.com/album/i-e-m-a-collective-group-tape-1
https://cassetteartclassics.bandcamp.com/album/i-think-about-jackson-pollock
https://cassetteartclassics.bandcamp.com/album/in-my-blood
https://cassetteartclassics.bandcamp.com/album/in-search-of-tarkovsky-1986
https://cassetteartclassics.bandcamp.com/album/insane-music-for-insane-people-vol-1-1981
https://cassetteartclassics.bandcamp.com/album/judgement-day
https://cassetteartclassics.bandcamp.com/album/just-sittin-around-the-house-2
https://cassetteartclassics.bandcamp.com/album/kollapsing-new-music
https://cassetteartclassics.bandcamp.com/album/life-is-hard
https://cassetteartclassics.bandcamp.com/album/life-is-too-funny-i-think-i-ll-hoot-myself
https://cassetteartclassics.bandcamp.com/album/live-at-counter-fest-87
https://cassetteartclassics.bandcamp.com/album/live-at-the-king-charles-ballroom
https://cassetteartclassics.bandcamp.com/album/live-july-18th-87-at-harsh-reality
https://cassetteartclassics.bandcamp.com/album/lo-fi
https://cassetteartclassics.bandcamp.com/album/ludovico-treatment
https://cassetteartclassics.bandcamp.com/album/madness-mayhem
https://cassetteartclassics.bandcamp.com/album/magthea-and-insanity-1983
https://cassetteartclassics.bandcamp.com/album/maneuvers
https://cassetteartclassics.bandcamp.com/album/mental-anguish-p-c-r
https://cassetteartclassics.bandcamp.com/album/music-from-a-divided-germany
https://cassetteartclassics.bandcamp.com/album/new-society
https://cassetteartclassics.bandcamp.com/album/on-borrowed-time
https://cassetteartclassics.bandcamp.com/album/on-the-edge-of-insanity
https://cassetteartclassics.bandcamp.com/album/over-the-border-1985
https://cassetteartclassics.bandcamp.com/album/p-is-for-proper-1994
https://cassetteartclassics.bandcamp.com/album/peat
https://cassetteartclassics.bandcamp.com/album/planet-of-lovers-1984
https://cassetteartclassics.bandcamp.com/album/pod-king-uttered-thought-climatology
https://cassetteartclassics.bandcamp.com/album/points
https://cassetteartclassics.bandcamp.com/album/pretty-young-negro-man-1986
https://cassetteartclassics.bandcamp.com/album/psyko-genetika-ii
https://cassetteartclassics.bandcamp.com/album/quake
https://cassetteartclassics.bandcamp.com/album/red-shift-part-2
https://cassetteartclassics.bandcamp.com/album/remission
https://cassetteartclassics.bandcamp.com/album/riders-of-the-white-horse
https://cassetteartclassics.bandcamp.com/album/ritual-of-preparation
https://cassetteartclassics.bandcamp.com/album/shell
https://cassetteartclassics.bandcamp.com/album/shot-in-the-dark
https://cassetteartclassics.bandcamp.com/album/sick-of-this-that
https://cassetteartclassics.bandcamp.com/album/simply-fun
https://cassetteartclassics.bandcamp.com/album/skull
https://cassetteartclassics.bandcamp.com/album/spit-on-it
https://cassetteartclassics.bandcamp.com/album/test-pattern
https://cassetteartclassics.bandcamp.com/album/tetsuya-the-lo-fi-man-vs-radio-free-hawaii
https://cassetteartclassics.bandcamp.com/album/the-art-of-egyptian-bathing-1986
https://cassetteartclassics.bandcamp.com/album/the-dying-man-1987
https://cassetteartclassics.bandcamp.com/album/the-head-of-your-goat-the-son-of-your-dog-vol-1
https://cassetteartclassics.bandcamp.com/album/the-joke-project-1984
https://cassetteartclassics.bandcamp.com/album/the-memory-waltz-1988
https://cassetteartclassics.bandcamp.com/album/the-spitter
https://cassetteartclassics.bandcamp.com/album/thee-stench-of-death
https://cassetteartclassics.bandcamp.com/album/two-drones
https://cassetteartclassics.bandcamp.com/album/use-mice
https://cassetteartclassics.bandcamp.com/album/usufruct
https://cassetteartclassics.bandcamp.com/album/victims-of-the-flame
https://cassetteartclassics.bandcamp.com/album/violence-a-way-of-life
https://cassetteartclassics.bandcamp.com/album/wait-till-the-drugs-kick-in
https://cassetteartclassics.bandcamp.com/album/where-to-now-1
https://cassetteartclassics.bandcamp.com/album/where-to-now-2
https://cassetteartclassics.bandcamp.com/album/why-should-we-play-their-game
https://cassetteartclassics.bandcamp.com/album/working-my-hand-thru-the-wheel
https://cassetteartclassics.bandcamp.com/album/world-without-corners
https://cassetteartclassics.bandcamp.com/album/zones
