https://johncoltrane.bandcamp.com/album/another-side-of-john-coltrane
https://johncoltrane.bandcamp.com/album/bahia
https://johncoltrane.bandcamp.com/album/black-pearls-rudy-van-gelder-remaster
https://johncoltrane.bandcamp.com/album/cattin-with-coltrane-and-quinichette
https://johncoltrane.bandcamp.com/album/coltrane
https://johncoltrane.bandcamp.com/album/coltrane-58-the-prestige-recordings
https://johncoltrane.bandcamp.com/album/dakar-rudy-van-gelder-remaster
https://johncoltrane.bandcamp.com/album/interplay
https://johncoltrane.bandcamp.com/album/lush-life
https://johncoltrane.bandcamp.com/album/plays-for-lovers
https://johncoltrane.bandcamp.com/album/prestige-profiles-john-coltrane
https://johncoltrane.bandcamp.com/album/settin-the-pace-rudy-van-gelder-remaster
https://johncoltrane.bandcamp.com/album/side-steps
https://johncoltrane.bandcamp.com/album/soultrane
https://johncoltrane.bandcamp.com/album/standard-coltrane-rudy-van-gelder-remaster
https://johncoltrane.bandcamp.com/album/stardust
https://johncoltrane.bandcamp.com/album/the-believer
https://johncoltrane.bandcamp.com/album/the-cats
https://johncoltrane.bandcamp.com/album/the-definitive-john-coltrane-on-prestige-and-riverside
https://johncoltrane.bandcamp.com/album/the-last-trane
https://johncoltrane.bandcamp.com/album/the-stardust-session
https://johncoltrane.bandcamp.com/album/the-very-best-of-john-coltrane
