https://thebookofimaginarybeings.bandcamp.com/album/a-bao-a-qu
https://thebookofimaginarybeings.bandcamp.com/album/abtu-y-anet
https://thebookofimaginarybeings.bandcamp.com/album/animales-de-los-espejos
https://thebookofimaginarybeings.bandcamp.com/album/animales-esf-ricos
https://thebookofimaginarybeings.bandcamp.com/album/arp-as
https://thebookofimaginarybeings.bandcamp.com/album/bahamut
https://thebookofimaginarybeings.bandcamp.com/album/baldanders
https://thebookofimaginarybeings.bandcamp.com/album/cronos-o-h-rcules
https://thebookofimaginarybeings.bandcamp.com/album/demonios-del-juda-smo
https://thebookofimaginarybeings.bandcamp.com/album/dos-animales-metaf-sicos
https://thebookofimaginarybeings.bandcamp.com/album/el-animal-so-ado-por-poe
https://thebookofimaginarybeings.bandcamp.com/album/el-aplanador
https://thebookofimaginarybeings.bandcamp.com/album/el-asno-de-tres-patas
https://thebookofimaginarybeings.bandcamp.com/album/el-ave-roc
https://thebookofimaginarybeings.bandcamp.com/album/el-basilisco
https://thebookofimaginarybeings.bandcamp.com/album/el-behemoth
https://thebookofimaginarybeings.bandcamp.com/album/el-borametz
https://thebookofimaginarybeings.bandcamp.com/album/el-burak
https://thebookofimaginarybeings.bandcamp.com/album/el-caballo-del-mar
https://thebookofimaginarybeings.bandcamp.com/album/el-cancerbero
https://thebookofimaginarybeings.bandcamp.com/album/el-carb-nculo
https://thebookofimaginarybeings.bandcamp.com/album/el-catoblepas
https://thebookofimaginarybeings.bandcamp.com/album/el-centauro
https://thebookofimaginarybeings.bandcamp.com/album/el-ciervo-celestial
https://thebookofimaginarybeings.bandcamp.com/album/el-devorador-de-las-sombras
https://thebookofimaginarybeings.bandcamp.com/album/el-doble
https://thebookofimaginarybeings.bandcamp.com/album/el-drag-n-chino
https://thebookofimaginarybeings.bandcamp.com/album/el-drag-n-occidental
https://thebookofimaginarybeings.bandcamp.com/album/el-drag-n-oriental
https://thebookofimaginarybeings.bandcamp.com/album/el-elefante-que-predijo-el-nacimiento-del-buddha
https://thebookofimaginarybeings.bandcamp.com/album/el-fe-nix
https://thebookofimaginarybeings.bandcamp.com/album/el-fe-nix-chino
https://thebookofimaginarybeings.bandcamp.com/album/el-gallo-celestial
https://thebookofimaginarybeings.bandcamp.com/album/el-gato-de-cheshire-y-los-gatos-kilkenny
https://thebookofimaginarybeings.bandcamp.com/album/el-golem
https://thebookofimaginarybeings.bandcamp.com/album/el-grifo
https://thebookofimaginarybeings.bandcamp.com/album/el-hijo-de-leviat-n
https://thebookofimaginarybeings.bandcamp.com/album/el-hipogrifo
https://thebookofimaginarybeings.bandcamp.com/album/el-kami
https://thebookofimaginarybeings.bandcamp.com/album/el-kraken
https://thebookofimaginarybeings.bandcamp.com/album/el-manti-cora
https://thebookofimaginarybeings.bandcamp.com/album/el-mirmecoleon
https://thebookofimaginarybeings.bandcamp.com/album/el-mono-de-la-tinta
https://thebookofimaginarybeings.bandcamp.com/album/el-monstruo-aqueronte
https://thebookofimaginarybeings.bandcamp.com/album/el-nesn-s
https://thebookofimaginarybeings.bandcamp.com/album/el-odradek
https://thebookofimaginarybeings.bandcamp.com/album/el-p-jaro-que-causa-la-lluvia
https://thebookofimaginarybeings.bandcamp.com/album/el-pel-cano
https://thebookofimaginarybeings.bandcamp.com/album/el-peritio
https://thebookofimaginarybeings.bandcamp.com/album/el-simurg
https://thebookofimaginarybeings.bandcamp.com/album/el-squonk
https://thebookofimaginarybeings.bandcamp.com/album/el-tao-tieh
https://thebookofimaginarybeings.bandcamp.com/album/el-unicornio
https://thebookofimaginarybeings.bandcamp.com/album/el-uroboros
https://thebookofimaginarybeings.bandcamp.com/album/el-zarat-n
https://thebookofimaginarybeings.bandcamp.com/album/el-zorro-chino
https://thebookofimaginarybeings.bandcamp.com/album/escilla
https://thebookofimaginarybeings.bandcamp.com/album/fastitocal-n
https://thebookofimaginarybeings.bandcamp.com/album/fauna-china
https://thebookofimaginarybeings.bandcamp.com/album/fauna-de-chile
https://thebookofimaginarybeings.bandcamp.com/album/fauna-de-los-estados-unidos
https://thebookofimaginarybeings.bandcamp.com/album/garuda
https://thebookofimaginarybeings.bandcamp.com/album/haniel-kafziel-azriel-y-aniel
https://thebookofimaginarybeings.bandcamp.com/album/haokah-dios-del-trueno
https://thebookofimaginarybeings.bandcamp.com/album/hochigan
https://thebookofimaginarybeings.bandcamp.com/album/khumbaba
https://thebookofimaginarybeings.bandcamp.com/album/kuyata
https://thebookofimaginarybeings.bandcamp.com/album/la-anfisbena-2
https://thebookofimaginarybeings.bandcamp.com/album/la-banshee
https://thebookofimaginarybeings.bandcamp.com/album/la-chancha-con-cadenas-y-otra-fauna-argentina
https://thebookofimaginarybeings.bandcamp.com/album/la-crocota-y-la-leucorcota
https://thebookofimaginarybeings.bandcamp.com/album/la-ctuple-serpiente
https://thebookofimaginarybeings.bandcamp.com/album/la-esfinge
https://thebookofimaginarybeings.bandcamp.com/album/la-hidra-de-lerna
https://thebookofimaginarybeings.bandcamp.com/album/la-liebre-lunar
https://thebookofimaginarybeings.bandcamp.com/album/la-madre-de-las-tortugas
https://thebookofimaginarybeings.bandcamp.com/album/la-mandr-gora
https://thebookofimaginarybeings.bandcamp.com/album/la-pantera
https://thebookofimaginarybeings.bandcamp.com/album/la-peluda-de-la-ferte-bernard
https://thebookofimaginarybeings.bandcamp.com/album/la-quimera
https://thebookofimaginarybeings.bandcamp.com/album/la-salamandra
https://thebookofimaginarybeings.bandcamp.com/album/las-cien-cabeza
https://thebookofimaginarybeings.bandcamp.com/album/las-hadas
https://thebookofimaginarybeings.bandcamp.com/album/las-ninfas
https://thebookofimaginarybeings.bandcamp.com/album/las-nornas
https://thebookofimaginarybeings.bandcamp.com/album/las-valquirias
https://thebookofimaginarybeings.bandcamp.com/album/laudatores-temporis-acti
https://thebookofimaginarybeings.bandcamp.com/album/lilith
https://thebookofimaginarybeings.bandcamp.com/album/los-ant-lopes-de-seis-patas
https://thebookofimaginarybeings.bandcamp.com/album/los-brownies
https://thebookofimaginarybeings.bandcamp.com/album/los-demonios-de-swedenborg
https://thebookofimaginarybeings.bandcamp.com/album/los-elfos
https://thebookofimaginarybeings.bandcamp.com/album/los-eloi-y-los-morlocks
https://thebookofimaginarybeings.bandcamp.com/album/los-gnomos
https://thebookofimaginarybeings.bandcamp.com/album/los-lamed-wufniks
https://thebookofimaginarybeings.bandcamp.com/album/los-lamias
https://thebookofimaginarybeings.bandcamp.com/album/los-lemures
https://thebookofimaginarybeings.bandcamp.com/album/los-mon-culos
https://thebookofimaginarybeings.bandcamp.com/album/los-nagas
https://thebookofimaginarybeings.bandcamp.com/album/los-ngeles-de-swedenborg
https://thebookofimaginarybeings.bandcamp.com/album/los-pigmeos
https://thebookofimaginarybeings.bandcamp.com/album/los-s-tiros
https://thebookofimaginarybeings.bandcamp.com/album/los-seres-t-rmicos
https://thebookofimaginarybeings.bandcamp.com/album/los-silfos
https://thebookofimaginarybeings.bandcamp.com/album/los-tigres-del-annam
https://thebookofimaginarybeings.bandcamp.com/album/los-trolls
https://thebookofimaginarybeings.bandcamp.com/album/los-yinn
https://thebookofimaginarybeings.bandcamp.com/album/r-mora
https://thebookofimaginarybeings.bandcamp.com/album/sirenas
https://thebookofimaginarybeings.bandcamp.com/album/talos
https://thebookofimaginarybeings.bandcamp.com/album/un-animal-so-ado-por-c-s-lewis
https://thebookofimaginarybeings.bandcamp.com/album/un-animal-so-ado-por-kafka
https://thebookofimaginarybeings.bandcamp.com/album/un-cuento-experimental-de-lo-que-fue-conocido-visto-y-encontrado-por-mrs-jane-lead-en-londres-en-1694
https://thebookofimaginarybeings.bandcamp.com/album/un-reptil-son-ado-por-c-s-lewis
https://thebookofimaginarybeings.bandcamp.com/album/un-rey-de-fuego-y-su-caballo
https://thebookofimaginarybeings.bandcamp.com/album/una-cruza
https://thebookofimaginarybeings.bandcamp.com/album/youwarkee
