https://malfokusita.bandcamp.com/album/1983-expanded-remastered
https://malfokusita.bandcamp.com/album/alkemiisto
https://malfokusita.bandcamp.com/album/alkemiisto-ii
https://malfokusita.bandcamp.com/album/alkemiisto-iii
https://malfokusita.bandcamp.com/album/amaso
https://malfokusita.bandcamp.com/album/ankora
https://malfokusita.bandcamp.com/album/anstatauo
https://malfokusita.bandcamp.com/album/ar-ento-dormo
https://malfokusita.bandcamp.com/album/arbaro-liberigo
https://malfokusita.bandcamp.com/album/arbo-miksajo
https://malfokusita.bandcamp.com/album/armerio
https://malfokusita.bandcamp.com/album/aro
https://malfokusita.bandcamp.com/album/atendi
https://malfokusita.bandcamp.com/album/atestanto
https://malfokusita.bandcamp.com/album/bedroom-carpet
https://malfokusita.bandcamp.com/album/cedar-mast-reduced
https://malfokusita.bandcamp.com/album/cirkauita
https://malfokusita.bandcamp.com/album/da-rigo
https://malfokusita.bandcamp.com/album/deriva
https://malfokusita.bandcamp.com/album/direkto
https://malfokusita.bandcamp.com/album/disfalo
https://malfokusita.bandcamp.com/album/disradii
https://malfokusita.bandcamp.com/album/dissendilo
https://malfokusita.bandcamp.com/album/ebla
https://malfokusita.bandcamp.com/album/ebleco
https://malfokusita.bandcamp.com/album/eksteren
https://malfokusita.bandcamp.com/album/elektro
https://malfokusita.bandcamp.com/album/ero
https://malfokusita.bandcamp.com/album/foresto-2
https://malfokusita.bandcamp.com/album/forgesita
https://malfokusita.bandcamp.com/album/foriri
https://malfokusita.bandcamp.com/album/forlaso
https://malfokusita.bandcamp.com/album/frumatene
https://malfokusita.bandcamp.com/album/ielarko
https://malfokusita.bandcamp.com/album/inland-by-night
https://malfokusita.bandcamp.com/album/interkovris
https://malfokusita.bandcamp.com/album/inundis
https://malfokusita.bandcamp.com/album/iunokta-pluvo
https://malfokusita.bandcamp.com/album/kadro
https://malfokusita.bandcamp.com/album/kiam
https://malfokusita.bandcamp.com/album/kolizii
https://malfokusita.bandcamp.com/album/komenca
https://malfokusita.bandcamp.com/album/kosma
https://malfokusita.bandcamp.com/album/kurento
https://malfokusita.bandcamp.com/album/linio
https://malfokusita.bandcamp.com/album/malaperis
https://malfokusita.bandcamp.com/album/malplena
https://malfokusita.bandcamp.com/album/malsekeco
https://malfokusita.bandcamp.com/album/marakvo
https://malfokusita.bandcamp.com/album/mensogema
https://malfokusita.bandcamp.com/album/mutaciulo
https://malfokusita.bandcamp.com/album/naski-i-2
https://malfokusita.bandcamp.com/album/neskribita
https://malfokusita.bandcamp.com/album/nokto-sen-esa
https://malfokusita.bandcamp.com/album/okazi-enkorpigita
https://malfokusita.bandcamp.com/album/okcidenta
https://malfokusita.bandcamp.com/album/ombro-2
https://malfokusita.bandcamp.com/album/ondoj
https://malfokusita.bandcamp.com/album/ovo
https://malfokusita.bandcamp.com/album/presilo
https://malfokusita.bandcamp.com/album/profunda-ministo
https://malfokusita.bandcamp.com/album/rekursia
https://malfokusita.bandcamp.com/album/renkonti
https://malfokusita.bandcamp.com/album/retrosciigo
https://malfokusita.bandcamp.com/album/ritmo-en-fokuso
https://malfokusita.bandcamp.com/album/saturi-o
https://malfokusita.bandcamp.com/album/sen
https://malfokusita.bandcamp.com/album/senindulga
https://malfokusita.bandcamp.com/album/ser-i
https://malfokusita.bandcamp.com/album/serurtruo
https://malfokusita.bandcamp.com/album/slosilo
https://malfokusita.bandcamp.com/album/sor
https://malfokusita.bandcamp.com/album/substak-procesis-1
https://malfokusita.bandcamp.com/album/substak-procesis-2
https://malfokusita.bandcamp.com/album/substak-procesis-3
https://malfokusita.bandcamp.com/album/sufokita
https://malfokusita.bandcamp.com/album/tenita
https://malfokusita.bandcamp.com/album/tirita
https://malfokusita.bandcamp.com/album/tra
https://malfokusita.bandcamp.com/album/trans-vibro
https://malfokusita.bandcamp.com/album/transiro
https://malfokusita.bandcamp.com/album/unuopa-ojn
https://malfokusita.bandcamp.com/album/vagante
https://malfokusita.bandcamp.com/album/varmo
https://malfokusita.bandcamp.com/album/veka-2
https://malfokusita.bandcamp.com/album/vicigo
https://malfokusita.bandcamp.com/album/vintra-mallumo
https://malfokusita.bandcamp.com/album/vintro
https://malfokusita.bandcamp.com/album/vojeto
