https://doseone.bandcamp.com/album/0rbitalis-soundtrack
https://doseone.bandcamp.com/album/a7pha
https://doseone.bandcamp.com/album/all-portrait-no-chorus
https://doseone.bandcamp.com/album/be-evil
https://doseone.bandcamp.com/album/cape
https://doseone.bandcamp.com/album/circle-2
https://doseone.bandcamp.com/album/crowns-down
https://doseone.bandcamp.com/album/crowns-down-company
https://doseone.bandcamp.com/album/disc-room-ep-2016
https://doseone.bandcamp.com/album/disc-room-original-soundtrack
https://doseone.bandcamp.com/album/enter-the-gungeon-heart-in-halves
https://doseone.bandcamp.com/album/enter-the-gungeon-original-soundtrack
https://doseone.bandcamp.com/album/escape-academy-original-soundtrack-2
https://doseone.bandcamp.com/album/exit-the-gungeon-original-soundtrack
https://doseone.bandcamp.com/album/freeringtoneofthemonth-vol-i
https://doseone.bandcamp.com/album/freeringtoneofthemonth-vol-ii
https://doseone.bandcamp.com/album/g-is-for-deep
https://doseone.bandcamp.com/album/g-is-for-job
https://doseone.bandcamp.com/album/gang-beasts-original-soundtrack
https://doseone.bandcamp.com/album/ha
https://doseone.bandcamp.com/album/heavy-bullets-ep
https://doseone.bandcamp.com/album/hemispheres
https://doseone.bandcamp.com/album/high-hell-soundtrack
https://doseone.bandcamp.com/album/ii
https://doseone.bandcamp.com/album/many-headed-controller-7-remix
https://doseone.bandcamp.com/album/many-headed-ep
https://doseone.bandcamp.com/album/north-american-adonis
https://doseone.bandcamp.com/album/skeleton-repelent
https://doseone.bandcamp.com/album/slowdeath
https://doseone.bandcamp.com/album/sludge-life-2-original-soundtrack
https://doseone.bandcamp.com/album/sludge-life-original-soundtrack
https://doseone.bandcamp.com/album/soft-skulls
https://doseone.bandcamp.com/album/super-game-jam-soundtrack
https://doseone.bandcamp.com/album/the-free-houdini-deluxe
https://doseone.bandcamp.com/album/the-no-music
https://doseone.bandcamp.com/album/the-no-music-of-aiffs
https://doseone.bandcamp.com/album/the-samurai-gunn-ep
https://doseone.bandcamp.com/album/them
https://doseone.bandcamp.com/album/this-about-the-city-too
https://doseone.bandcamp.com/album/wood-teeth
