https://franciscolopez.bandcamp.com/album/1980-2010
https://franciscolopez.bandcamp.com/album/1980-82
https://franciscolopez.bandcamp.com/album/1981-83
https://franciscolopez.bandcamp.com/album/1983
https://franciscolopez.bandcamp.com/album/1984
https://franciscolopez.bandcamp.com/album/1985
https://franciscolopez.bandcamp.com/album/1986
https://franciscolopez.bandcamp.com/album/1987
https://franciscolopez.bandcamp.com/album/1988
https://franciscolopez.bandcamp.com/album/1989
https://franciscolopez.bandcamp.com/album/a-bunch-of-stuff-1980-2020-40-years-of-sonogenic-composition
https://franciscolopez.bandcamp.com/album/abducted-recorders-cambodia-sardinia
https://franciscolopez.bandcamp.com/album/absolute-noise-ensemble-vol-1-untitled-sonic-metaorganisms
https://franciscolopez.bandcamp.com/album/absolute-noise-ensemble-vol-2-untitled-sonic-microorganisms
https://franciscolopez.bandcamp.com/album/amarok
https://franciscolopez.bandcamp.com/album/anima-ardens-original-soundtrack
https://franciscolopez.bandcamp.com/album/animast
https://franciscolopez.bandcamp.com/album/belu-environmental-sound-matter-from-myanmar-burma
https://franciscolopez.bandcamp.com/album/calakmul-environmental-sound-matter-from-the-mexican-rainforest
https://franciscolopez.bandcamp.com/album/conops
https://franciscolopez.bandcamp.com/album/conveyor-belts-usa
https://franciscolopez.bandcamp.com/album/dynamo-original-soundtrack
https://franciscolopez.bandcamp.com/album/fabrikas-riga
https://franciscolopez.bandcamp.com/album/himavanta-environmental-sound-matter-from-thailand-s-rainforests
https://franciscolopez.bandcamp.com/album/hmsn
https://franciscolopez.bandcamp.com/album/hyper-rainforest
https://franciscolopez.bandcamp.com/album/if-only-we-had-known
https://franciscolopez.bandcamp.com/album/kulu
https://franciscolopez.bandcamp.com/album/live-in-auckland
https://franciscolopez.bandcamp.com/album/live-in-frankfurt
https://franciscolopez.bandcamp.com/album/live-in-jerusalem-johannesburg
https://franciscolopez.bandcamp.com/album/live-in-lima
https://franciscolopez.bandcamp.com/album/live-in-madrid
https://franciscolopez.bandcamp.com/album/live-in-medell-n
https://franciscolopez.bandcamp.com/album/live-in-morelia-palermo
https://franciscolopez.bandcamp.com/album/live-in-new-york-sydney
https://franciscolopez.bandcamp.com/album/live-in-s-gravenhage
https://franciscolopez.bandcamp.com/album/live-in-slovakia
https://franciscolopez.bandcamp.com/album/lopez-island
https://franciscolopez.bandcamp.com/album/lysiosquilla-gaussia
https://franciscolopez.bandcamp.com/album/no-original-soundtrack
https://franciscolopez.bandcamp.com/album/obatal-ibofanga-environmental-sound-matter-from-cuba-and-the-usa
https://franciscolopez.bandcamp.com/album/presque-tout-quiet-pieces-1993-2013
https://franciscolopez.bandcamp.com/album/silent-trains-korea
https://franciscolopez.bandcamp.com/album/sonic-dark-goya
https://franciscolopez.bandcamp.com/album/sonic-fields-vlieland
https://franciscolopez.bandcamp.com/album/sonopolis
https://franciscolopez.bandcamp.com/album/t-whirim-tea-environmental-sound-matter-from-new-zealand
https://franciscolopez.bandcamp.com/album/technocalyps-original-soundtrack
https://franciscolopez.bandcamp.com/album/untitled-155-self-playing-audio-box-immaterial-edition
https://franciscolopez.bandcamp.com/album/untitled-180
https://franciscolopez.bandcamp.com/album/untitled-188
https://franciscolopez.bandcamp.com/album/untitled-2005
https://franciscolopez.bandcamp.com/album/untitled-2006
https://franciscolopez.bandcamp.com/album/untitled-2007
https://franciscolopez.bandcamp.com/album/untitled-2008
https://franciscolopez.bandcamp.com/album/untitled-2009
https://franciscolopez.bandcamp.com/album/untitled-2010
https://franciscolopez.bandcamp.com/album/untitled-2011
https://franciscolopez.bandcamp.com/album/untitled-2012-2014
https://franciscolopez.bandcamp.com/album/untitled-2015-2016
https://franciscolopez.bandcamp.com/album/untitled-2017
https://franciscolopez.bandcamp.com/album/untitled-2018
https://franciscolopez.bandcamp.com/album/untitled-2019
https://franciscolopez.bandcamp.com/album/untitled-2020
https://franciscolopez.bandcamp.com/album/untitled-2021-2022
https://franciscolopez.bandcamp.com/album/untitled-2023-2024
https://franciscolopez.bandcamp.com/album/untitled-2025
https://franciscolopez.bandcamp.com/album/untitled-205
https://franciscolopez.bandcamp.com/album/untitled-213
https://franciscolopez.bandcamp.com/album/untitled-228
https://franciscolopez.bandcamp.com/album/untitled-229
https://franciscolopez.bandcamp.com/album/untitled-271
https://franciscolopez.bandcamp.com/album/untitled-272-antarctica-variations
https://franciscolopez.bandcamp.com/album/untitled-274
https://franciscolopez.bandcamp.com/album/untitled-275
https://franciscolopez.bandcamp.com/album/untitled-281
https://franciscolopez.bandcamp.com/album/untitled-284
https://franciscolopez.bandcamp.com/album/untitled-290
https://franciscolopez.bandcamp.com/album/untitled-295
https://franciscolopez.bandcamp.com/album/untitled-300
https://franciscolopez.bandcamp.com/album/untitled-305-seven-nights
https://franciscolopez.bandcamp.com/album/untitled-308
https://franciscolopez.bandcamp.com/album/untitled-309
https://franciscolopez.bandcamp.com/album/untitled-313
https://franciscolopez.bandcamp.com/album/untitled-320
https://franciscolopez.bandcamp.com/album/untitled-333-self-playing-audio-card-edition
https://franciscolopez.bandcamp.com/album/untitled-337
https://franciscolopez.bandcamp.com/album/untitled-346
https://franciscolopez.bandcamp.com/album/untitled-352
https://franciscolopez.bandcamp.com/album/untitled-360
https://franciscolopez.bandcamp.com/album/untitled-366-2
https://franciscolopez.bandcamp.com/album/untitled-370
https://franciscolopez.bandcamp.com/album/untitled-381
https://franciscolopez.bandcamp.com/album/untitled-398
https://franciscolopez.bandcamp.com/album/untitled-404
https://franciscolopez.bandcamp.com/album/untitled-405
https://franciscolopez.bandcamp.com/album/untitled-408
https://franciscolopez.bandcamp.com/album/untitled-440-in-four-cryptic-chapters-self-playing-audio-card-immaterial-edition
https://franciscolopez.bandcamp.com/album/virtuaural-electro-mechanics
https://franciscolopez.bandcamp.com/album/vol-1
https://franciscolopez.bandcamp.com/album/wilderness-studio-2005-2019-brazilian-amazon-south-african-savanna-on-site-composition-in-the-wild
https://franciscolopez.bandcamp.com/album/wind-patagonia-environmental-sound-matter-from-patagonia
https://franciscolopez.bandcamp.com/album/with-in
https://franciscolopez.bandcamp.com/album/yanayacu-environmental-sound-matter-from-the-peruvian-amazon
