https://hypergiantsasmr.bandcamp.com/album/-
https://hypergiantsasmr.bandcamp.com/album/--4
https://hypergiantsasmr.bandcamp.com/album/--5
https://hypergiantsasmr.bandcamp.com/album/--6
https://hypergiantsasmr.bandcamp.com/album/a-e-s-t-h-e-t-i-c-s
https://hypergiantsasmr.bandcamp.com/album/a-m-b-i-e-n-t-s-p-a-c-e-m-u-s-i-c-r-e-l-a-x-a-t-i-o-n
https://hypergiantsasmr.bandcamp.com/album/a-thrashers-emptying
https://hypergiantsasmr.bandcamp.com/album/aftermath
https://hypergiantsasmr.bandcamp.com/album/all-i-want-is-you
https://hypergiantsasmr.bandcamp.com/album/all-you-really-have-is-what-you-give-to-others
https://hypergiantsasmr.bandcamp.com/album/almost-perfect
https://hypergiantsasmr.bandcamp.com/album/ambient-space-music-recordings
https://hypergiantsasmr.bandcamp.com/album/as-repeating-rhythms
https://hypergiantsasmr.bandcamp.com/album/as-repeating-rthyhms-pt-ii
https://hypergiantsasmr.bandcamp.com/album/astral-lucidity
https://hypergiantsasmr.bandcamp.com/album/b-e-y-o-n-d
https://hypergiantsasmr.bandcamp.com/album/beyond-this-place-of-wrath-and-tears
https://hypergiantsasmr.bandcamp.com/album/bossanova
https://hypergiantsasmr.bandcamp.com/album/c-h-r-i-s-t-m-a-s-w-a-v-e
https://hypergiantsasmr.bandcamp.com/album/classic-arts-showcase
https://hypergiantsasmr.bandcamp.com/album/cosmic-horrors-ep
https://hypergiantsasmr.bandcamp.com/album/cosmosis
https://hypergiantsasmr.bandcamp.com/album/creepypastas-from-x
https://hypergiantsasmr.bandcamp.com/album/d-e-c-a-d-e
https://hypergiantsasmr.bandcamp.com/album/d-i-s-t-a-n-c-e
https://hypergiantsasmr.bandcamp.com/album/d-o-p-a-m-i-n-e
https://hypergiantsasmr.bandcamp.com/album/d-o-p-a-m-i-n-e-2
https://hypergiantsasmr.bandcamp.com/album/d-r-e-a-m-s
https://hypergiantsasmr.bandcamp.com/album/d-r-i-f-t
https://hypergiantsasmr.bandcamp.com/album/decade
https://hypergiantsasmr.bandcamp.com/album/decades-end
https://hypergiantsasmr.bandcamp.com/album/depression-cures-for-the-reality-stricken
https://hypergiantsasmr.bandcamp.com/album/dimesional-gateways
https://hypergiantsasmr.bandcamp.com/album/distortion-fields-ive-had-dreams-like-this-too
https://hypergiantsasmr.bandcamp.com/album/e-c-h-o-e-s
https://hypergiantsasmr.bandcamp.com/album/e-mc
https://hypergiantsasmr.bandcamp.com/album/e-p-h-e-m-e-r-a-l
https://hypergiantsasmr.bandcamp.com/album/follow-your-dreams
https://hypergiantsasmr.bandcamp.com/album/forever-and-a-day
https://hypergiantsasmr.bandcamp.com/album/g-r-a-v-i-t-y
https://hypergiantsasmr.bandcamp.com/album/ghost-stars
https://hypergiantsasmr.bandcamp.com/album/h-e-a-l-i-n-g
https://hypergiantsasmr.bandcamp.com/album/h-o-l-s-t
https://hypergiantsasmr.bandcamp.com/album/h-y-p-e-r-n-o-v-a
https://hypergiantsasmr.bandcamp.com/album/hardcore-asmr
https://hypergiantsasmr.bandcamp.com/album/heal
https://hypergiantsasmr.bandcamp.com/album/hollow-stars
https://hypergiantsasmr.bandcamp.com/album/hypergrips-reality-mix
https://hypergiantsasmr.bandcamp.com/album/hypermancer-presents-the-space-madness-mixtape
https://hypergiantsasmr.bandcamp.com/album/hyperspace-wild-experimental-techno-vol-2
https://hypergiantsasmr.bandcamp.com/album/i-hope-you-see-this
https://hypergiantsasmr.bandcamp.com/album/i-hope-you-understand
https://hypergiantsasmr.bandcamp.com/album/i-n-t-e-r-s-t-e-l-l-a-r-j-a-z-z
https://hypergiantsasmr.bandcamp.com/album/i-s-a-b-e-l-l-e
https://hypergiantsasmr.bandcamp.com/album/i-wish-i-could-tell-you-everything
https://hypergiantsasmr.bandcamp.com/album/if-you-felt-it-youd-understand
https://hypergiantsasmr.bandcamp.com/album/ill-always-remember-you
https://hypergiantsasmr.bandcamp.com/album/indescribable-feelings
https://hypergiantsasmr.bandcamp.com/album/internet-meme
https://hypergiantsasmr.bandcamp.com/album/it-only-hurt-because-i-loved-you
https://hypergiantsasmr.bandcamp.com/album/its-going-to-be-okay
https://hypergiantsasmr.bandcamp.com/album/ive-had-dreams-like-this
https://hypergiantsasmr.bandcamp.com/album/l-i-f-e
https://hypergiantsasmr.bandcamp.com/album/lepidoptera
https://hypergiantsasmr.bandcamp.com/album/literally-stealing
https://hypergiantsasmr.bandcamp.com/album/lost-sea
https://hypergiantsasmr.bandcamp.com/album/m-e-l-a-n-c-h-o-l-i-a
https://hypergiantsasmr.bandcamp.com/album/maybe-you-should-hustle-as-hard-as-you-hate
https://hypergiantsasmr.bandcamp.com/album/moonbat-anarchist-theory-i-dont-care
https://hypergiantsasmr.bandcamp.com/album/neon-echoes
https://hypergiantsasmr.bandcamp.com/album/neurotransmitters
https://hypergiantsasmr.bandcamp.com/album/paradoxically
https://hypergiantsasmr.bandcamp.com/album/precursors
https://hypergiantsasmr.bandcamp.com/album/presents-dj-hypergiant-s-the-reply-full-mixtape
https://hypergiantsasmr.bandcamp.com/album/presents-hypermancer-live-paske-art-fest-steet-fair-4-20-2017
https://hypergiantsasmr.bandcamp.com/album/presents-le-petit-ch-teau-the-minimal-mixtape
https://hypergiantsasmr.bandcamp.com/album/psychic-killers
https://hypergiantsasmr.bandcamp.com/album/reflections-of-our-inner-minds
https://hypergiantsasmr.bandcamp.com/album/return-from-the-void-the-dj-hypergiant-full-moon-mixtapes
https://hypergiantsasmr.bandcamp.com/album/s-p-l-i-c-e-r
https://hypergiantsasmr.bandcamp.com/album/s-t-e-l-l-a
https://hypergiantsasmr.bandcamp.com/album/somewhere-we-are-together-forever
https://hypergiantsasmr.bandcamp.com/album/space-madness
https://hypergiantsasmr.bandcamp.com/album/space-madness-2
https://hypergiantsasmr.bandcamp.com/album/techno-interests-me-ep
https://hypergiantsasmr.bandcamp.com/album/the-astral-fetus
https://hypergiantsasmr.bandcamp.com/album/the-beautiful-cosmos
https://hypergiantsasmr.bandcamp.com/album/the-beautiful-new-age-relaxation-tapes
https://hypergiantsasmr.bandcamp.com/album/the-beautiful-new-age-relaxation-tapes-vol-iii-now-thats-what-i-call-relaxation-tapes
https://hypergiantsasmr.bandcamp.com/album/the-beautiful-new-age-relaxation-tapes-vol-iv-greatest-hits
https://hypergiantsasmr.bandcamp.com/album/the-beautiful-new-age-relaxation-tapes-vol-xlii-the-solar-requiem
https://hypergiantsasmr.bandcamp.com/album/the-beautiful-new-age-relaxation-tapes-vol-xxxiii-positive-affirmations-for-working-class-adults
https://hypergiantsasmr.bandcamp.com/album/the-beautiful-new-age-relaxation-tapes-volume-ii
https://hypergiantsasmr.bandcamp.com/album/the-beginners-guide-to-time-travel
https://hypergiantsasmr.bandcamp.com/album/the-best-of-the-hypergiants-ambient-space-music-recordings
https://hypergiantsasmr.bandcamp.com/album/the-destiny-of-souls
https://hypergiantsasmr.bandcamp.com/album/the-electronic-monolith
https://hypergiantsasmr.bandcamp.com/album/the-elephant-dreams
https://hypergiantsasmr.bandcamp.com/album/the-endless-wave
https://hypergiantsasmr.bandcamp.com/album/the-final-frame
https://hypergiantsasmr.bandcamp.com/album/the-flat-circle-of-time
https://hypergiantsasmr.bandcamp.com/album/the-fractal-machine
https://hypergiantsasmr.bandcamp.com/album/the-fractal-universe
https://hypergiantsasmr.bandcamp.com/album/the-fractal-universe-remastered
https://hypergiantsasmr.bandcamp.com/album/the-friendly-space-wizard-presents-the-simulated-ascension
https://hypergiantsasmr.bandcamp.com/album/the-friendly-space-wizard-s-guide-to-the-void
https://hypergiantsasmr.bandcamp.com/album/the-friendly-space-wizards-cosmic-tarot-reading
https://hypergiantsasmr.bandcamp.com/album/the-friendly-space-wizards-guide-to-curse-breaking
https://hypergiantsasmr.bandcamp.com/album/the-grand-illusion
https://hypergiantsasmr.bandcamp.com/album/the-great-beyond
https://hypergiantsasmr.bandcamp.com/album/the-healing-power-of-time
https://hypergiantsasmr.bandcamp.com/album/the-heavenly-spheres
https://hypergiantsasmr.bandcamp.com/album/the-holy-planet
https://hypergiantsasmr.bandcamp.com/album/the-infinite-paradox
https://hypergiantsasmr.bandcamp.com/album/the-kingdom-of-dreams
https://hypergiantsasmr.bandcamp.com/album/the-last-giant
https://hypergiantsasmr.bandcamp.com/album/the-magnificent-cosmic-sea
https://hypergiantsasmr.bandcamp.com/album/the-majestic-storyteller
https://hypergiantsasmr.bandcamp.com/album/the-monolith-rising
https://hypergiantsasmr.bandcamp.com/album/the-pain-will-end-someday
https://hypergiantsasmr.bandcamp.com/album/the-path-of-least-resistance
https://hypergiantsasmr.bandcamp.com/album/the-pillars-of-heaven
https://hypergiantsasmr.bandcamp.com/album/the-quiet-places
https://hypergiantsasmr.bandcamp.com/album/the-singularity
https://hypergiantsasmr.bandcamp.com/album/the-soft-expanse
https://hypergiantsasmr.bandcamp.com/album/the-solar-requiem-for-planet-earth
https://hypergiantsasmr.bandcamp.com/album/the-space-monkey-wild-experimental-techno-vol-1
https://hypergiantsasmr.bandcamp.com/album/the-special-relaxation-tapes-vol-v-greatest-hits-vol-ii
https://hypergiantsasmr.bandcamp.com/album/the-uncanny-valley
https://hypergiantsasmr.bandcamp.com/album/the-vault-of-heaven
https://hypergiantsasmr.bandcamp.com/album/there-be-dragons
https://hypergiantsasmr.bandcamp.com/album/time-dialations-ii
https://hypergiantsasmr.bandcamp.com/album/time-dialations-iii
https://hypergiantsasmr.bandcamp.com/album/time-dilations
https://hypergiantsasmr.bandcamp.com/album/timecube
https://hypergiantsasmr.bandcamp.com/album/timecube-2-stupid-and-evil
https://hypergiantsasmr.bandcamp.com/album/times-we-were-together
https://hypergiantsasmr.bandcamp.com/album/untitled-album-2
https://hypergiantsasmr.bandcamp.com/album/v-i-s-i-o-n-s
https://hypergiantsasmr.bandcamp.com/album/vaporstuck
https://hypergiantsasmr.bandcamp.com/album/we-are-all-just-people-in-our-rooms
https://hypergiantsasmr.bandcamp.com/album/we-must-embrace-pain-and-burn-it-as-fuel-for-our-journey-ep
https://hypergiantsasmr.bandcamp.com/album/we-were-warned-off
https://hypergiantsasmr.bandcamp.com/album/you-are-here
