https://banabila.bandcamp.com/album/0-1-0-1-0-1-0-1-0
https://banabila.bandcamp.com/album/1991-1993-demo-tracks
https://banabila.bandcamp.com/album/1993
https://banabila.bandcamp.com/album/2010-remixes
https://banabila.bandcamp.com/album/47-voice-loops
https://banabila.bandcamp.com/album/a-living-thing
https://banabila.bandcamp.com/album/a-looming-presence
https://banabila.bandcamp.com/album/all-connected
https://banabila.bandcamp.com/album/always-there
https://banabila.bandcamp.com/album/amal
https://banabila.bandcamp.com/album/ambientblog-1-banabila-remixed
https://banabila.bandcamp.com/album/ambientblog-2-banabila-remixed
https://banabila.bandcamp.com/album/an-agreement-of-sorts
https://banabila.bandcamp.com/album/analog-duo
https://banabila.bandcamp.com/album/arhil
https://banabila.bandcamp.com/album/asambe-ekhaya
https://banabila.bandcamp.com/album/baba-soir-e
https://banabila.bandcamp.com/album/banabila-erker-machinefabriek-zenial
https://banabila.bandcamp.com/album/banabila-machinefabriek
https://banabila.bandcamp.com/album/banabila-mens
https://banabila.bandcamp.com/album/between-your-eyes-and-mine
https://banabila.bandcamp.com/album/big-data-poetry-live-excerpts
https://banabila.bandcamp.com/album/bouwwerk
https://banabila.bandcamp.com/album/breathe-compilation
https://banabila.bandcamp.com/album/burgeon
https://banabila.bandcamp.com/album/cards-on-the-table
https://banabila.bandcamp.com/album/cassina
https://banabila.bandcamp.com/album/changing-sceneries
https://banabila.bandcamp.com/album/changing-structures
https://banabila.bandcamp.com/album/cloud-ensemble
https://banabila.bandcamp.com/album/conny-janssen-danst-common-ground
https://banabila.bandcamp.com/album/countermood
https://banabila.bandcamp.com/album/crowds-big-data-poetry-mix
https://banabila.bandcamp.com/album/des-traces-retrouv-es
https://banabila.bandcamp.com/album/des-traces-retrouv-es-2
https://banabila.bandcamp.com/album/des-traces-retrouv-es-3
https://banabila.bandcamp.com/album/descending-the-mountain
https://banabila.bandcamp.com/album/disquiet-junto
https://banabila.bandcamp.com/album/dost
https://banabila.bandcamp.com/album/early-works-things-popping-up-from-the-past
https://banabila.bandcamp.com/album/earth-visitor
https://banabila.bandcamp.com/album/earth-visitor-moshimoss-rework
https://banabila.bandcamp.com/album/echo-transformations-2
https://banabila.bandcamp.com/album/entropia
https://banabila.bandcamp.com/album/error-log
https://banabila.bandcamp.com/album/everywhere-else-is-just-right-here
https://banabila.bandcamp.com/album/eyes-closed-fan-drones-for-drone-fans
https://banabila.bandcamp.com/album/feedback-modular-radiowaves
https://banabila.bandcamp.com/album/feedback-modular-radiowaves-ii
https://banabila.bandcamp.com/album/feedback-modular-radiowaves-iii
https://banabila.bandcamp.com/album/fields-of-flowers
https://banabila.bandcamp.com/album/float
https://banabila.bandcamp.com/album/forgotten-worlds
https://banabila.bandcamp.com/album/gardening
https://banabila.bandcamp.com/album/gardening-extended-2013-remixes
https://banabila.bandcamp.com/album/gorlice-2014
https://banabila.bandcamp.com/album/harmonium-piano
https://banabila.bandcamp.com/album/helden-van-het-m-xima
https://banabila.bandcamp.com/album/hidden-patterns-compilation
https://banabila.bandcamp.com/album/hilarious-expedition
https://banabila.bandcamp.com/album/home
https://banabila.bandcamp.com/album/hoy-babo-hoy
https://banabila.bandcamp.com/album/imprints
https://banabila.bandcamp.com/album/in-other-words
https://banabila.bandcamp.com/album/jump-cuts
https://banabila.bandcamp.com/album/just-above-the-surface
https://banabila.bandcamp.com/album/lieber-gorilla-visioenen
https://banabila.bandcamp.com/album/live-2015
https://banabila.bandcamp.com/album/macrocosms
https://banabila.bandcamp.com/album/maghrebi-banabila-live-in-beirut
https://banabila.bandcamp.com/album/marilli
https://banabila.bandcamp.com/album/marilli-remixed
https://banabila.bandcamp.com/album/migrations
https://banabila.bandcamp.com/album/milos-came-by-ep
https://banabila.bandcamp.com/album/monochromes
https://banabila.bandcamp.com/album/more-research-from-the-same-dept
https://banabila.bandcamp.com/album/movements-music-for-dance
https://banabila.bandcamp.com/album/music-for-viola-and-electronics-2
https://banabila.bandcamp.com/album/music-for-viola-and-electronics-ii
https://banabila.bandcamp.com/album/my-old-ds8
https://banabila.bandcamp.com/album/new-land
https://banabila.bandcamp.com/album/night-eyes
https://banabila.bandcamp.com/album/nuits-sans-nuit
https://banabila.bandcamp.com/album/one-false-move-film-tune
https://banabila.bandcamp.com/album/one-moment-in-time
https://banabila.bandcamp.com/album/onze-jongens
https://banabila.bandcamp.com/album/phonema
https://banabila.bandcamp.com/album/precious-images
https://banabila.bandcamp.com/album/presenting-rage-for-choreography-by-camryn-stafford
https://banabila.bandcamp.com/album/private-underscore
https://banabila.bandcamp.com/album/red-tape-sessions-2016-2020
https://banabila.bandcamp.com/album/route-planner
https://banabila.bandcamp.com/album/scripts-of-the-lagoon-exploratorium-2020
https://banabila.bandcamp.com/album/secunde
https://banabila.bandcamp.com/album/session-for-konrad
https://banabila.bandcamp.com/album/signals-from-krakrot
https://banabila.bandcamp.com/album/singles-2020-2022-compilation
https://banabila.bandcamp.com/album/songs-from-vuka-vuka
https://banabila.bandcamp.com/album/sound-years
https://banabila.bandcamp.com/album/sounds-from-an-unforgettable-place
https://banabila.bandcamp.com/album/speelgoed-jazz
https://banabila.bandcamp.com/album/spherics
https://banabila.bandcamp.com/album/spherics-ii
https://banabila.bandcamp.com/album/spherics-iii
https://banabila.bandcamp.com/album/ss-de-liefde
https://banabila.bandcamp.com/album/stop-motion-sound-for-videos-by-gerco-de-ruijter
https://banabila.bandcamp.com/album/sumdark-12
https://banabila.bandcamp.com/album/tapu-sampler-2016-compilation
https://banabila.bandcamp.com/album/texture-syndicate
https://banabila.bandcamp.com/album/the-galactic-hacker-party
https://banabila.bandcamp.com/album/the-latest-research-from-the-department-of-electrical-engineering
https://banabila.bandcamp.com/album/the-latest-research-from-the-dept-of-el-engineering-remixes
https://banabila.bandcamp.com/album/the-lost-drones-tape
https://banabila.bandcamp.com/album/the-original-recordings
https://banabila.bandcamp.com/album/the-spaces-you-hold
https://banabila.bandcamp.com/album/the-tangled-hours-compilation
https://banabila.bandcamp.com/album/the-unreal-realm
https://banabila.bandcamp.com/album/through-global-frequency
https://banabila.bandcamp.com/album/tightrope
https://banabila.bandcamp.com/album/to-yemen-with-love-2
https://banabila.bandcamp.com/album/traces-music-for-films-documentaries
https://banabila.bandcamp.com/album/traces-music-for-films-documentaries-part-ii
https://banabila.bandcamp.com/album/translations-compilation
https://banabila.bandcamp.com/album/travelog
https://banabila.bandcamp.com/album/trespassing
https://banabila.bandcamp.com/album/une-histoire-de-m-tamorphose-day-dreaming-remix
https://banabila.bandcamp.com/album/unspeakable-visions
https://banabila.bandcamp.com/album/uprooted
https://banabila.bandcamp.com/album/viewpoint
https://banabila.bandcamp.com/album/voiznoiz
https://banabila.bandcamp.com/album/voiznoiz-2
https://banabila.bandcamp.com/album/voiznoiz-3
https://banabila.bandcamp.com/album/wah-wah-whispers
https://banabila.bandcamp.com/album/whales-calling
https://banabila.bandcamp.com/album/winter-sketches
https://banabila.bandcamp.com/album/winter-sketches-mixtape
https://banabila.bandcamp.com/album/yydc-somewhere-original-score
https://banabila.bandcamp.com/album/zoomworld
https://banabila.bandcamp.com/album/zoosemiotics
https://banabila.bandcamp.com/track/alienation
https://banabila.bandcamp.com/track/blah-blah
https://banabila.bandcamp.com/track/cassette-loops
https://banabila.bandcamp.com/track/drowning-angels
https://banabila.bandcamp.com/track/kroky
https://banabila.bandcamp.com/track/latitude-and-longitude
https://banabila.bandcamp.com/track/little-ox-film-tune
https://banabila.bandcamp.com/track/oblong-hobnob
https://banabila.bandcamp.com/track/observatory-ii-sax-version-2
https://banabila.bandcamp.com/track/opposite-view
https://banabila.bandcamp.com/track/orbital-resonance
https://banabila.bandcamp.com/track/road-movie-film-tune
https://banabila.bandcamp.com/track/secunde-ambient-mix
https://banabila.bandcamp.com/track/september-2022-mix
https://banabila.bandcamp.com/track/states-of-consciousness
https://banabila.bandcamp.com/track/stop-the-genocide-end-the-occupation-now
https://banabila.bandcamp.com/track/sunshade-parasol
https://banabila.bandcamp.com/track/the-people-united-will-never-be-defeated
https://banabila.bandcamp.com/track/the-three-stages-of-endurance
https://banabila.bandcamp.com/track/the-woods
https://banabila.bandcamp.com/track/uav-vocal-mix
https://banabila.bandcamp.com/track/uprising
https://banabila.bandcamp.com/track/voiz-recycled
https://banabila.bandcamp.com/track/voiznoiz-remix
https://banabila.bandcamp.com/track/waking-memory
https://banabila.bandcamp.com/track/wax-on-the-sink
https://banabila.bandcamp.com/track/ya-ar-salar-session-harbor-mix
https://banabila.bandcamp.com/track/yek-nefes
https://banabila.bandcamp.com/track/you-little-wonder-guitar-version
https://banabila.bandcamp.com/track/your-words-against-mine-uncloud-remix
