https://echoveil-records.bandcamp.com/album/-
https://echoveil-records.bandcamp.com/album/a-curious-collection
https://echoveil-records.bandcamp.com/album/a-surfeit-of-lampreys
https://echoveil-records.bandcamp.com/album/a-taste-of-eden
https://echoveil-records.bandcamp.com/album/a-threshold-eine-schwelle
https://echoveil-records.bandcamp.com/album/a-worthy-decay
https://echoveil-records.bandcamp.com/album/abrasive-deluge
https://echoveil-records.bandcamp.com/album/abstract-grottos-and-inverted-visions
https://echoveil-records.bandcamp.com/album/abstractum-et-obscurum
https://echoveil-records.bandcamp.com/album/alzheimers-disease-at-13-years-old-caused-by-drug
https://echoveil-records.bandcamp.com/album/an-obituary-for-a-s-dedicated-to-the-sound-genius-alan-splet
https://echoveil-records.bandcamp.com/album/anti-music-for-mass-extinction
https://echoveil-records.bandcamp.com/album/apart-delight
https://echoveil-records.bandcamp.com/album/audax
https://echoveil-records.bandcamp.com/album/autoganzfeld-reeducation
https://echoveil-records.bandcamp.com/album/before-the-burial
https://echoveil-records.bandcamp.com/album/black-crypt-necromancy
https://echoveil-records.bandcamp.com/album/black-noise-constellation
https://echoveil-records.bandcamp.com/album/breaking-the-ice-i
https://echoveil-records.bandcamp.com/album/chthonic-gateway
https://echoveil-records.bandcamp.com/album/corrupted-stargazer
https://echoveil-records.bandcamp.com/album/d-a-belkr-i-z
https://echoveil-records.bandcamp.com/album/datura
https://echoveil-records.bandcamp.com/album/dead-voices
https://echoveil-records.bandcamp.com/album/demo-iii
https://echoveil-records.bandcamp.com/album/derelicta
https://echoveil-records.bandcamp.com/album/detent
https://echoveil-records.bandcamp.com/album/diablerie
https://echoveil-records.bandcamp.com/album/dream-vessel
https://echoveil-records.bandcamp.com/album/dub-for-the-national-health
https://echoveil-records.bandcamp.com/album/duologie-f-line
https://echoveil-records.bandcamp.com/album/duty-cycle
https://echoveil-records.bandcamp.com/album/earwax-cylinders
https://echoveil-records.bandcamp.com/album/ech-veil-radio-volume-1-s-raphit-s-s-raph-ta
https://echoveil-records.bandcamp.com/album/ech-veil-radio-volume-2-hystalgia-flowering-shrubs
https://echoveil-records.bandcamp.com/album/ech-veil-radio-volume-3-spectre-horsemen-pale-with-dust
https://echoveil-records.bandcamp.com/album/ech-veil-radio-volume-4-old-moth-dreams
https://echoveil-records.bandcamp.com/album/ech-veil-radio-volume-5-paranoised
https://echoveil-records.bandcamp.com/album/ech-veil-radio-volume-6-saint-elisabeth
https://echoveil-records.bandcamp.com/album/echostrial-noisoveil
https://echoveil-records.bandcamp.com/album/ethereal-k-pop-noise
https://echoveil-records.bandcamp.com/album/flutterings-in-abyss
https://echoveil-records.bandcamp.com/album/four-strains
https://echoveil-records.bandcamp.com/album/guarni-es
https://echoveil-records.bandcamp.com/album/gyotaku-ii
https://echoveil-records.bandcamp.com/album/hospice
https://echoveil-records.bandcamp.com/album/houses-of-the-damned
https://echoveil-records.bandcamp.com/album/husk
https://echoveil-records.bandcamp.com/album/hymnsofbloodyghostlynightintheshadowsofthesickdeathreaperofblacknessandchaos
https://echoveil-records.bandcamp.com/album/hypoxia
https://echoveil-records.bandcamp.com/album/i-am-the-invisible-fire-that-works-in-secret
https://echoveil-records.bandcamp.com/album/idle-hand
https://echoveil-records.bandcamp.com/album/iv
https://echoveil-records.bandcamp.com/album/ix
https://echoveil-records.bandcamp.com/album/kommandooverdose-i-eternal
https://echoveil-records.bandcamp.com/album/lacridronesa-a-requiem-drone-mass-vol-i
https://echoveil-records.bandcamp.com/album/le-mar-cage-aux-secrets-herm-tiques
https://echoveil-records.bandcamp.com/album/les-hilarants-halls-du-ch-teau-ugzykbrijjvnaukorg
https://echoveil-records.bandcamp.com/album/life-in-a-coffin
https://echoveil-records.bandcamp.com/album/lost-within-reality
https://echoveil-records.bandcamp.com/album/manitou
https://echoveil-records.bandcamp.com/album/moments-of-presentiment
https://echoveil-records.bandcamp.com/album/more-strings-and-grasshoppers
https://echoveil-records.bandcamp.com/album/nest
https://echoveil-records.bandcamp.com/album/night-tape
https://echoveil-records.bandcamp.com/album/nightbloom
https://echoveil-records.bandcamp.com/album/nosferatu
https://echoveil-records.bandcamp.com/album/of-darkness
https://echoveil-records.bandcamp.com/album/overday
https://echoveil-records.bandcamp.com/album/pass-radiqu
https://echoveil-records.bandcamp.com/album/perpetual-futility
https://echoveil-records.bandcamp.com/album/plech-rec-veil
https://echoveil-records.bandcamp.com/album/portents-of-a-dying-swan
https://echoveil-records.bandcamp.com/album/r-sonances-oubli-es-sous-les-vo-tes-dombres-de-la-vieille-nef
https://echoveil-records.bandcamp.com/album/solo-pk
https://echoveil-records.bandcamp.com/album/stone-liturgies
https://echoveil-records.bandcamp.com/album/systeme
https://echoveil-records.bandcamp.com/album/teeth
https://echoveil-records.bandcamp.com/album/the-devils-advocates
https://echoveil-records.bandcamp.com/album/the-ghost-of-a-ghost-mutated-through-the-perception-of-structure-kolossale
https://echoveil-records.bandcamp.com/album/the-laughing-halls-of-ugzykbrijjvnaukorg-castle
https://echoveil-records.bandcamp.com/album/the-most-unusual-voyage-of-randolph-carter
https://echoveil-records.bandcamp.com/album/the-vision-of-saint-francis-of-assisi
https://echoveil-records.bandcamp.com/album/thumper
https://echoveil-records.bandcamp.com/album/tombs
https://echoveil-records.bandcamp.com/album/tunneling
https://echoveil-records.bandcamp.com/album/under-the-weight-of-the-dead-sun
https://echoveil-records.bandcamp.com/album/under-willows-warmth
https://echoveil-records.bandcamp.com/album/unquiet-hearing
https://echoveil-records.bandcamp.com/album/unsharpened-blades
https://echoveil-records.bandcamp.com/album/unspoken
https://echoveil-records.bandcamp.com/album/untitled
https://echoveil-records.bandcamp.com/album/untitled-2
https://echoveil-records.bandcamp.com/album/vehement-blizzard-destruction
https://echoveil-records.bandcamp.com/album/veils-falling-a-young-persons-guide-to-ech-veil
https://echoveil-records.bandcamp.com/album/veils-falling-ii-a-middle-aged-persons-guide-to-ech-veil
https://echoveil-records.bandcamp.com/album/veils-falling-iii-a-mature-listener-s-guide-to-ech-veil
https://echoveil-records.bandcamp.com/album/vimanah-iii
https://echoveil-records.bandcamp.com/album/visions-of-atrophy-split
https://echoveil-records.bandcamp.com/album/why-die-an-uncommon-question
