https://dosisletalis.bandcamp.com/album/100-years-from-now-4-way-split-a-rajas-mesh-men-condo-horro-dosis-letalis-see-through-buildings
https://dosisletalis.bandcamp.com/album/a-room-void-of-distraction
https://dosisletalis.bandcamp.com/album/absolute-absorption
https://dosisletalis.bandcamp.com/album/all-the-rain
https://dosisletalis.bandcamp.com/album/alpha-27-dosis-letalis
https://dosisletalis.bandcamp.com/album/alternative-truth
https://dosisletalis.bandcamp.com/album/amnesia-channel-dosis-letalis
https://dosisletalis.bandcamp.com/album/amoris-muri-for-my-naughty-angel
https://dosisletalis.bandcamp.com/album/angry-with-the-world
https://dosisletalis.bandcamp.com/album/anniversary-walls-5-years-of-static-madness
https://dosisletalis.bandcamp.com/album/atrophy
https://dosisletalis.bandcamp.com/album/aum-shinrikyo-dosis-letalis
https://dosisletalis.bandcamp.com/album/behind-the-curtains
https://dosisletalis.bandcamp.com/album/beneath-the-surface
https://dosisletalis.bandcamp.com/album/bizarre-activity-inside-the-dream-factory
https://dosisletalis.bandcamp.com/album/black-box
https://dosisletalis.bandcamp.com/album/black-flame-inferno
https://dosisletalis.bandcamp.com/album/bruising-pattern-dosis-letalis
https://dosisletalis.bandcamp.com/album/bug-catcher-dosis-letalis
https://dosisletalis.bandcamp.com/album/bullshit-market-dosis-letalis
https://dosisletalis.bandcamp.com/album/caecare-religiosus
https://dosisletalis.bandcamp.com/album/carnival-of-souls
https://dosisletalis.bandcamp.com/album/channeling-fire
https://dosisletalis.bandcamp.com/album/clang-quartet-dosis-letalis
https://dosisletalis.bandcamp.com/album/confronting-the-inhuman-2
https://dosisletalis.bandcamp.com/album/constant-conflict
https://dosisletalis.bandcamp.com/album/corrupt-authority
https://dosisletalis.bandcamp.com/album/crackling-curse
https://dosisletalis.bandcamp.com/album/crackling-madness
https://dosisletalis.bandcamp.com/album/crackling-terror
https://dosisletalis.bandcamp.com/album/crackling-worship
https://dosisletalis.bandcamp.com/album/cryptanalysis
https://dosisletalis.bandcamp.com/album/dissecting-the-truth
https://dosisletalis.bandcamp.com/album/dosis-letalis-inanition
https://dosisletalis.bandcamp.com/album/dosis-letalis-mo-te
https://dosisletalis.bandcamp.com/album/dosis-letalis-planet-shithead-round-ii
https://dosisletalis.bandcamp.com/album/dosis-letalis-spreaders
https://dosisletalis.bandcamp.com/album/dosis-letalis-the-ide-of-earth
https://dosisletalis.bandcamp.com/album/dosis-letalis-ushinawareta-tamashi
https://dosisletalis.bandcamp.com/album/dosis-letalis-white-widow
https://dosisletalis.bandcamp.com/album/dragging-through-the-dirt
https://dosisletalis.bandcamp.com/album/ear-bleed
https://dosisletalis.bandcamp.com/album/echolocation
https://dosisletalis.bandcamp.com/album/ecological-collapse
https://dosisletalis.bandcamp.com/album/elections-are-coming
https://dosisletalis.bandcamp.com/album/empty
https://dosisletalis.bandcamp.com/album/en-nihil-dosis-letalis
https://dosisletalis.bandcamp.com/album/endless-loop-of-desolation
https://dosisletalis.bandcamp.com/album/enslaved
https://dosisletalis.bandcamp.com/album/explorations-in-static-minimalism-volume-2
https://dosisletalis.bandcamp.com/album/flippin-out
https://dosisletalis.bandcamp.com/album/fluidity-in-despair
https://dosisletalis.bandcamp.com/album/geomancy-experiments
https://dosisletalis.bandcamp.com/album/ghostly-echoes-from-the-troubled-past
https://dosisletalis.bandcamp.com/album/ghostly-echoes-from-the-troubled-past-ii
https://dosisletalis.bandcamp.com/album/government-interference
https://dosisletalis.bandcamp.com/album/greathumour-dosis-letalis
https://dosisletalis.bandcamp.com/album/greed-fueled-world
https://dosisletalis.bandcamp.com/album/growing-instability
https://dosisletalis.bandcamp.com/album/hell
https://dosisletalis.bandcamp.com/album/humanity-failing
https://dosisletalis.bandcamp.com/album/hurt-and-anger
https://dosisletalis.bandcamp.com/album/i
https://dosisletalis.bandcamp.com/album/immersive-experience-compilation-appearances-ii
https://dosisletalis.bandcamp.com/album/in-our-heads
https://dosisletalis.bandcamp.com/album/in-these-troubled-times
https://dosisletalis.bandcamp.com/album/industry-devouring-the-planet
https://dosisletalis.bandcamp.com/album/injustitiae-cd-1
https://dosisletalis.bandcamp.com/album/injustitiae-cd-2
https://dosisletalis.bandcamp.com/album/j
https://dosisletalis.bandcamp.com/album/j-h-k-dosis-letalis
https://dosisletalis.bandcamp.com/album/joy-ride-through-textures
https://dosisletalis.bandcamp.com/album/just-a-cogs-in-the-system
https://dosisletalis.bandcamp.com/album/kohl
https://dosisletalis.bandcamp.com/album/koobaatoo-asparagus-dosis-letalis
https://dosisletalis.bandcamp.com/album/l-change-des-impressions-sombres
https://dosisletalis.bandcamp.com/album/la-bataille-des-flocons-de-neige
https://dosisletalis.bandcamp.com/album/layers-of-lies
https://dosisletalis.bandcamp.com/album/lessons-in-ruthlessness
https://dosisletalis.bandcamp.com/album/lo-fi-immersion
https://dosisletalis.bandcamp.com/album/ltima-salvaci-n
https://dosisletalis.bandcamp.com/album/malice-in-their-hearts
https://dosisletalis.bandcamp.com/album/mass-media
https://dosisletalis.bandcamp.com/album/minimal-hour
https://dosisletalis.bandcamp.com/album/mon-cr-ation
https://dosisletalis.bandcamp.com/album/monolithic-torment-dosis-letalis
https://dosisletalis.bandcamp.com/album/moodchangers
https://dosisletalis.bandcamp.com/album/mourning-the-future
https://dosisletalis.bandcamp.com/album/natural-disasters
https://dosisletalis.bandcamp.com/album/niku-daruma-dosis-letalis
https://dosisletalis.bandcamp.com/album/no-distinction-no-distraction
https://dosisletalis.bandcamp.com/album/no-input
https://dosisletalis.bandcamp.com/album/no-shame-between-us
https://dosisletalis.bandcamp.com/album/noise-3-heart
https://dosisletalis.bandcamp.com/album/noisevember
https://dosisletalis.bandcamp.com/album/null-void
https://dosisletalis.bandcamp.com/album/perpetual-panorama-of-wane
https://dosisletalis.bandcamp.com/album/potlacena-masa-strahovlada-1
https://dosisletalis.bandcamp.com/album/praying-for-oblivion-dosis-letalis
https://dosisletalis.bandcamp.com/album/profiting-from-fall
https://dosisletalis.bandcamp.com/album/quarantine-series-i-the-dark-fable
https://dosisletalis.bandcamp.com/album/quarantine-series-ii-le-chant-des-oiseaux
https://dosisletalis.bandcamp.com/album/quarantine-series-iii-muff-worship
https://dosisletalis.bandcamp.com/album/ragk-dosis-letalis
https://dosisletalis.bandcamp.com/album/righteous-indignation-i
https://dosisletalis.bandcamp.com/album/righteous-indignation-ii
https://dosisletalis.bandcamp.com/album/rooted-in-slavery
https://dosisletalis.bandcamp.com/album/savage-slaughterers
https://dosisletalis.bandcamp.com/album/scales-of-justice
https://dosisletalis.bandcamp.com/album/serial-experiments-lain
https://dosisletalis.bandcamp.com/album/shedding-the-light
https://dosisletalis.bandcamp.com/album/signals
https://dosisletalis.bandcamp.com/album/slave-morality
https://dosisletalis.bandcamp.com/album/smisao-z-ivota-je-sloboda-2
https://dosisletalis.bandcamp.com/album/social-apathy
https://dosisletalis.bandcamp.com/album/soothing-immersion-lowercase-noise-wall
https://dosisletalis.bandcamp.com/album/soulless-reign
https://dosisletalis.bandcamp.com/album/split
https://dosisletalis.bandcamp.com/album/split-10
https://dosisletalis.bandcamp.com/album/split-2
https://dosisletalis.bandcamp.com/album/split-3
https://dosisletalis.bandcamp.com/album/split-4
https://dosisletalis.bandcamp.com/album/split-5
https://dosisletalis.bandcamp.com/album/split-6
https://dosisletalis.bandcamp.com/album/split-7
https://dosisletalis.bandcamp.com/album/split-8
https://dosisletalis.bandcamp.com/album/split-9
https://dosisletalis.bandcamp.com/album/static-asphyxiation-2
https://dosisletalis.bandcamp.com/album/static-contemplations
https://dosisletalis.bandcamp.com/album/static-encryptions
https://dosisletalis.bandcamp.com/album/static-progression
https://dosisletalis.bandcamp.com/album/static-wreckage
https://dosisletalis.bandcamp.com/album/support-unit-dosis-letalis
https://dosisletalis.bandcamp.com/album/surrounded-by-ignorance
https://dosisletalis.bandcamp.com/album/surroundings
https://dosisletalis.bandcamp.com/album/surviving-the-sickness
https://dosisletalis.bandcamp.com/album/svi-vi-to-ma-tate-o-sre-i
https://dosisletalis.bandcamp.com/album/tears-of-the-innocent
https://dosisletalis.bandcamp.com/album/texture-claws-compilation-appearances
https://dosisletalis.bandcamp.com/album/texture-hunter
https://dosisletalis.bandcamp.com/album/the-culture-of-fear
https://dosisletalis.bandcamp.com/album/the-distortion-of-reality
https://dosisletalis.bandcamp.com/album/the-evils-of-nationalism
https://dosisletalis.bandcamp.com/album/the-eyes-are-useless-when-the-mind-is-blind
https://dosisletalis.bandcamp.com/album/the-great-decline
https://dosisletalis.bandcamp.com/album/the-illness-of-our-time
https://dosisletalis.bandcamp.com/album/the-infernal-depths
https://dosisletalis.bandcamp.com/album/the-other-side-of-the-void-lowercase-noise-wall
https://dosisletalis.bandcamp.com/album/the-price-of-technological-advancements
https://dosisletalis.bandcamp.com/album/the-primary-focus
https://dosisletalis.bandcamp.com/album/tight-squeeze
https://dosisletalis.bandcamp.com/album/tis-the-times-plague
https://dosisletalis.bandcamp.com/album/train-cemetery-condo-horro-rien-uitgeschakeld-dosis-letalis
https://dosisletalis.bandcamp.com/album/trapped-in-this-nightmare
https://dosisletalis.bandcamp.com/album/turned-into-a-girl-dosis-letalis
https://dosisletalis.bandcamp.com/album/ugliness-of-life
https://dosisletalis.bandcamp.com/album/unstable-times
https://dosisletalis.bandcamp.com/album/untergrundarbeiten
https://dosisletalis.bandcamp.com/album/untitled
https://dosisletalis.bandcamp.com/album/untitled-split
https://dosisletalis.bandcamp.com/album/vomir-dosis-letalis
https://dosisletalis.bandcamp.com/album/walled-in-emotions
https://dosisletalis.bandcamp.com/album/wealth-leechers
https://dosisletalis.bandcamp.com/album/whipping-scars-i
https://dosisletalis.bandcamp.com/album/youve-ruined-me-but-ill-keep-holding-on
https://dosisletalis.bandcamp.com/album/zakopano-blago
