https://akiraumeda1.bandcamp.com/album/7-but-s
https://akiraumeda1.bandcamp.com/album/a
https://akiraumeda1.bandcamp.com/album/amostragens
https://akiraumeda1.bandcamp.com/album/amostragens-2
https://akiraumeda1.bandcamp.com/album/ar
https://akiraumeda1.bandcamp.com/album/b
https://akiraumeda1.bandcamp.com/album/c
https://akiraumeda1.bandcamp.com/album/cer-mica
https://akiraumeda1.bandcamp.com/album/croquis-1
https://akiraumeda1.bandcamp.com/album/croquis-2
https://akiraumeda1.bandcamp.com/album/croquis-5-6
https://akiraumeda1.bandcamp.com/album/cruzamento
https://akiraumeda1.bandcamp.com/album/dlidlo
https://akiraumeda1.bandcamp.com/album/em-rolo-azul-quem
https://akiraumeda1.bandcamp.com/album/em-rolo-laranja-quem
https://akiraumeda1.bandcamp.com/album/ep1
https://akiraumeda1.bandcamp.com/album/ep2
https://akiraumeda1.bandcamp.com/album/ep3
https://akiraumeda1.bandcamp.com/album/ep4
https://akiraumeda1.bandcamp.com/album/ep5-sem-t-tulo
https://akiraumeda1.bandcamp.com/album/ep6
https://akiraumeda1.bandcamp.com/album/ep7
https://akiraumeda1.bandcamp.com/album/eula-2
https://akiraumeda1.bandcamp.com/album/feiume
https://akiraumeda1.bandcamp.com/album/iix
https://akiraumeda1.bandcamp.com/album/interruptus
https://akiraumeda1.bandcamp.com/album/lat23135slon455123w
https://akiraumeda1.bandcamp.com/album/lctrnc
https://akiraumeda1.bandcamp.com/album/lux
https://akiraumeda1.bandcamp.com/album/m
https://akiraumeda1.bandcamp.com/album/m-sica-para-o-ch
https://akiraumeda1.bandcamp.com/album/mbi-ta
https://akiraumeda1.bandcamp.com/album/mbi-ta2
https://akiraumeda1.bandcamp.com/album/mime
https://akiraumeda1.bandcamp.com/album/mimevoc
https://akiraumeda1.bandcamp.com/album/musicasa
https://akiraumeda1.bandcamp.com/album/n
https://akiraumeda1.bandcamp.com/album/nandemo
https://akiraumeda1.bandcamp.com/album/neu
https://akiraumeda1.bandcamp.com/album/no-extremo-do-meio
https://akiraumeda1.bandcamp.com/album/o
https://akiraumeda1.bandcamp.com/album/pang
https://akiraumeda1.bandcamp.com/album/passagem
https://akiraumeda1.bandcamp.com/album/privatperson
https://akiraumeda1.bandcamp.com/album/qliq
https://akiraumeda1.bandcamp.com/album/sem-t-tulo
https://akiraumeda1.bandcamp.com/album/sjc
https://akiraumeda1.bandcamp.com/album/spam
https://akiraumeda1.bandcamp.com/album/surto
https://akiraumeda1.bandcamp.com/album/talkh
https://akiraumeda1.bandcamp.com/album/treze
https://akiraumeda1.bandcamp.com/album/video
https://akiraumeda1.bandcamp.com/album/whirr
