https://vibratelepathos.bandcamp.com/album/a-gradual-unison
https://vibratelepathos.bandcamp.com/album/a-gradual-unison-ii
https://vibratelepathos.bandcamp.com/album/a-topography-of-will
https://vibratelepathos.bandcamp.com/album/anichroma
https://vibratelepathos.bandcamp.com/album/anichroma-ii
https://vibratelepathos.bandcamp.com/album/anichroma-iii
https://vibratelepathos.bandcamp.com/album/apennine-hashish
https://vibratelepathos.bandcamp.com/album/apennine-hashish-ii
https://vibratelepathos.bandcamp.com/album/apennine-hashish-iii
https://vibratelepathos.bandcamp.com/album/apennine-hashish-iv
https://vibratelepathos.bandcamp.com/album/apennine-hashish-v
https://vibratelepathos.bandcamp.com/album/blue-emerald-halftone
https://vibratelepathos.bandcamp.com/album/blue-emerald-halftone-ii
https://vibratelepathos.bandcamp.com/album/blue-emerald-halftone-iii
https://vibratelepathos.bandcamp.com/album/blue-emerald-halftone-iv
https://vibratelepathos.bandcamp.com/album/blue-emerald-halftone-v
https://vibratelepathos.bandcamp.com/album/blue-emerald-halftone-vi
https://vibratelepathos.bandcamp.com/album/braided-channel
https://vibratelepathos.bandcamp.com/album/braided-channel-ii
https://vibratelepathos.bandcamp.com/album/braided-channel-iii
https://vibratelepathos.bandcamp.com/album/braided-channel-iv
https://vibratelepathos.bandcamp.com/album/burnt-atlas-i
https://vibratelepathos.bandcamp.com/album/burnt-atlas-ii
https://vibratelepathos.bandcamp.com/album/burnt-atlas-iii
https://vibratelepathos.bandcamp.com/album/compass-winds
https://vibratelepathos.bandcamp.com/album/drawn-along-a-wavering-edge
https://vibratelepathos.bandcamp.com/album/drawn-along-a-wavering-edge-ii
https://vibratelepathos.bandcamp.com/album/earthly-branches
https://vibratelepathos.bandcamp.com/album/empty-space-ii
https://vibratelepathos.bandcamp.com/album/empty-space-iii
https://vibratelepathos.bandcamp.com/album/empty-space-in-red-yellow-blue
https://vibratelepathos.bandcamp.com/album/enantiomorphosis
https://vibratelepathos.bandcamp.com/album/enantiomorphosis-ii
https://vibratelepathos.bandcamp.com/album/enantiomorphosis-iii
https://vibratelepathos.bandcamp.com/album/evergreen-metal-sphere
https://vibratelepathos.bandcamp.com/album/evergreen-metal-sphere-ii
https://vibratelepathos.bandcamp.com/album/fabled-key
https://vibratelepathos.bandcamp.com/album/fabled-key-ii
https://vibratelepathos.bandcamp.com/album/flawless-amethyst-2
https://vibratelepathos.bandcamp.com/album/glass-temple
https://vibratelepathos.bandcamp.com/album/glass-temple-ii
https://vibratelepathos.bandcamp.com/album/glass-temple-iii
https://vibratelepathos.bandcamp.com/album/glass-temple-iv
https://vibratelepathos.bandcamp.com/album/glass-temple-v
https://vibratelepathos.bandcamp.com/album/glass-temple-vi
https://vibratelepathos.bandcamp.com/album/glass-temple-vii
https://vibratelepathos.bandcamp.com/album/greenest-grass-whitest-clouds
https://vibratelepathos.bandcamp.com/album/greenest-grass-whitest-clouds-ii
https://vibratelepathos.bandcamp.com/album/greenest-grass-whitest-clouds-iii
https://vibratelepathos.bandcamp.com/album/greenest-grass-whitest-clouds-iv
https://vibratelepathos.bandcamp.com/album/greenest-grass-whitest-clouds-v
https://vibratelepathos.bandcamp.com/album/greenest-grass-whitest-clouds-vi
https://vibratelepathos.bandcamp.com/album/greenest-grass-whitest-clouds-vii
https://vibratelepathos.bandcamp.com/album/greenest-grass-whitest-clouds-viii
https://vibratelepathos.bandcamp.com/album/ground-and-sky
https://vibratelepathos.bandcamp.com/album/ground-and-sky-ii
https://vibratelepathos.bandcamp.com/album/horizontals
https://vibratelepathos.bandcamp.com/album/horizontals-ii
https://vibratelepathos.bandcamp.com/album/horizontals-iii
https://vibratelepathos.bandcamp.com/album/horizontals-iv
https://vibratelepathos.bandcamp.com/album/horizontals-v
https://vibratelepathos.bandcamp.com/album/in-golden-poison
https://vibratelepathos.bandcamp.com/album/intracoastal-undertone
https://vibratelepathos.bandcamp.com/album/intracoastal-undertone-ii
https://vibratelepathos.bandcamp.com/album/intracoastal-undertone-iii
https://vibratelepathos.bandcamp.com/album/leaden-monarch
https://vibratelepathos.bandcamp.com/album/leaden-monarch-ii
https://vibratelepathos.bandcamp.com/album/leaden-monarch-iii
https://vibratelepathos.bandcamp.com/album/leaden-monarch-iv
https://vibratelepathos.bandcamp.com/album/lorisian-forcefield
https://vibratelepathos.bandcamp.com/album/lorisian-forcefield-ii
https://vibratelepathos.bandcamp.com/album/panthalassa
https://vibratelepathos.bandcamp.com/album/panthalassa-ii
https://vibratelepathos.bandcamp.com/album/panthalassa-iii
https://vibratelepathos.bandcamp.com/album/planx
https://vibratelepathos.bandcamp.com/album/planx-ii
https://vibratelepathos.bandcamp.com/album/planx-iii
https://vibratelepathos.bandcamp.com/album/planx-iv
https://vibratelepathos.bandcamp.com/album/planx-v
https://vibratelepathos.bandcamp.com/album/polychasia
https://vibratelepathos.bandcamp.com/album/ranges-undreamt
https://vibratelepathos.bandcamp.com/album/ranges-undreamt-ii
https://vibratelepathos.bandcamp.com/album/ranges-undreamt-iii
https://vibratelepathos.bandcamp.com/album/ranges-undreamt-iv
https://vibratelepathos.bandcamp.com/album/recreation
https://vibratelepathos.bandcamp.com/album/recreation-ii
https://vibratelepathos.bandcamp.com/album/red-lamps-in-a-silver-garden
https://vibratelepathos.bandcamp.com/album/red-lamps-in-a-silver-garden-ii
https://vibratelepathos.bandcamp.com/album/red-lamps-in-a-silver-garden-iii
https://vibratelepathos.bandcamp.com/album/red-lamps-in-a-silver-garden-iv
https://vibratelepathos.bandcamp.com/album/red-lamps-in-a-silver-garden-v
https://vibratelepathos.bandcamp.com/album/red-lamps-in-a-silver-garden-vi
https://vibratelepathos.bandcamp.com/album/reflective-surface-cleaner
https://vibratelepathos.bandcamp.com/album/river-ores
https://vibratelepathos.bandcamp.com/album/river-ores-ii
https://vibratelepathos.bandcamp.com/album/river-ores-iii
https://vibratelepathos.bandcamp.com/album/river-ores-iv
https://vibratelepathos.bandcamp.com/album/river-ores-ix
https://vibratelepathos.bandcamp.com/album/river-ores-v
https://vibratelepathos.bandcamp.com/album/river-ores-vi
https://vibratelepathos.bandcamp.com/album/river-ores-vii
https://vibratelepathos.bandcamp.com/album/river-ores-viii
https://vibratelepathos.bandcamp.com/album/river-ores-x
https://vibratelepathos.bandcamp.com/album/river-ores-xi
https://vibratelepathos.bandcamp.com/album/river-ores-xii
https://vibratelepathos.bandcamp.com/album/river-ores-xiii
https://vibratelepathos.bandcamp.com/album/river-ores-xiv
https://vibratelepathos.bandcamp.com/album/river-ores-xv
https://vibratelepathos.bandcamp.com/album/second-coat
https://vibratelepathos.bandcamp.com/album/second-coat-ii
https://vibratelepathos.bandcamp.com/album/second-coat-iii
https://vibratelepathos.bandcamp.com/album/second-coat-iv
https://vibratelepathos.bandcamp.com/album/second-coat-v
https://vibratelepathos.bandcamp.com/album/tessellation
https://vibratelepathos.bandcamp.com/album/tessellation-ii
https://vibratelepathos.bandcamp.com/album/the-color-of-an-echo
https://vibratelepathos.bandcamp.com/album/the-color-of-an-echo-ii
https://vibratelepathos.bandcamp.com/album/the-color-of-an-echo-iii
https://vibratelepathos.bandcamp.com/album/time-lines
https://vibratelepathos.bandcamp.com/album/time-lines-ii
https://vibratelepathos.bandcamp.com/album/time-lines-iii
https://vibratelepathos.bandcamp.com/album/time-lines-iv
https://vibratelepathos.bandcamp.com/album/vision-chronograph
https://vibratelepathos.bandcamp.com/album/watermark
https://vibratelepathos.bandcamp.com/album/watermark-ii
https://vibratelepathos.bandcamp.com/album/white-alice-i-ii
https://vibratelepathos.bandcamp.com/album/white-alice-iii
https://vibratelepathos.bandcamp.com/album/white-alice-iv
https://vibratelepathos.bandcamp.com/album/white-alice-v
https://vibratelepathos.bandcamp.com/album/white-alice-vi
