https://franciscomeirino.bandcamp.com/album/1336-1042-1248
https://franciscomeirino.bandcamp.com/album/a-new-instability
https://franciscomeirino.bandcamp.com/album/a-perpetual-host
https://franciscomeirino.bandcamp.com/album/a-while-and-awhile
https://franciscomeirino.bandcamp.com/album/an-investigation-on-electricity-magnetic-fields-and-para-normal-electronic-interferences
https://franciscomeirino.bandcamp.com/album/bain-darsenic
https://franciscomeirino.bandcamp.com/album/beyond-repair
https://franciscomeirino.bandcamp.com/album/drainage-in-six-parts
https://franciscomeirino.bandcamp.com/album/exhausted-we-fall
https://franciscomeirino.bandcamp.com/album/focus-on-nothing-on-focus
https://franciscomeirino.bandcamp.com/album/hear-after-matters-of-auditory-paranoia
https://franciscomeirino.bandcamp.com/album/knowing-more-how-than-why
https://franciscomeirino.bandcamp.com/album/la-plainte
https://franciscomeirino.bandcamp.com/album/maiandros
https://franciscomeirino.bandcamp.com/album/music-for-electronic-consumers-consumer-electronics-mp3-circuit-board-with-sound-chip-and-speaker
https://franciscomeirino.bandcamp.com/album/my-voice-is-unique
https://franciscomeirino.bandcamp.com/album/nonmenabsorbium
https://franciscomeirino.bandcamp.com/album/patches
https://franciscomeirino.bandcamp.com/album/riots
https://franciscomeirino.bandcamp.com/album/shattered-reel-m-s
https://franciscomeirino.bandcamp.com/album/shell-shocked
https://franciscomeirino.bandcamp.com/album/sous-la-chambre-sans-le-savoir
https://franciscomeirino.bandcamp.com/album/the-imitation-of-an-action
https://franciscomeirino.bandcamp.com/album/the-mute-fortress
https://franciscomeirino.bandcamp.com/album/the-process-of-significance-2
https://franciscomeirino.bandcamp.com/album/they-say-the-world-is-built-for-two
https://franciscomeirino.bandcamp.com/album/three-realizations-for-ensembles
https://franciscomeirino.bandcamp.com/album/undetected-untreated-recordings-from-on-site-testimonies-archives
https://franciscomeirino.bandcamp.com/album/we-are-none-of-us
https://franciscomeirino.bandcamp.com/album/workshop-at-hear-mulhouse-2017
https://franciscomeirino.bandcamp.com/track/to-make-a-little-more-with-a-little-less
