https://fredlonbergholm.bandcamp.com/album/35-grapes-19-shown
https://fredlonbergholm.bandcamp.com/album/all-these-things
https://fredlonbergholm.bandcamp.com/album/bridges-freeze-before-roads
https://fredlonbergholm.bandcamp.com/album/broken-wire
https://fredlonbergholm.bandcamp.com/album/claque
https://fredlonbergholm.bandcamp.com/album/crackle
https://fredlonbergholm.bandcamp.com/album/cut
https://fredlonbergholm.bandcamp.com/album/five-arias-for-nalca
https://fredlonbergholm.bandcamp.com/album/gather
https://fredlonbergholm.bandcamp.com/album/hullabaloo
https://fredlonbergholm.bandcamp.com/album/indelible-spine-caa-025
https://fredlonbergholm.bandcamp.com/album/insult
https://fredlonbergholm.bandcamp.com/album/let-the-world-cry-duets
https://fredlonbergholm.bandcamp.com/album/lisboa-moir-studies
https://fredlonbergholm.bandcamp.com/album/lisbon-solo
https://fredlonbergholm.bandcamp.com/album/missa-amissa
https://fredlonbergholm.bandcamp.com/album/not-one-to
https://fredlonbergholm.bandcamp.com/album/ouroboros
https://fredlonbergholm.bandcamp.com/album/personal-scratch
https://fredlonbergholm.bandcamp.com/album/pinkie-no-2
https://fredlonbergholm.bandcamp.com/album/resistance
https://fredlonbergholm.bandcamp.com/album/the-art-of-flight-for-alvin-fielder
https://fredlonbergholm.bandcamp.com/album/the-avondale-addition
https://fredlonbergholm.bandcamp.com/album/throw-down-your-hammer-and-sing
https://fredlonbergholm.bandcamp.com/album/transition-zone
https://fredlonbergholm.bandcamp.com/album/trilinear-polarity
https://fredlonbergholm.bandcamp.com/album/two-duos
