https://docwoermirran.bandcamp.com/album/a-portrait-of-your-death
https://docwoermirran.bandcamp.com/album/abbey-toad
https://docwoermirran.bandcamp.com/album/acoustic-penis-convention
https://docwoermirran.bandcamp.com/album/adopt-a-polyp
https://docwoermirran.bandcamp.com/album/alaska-show
https://docwoermirran.bandcamp.com/album/alternative-facts
https://docwoermirran.bandcamp.com/album/ambiall
https://docwoermirran.bandcamp.com/album/ambiless
https://docwoermirran.bandcamp.com/album/ancient-future
https://docwoermirran.bandcamp.com/album/attention-spam
https://docwoermirran.bandcamp.com/album/beardo-weirdo
https://docwoermirran.bandcamp.com/album/ben-droppings
https://docwoermirran.bandcamp.com/album/bloodweeds
https://docwoermirran.bandcamp.com/album/bo-diddly-squat
https://docwoermirran.bandcamp.com/album/body-rejects-face
https://docwoermirran.bandcamp.com/album/cadillacs-sunshine
https://docwoermirran.bandcamp.com/album/cassette
https://docwoermirran.bandcamp.com/album/change
https://docwoermirran.bandcamp.com/album/climaximum
https://docwoermirran.bandcamp.com/album/clouds
https://docwoermirran.bandcamp.com/album/clubfoot-vicious
https://docwoermirran.bandcamp.com/album/confusion-rocks
https://docwoermirran.bandcamp.com/album/covfefe
https://docwoermirran.bandcamp.com/album/crud
https://docwoermirran.bandcamp.com/album/cry-for-a-shadow
https://docwoermirran.bandcamp.com/album/dada-depression
https://docwoermirran.bandcamp.com/album/deadsex
https://docwoermirran.bandcamp.com/album/deadthings-in-love
https://docwoermirran.bandcamp.com/album/deep-sea-wierdos-vol-1
https://docwoermirran.bandcamp.com/album/deep-sea-wierdos-vol-2
https://docwoermirran.bandcamp.com/album/deep-see-deth
https://docwoermirran.bandcamp.com/album/deformed
https://docwoermirran.bandcamp.com/album/deformed-presidents-protect-each-other
https://docwoermirran.bandcamp.com/album/dickhead-and-happy-about-it
https://docwoermirran.bandcamp.com/album/do-quermi-ran
https://docwoermirran.bandcamp.com/album/doc-w-r-mirran
https://docwoermirran.bandcamp.com/album/doc-w-r-mirran-2
https://docwoermirran.bandcamp.com/album/doctors-fighting-wars-for-man
https://docwoermirran.bandcamp.com/album/dont-menschen-the-w-r
https://docwoermirran.bandcamp.com/album/dork
https://docwoermirran.bandcamp.com/album/edges-1-2
https://docwoermirran.bandcamp.com/album/edges-3-4
https://docwoermirran.bandcamp.com/album/edges-6-7
https://docwoermirran.bandcamp.com/album/edges-8-9
https://docwoermirran.bandcamp.com/album/elfengrund
https://docwoermirran.bandcamp.com/album/falling-to-achieve-freedom
https://docwoermirran.bandcamp.com/album/for-serpentine-i-am
https://docwoermirran.bandcamp.com/album/fressing-heads
https://docwoermirran.bandcamp.com/album/garage-pretentions
https://docwoermirran.bandcamp.com/album/germanys-next-top-roadkill
https://docwoermirran.bandcamp.com/album/gish-gallop
https://docwoermirran.bandcamp.com/album/gosia
https://docwoermirran.bandcamp.com/album/gravy-slam
https://docwoermirran.bandcamp.com/album/guitarred-and-feathered-2
https://docwoermirran.bandcamp.com/album/happy-as-a-target
https://docwoermirran.bandcamp.com/album/hatriots
https://docwoermirran.bandcamp.com/album/hiraeth-the-dark-side-of-the-dampfnudel
https://docwoermirran.bandcamp.com/album/industrial
https://docwoermirran.bandcamp.com/album/ipso-fatso
https://docwoermirran.bandcamp.com/album/is-pointless
https://docwoermirran.bandcamp.com/album/jad-joe
https://docwoermirran.bandcamp.com/album/jazz-my-azz
https://docwoermirran.bandcamp.com/album/k-nstlergruppe
https://docwoermirran.bandcamp.com/album/la-pastorella
https://docwoermirran.bandcamp.com/album/labyrinth-birth-death
https://docwoermirran.bandcamp.com/album/lasher
https://docwoermirran.bandcamp.com/album/limerence
https://docwoermirran.bandcamp.com/album/machines-dont-bleed
https://docwoermirran.bandcamp.com/album/mao-tse-tongue
https://docwoermirran.bandcamp.com/album/mischen-impossible
https://docwoermirran.bandcamp.com/album/momentum-1
https://docwoermirran.bandcamp.com/album/momentum-2
https://docwoermirran.bandcamp.com/album/motherwater
https://docwoermirran.bandcamp.com/album/odds-sods-and-dirtclods
https://docwoermirran.bandcamp.com/album/ohne-hemd-und-ohne-h-schen
https://docwoermirran.bandcamp.com/album/orgastic-jams
https://docwoermirran.bandcamp.com/album/overtly-groin
https://docwoermirran.bandcamp.com/album/pencil
https://docwoermirran.bandcamp.com/album/phire
https://docwoermirran.bandcamp.com/album/phlegmboyant
https://docwoermirran.bandcamp.com/album/pierrots-parade
https://docwoermirran.bandcamp.com/album/pop
https://docwoermirran.bandcamp.com/album/progressive-punk-1
https://docwoermirran.bandcamp.com/album/progressive-punk-10
https://docwoermirran.bandcamp.com/album/progressive-punk-11
https://docwoermirran.bandcamp.com/album/progressive-punk-12
https://docwoermirran.bandcamp.com/album/progressive-punk-2
https://docwoermirran.bandcamp.com/album/progressive-punk-3
https://docwoermirran.bandcamp.com/album/progressive-punk-4
https://docwoermirran.bandcamp.com/album/progressive-punk-5
https://docwoermirran.bandcamp.com/album/progressive-punk-6
https://docwoermirran.bandcamp.com/album/progressive-punk-7
https://docwoermirran.bandcamp.com/album/progressive-punk-8
https://docwoermirran.bandcamp.com/album/progressive-punk-9
https://docwoermirran.bandcamp.com/album/pseudo-me-pseudo-you
https://docwoermirran.bandcamp.com/album/quickly-skitzo
https://docwoermirran.bandcamp.com/album/raj-instrumental
https://docwoermirran.bandcamp.com/album/recipe-for-a-memory
https://docwoermirran.bandcamp.com/album/retch
https://docwoermirran.bandcamp.com/album/roadkilled
https://docwoermirran.bandcamp.com/album/rojo
https://docwoermirran.bandcamp.com/album/save-the-fish
https://docwoermirran.bandcamp.com/album/screaming-for-titties
https://docwoermirran.bandcamp.com/album/second-try
https://docwoermirran.bandcamp.com/album/severe-pig
https://docwoermirran.bandcamp.com/album/sewing-me-sewing-you
https://docwoermirran.bandcamp.com/album/slow
https://docwoermirran.bandcamp.com/album/slowest
https://docwoermirran.bandcamp.com/album/songs-for-nambia
https://docwoermirran.bandcamp.com/album/soundscrape
https://docwoermirran.bandcamp.com/album/suspacious
https://docwoermirran.bandcamp.com/album/symphony-in-c-you-later-alligator
https://docwoermirran.bandcamp.com/album/tape-hissed
https://docwoermirran.bandcamp.com/album/technodelia
https://docwoermirran.bandcamp.com/album/the-backstreet-beuys
https://docwoermirran.bandcamp.com/album/the-death-of-theodor-t-throngomob-3
https://docwoermirran.bandcamp.com/album/the-enlightened-redneck
https://docwoermirran.bandcamp.com/album/the-gylsboda-snake
https://docwoermirran.bandcamp.com/album/the-iron-snowflake
https://docwoermirran.bandcamp.com/album/the-music-of-blood
https://docwoermirran.bandcamp.com/album/the-shroud-of-bernard
https://docwoermirran.bandcamp.com/album/the-sound-of-silver
https://docwoermirran.bandcamp.com/album/the-soundtrack-of-death
https://docwoermirran.bandcamp.com/album/themes-for-walden
https://docwoermirran.bandcamp.com/album/to
https://docwoermirran.bandcamp.com/album/tongue-thrust
https://docwoermirran.bandcamp.com/album/ugloids
https://docwoermirran.bandcamp.com/album/un-art-ed
https://docwoermirran.bandcamp.com/album/un-butt-plugged
https://docwoermirran.bandcamp.com/album/verde
https://docwoermirran.bandcamp.com/album/walm-art
https://docwoermirran.bandcamp.com/album/we-are-planning-to-kill-you
https://docwoermirran.bandcamp.com/album/we-sting-the-blues
https://docwoermirran.bandcamp.com/album/welcome-to-my-butt
https://docwoermirran.bandcamp.com/album/weltschmerz
https://docwoermirran.bandcamp.com/album/wish-you-w-rnt-here
https://docwoermirran.bandcamp.com/album/world-of-trailers
https://docwoermirran.bandcamp.com/album/yeeg
