https://fossils2004.bandcamp.com/album/3-7s
https://fossils2004.bandcamp.com/album/a-green-ha
https://fossils2004.bandcamp.com/album/all-the-homicides
https://fossils2004.bandcamp.com/album/awesum-fossils
https://fossils2004.bandcamp.com/album/chaos-keepers
https://fossils2004.bandcamp.com/album/cutting-heads
https://fossils2004.bandcamp.com/album/delirium
https://fossils2004.bandcamp.com/album/fall-in-america-2010
https://fossils2004.bandcamp.com/album/florida-nocturne-poems
https://fossils2004.bandcamp.com/album/fossils-unlimited
https://fossils2004.bandcamp.com/album/gorilla-gig-1
https://fossils2004.bandcamp.com/album/grass-root
https://fossils2004.bandcamp.com/album/grave-condition-vol-3-2
https://fossils2004.bandcamp.com/album/greenbelt
https://fossils2004.bandcamp.com/album/morbid-chicken
https://fossils2004.bandcamp.com/album/no-l7
https://fossils2004.bandcamp.com/album/notice-of-motion
https://fossils2004.bandcamp.com/album/real-too-real
https://fossils2004.bandcamp.com/album/reel-to-real
https://fossils2004.bandcamp.com/album/strange-strings
https://fossils2004.bandcamp.com/album/suicide-corps
https://fossils2004.bandcamp.com/album/the-cardigan-hour
https://fossils2004.bandcamp.com/album/triptych
https://fossils2004.bandcamp.com/album/what-do-we-care-for-streams-of-blood
https://fossils2004.bandcamp.com/album/with-brian-ruryk
https://fossils2004.bandcamp.com/album/zombie-blue
https://fossils2004.bandcamp.com/album/zombie-golden
