https://fckmycorpse.bandcamp.com/album/1
https://fckmycorpse.bandcamp.com/album/10
https://fckmycorpse.bandcamp.com/album/100
https://fckmycorpse.bandcamp.com/album/11
https://fckmycorpse.bandcamp.com/album/12
https://fckmycorpse.bandcamp.com/album/13
https://fckmycorpse.bandcamp.com/album/14
https://fckmycorpse.bandcamp.com/album/15
https://fckmycorpse.bandcamp.com/album/16
https://fckmycorpse.bandcamp.com/album/17
https://fckmycorpse.bandcamp.com/album/18
https://fckmycorpse.bandcamp.com/album/19
https://fckmycorpse.bandcamp.com/album/2
https://fckmycorpse.bandcamp.com/album/20
https://fckmycorpse.bandcamp.com/album/21
https://fckmycorpse.bandcamp.com/album/22
https://fckmycorpse.bandcamp.com/album/23
https://fckmycorpse.bandcamp.com/album/24
https://fckmycorpse.bandcamp.com/album/25
https://fckmycorpse.bandcamp.com/album/26
https://fckmycorpse.bandcamp.com/album/27
https://fckmycorpse.bandcamp.com/album/28
https://fckmycorpse.bandcamp.com/album/29
https://fckmycorpse.bandcamp.com/album/3
https://fckmycorpse.bandcamp.com/album/30
https://fckmycorpse.bandcamp.com/album/31
https://fckmycorpse.bandcamp.com/album/32
https://fckmycorpse.bandcamp.com/album/33
https://fckmycorpse.bandcamp.com/album/34
https://fckmycorpse.bandcamp.com/album/35
https://fckmycorpse.bandcamp.com/album/36
https://fckmycorpse.bandcamp.com/album/37
https://fckmycorpse.bandcamp.com/album/38
https://fckmycorpse.bandcamp.com/album/39
https://fckmycorpse.bandcamp.com/album/4
https://fckmycorpse.bandcamp.com/album/40
https://fckmycorpse.bandcamp.com/album/41
https://fckmycorpse.bandcamp.com/album/42
https://fckmycorpse.bandcamp.com/album/43
https://fckmycorpse.bandcamp.com/album/44
https://fckmycorpse.bandcamp.com/album/45
https://fckmycorpse.bandcamp.com/album/46
https://fckmycorpse.bandcamp.com/album/47
https://fckmycorpse.bandcamp.com/album/48
https://fckmycorpse.bandcamp.com/album/49
https://fckmycorpse.bandcamp.com/album/5
https://fckmycorpse.bandcamp.com/album/50
https://fckmycorpse.bandcamp.com/album/51
https://fckmycorpse.bandcamp.com/album/52
https://fckmycorpse.bandcamp.com/album/53
https://fckmycorpse.bandcamp.com/album/54
https://fckmycorpse.bandcamp.com/album/55
https://fckmycorpse.bandcamp.com/album/56
https://fckmycorpse.bandcamp.com/album/57
https://fckmycorpse.bandcamp.com/album/58
https://fckmycorpse.bandcamp.com/album/59
https://fckmycorpse.bandcamp.com/album/6
https://fckmycorpse.bandcamp.com/album/60
https://fckmycorpse.bandcamp.com/album/61
https://fckmycorpse.bandcamp.com/album/62
https://fckmycorpse.bandcamp.com/album/63
https://fckmycorpse.bandcamp.com/album/64
https://fckmycorpse.bandcamp.com/album/65
https://fckmycorpse.bandcamp.com/album/66
https://fckmycorpse.bandcamp.com/album/67
https://fckmycorpse.bandcamp.com/album/68
https://fckmycorpse.bandcamp.com/album/69
https://fckmycorpse.bandcamp.com/album/7
https://fckmycorpse.bandcamp.com/album/70
https://fckmycorpse.bandcamp.com/album/71
https://fckmycorpse.bandcamp.com/album/72
https://fckmycorpse.bandcamp.com/album/73
https://fckmycorpse.bandcamp.com/album/74
https://fckmycorpse.bandcamp.com/album/75
https://fckmycorpse.bandcamp.com/album/76
https://fckmycorpse.bandcamp.com/album/77
https://fckmycorpse.bandcamp.com/album/78
https://fckmycorpse.bandcamp.com/album/79
https://fckmycorpse.bandcamp.com/album/8
https://fckmycorpse.bandcamp.com/album/80
https://fckmycorpse.bandcamp.com/album/81
https://fckmycorpse.bandcamp.com/album/82
https://fckmycorpse.bandcamp.com/album/83
https://fckmycorpse.bandcamp.com/album/84
https://fckmycorpse.bandcamp.com/album/85
https://fckmycorpse.bandcamp.com/album/86
https://fckmycorpse.bandcamp.com/album/87
https://fckmycorpse.bandcamp.com/album/88
https://fckmycorpse.bandcamp.com/album/89
https://fckmycorpse.bandcamp.com/album/9
https://fckmycorpse.bandcamp.com/album/90
https://fckmycorpse.bandcamp.com/album/91
https://fckmycorpse.bandcamp.com/album/92
https://fckmycorpse.bandcamp.com/album/93
https://fckmycorpse.bandcamp.com/album/94
https://fckmycorpse.bandcamp.com/album/95
https://fckmycorpse.bandcamp.com/album/96
https://fckmycorpse.bandcamp.com/album/97
https://fckmycorpse.bandcamp.com/album/98
https://fckmycorpse.bandcamp.com/album/99
