https://cscot.bandcamp.com/album/1312
https://cscot.bandcamp.com/album/1994
https://cscot.bandcamp.com/album/20-songs-to-make-little-boys-cream-their-pants
https://cscot.bandcamp.com/album/bash-back
https://cscot.bandcamp.com/album/beat
https://cscot.bandcamp.com/album/beckett
https://cscot.bandcamp.com/album/capitalicious
https://cscot.bandcamp.com/album/cumscum
https://cscot.bandcamp.com/album/cyberviolence
https://cscot.bandcamp.com/album/dada-ist-krieg
https://cscot.bandcamp.com/album/daddys-boy
https://cscot.bandcamp.com/album/dead-animals-part-iv
https://cscot.bandcamp.com/album/dead-animals-part-v
https://cscot.bandcamp.com/album/enlisement-vol-i
https://cscot.bandcamp.com/album/enlisement-vol-ii
https://cscot.bandcamp.com/album/gender-as-cultural-violence-and-the-issues-of-body-and-mind-control
https://cscot.bandcamp.com/album/gray-areas
https://cscot.bandcamp.com/album/greatest-hits-vol-ii
https://cscot.bandcamp.com/album/homo
https://cscot.bandcamp.com/album/its-not-feelings-its-cancer
https://cscot.bandcamp.com/album/leftist
https://cscot.bandcamp.com/album/masturbation-with-sharp-metal-objects
https://cscot.bandcamp.com/album/masturbation-with-sharp-metal-objects-vol-ii-reverse-foreplay
https://cscot.bandcamp.com/album/midgetscleaner
https://cscot.bandcamp.com/album/miss-cutter-caught-on-tape
https://cscot.bandcamp.com/album/not-every-single-thought-you-have-its-interesting-and-worth-sharing
https://cscot.bandcamp.com/album/out-queerviolence-vol-ii
https://cscot.bandcamp.com/album/palabra-a-tu-madre
https://cscot.bandcamp.com/album/proud-to-commit-heterosexual-suicide
https://cscot.bandcamp.com/album/punk
https://cscot.bandcamp.com/album/queer-negativity
https://cscot.bandcamp.com/album/queerviolence
https://cscot.bandcamp.com/album/recordings-of-interdimensional-beings-2
https://cscot.bandcamp.com/album/recordings-of-interdimensional-beings-vol-2
https://cscot.bandcamp.com/album/reinventing-king-africa
https://cscot.bandcamp.com/album/resting-bitch-face
https://cscot.bandcamp.com/album/rocket-to-russia-slowed-down-and-noised-up
https://cscot.bandcamp.com/album/softcore
https://cscot.bandcamp.com/album/soundtrack-n-1-adult-contemporary
https://cscot.bandcamp.com/album/still
https://cscot.bandcamp.com/album/tense
https://cscot.bandcamp.com/album/the-book-might-judge-you-by-the-cover
https://cscot.bandcamp.com/album/the-communist-gay-agenda
https://cscot.bandcamp.com/album/this-is-what-it-feels-like-when-no-one-gives-a-shit-about-your-music
https://cscot.bandcamp.com/album/title
https://cscot.bandcamp.com/album/underground-productivity-is-killing-us-all
https://cscot.bandcamp.com/album/unheimlich
https://cscot.bandcamp.com/album/urban-sombrero
https://cscot.bandcamp.com/album/your-emotions-make-you-a-monster-the-dubious-autobiography-of-a-drama-queen
