https://kknull1.bandcamp.com/album/60-seconds-a-piece-of-kaoss
https://kknull1.bandcamp.com/album/a-page-of-madness
https://kknull1.bandcamp.com/album/abiogenesis
https://kknull1.bandcamp.com/album/absolute-heaven-primordial-null-sonic-series-1
https://kknull1.bandcamp.com/album/ah-souls-where-are-you-going-to
https://kknull1.bandcamp.com/album/akumu
https://kknull1.bandcamp.com/album/altered-brain-data-explosion
https://kknull1.bandcamp.com/album/altered-brain-data-explosion-2
https://kknull1.bandcamp.com/album/altered-brain-data-explosion-3
https://kknull1.bandcamp.com/album/amplituhedron-x-0101
https://kknull1.bandcamp.com/album/amplituhedron-x-0110
https://kknull1.bandcamp.com/album/amplituhedron-x-0111
https://kknull1.bandcamp.com/album/amplituhedron-x-0113
https://kknull1.bandcamp.com/album/andromeda-rmx-2022
https://kknull1.bandcamp.com/album/anima-plasma-respirer-la-lumi-re
https://kknull1.bandcamp.com/album/antikhthon-001-003
https://kknull1.bandcamp.com/album/antikhthon-004-006
https://kknull1.bandcamp.com/album/antikhthon-007-009
https://kknull1.bandcamp.com/album/armageddon-sky
https://kknull1.bandcamp.com/album/astral-loop
https://kknull1.bandcamp.com/album/baryogenesis
https://kknull1.bandcamp.com/album/beast-of-lightning-thunder
https://kknull1.bandcamp.com/album/beyond-extropy-2021-rmx
https://kknull1.bandcamp.com/album/brain-star-turbulence-2
https://kknull1.bandcamp.com/album/brutal-illumination
https://kknull1.bandcamp.com/album/brutal-illumination-ii
https://kknull1.bandcamp.com/album/brutal-illumination-iii
https://kknull1.bandcamp.com/album/colors-of-quantum-ghost
https://kknull1.bandcamp.com/album/crushing-infinity
https://kknull1.bandcamp.com/album/cryptozoon-1
https://kknull1.bandcamp.com/album/cryptozoon-2
https://kknull1.bandcamp.com/album/cryptozoon-3
https://kknull1.bandcamp.com/album/cryptozoon-4
https://kknull1.bandcamp.com/album/cryptozoon-5
https://kknull1.bandcamp.com/album/cryptozoon-x-live-2012
https://kknull1.bandcamp.com/album/cryptozoon-x-stereophonic
https://kknull1.bandcamp.com/album/dangerous-orbits
https://kknull1.bandcamp.com/album/digital-demons
https://kknull1.bandcamp.com/album/distorted-buddha-screaming-at-the-heart-of-nothingness
https://kknull1.bandcamp.com/album/dust-intelligence-alpha
https://kknull1.bandcamp.com/album/dust-intelligence-beta
https://kknull1.bandcamp.com/album/dust-intelligence-delta
https://kknull1.bandcamp.com/album/dust-intelligence-epsilon
https://kknull1.bandcamp.com/album/dust-intelligence-eta
https://kknull1.bandcamp.com/album/dust-intelligence-gamma
https://kknull1.bandcamp.com/album/dust-intelligence-stigma
https://kknull1.bandcamp.com/album/dust-intelligence-theta
https://kknull1.bandcamp.com/album/dust-intelligence-zeta
https://kknull1.bandcamp.com/album/echoes-of-void
https://kknull1.bandcamp.com/album/edging
https://kknull1.bandcamp.com/album/ergosphere
https://kknull1.bandcamp.com/album/eternal-implosion
https://kknull1.bandcamp.com/album/extropy
https://kknull1.bandcamp.com/album/extropy-ground-zero
https://kknull1.bandcamp.com/album/extropy-zero-one
https://kknull1.bandcamp.com/album/far-beyond-noise-quantum-rmx
https://kknull1.bandcamp.com/album/galactic-killer-drums
https://kknull1.bandcamp.com/album/galactic-killer-drums-phaze-4
https://kknull1.bandcamp.com/album/galactic-killer-drums-phaze-ii
https://kknull1.bandcamp.com/album/galactic-killer-drums-phaze-iii
https://kknull1.bandcamp.com/album/galactic-killer-drums-phaze-v
https://kknull1.bandcamp.com/album/galactic-tornado
https://kknull1.bandcamp.com/album/ghost-dub-awakening-ii
https://kknull1.bandcamp.com/album/ghost-dub-awakening-iii
https://kknull1.bandcamp.com/album/ghost-dub-awakening-unlimited
https://kknull1.bandcamp.com/album/ghost-machine-alive
https://kknull1.bandcamp.com/album/ghost-transmission-i
https://kknull1.bandcamp.com/album/ghost-transmission-ii
https://kknull1.bandcamp.com/album/ghost-transmission-iii
https://kknull1.bandcamp.com/album/ghostscapes
https://kknull1.bandcamp.com/album/ghostscapes-ii
https://kknull1.bandcamp.com/album/giga-extropy-in-beijing-tokyo
https://kknull1.bandcamp.com/album/giga-extropy-in-london
https://kknull1.bandcamp.com/album/giga-extropy-in-russia-1
https://kknull1.bandcamp.com/album/giga-extropy-in-russia-2
https://kknull1.bandcamp.com/album/great-attractor
https://kknull1.bandcamp.com/album/great-attractor-ii
https://kknull1.bandcamp.com/album/great-attractor-iii
https://kknull1.bandcamp.com/album/hellzonic-bio-metal-machine
https://kknull1.bandcamp.com/album/invisible-horizon
https://kknull1.bandcamp.com/album/kaoss-piano
https://kknull1.bandcamp.com/album/kaoss-piano-quantum-variations
https://kknull1.bandcamp.com/album/kosmik-debris-interstellar-ghosts
https://kknull1.bandcamp.com/album/kosmik-debris-interstellar-ghosts-ii
https://kknull1.bandcamp.com/album/kosmik-debris-interstellar-ghosts-iii
https://kknull1.bandcamp.com/album/kosmista-noisea
https://kknull1.bandcamp.com/album/kosmo-incognita
https://kknull1.bandcamp.com/album/kosmodynamix-erg
https://kknull1.bandcamp.com/album/kosmodynamix-evol
https://kknull1.bandcamp.com/album/kosmodynamix-org
https://kknull1.bandcamp.com/album/kosmodynamix-trans
https://kknull1.bandcamp.com/album/machine-in-the-ghost
https://kknull1.bandcamp.com/album/material-of-darkness
https://kknull1.bandcamp.com/album/metacompound
https://kknull1.bandcamp.com/album/nocturnal-machines-raw
https://kknull1.bandcamp.com/album/noise-over-siberia
https://kknull1.bandcamp.com/album/plasmagma-10
https://kknull1.bandcamp.com/album/plasmagma-10-2
https://kknull1.bandcamp.com/album/plasmagma-10-3
https://kknull1.bandcamp.com/album/prime-radiant
https://kknull1.bandcamp.com/album/psychic-drones
https://kknull1.bandcamp.com/album/psychic-drones-2
https://kknull1.bandcamp.com/album/psychic-drones-3
https://kknull1.bandcamp.com/album/pulsar-x
https://kknull1.bandcamp.com/album/pulsar-x-quantum-rmx
https://kknull1.bandcamp.com/album/quantum-pulsation
https://kknull1.bandcamp.com/album/quantum-pulsation-x
https://kknull1.bandcamp.com/album/resurrection-in-particles
https://kknull1.bandcamp.com/album/revisiting-tarab-sandstorm-rmx-2025
https://kknull1.bandcamp.com/album/ruin-porn
https://kknull1.bandcamp.com/album/shiny-beasts-in-fractured-matrix-1
https://kknull1.bandcamp.com/album/shiny-beasts-in-fractured-matrix-2-2
https://kknull1.bandcamp.com/album/shiny-beasts-in-fractured-matrix-3
https://kknull1.bandcamp.com/album/spiritual-machine
https://kknull1.bandcamp.com/album/star-breaker
https://kknull1.bandcamp.com/album/star-breaker-ii
https://kknull1.bandcamp.com/album/star-quake-xi
https://kknull1.bandcamp.com/album/star-quake-xiii
https://kknull1.bandcamp.com/album/storm-of-kronos-phaze-i
https://kknull1.bandcamp.com/album/storm-of-kronos-phaze-ii
https://kknull1.bandcamp.com/album/storm-of-kronos-phaze-iii
https://kknull1.bandcamp.com/album/superradiance-2
https://kknull1.bandcamp.com/album/terminal-beach-primordial-null-sonic-series-2
https://kknull1.bandcamp.com/album/terminal-beach-quantum-rmx-primordial-null-sonic-series-3
https://kknull1.bandcamp.com/album/terra-incognita
https://kknull1.bandcamp.com/album/triskaidekaphobia
https://kknull1.bandcamp.com/album/triskaidekaphobia-ep
https://kknull1.bandcamp.com/album/triskaidekaphobia-ii
https://kknull1.bandcamp.com/album/triskaidekaphobia-iii
https://kknull1.bandcamp.com/album/vulcanoid
https://kknull1.bandcamp.com/album/wet
https://kknull1.bandcamp.com/album/xenoglossia
https://kknull1.bandcamp.com/album/yugen
https://kknull1.bandcamp.com/track/spectrum-awakening-study-1
https://kknull1.bandcamp.com/track/zeni-geva-sex-object-kraftwerk-cover
