https://heliophobia.bandcamp.com/album/01
https://heliophobia.bandcamp.com/album/2024
https://heliophobia.bandcamp.com/album/420
https://heliophobia.bandcamp.com/album/61555555845685468465168
https://heliophobia.bandcamp.com/album/a-bad-day
https://heliophobia.bandcamp.com/album/a-scientific-procedure-undertaken-to-make-a-discovery-test-a-hypothesis-or-demonstrate-a-known-fact
https://heliophobia.bandcamp.com/album/aaaaaaaaaaaaaaaaaaaaaaaaaaaaaa
https://heliophobia.bandcamp.com/album/aaaaaaaaaaaaaaaaaaaaaaaaaaaaaaaa
https://heliophobia.bandcamp.com/album/ambience
https://heliophobia.bandcamp.com/album/ambient-sounds
https://heliophobia.bandcamp.com/album/and-run
https://heliophobia.bandcamp.com/album/annas-grow
https://heliophobia.bandcamp.com/album/as-much-as-i-love-that-i-don-t-think-it-would-fit-and-would-likely-make-the-tattoo-hundreds-more-expensive-than-it-is
https://heliophobia.bandcamp.com/album/blindfold
https://heliophobia.bandcamp.com/album/bloody-grip
https://heliophobia.bandcamp.com/album/breakcore-mp3
https://heliophobia.bandcamp.com/album/catharsis-is-all-i-have-left-since-i-am-waiting-for-my-life-to-end
https://heliophobia.bandcamp.com/album/chicken-hell
https://heliophobia.bandcamp.com/album/circus
https://heliophobia.bandcamp.com/album/color-theroy
https://heliophobia.bandcamp.com/album/crossing-a-desert-under-a-starless-sky
https://heliophobia.bandcamp.com/album/death-to-the-kleptomancer
https://heliophobia.bandcamp.com/album/delay-loops
https://heliophobia.bandcamp.com/album/demotapes
https://heliophobia.bandcamp.com/album/depressed
https://heliophobia.bandcamp.com/album/dj-hypergiant-saint-patricks-day-fundraiser-mix
https://heliophobia.bandcamp.com/album/dj-hypergiant-the-hyperconsciousness-mixtape-disk-recovery
https://heliophobia.bandcamp.com/album/dnb
https://heliophobia.bandcamp.com/album/dominion
https://heliophobia.bandcamp.com/album/dreams
https://heliophobia.bandcamp.com/album/dzfhdhehhzer
https://heliophobia.bandcamp.com/album/edvdewffbxzdghjnhgjmtgh
https://heliophobia.bandcamp.com/album/eigengrau
https://heliophobia.bandcamp.com/album/emotional-parasite
https://heliophobia.bandcamp.com/album/empty-habits
https://heliophobia.bandcamp.com/album/enjoying-the-meat-bag-as-much-as-possible
https://heliophobia.bandcamp.com/album/experimental-music
https://heliophobia.bandcamp.com/album/experiments
https://heliophobia.bandcamp.com/album/felt
https://heliophobia.bandcamp.com/album/for-when-you-need-it
https://heliophobia.bandcamp.com/album/good
https://heliophobia.bandcamp.com/album/goofin
https://heliophobia.bandcamp.com/album/harsh-noise-vol-i
https://heliophobia.bandcamp.com/album/hmmm
https://heliophobia.bandcamp.com/album/hurt
https://heliophobia.bandcamp.com/album/hurts
https://heliophobia.bandcamp.com/album/hyperskull-demos
https://heliophobia.bandcamp.com/album/i
https://heliophobia.bandcamp.com/album/i-warned-you-bro
https://heliophobia.bandcamp.com/album/i-wish-i-didnt-feel-like-this
https://heliophobia.bandcamp.com/album/idm
https://heliophobia.bandcamp.com/album/if-only-i-had-all-day
https://heliophobia.bandcamp.com/album/if-they-knew-the-truth-about-you-they-wouldnt-like-you-at-all
https://heliophobia.bandcamp.com/album/ii
https://heliophobia.bandcamp.com/album/iii
https://heliophobia.bandcamp.com/album/it-hurts-holding-it-in
https://heliophobia.bandcamp.com/album/its-always-been-hard
https://heliophobia.bandcamp.com/album/its-time-to-wake-up
https://heliophobia.bandcamp.com/album/iv
https://heliophobia.bandcamp.com/album/ix
https://heliophobia.bandcamp.com/album/lidnlsndlvsndl
https://heliophobia.bandcamp.com/album/life-is-meaningless
https://heliophobia.bandcamp.com/album/minimal-techno
https://heliophobia.bandcamp.com/album/mixtakes
https://heliophobia.bandcamp.com/album/mixtapes
https://heliophobia.bandcamp.com/album/my-life-is-going-to-be-over-soon
https://heliophobia.bandcamp.com/album/nameless-emotion
https://heliophobia.bandcamp.com/album/nobody-can-give-you-instructions-for-a-thing-that-has-never-happened-before
https://heliophobia.bandcamp.com/album/none-of-this-is-real-bootleg-darkness-within-expansion-pack
https://heliophobia.bandcamp.com/album/none-of-this-is-real-interviews
https://heliophobia.bandcamp.com/album/okay
https://heliophobia.bandcamp.com/album/please
https://heliophobia.bandcamp.com/album/pray-on-it
https://heliophobia.bandcamp.com/album/reptilian-brain
https://heliophobia.bandcamp.com/album/severe-thunderstorm-warning
https://heliophobia.bandcamp.com/album/shadow-people-are-real
https://heliophobia.bandcamp.com/album/someday-the-sun-will-devour-the-earth
https://heliophobia.bandcamp.com/album/speriments
https://heliophobia.bandcamp.com/album/spiritual-oppression
https://heliophobia.bandcamp.com/album/spocket-404perator-a
https://heliophobia.bandcamp.com/album/techno-experiments
https://heliophobia.bandcamp.com/album/the-dawn-is-your-enemy-vol-1
https://heliophobia.bandcamp.com/album/the-dawn-is-your-enemy-vol-2
https://heliophobia.bandcamp.com/album/the-dawn-is-your-enemy-vol-3
https://heliophobia.bandcamp.com/album/the-dawn-is-your-enemy-vol-4
https://heliophobia.bandcamp.com/album/the-evil-witch
https://heliophobia.bandcamp.com/album/the-eye-of-the-storm
https://heliophobia.bandcamp.com/album/the-tarot-major-arcana
https://heliophobia.bandcamp.com/album/these-neighbors-are-awful
https://heliophobia.bandcamp.com/album/think-harder
https://heliophobia.bandcamp.com/album/trash
https://heliophobia.bandcamp.com/album/trash-2
https://heliophobia.bandcamp.com/album/troglodyte
https://heliophobia.bandcamp.com/album/true-threat
https://heliophobia.bandcamp.com/album/unusual-way
https://heliophobia.bandcamp.com/album/v
https://heliophobia.bandcamp.com/album/variations
https://heliophobia.bandcamp.com/album/vi
https://heliophobia.bandcamp.com/album/vii
https://heliophobia.bandcamp.com/album/viii
https://heliophobia.bandcamp.com/album/where-is-my-mind
https://heliophobia.bandcamp.com/album/why-do-you-listen-to-experimental-music
https://heliophobia.bandcamp.com/album/wrvdkjsjb-kvgjsbdvsjbwelgowidvlidbglwidvbldbiv-l
https://heliophobia.bandcamp.com/album/x
https://heliophobia.bandcamp.com/album/you-dont-deserve-free-time
https://heliophobia.bandcamp.com/album/zoetrope-dreams
https://heliophobia.bandcamp.com/track/10
https://heliophobia.bandcamp.com/track/10101010
https://heliophobia.bandcamp.com/track/11-11
https://heliophobia.bandcamp.com/track/2223
https://heliophobia.bandcamp.com/track/223
https://heliophobia.bandcamp.com/track/3
https://heliophobia.bandcamp.com/track/333
https://heliophobia.bandcamp.com/track/4444
https://heliophobia.bandcamp.com/track/55555
https://heliophobia.bandcamp.com/track/6845184864846513587
https://heliophobia.bandcamp.com/track/80808080808080808
https://heliophobia.bandcamp.com/track/916
https://heliophobia.bandcamp.com/track/aaaaaaaaaaaaaaaaa
https://heliophobia.bandcamp.com/track/ac-broke-c
https://heliophobia.bandcamp.com/track/acid-odyssee-tape-filter-2000-remix
https://heliophobia.bandcamp.com/track/ahhhhhhhhhh
https://heliophobia.bandcamp.com/track/amelia-earhart-flew-into-the-world-trade-center
https://heliophobia.bandcamp.com/track/amelia-earhart-flew-into-the-world-trade-center-again
https://heliophobia.bandcamp.com/track/amelia-earhart-turned-into-ground-beef-feat-woegarden
https://heliophobia.bandcamp.com/track/and-the-strums-carry-blood-better-feat-brian-decoy
https://heliophobia.bandcamp.com/track/annas-tree-staqq-overflo-remix
https://heliophobia.bandcamp.com/track/another-set-for-trevor
https://heliophobia.bandcamp.com/track/anxiety-anxiety-anxiety-anxiety-anxiety
https://heliophobia.bandcamp.com/track/anxiety-x10
https://heliophobia.bandcamp.com/track/are-you-sure-you-don-t-want-to-at-least-give-fans-the-option-to-pay-you
https://heliophobia.bandcamp.com/track/ash-heroin
https://heliophobia.bandcamp.com/track/astral-queen-u-w3r3-my-1-3-remix
https://heliophobia.bandcamp.com/track/back-to-the-drawing-board
https://heliophobia.bandcamp.com/track/bad-feel
https://heliophobia.bandcamp.com/track/bald-mountain
https://heliophobia.bandcamp.com/track/bandeur-2
https://heliophobia.bandcamp.com/track/bats-everywhere-by-hogwing-remix
https://heliophobia.bandcamp.com/track/bells-bells-bells
https://heliophobia.bandcamp.com/track/bent
https://heliophobia.bandcamp.com/track/betrayed-by-my-body-again
https://heliophobia.bandcamp.com/track/blue
https://heliophobia.bandcamp.com/track/break-yourself-dj-rozwell-remix
https://heliophobia.bandcamp.com/track/breakcore
https://heliophobia.bandcamp.com/track/breakcore2
https://heliophobia.bandcamp.com/track/bug
https://heliophobia.bandcamp.com/track/butslower
https://heliophobia.bandcamp.com/track/casino-royal
https://heliophobia.bandcamp.com/track/cdat
https://heliophobia.bandcamp.com/track/closer
https://heliophobia.bandcamp.com/track/d
https://heliophobia.bandcamp.com/track/d-pad
https://heliophobia.bandcamp.com/track/day-of-darkness
https://heliophobia.bandcamp.com/track/deep-in-the-dungeon
https://heliophobia.bandcamp.com/track/deep-of-death
https://heliophobia.bandcamp.com/track/didg
https://heliophobia.bandcamp.com/track/do-it-again
https://heliophobia.bandcamp.com/track/do-you-ever-just-think
https://heliophobia.bandcamp.com/track/do-you-ever-just-think-2
https://heliophobia.bandcamp.com/track/dopamine
https://heliophobia.bandcamp.com/track/dopamine-lord
https://heliophobia.bandcamp.com/track/dortwave
https://heliophobia.bandcamp.com/track/dreadreadreadreadreadreadreadreadreadreadreadreadreadreadreadreadreadreadreadreadreadreadreadread
https://heliophobia.bandcamp.com/track/dreaming-of-time
https://heliophobia.bandcamp.com/track/dreaming-of-you
https://heliophobia.bandcamp.com/track/dry
https://heliophobia.bandcamp.com/track/fears
https://heliophobia.bandcamp.com/track/fragments-2
https://heliophobia.bandcamp.com/track/giant-steps
https://heliophobia.bandcamp.com/track/gunblaster-feat-hogwing
https://heliophobia.bandcamp.com/track/hack-2-2
https://heliophobia.bandcamp.com/track/hardgroove-techno
https://heliophobia.bandcamp.com/track/headless-set
https://heliophobia.bandcamp.com/track/hedgehog
https://heliophobia.bandcamp.com/track/hhhhhhhhhhhhhhhhhhh
https://heliophobia.bandcamp.com/track/hhmmmmmmmmb
https://heliophobia.bandcamp.com/track/hit-em
https://heliophobia.bandcamp.com/track/hit-em-again
https://heliophobia.bandcamp.com/track/hit-em-track
https://heliophobia.bandcamp.com/track/hogwing-alright
https://heliophobia.bandcamp.com/track/hogwing-alright-2
https://heliophobia.bandcamp.com/track/hogwings-nightmare
https://heliophobia.bandcamp.com/track/hotline-techno
https://heliophobia.bandcamp.com/track/hyperbeast-4-recovery-file
https://heliophobia.bandcamp.com/track/hyperbeast-4-recovery-file-2
https://heliophobia.bandcamp.com/track/hyperbeast-vol-8-secret-mixtape
https://heliophobia.bandcamp.com/track/hyperburgerr-feat-ghosttburgerr
https://heliophobia.bandcamp.com/track/hypercore
https://heliophobia.bandcamp.com/track/hypermint
https://heliophobia.bandcamp.com/track/i-don-t-know-how-to-make-a-mashup-c
https://heliophobia.bandcamp.com/track/i-dont-know-if-i-will-ever-really-feel-comfortable-using-the-amen-break-tbh
https://heliophobia.bandcamp.com/track/i-loved-you
https://heliophobia.bandcamp.com/track/i-need-a-moment
https://heliophobia.bandcamp.com/track/i-never-shoulda-smoked-that-shit-now-i-am-in-an-mp3
https://heliophobia.bandcamp.com/track/i-wanted-to-do-something-but-i-forgot
https://heliophobia.bandcamp.com/track/i-wish-i-could-have
https://heliophobia.bandcamp.com/track/i-wish-i-could-take-care-of-you
https://heliophobia.bandcamp.com/track/id-have-to-think-about-it
https://heliophobia.bandcamp.com/track/if-you-even-care
https://heliophobia.bandcamp.com/track/im-calling-it-jazz
https://heliophobia.bandcamp.com/track/im-messin-around-with-the-digital-audio-workstation-again
https://heliophobia.bandcamp.com/track/imagine-if-you-tried
https://heliophobia.bandcamp.com/track/inside-out-myself
https://heliophobia.bandcamp.com/track/is-this-breakcore
https://heliophobia.bandcamp.com/track/is-this-breakcore-2
https://heliophobia.bandcamp.com/track/it-will-never-be-2011-again
https://heliophobia.bandcamp.com/track/its-killing-me-slowly
https://heliophobia.bandcamp.com/track/its-never-enough
https://heliophobia.bandcamp.com/track/its-okay-to-believe-in-yourself
https://heliophobia.bandcamp.com/track/jambalaya
https://heliophobia.bandcamp.com/track/jams
https://heliophobia.bandcamp.com/track/jungle
https://heliophobia.bandcamp.com/track/korg
https://heliophobia.bandcamp.com/track/korgcore
https://heliophobia.bandcamp.com/track/landlorde
https://heliophobia.bandcamp.com/track/lllliiiinnnnnnnn
https://heliophobia.bandcamp.com/track/make-a-wish
https://heliophobia.bandcamp.com/track/man-blue-by-eyefull-six-five-sounds-different-than-how-i-remember
https://heliophobia.bandcamp.com/track/more-minimal-techno
https://heliophobia.bandcamp.com/track/number-3-mix-feat-khlbhkt
https://heliophobia.bandcamp.com/track/numbr
https://heliophobia.bandcamp.com/track/odd-lang-guy
https://heliophobia.bandcamp.com/track/ok
https://heliophobia.bandcamp.com/track/ollie-burger
https://heliophobia.bandcamp.com/track/ollie-burger-v2
https://heliophobia.bandcamp.com/track/out-on-the-grass
https://heliophobia.bandcamp.com/track/pain
https://heliophobia.bandcamp.com/track/panic-room
https://heliophobia.bandcamp.com/track/panic-room-2
https://heliophobia.bandcamp.com/track/panic-room-3
https://heliophobia.bandcamp.com/track/please-enter-a-track-name
https://heliophobia.bandcamp.com/track/puffthemagicmotherfuckindragon
https://heliophobia.bandcamp.com/track/radical-guitar-sounds
https://heliophobia.bandcamp.com/track/rage-test
https://heliophobia.bandcamp.com/track/rage-test-2
https://heliophobia.bandcamp.com/track/regenbogengrau
https://heliophobia.bandcamp.com/track/rhino-ashes
https://heliophobia.bandcamp.com/track/rod-tempertons-starlight
https://heliophobia.bandcamp.com/track/saltshaker
https://heliophobia.bandcamp.com/track/sample-this-sunday
https://heliophobia.bandcamp.com/track/scvrs
https://heliophobia.bandcamp.com/track/self-indulgent
https://heliophobia.bandcamp.com/track/shes-couch-surfing
https://heliophobia.bandcamp.com/track/socks
https://heliophobia.bandcamp.com/track/something-about-you
https://heliophobia.bandcamp.com/track/spspsp
https://heliophobia.bandcamp.com/track/standing-on-the-shoulders-of-giants
https://heliophobia.bandcamp.com/track/start-believing
https://heliophobia.bandcamp.com/track/steakcore
https://heliophobia.bandcamp.com/track/steakcore2
https://heliophobia.bandcamp.com/track/stresscore-type-beat
https://heliophobia.bandcamp.com/track/stresstest
https://heliophobia.bandcamp.com/track/syllabus
https://heliophobia.bandcamp.com/track/techno-is-love-techno-is-life
https://heliophobia.bandcamp.com/track/the-cat-with-the-dapper-bowtie
https://heliophobia.bandcamp.com/track/the-death-of-an-elephant
https://heliophobia.bandcamp.com/track/the-doppleganger-effect
https://heliophobia.bandcamp.com/track/the-doppleganger-effect-2
https://heliophobia.bandcamp.com/track/the-perfect-engine
https://heliophobia.bandcamp.com/track/the-september-machine
https://heliophobia.bandcamp.com/track/the-way-you-have-me
https://heliophobia.bandcamp.com/track/the-zeitgeist-is-uneasy-to-say-the-least
https://heliophobia.bandcamp.com/track/there-is-no-end-in-sight
https://heliophobia.bandcamp.com/track/these-are-all-vocal-samples-from-a-twitch-streamer-named-jerma985
https://heliophobia.bandcamp.com/track/they-know
https://heliophobia.bandcamp.com/track/this-is-also-probably-cursed
https://heliophobia.bandcamp.com/track/this-is-probably-cursed
https://heliophobia.bandcamp.com/track/throwaway-beat
https://heliophobia.bandcamp.com/track/tttest
https://heliophobia.bandcamp.com/track/ugh
https://heliophobia.bandcamp.com/track/ultra-rare-bootleg-the-hypergiants-jazz-trio-live-the-blackbird-cafe-only-known-recording
https://heliophobia.bandcamp.com/track/unbothered
https://heliophobia.bandcamp.com/track/unbothered-2
https://heliophobia.bandcamp.com/track/undertale-fallen-down-slowed-reverbed
https://heliophobia.bandcamp.com/track/unhinged-mixtape
https://heliophobia.bandcamp.com/track/untitled
https://heliophobia.bandcamp.com/track/untitled-house-mix-1
https://heliophobia.bandcamp.com/track/untitled-techno-mix-2
https://heliophobia.bandcamp.com/track/unwell
https://heliophobia.bandcamp.com/track/wackydrums-mp3
https://heliophobia.bandcamp.com/track/whatifigotrealcrudewithit
https://heliophobia.bandcamp.com/track/why-bother
https://heliophobia.bandcamp.com/track/wilhelms-ghost
https://heliophobia.bandcamp.com/track/worlds-com-by-friendly-clip-art-2
https://heliophobia.bandcamp.com/track/wrathful
https://heliophobia.bandcamp.com/track/you-wanna-go-sit-somewhere
https://heliophobia.bandcamp.com/track/youre-pathological
