https://cristianalvearmontecino.bandcamp.com/album/6-chords
https://cristianalvearmontecino.bandcamp.com/album/a-t-vlat-ha-h-tulr-l
https://cristianalvearmontecino.bandcamp.com/album/aksak-tacet-duo-m-sica-del-siglo-xx-para-d-o-de-guitarras
https://cristianalvearmontecino.bandcamp.com/album/alvear-carrasco-morales-trio
https://cristianalvearmontecino.bandcamp.com/album/alvear-koike-live-at-scivias-06112019
https://cristianalvearmontecino.bandcamp.com/album/alvear-murayama-live-at-ftarri-2017
https://cristianalvearmontecino.bandcamp.com/album/antoine-beuger-24-petits-pr-ludes-pour-la-guitare
https://cristianalvearmontecino.bandcamp.com/album/antoine-beuger-24-petits-pr-ludes-pour-la-guitare-2
https://cristianalvearmontecino.bandcamp.com/album/antoine-beuger-three-drops-of-rain-east-wind-ocean-2006
https://cristianalvearmontecino.bandcamp.com/album/auralidad
https://cristianalvearmontecino.bandcamp.com/album/bow-down-thine-ear-i-bring-you-glad-tidings
https://cristianalvearmontecino.bandcamp.com/album/c-c
https://cristianalvearmontecino.bandcamp.com/album/capas-de-un-tapiz-2018
https://cristianalvearmontecino.bandcamp.com/album/catherine-lamb-point-wave-2015
https://cristianalvearmontecino.bandcamp.com/album/claude-debussy-petite-suite
https://cristianalvearmontecino.bandcamp.com/album/de-fw
https://cristianalvearmontecino.bandcamp.com/album/dincise-appalachian-anatolia-14th-century-2016
https://cristianalvearmontecino.bandcamp.com/album/distinct-restless-objects
https://cristianalvearmontecino.bandcamp.com/album/en-duo-humus-may-2018
https://cristianalvearmontecino.bandcamp.com/album/interior-exterior-2019
https://cristianalvearmontecino.bandcamp.com/album/j-rg-frey-guitarist-alone-2016
https://cristianalvearmontecino.bandcamp.com/album/j-s-bach-suite-in-c-minor-bwv-997
https://cristianalvearmontecino.bandcamp.com/album/jean-luc-guionnet-one-for-one-2015-live-recording-cdmx-2024
https://cristianalvearmontecino.bandcamp.com/album/jean-luc-guionnet-one-for-one-for-any-pitched-instrument-and-electronics-2015
https://cristianalvearmontecino.bandcamp.com/album/johann-sebastian-bach-prelude-fugue-and-allegro-in-e-flat-major-bwv-998
https://cristianalvearmontecino.bandcamp.com/album/john-cage-one7
https://cristianalvearmontecino.bandcamp.com/album/karoujite
https://cristianalvearmontecino.bandcamp.com/album/latidome-trica-b-rbara-gonz-lez-barrera-definite-body-at-sea-mara-winter
https://cristianalvearmontecino.bandcamp.com/album/live-at-flatterschafft-may-2018
https://cristianalvearmontecino.bandcamp.com/album/live-at-ftarri-13112019
https://cristianalvearmontecino.bandcamp.com/album/live-at-ftarri-october-2017
https://cristianalvearmontecino.bandcamp.com/album/live-at-permian-tokyo-2019
https://cristianalvearmontecino.bandcamp.com/album/live-at-petersburg-art-center-2018
https://cristianalvearmontecino.bandcamp.com/album/live-in-madrid
https://cristianalvearmontecino.bandcamp.com/album/lo-wie-cloud-scissors-4-performers
https://cristianalvearmontecino.bandcamp.com/album/lucky-names
https://cristianalvearmontecino.bandcamp.com/album/manfred-werder-st-ck-1998-seiten-676-bis-683
https://cristianalvearmontecino.bandcamp.com/album/mark-so-and-suddenly-from-all-this-there-came-some-horrid-music
https://cristianalvearmontecino.bandcamp.com/album/michael-pisaro-liu-an-unrhymed-chord-2003
https://cristianalvearmontecino.bandcamp.com/album/michael-pisaro-liu-fields-have-ears-6
https://cristianalvearmontecino.bandcamp.com/album/michael-pisaro-liu-melody-silence-2020-version
https://cristianalvearmontecino.bandcamp.com/album/michael-pisaro-liu-mind-is-moving-ix-2011-2013
https://cristianalvearmontecino.bandcamp.com/album/michael-pisaro-liu-within-3-1997
https://cristianalvearmontecino.bandcamp.com/album/michael-pisaro-melody-silence-for-solo-guitar
https://cristianalvearmontecino.bandcamp.com/album/michael-winter-two-pieces
https://cristianalvearmontecino.bandcamp.com/album/morgan-evans-weiler-variations-for-guitar-and-sinetones-2016
https://cristianalvearmontecino.bandcamp.com/album/mosaico-2008
https://cristianalvearmontecino.bandcamp.com/album/music-for-yes-viena-24042018
https://cristianalvearmontecino.bandcamp.com/album/nicol-s-carrasco-sin-t-tulo-26-2021
https://cristianalvearmontecino.bandcamp.com/album/ocho-pretextos
https://cristianalvearmontecino.bandcamp.com/album/peque-os-fragmentos-de-una-m-sica-discreta
https://cristianalvearmontecino.bandcamp.com/album/pieza-para-guitarra-afinada-2
https://cristianalvearmontecino.bandcamp.com/album/quatre-pi-ces-pour-guitare-ondes-sinuso-dales
https://cristianalvearmontecino.bandcamp.com/album/radu-malfatti-hensou-2017
https://cristianalvearmontecino.bandcamp.com/album/radu-malfatti-hitsudan
https://cristianalvearmontecino.bandcamp.com/album/radu-malfatti-insinuations-2003
https://cristianalvearmontecino.bandcamp.com/album/radu-malfatti-shizuka-ni-furu-ame-2015
https://cristianalvearmontecino.bandcamp.com/album/radu-malfatti-shizuka-ni-furu-ame-live-duo-version
https://cristianalvearmontecino.bandcamp.com/album/roshambo-trio
https://cristianalvearmontecino.bandcamp.com/album/ryoko-akama-hermit-2015
https://cristianalvearmontecino.bandcamp.com/album/santiago-astaburuaga-la-perpetuidad-del-esbozo-2-2
https://cristianalvearmontecino.bandcamp.com/album/santiago-astaburuaga-la-perpetuidad-del-esbozo-3
https://cristianalvearmontecino.bandcamp.com/album/santiago-astaburuaga-la-perpetuidad-del-esbozo-3-2016
https://cristianalvearmontecino.bandcamp.com/album/santiago-astaburuaga-pieza-de-escucha-i
https://cristianalvearmontecino.bandcamp.com/album/sarah-hennies-orienting-response
https://cristianalvearmontecino.bandcamp.com/album/seis-peque-as-piezas-para-guitarra
https://cristianalvearmontecino.bandcamp.com/album/sigh-carried-away-dincise-grado-de-potencia-2-santiago-astaburuaga
https://cristianalvearmontecino.bandcamp.com/album/sin-t-tulo-26-nicol-s-carrasco-ground-in-cis-anna-kaisa-meklin
https://cristianalvearmontecino.bandcamp.com/album/stefan-thut-un-accompanied-guitar-1-32
https://cristianalvearmontecino.bandcamp.com/album/taku-sugimoto-13-14-for-guitars-2009
https://cristianalvearmontecino.bandcamp.com/album/taku-sugimoto-h-2017
https://cristianalvearmontecino.bandcamp.com/album/taku-sugimoto-mada
https://cristianalvearmontecino.bandcamp.com/album/taku-sugimoto-mada-2014
https://cristianalvearmontecino.bandcamp.com/album/taku-sugimoto-solo-for-guitar-1-2014-2015
https://cristianalvearmontecino.bandcamp.com/album/taku-sugimotos-guitar-music-recorded-on-classical-guitar
https://cristianalvearmontecino.bandcamp.com/album/telquan
https://cristianalvearmontecino.bandcamp.com/album/variaciones-sobre-las-instrucciones
https://cristianalvearmontecino.bandcamp.com/track/1
https://cristianalvearmontecino.bandcamp.com/track/6-chords-live-recording-at-zentrale-viena
https://cristianalvearmontecino.bandcamp.com/track/alvear-ezaki-yonago-at-space-eauuu
https://cristianalvearmontecino.bandcamp.com/track/alvear-murayama-live-at-punctum-prague-24052018
https://cristianalvearmontecino.bandcamp.com/track/alvear-oshiro-at-parwlr-nagoya-26102017
https://cristianalvearmontecino.bandcamp.com/track/alvin-lucier-criss-cross-for-two-electric-guitars-2013
https://cristianalvearmontecino.bandcamp.com/track/alvin-lucier-on-the-carpet-of-leaves-illuminated-by-the-moon-live-recording
https://cristianalvearmontecino.bandcamp.com/track/antoine-beuger-pour-tre-seul-e-sans-reserve-2
https://cristianalvearmontecino.bandcamp.com/track/casey-anderson-valley-possible-dust
https://cristianalvearmontecino.bandcamp.com/track/christian-wolff-microexercises-selecci-n
https://cristianalvearmontecino.bandcamp.com/track/clara-de-as-s-un-d-a-2020
https://cristianalvearmontecino.bandcamp.com/track/en-un-peque-o-departamento-de-bruselas-2018
https://cristianalvearmontecino.bandcamp.com/track/figya
https://cristianalvearmontecino.bandcamp.com/track/j-rg-frey-circular-music-n-2-live-version-by-lote-valpara-so-2016
https://cristianalvearmontecino.bandcamp.com/track/j-rg-frey-ombres-exactes-sans-duret
https://cristianalvearmontecino.bandcamp.com/track/jason-brogan-text-pieces-2009
https://cristianalvearmontecino.bandcamp.com/track/john-cage-one7-sapporo-2017
https://cristianalvearmontecino.bandcamp.com/track/juan-antonio-sanchez-tangos-de-hielo-2002
https://cristianalvearmontecino.bandcamp.com/track/manfred-werder-st-ck-1998-seiten-805-808
https://cristianalvearmontecino.bandcamp.com/track/michael-pisaro-fragile-being-hopeful-becoming-2013
https://cristianalvearmontecino.bandcamp.com/track/michael-pisaro-liu-e-l-fora
https://cristianalvearmontecino.bandcamp.com/track/michael-winter-generator-hierarchical-dust-and-necklaces-2016
https://cristianalvearmontecino.bandcamp.com/track/minami-saeki-vacances-2018
https://cristianalvearmontecino.bandcamp.com/track/nicol-s-carrasco-intemperie-8
https://cristianalvearmontecino.bandcamp.com/track/nicol-s-carrasco-sin-t-tulo-21
https://cristianalvearmontecino.bandcamp.com/track/nicol-s-carrasco-sin-t-tulo-21-live-recording
https://cristianalvearmontecino.bandcamp.com/track/rodrigo-castellanos-ramas-para-guitarra-y-electroac-stica-2012
https://cristianalvearmontecino.bandcamp.com/track/rolando-hern-ndez-topializ
https://cristianalvearmontecino.bandcamp.com/track/sam-sfirri-natural-at-last
https://cristianalvearmontecino.bandcamp.com/track/santiago-astaburuaga-la-perpetuidad-del-esbozo-3-2016
https://cristianalvearmontecino.bandcamp.com/track/sarah-hughes-kissing-repeat-a-study-in-spatial-complexity-2019-recorded-live-at-cafe-oto-london
https://cristianalvearmontecino.bandcamp.com/track/seis-peque-as-piezas-para-guitarra-2018-grabaci-n-en-vivo-en-26-chaises-paris-04052018
https://cristianalvearmontecino.bandcamp.com/track/soto
https://cristianalvearmontecino.bandcamp.com/track/stefan-thut-another-2021
https://cristianalvearmontecino.bandcamp.com/track/takahiro-kawaguchi-tuning-live-recording
https://cristianalvearmontecino.bandcamp.com/track/taku-unami-a-guitar-recording-piece-2016
https://cristianalvearmontecino.bandcamp.com/track/tetuzi-akiyama-other-2017
https://cristianalvearmontecino.bandcamp.com/track/tom-johnson-arpeggios-2001
https://cristianalvearmontecino.bandcamp.com/track/toru-takemitsu-a-piece-for-guitar-for-the-60th-birthday-of-sylvano-bussotti
https://cristianalvearmontecino.bandcamp.com/track/yuri-akbalkan-01-2013
