https://rottenfresh.bandcamp.com/album/2222
https://rottenfresh.bandcamp.com/album/amarra-o
https://rottenfresh.bandcamp.com/album/ambitious-small-talk
https://rottenfresh.bandcamp.com/album/androgynous-lifeforms
https://rottenfresh.bandcamp.com/album/austral-sounds
https://rottenfresh.bandcamp.com/album/b4her
https://rottenfresh.bandcamp.com/album/baby-xp
https://rottenfresh.bandcamp.com/album/buhnnun
https://rottenfresh.bandcamp.com/album/butoh
https://rottenfresh.bandcamp.com/album/cargo-cult
https://rottenfresh.bandcamp.com/album/chains
https://rottenfresh.bandcamp.com/album/chikki-core
https://rottenfresh.bandcamp.com/album/club-sorrow
https://rottenfresh.bandcamp.com/album/cracked
https://rottenfresh.bandcamp.com/album/crazy-function
https://rottenfresh.bandcamp.com/album/dark-narcissus-stereo-guitar-solo
https://rottenfresh.bandcamp.com/album/deepfake-ciudad
https://rottenfresh.bandcamp.com/album/desamarra-o
https://rottenfresh.bandcamp.com/album/destino-hiperb-rea
https://rottenfresh.bandcamp.com/album/deus-shikabala
https://rottenfresh.bandcamp.com/album/doce-10-anivers-rio-edi-o-de-luxo
https://rottenfresh.bandcamp.com/album/era-mat-los
https://rottenfresh.bandcamp.com/album/fetichistas-do-noise
https://rottenfresh.bandcamp.com/album/fui-ao-aqu-rio
https://rottenfresh.bandcamp.com/album/goth-partisan
https://rottenfresh.bandcamp.com/album/gray-glass-walls
https://rottenfresh.bandcamp.com/album/hardcore-law
https://rottenfresh.bandcamp.com/album/how-nature-speaks
https://rottenfresh.bandcamp.com/album/human-faces
https://rottenfresh.bandcamp.com/album/if-i-was-simple-in-the-mind-everything-would-be-fine
https://rottenfresh.bandcamp.com/album/imp-rio-pac-fico
https://rottenfresh.bandcamp.com/album/its-been-a-long-way-but-were-not-there-yet
https://rottenfresh.bandcamp.com/album/lubrication
https://rottenfresh.bandcamp.com/album/m-sica-para-dormir-vol-5
https://rottenfresh.bandcamp.com/album/mimeoph-n
https://rottenfresh.bandcamp.com/album/mlender-memory-mixing-machine
https://rottenfresh.bandcamp.com/album/mujipuki-lives
https://rottenfresh.bandcamp.com/album/neblina
https://rottenfresh.bandcamp.com/album/no-miracles
https://rottenfresh.bandcamp.com/album/noites-longas
https://rottenfresh.bandcamp.com/album/nova-mitologia
https://rottenfresh.bandcamp.com/album/nova-vista
https://rottenfresh.bandcamp.com/album/ocorr-ncia-em-aberto
https://rottenfresh.bandcamp.com/album/outsid
https://rottenfresh.bandcamp.com/album/rip
https://rottenfresh.bandcamp.com/album/rolands-resenhas
https://rottenfresh.bandcamp.com/album/season-one-throbs
https://rottenfresh.bandcamp.com/album/selections-0-2
https://rottenfresh.bandcamp.com/album/selections-1
https://rottenfresh.bandcamp.com/album/selections-2
https://rottenfresh.bandcamp.com/album/straight-to-the-point
https://rottenfresh.bandcamp.com/album/strel
https://rottenfresh.bandcamp.com/album/superta-a
https://rottenfresh.bandcamp.com/album/tugacore-vol-1-2
https://rottenfresh.bandcamp.com/album/vale
https://rottenfresh.bandcamp.com/album/xtcity-redux
