https://zeffon.bandcamp.com/album/-
https://zeffon.bandcamp.com/album/--2
https://zeffon.bandcamp.com/album/0x00-thomsons-gazelle
https://zeffon.bandcamp.com/album/0x01-peeling-curse
https://zeffon.bandcamp.com/album/10-15-23
https://zeffon.bandcamp.com/album/10707-eyes
https://zeffon.bandcamp.com/album/134
https://zeffon.bandcamp.com/album/13e-g2-vintim-shouting-at-the-trees
https://zeffon.bandcamp.com/album/15-watts
https://zeffon.bandcamp.com/album/24
https://zeffon.bandcamp.com/album/33-12
https://zeffon.bandcamp.com/album/4569h-w-ptrace
https://zeffon.bandcamp.com/album/54-21-24-mzweet-quantity
https://zeffon.bandcamp.com/album/60-75h
https://zeffon.bandcamp.com/album/6x10-60-generated-are-those-so
https://zeffon.bandcamp.com/album/7429fd
https://zeffon.bandcamp.com/album/76-86-13a
https://zeffon.bandcamp.com/album/93-912ga
https://zeffon.bandcamp.com/album/94-grs-11
https://zeffon.bandcamp.com/album/9999900-modulation-iv
https://zeffon.bandcamp.com/album/a
https://zeffon.bandcamp.com/album/a-brand-of-violence
https://zeffon.bandcamp.com/album/a-forest-desert-in-the-middle-of-nowhere
https://zeffon.bandcamp.com/album/a-lot-of-pain
https://zeffon.bandcamp.com/album/a-momentary-lapse-of-judgement
https://zeffon.bandcamp.com/album/a-past-evening
https://zeffon.bandcamp.com/album/a-quick-turnaround
https://zeffon.bandcamp.com/album/abashsacradejermenttut
https://zeffon.bandcamp.com/album/above-all
https://zeffon.bandcamp.com/album/abs-rdity-is-for-hh-h-pin-m-i-khm
https://zeffon.bandcamp.com/album/abstract-frxx-v
https://zeffon.bandcamp.com/album/achterra-crisis-a-2
https://zeffon.bandcamp.com/album/achterra-crisis-b
https://zeffon.bandcamp.com/album/acid-rain
https://zeffon.bandcamp.com/album/addendum
https://zeffon.bandcamp.com/album/aerial-footage-of-lost-sulka-ttribeh-2
https://zeffon.bandcamp.com/album/aerosol-of-states
https://zeffon.bandcamp.com/album/aesthetics
https://zeffon.bandcamp.com/album/aeura
https://zeffon.bandcamp.com/album/agatha-v-5
https://zeffon.bandcamp.com/album/agor-1-prophecies-of-gehl-remixes
https://zeffon.bandcamp.com/album/agor-2-illusion
https://zeffon.bandcamp.com/album/agor-3-apofesorapais
https://zeffon.bandcamp.com/album/ah-care
https://zeffon.bandcamp.com/album/alien-tombstone
https://zeffon.bandcamp.com/album/alive-and-kicking
https://zeffon.bandcamp.com/album/amber-fall
https://zeffon.bandcamp.com/album/amnesia-memortria
https://zeffon.bandcamp.com/album/amphibian
https://zeffon.bandcamp.com/album/anatomy-of-body-mountains-quake-under-foot-of-pig
https://zeffon.bandcamp.com/album/ancient-humans
https://zeffon.bandcamp.com/album/and-to-speak-the-truth-or-die
https://zeffon.bandcamp.com/album/antarctic
https://zeffon.bandcamp.com/album/anti-ha-dless-sanderz-g-i-through-manipura-xii
https://zeffon.bandcamp.com/album/apathy
https://zeffon.bandcamp.com/album/applause
https://zeffon.bandcamp.com/album/apple
https://zeffon.bandcamp.com/album/arctic
https://zeffon.bandcamp.com/album/argusphase-demos
https://zeffon.bandcamp.com/album/artpiece-1
https://zeffon.bandcamp.com/album/artpiece-2
https://zeffon.bandcamp.com/album/ascii-beef-the-big-stick-xiv
https://zeffon.bandcamp.com/album/auragenerative-ep
https://zeffon.bandcamp.com/album/authenticity
https://zeffon.bandcamp.com/album/autumn-arcticx3-havoc-the-shard-of-graphene-jade-via-tomb-viii
https://zeffon.bandcamp.com/album/autumnx2-revlu-tr-nce-dub
https://zeffon.bandcamp.com/album/awaken
https://zeffon.bandcamp.com/album/axon-2
https://zeffon.bandcamp.com/album/azure-style-doll
https://zeffon.bandcamp.com/album/b-ever-changing
https://zeffon.bandcamp.com/album/b-malaise-malice-chaosfoundry-v-seasons-iv
https://zeffon.bandcamp.com/album/banished-to-wonder-whats-going-on
https://zeffon.bandcamp.com/album/behind-the-hands-that-feel-and-move
https://zeffon.bandcamp.com/album/bekblujay
https://zeffon.bandcamp.com/album/bell-voices-from-lake-my-son
https://zeffon.bandcamp.com/album/beluga-whale-stomach
https://zeffon.bandcamp.com/album/bera-mawr
https://zeffon.bandcamp.com/album/bera-mawr-part-ii
https://zeffon.bandcamp.com/album/beyond-the-realms-of-sharmiah
https://zeffon.bandcamp.com/album/bichimaera-isabelline
https://zeffon.bandcamp.com/album/bitter-almond-factories-given-substantial-gr-wth-via-khanate-modulation-ii
https://zeffon.bandcamp.com/album/bizarre-vu-vu-vu-box
https://zeffon.bandcamp.com/album/black-shroud-of-the-restorer
https://zeffon.bandcamp.com/album/black-waterfall
https://zeffon.bandcamp.com/album/blackened
https://zeffon.bandcamp.com/album/blood-drips-from-the-leaves
https://zeffon.bandcamp.com/album/blue-moon
https://zeffon.bandcamp.com/album/blue-tape
https://zeffon.bandcamp.com/album/bogman
https://zeffon.bandcamp.com/album/bopnotgoc-ver-puthahkkuo-o-der-pul
https://zeffon.bandcamp.com/album/born-anew
https://zeffon.bandcamp.com/album/born-to-confuse-a-skater-boy
https://zeffon.bandcamp.com/album/box
https://zeffon.bandcamp.com/album/box-i-2
https://zeffon.bandcamp.com/album/box-ii
https://zeffon.bandcamp.com/album/box-iii
https://zeffon.bandcamp.com/album/br-3-one-eight-nine-iq-u-trm-du-iv
https://zeffon.bandcamp.com/album/br-adcast-in-east-direction
https://zeffon.bandcamp.com/album/brainpan
https://zeffon.bandcamp.com/album/bre-hjma-and-za
https://zeffon.bandcamp.com/album/breathe-ahga-for-the-mire-mist-is-dense
https://zeffon.bandcamp.com/album/bring-about-end-of-chemical-attack
https://zeffon.bandcamp.com/album/bua-donar-para-nad
https://zeffon.bandcamp.com/album/burial-far-from-the-sea
https://zeffon.bandcamp.com/album/burning
https://zeffon.bandcamp.com/album/burning-blaze-autumn-x
https://zeffon.bandcamp.com/album/burning-blaze-autumn-xi
https://zeffon.bandcamp.com/album/but-only-if
https://zeffon.bandcamp.com/album/c-shift
https://zeffon.bandcamp.com/album/castle-dr-nsilane
https://zeffon.bandcamp.com/album/castle-ii-vanilla-vii
https://zeffon.bandcamp.com/album/catalyst
https://zeffon.bandcamp.com/album/catoblepas
https://zeffon.bandcamp.com/album/chagrin
https://zeffon.bandcamp.com/album/chalm-chrst-abu-lm-5-9
https://zeffon.bandcamp.com/album/change-tendency
https://zeffon.bandcamp.com/album/changes-buses-via-public-transit-and-catching-the-4045-6015
https://zeffon.bandcamp.com/album/chaosfoundry
https://zeffon.bandcamp.com/album/chaosfoundry-ii
https://zeffon.bandcamp.com/album/chaosfoundry-iii
https://zeffon.bandcamp.com/album/chaosfoundry-iv
https://zeffon.bandcamp.com/album/chaosfoundry-ix-diet-milk
https://zeffon.bandcamp.com/album/chaosfoundry-m37-oooko
https://zeffon.bandcamp.com/album/chaosfoundry-m669-peaches
https://zeffon.bandcamp.com/album/chaosfoundry-m71
https://zeffon.bandcamp.com/album/chaosfoundry-m72-10-82-43-cascadejraka
https://zeffon.bandcamp.com/album/chaosfoundry-m73
https://zeffon.bandcamp.com/album/chaosfoundry-m74-u82-30
https://zeffon.bandcamp.com/album/chaosfoundry-m75-the-queendom-of-ryce-ilhid
https://zeffon.bandcamp.com/album/chaosfoundry-m76-spring-equinox
https://zeffon.bandcamp.com/album/chaosfoundry-m77-rot-comes-from-mehi
https://zeffon.bandcamp.com/album/chaosfoundry-m78-sand-in-eyed
https://zeffon.bandcamp.com/album/chaosfoundry-m79-eiske-crackling-yell
https://zeffon.bandcamp.com/album/chaosfoundry-m80-a-trip-to-omhngres
https://zeffon.bandcamp.com/album/chaosfoundry-m81-creak
https://zeffon.bandcamp.com/album/chaosfoundry-o-i-h72-vbe
https://zeffon.bandcamp.com/album/chaosfoundry-o-ii-rsr
https://zeffon.bandcamp.com/album/chaosfoundry-o-iii-chefyien-y
https://zeffon.bandcamp.com/album/chaosfoundry-o-iv-new-belmury-kenschik-7429fd3
https://zeffon.bandcamp.com/album/chaosfoundry-vi-absorption
https://zeffon.bandcamp.com/album/chaosfoundry-vii-perfection
https://zeffon.bandcamp.com/album/chaosfoundry-viii-exfi
https://zeffon.bandcamp.com/album/chinese-purple
https://zeffon.bandcamp.com/album/christmas-album-1
https://zeffon.bandcamp.com/album/circle
https://zeffon.bandcamp.com/album/classical-mudman-h-z-pxysical-strength-to-putr-fe-46-bestow-a-m-let-46
https://zeffon.bandcamp.com/album/coille
https://zeffon.bandcamp.com/album/collapse
https://zeffon.bandcamp.com/album/come-here-red-eyes
https://zeffon.bandcamp.com/album/conan
https://zeffon.bandcamp.com/album/conartiste
https://zeffon.bandcamp.com/album/concern-and-a-mgra
https://zeffon.bandcamp.com/album/conflict-some-feelings
https://zeffon.bandcamp.com/album/contrast
https://zeffon.bandcamp.com/album/corruption
https://zeffon.bandcamp.com/album/course-of-action
https://zeffon.bandcamp.com/album/cowbell-mechanics
https://zeffon.bandcamp.com/album/cracks-and-crevices
https://zeffon.bandcamp.com/album/crashingi-narpala-n-ommradgg-h-bldoe-the-big-stick-iv
https://zeffon.bandcamp.com/album/crawl
https://zeffon.bandcamp.com/album/create-of-the-man
https://zeffon.bandcamp.com/album/crime-of-the-curious-adventurer
https://zeffon.bandcamp.com/album/crysalis-rie
https://zeffon.bandcamp.com/album/dark-gold
https://zeffon.bandcamp.com/album/dark-pearl-in-the-possession-of-hahri
https://zeffon.bandcamp.com/album/dark-sulphur
https://zeffon.bandcamp.com/album/dead-drums
https://zeffon.bandcamp.com/album/dead-drums-popular-propaganda-plus-tribal-politics-2
https://zeffon.bandcamp.com/album/dead-frequencies
https://zeffon.bandcamp.com/album/dead-souls-modulation-i
https://zeffon.bandcamp.com/album/dead-white-hand
https://zeffon.bandcamp.com/album/deatelgauze
https://zeffon.bandcamp.com/album/death-of-ancient-philosophy
https://zeffon.bandcamp.com/album/dedication-to-survival
https://zeffon.bandcamp.com/album/deemed-crazy
https://zeffon.bandcamp.com/album/dejper-r-h-terll-meab-nt
https://zeffon.bandcamp.com/album/delete-the-mouth-and-inhale
https://zeffon.bandcamp.com/album/demo-10
https://zeffon.bandcamp.com/album/demo-11
https://zeffon.bandcamp.com/album/demo-9-aqua-regia
https://zeffon.bandcamp.com/album/desert-stone
https://zeffon.bandcamp.com/album/desreverrorrim
https://zeffon.bandcamp.com/album/destruction-abounds
https://zeffon.bandcamp.com/album/devastation
https://zeffon.bandcamp.com/album/devourasevera
https://zeffon.bandcamp.com/album/dimensional-rift
https://zeffon.bandcamp.com/album/dire-dub
https://zeffon.bandcamp.com/album/dire-manipura-dub-2
https://zeffon.bandcamp.com/album/disaster-befell-the-strange
https://zeffon.bandcamp.com/album/disgraceful-conception
https://zeffon.bandcamp.com/album/dissolve
https://zeffon.bandcamp.com/album/dleifesor
https://zeffon.bandcamp.com/album/double-void-omnipotent
https://zeffon.bandcamp.com/album/dr-nsilaneswill
https://zeffon.bandcamp.com/album/dustgaze
https://zeffon.bandcamp.com/album/dynamix16
https://zeffon.bandcamp.com/album/ear
https://zeffon.bandcamp.com/album/earthquake
https://zeffon.bandcamp.com/album/ecconoma-paclka
https://zeffon.bandcamp.com/album/ecnc
https://zeffon.bandcamp.com/album/effnzeffon-ab
https://zeffon.bandcamp.com/album/effnzeffon-ac
https://zeffon.bandcamp.com/album/effnzeffon-adx
https://zeffon.bandcamp.com/album/efonip-laiumi-ver-kroaktce
https://zeffon.bandcamp.com/album/efonk-zeffunk-a
https://zeffon.bandcamp.com/album/efonk-zeffunk-b
https://zeffon.bandcamp.com/album/efonk-zeffunk-c
https://zeffon.bandcamp.com/album/efonk-zeffunk-d
https://zeffon.bandcamp.com/album/el-voz
https://zeffon.bandcamp.com/album/el-voz-shadow
https://zeffon.bandcamp.com/album/electric-asylum
https://zeffon.bandcamp.com/album/elusive-bt-7-part-i
https://zeffon.bandcamp.com/album/elusive-bt-7-part-ii
https://zeffon.bandcamp.com/album/endig-s-promo
https://zeffon.bandcamp.com/album/endu-1333
https://zeffon.bandcamp.com/album/enhancement
https://zeffon.bandcamp.com/album/epipogium-aphyllum
https://zeffon.bandcamp.com/album/essence-manipura-32
https://zeffon.bandcamp.com/album/exechia-nugatoria
https://zeffon.bandcamp.com/album/exer-ise
https://zeffon.bandcamp.com/album/exercise-08-o
https://zeffon.bandcamp.com/album/exercise-caution
https://zeffon.bandcamp.com/album/exp
https://zeffon.bandcamp.com/album/experience
https://zeffon.bandcamp.com/album/experiment
https://zeffon.bandcamp.com/album/eyes
https://zeffon.bandcamp.com/album/eyes-and-lips-roaming-in-the-foothills-autumn-i
https://zeffon.bandcamp.com/album/factory-man
https://zeffon.bandcamp.com/album/fair-bit-of-light-the-winter-stares-at-spring
https://zeffon.bandcamp.com/album/fate
https://zeffon.bandcamp.com/album/fh7-zh7
https://zeffon.bandcamp.com/album/flight-of-the-ivramoth
https://zeffon.bandcamp.com/album/florsihh
https://zeffon.bandcamp.com/album/fluid-compression
https://zeffon.bandcamp.com/album/fomitiporia-ellipsoidea
https://zeffon.bandcamp.com/album/for-the-dead-a-song-of-permafrost
https://zeffon.bandcamp.com/album/for-the-health-of-the-state-please-whistle
https://zeffon.bandcamp.com/album/forest-demons
https://zeffon.bandcamp.com/album/forest-end-opreopaque
https://zeffon.bandcamp.com/album/forest-of-joy
https://zeffon.bandcamp.com/album/forward
https://zeffon.bandcamp.com/album/found-stripped-of-dignified-time-shorelines-ii-alt
https://zeffon.bandcamp.com/album/freaks-and-their-attitude
https://zeffon.bandcamp.com/album/freezing-temperatures
https://zeffon.bandcamp.com/album/frogcatcher
https://zeffon.bandcamp.com/album/from-a-place-of-love
https://zeffon.bandcamp.com/album/frost-and-ongoing-war-against-environment-iii
https://zeffon.bandcamp.com/album/frozen-status
https://zeffon.bandcamp.com/album/fruitless-harvest-moon
https://zeffon.bandcamp.com/album/generys-miasma
https://zeffon.bandcamp.com/album/geno-radiativ-toxa
https://zeffon.bandcamp.com/album/ger-peratr-am-iobasti
https://zeffon.bandcamp.com/album/gets-under-your-skin
https://zeffon.bandcamp.com/album/glorious-jala
https://zeffon.bandcamp.com/album/golden-cavern
https://zeffon.bandcamp.com/album/golden-hypothesis
https://zeffon.bandcamp.com/album/graghgorra
https://zeffon.bandcamp.com/album/grass-in-the-early-earthquake-dub
https://zeffon.bandcamp.com/album/gratitude
https://zeffon.bandcamp.com/album/greenery
https://zeffon.bandcamp.com/album/grey-fascination
https://zeffon.bandcamp.com/album/grey-fire
https://zeffon.bandcamp.com/album/greyho-lad
https://zeffon.bandcamp.com/album/grievances
https://zeffon.bandcamp.com/album/group-therapy
https://zeffon.bandcamp.com/album/guinea-sleeper-1
https://zeffon.bandcamp.com/album/h-42-52
https://zeffon.bandcamp.com/album/h2
https://zeffon.bandcamp.com/album/habitual-temporary
https://zeffon.bandcamp.com/album/hands-in-the-water
https://zeffon.bandcamp.com/album/happening-tomorrow
https://zeffon.bandcamp.com/album/harvest
https://zeffon.bandcamp.com/album/he-is-who-i-think-he-is
https://zeffon.bandcamp.com/album/he-metk-ber-y-dh
https://zeffon.bandcamp.com/album/headhunter
https://zeffon.bandcamp.com/album/heaven-is-far-away-heel-9
https://zeffon.bandcamp.com/album/heeheej-advance-promo
https://zeffon.bandcamp.com/album/heesarotruna
https://zeffon.bandcamp.com/album/held-captive-m-rcahhdeo-of-obs-ra
https://zeffon.bandcamp.com/album/hell-togohehe
https://zeffon.bandcamp.com/album/hemrg
https://zeffon.bandcamp.com/album/heuyrrr-gahngohn
https://zeffon.bandcamp.com/album/hgns
https://zeffon.bandcamp.com/album/hidden-fast-vines
https://zeffon.bandcamp.com/album/hip-my-gif-len-de-lessin-a-reunion-modulation-iii
https://zeffon.bandcamp.com/album/hishveru
https://zeffon.bandcamp.com/album/historical-document
https://zeffon.bandcamp.com/album/history-of-the-new-world
https://zeffon.bandcamp.com/album/hiu-grhakksy
https://zeffon.bandcamp.com/album/holy-music
https://zeffon.bandcamp.com/album/horizontal-grave
https://zeffon.bandcamp.com/album/horror
https://zeffon.bandcamp.com/album/hot-tree-shade-and-mire-groen
https://zeffon.bandcamp.com/album/howreal-mredit-tribe
https://zeffon.bandcamp.com/album/howtriver-g00daristatrbasm
https://zeffon.bandcamp.com/album/hr-tyu-modrg-veracity-the-big-stick-xi
https://zeffon.bandcamp.com/album/hru-3-the-irritatingly-similar-version-of-dental-w-rk
https://zeffon.bandcamp.com/album/hru-5-and-then-seen
https://zeffon.bandcamp.com/album/hte-she-wanted-something-different
https://zeffon.bandcamp.com/album/hu-pthrajamirjo
https://zeffon.bandcamp.com/album/human-voice
https://zeffon.bandcamp.com/album/humpty-dumpty-enz-d-d-the-big-stick-viii
https://zeffon.bandcamp.com/album/i-am-the-health-of-the-crimson-lotus-so-saith-i-tape-10
https://zeffon.bandcamp.com/album/i-dance-4-you
https://zeffon.bandcamp.com/album/i-devour-for-the-sake-of-l-ve
https://zeffon.bandcamp.com/album/i-hear-birds
https://zeffon.bandcamp.com/album/i-know-nothing-regarding-the-state-secrets
https://zeffon.bandcamp.com/album/i-sol
https://zeffon.bandcamp.com/album/i-will-be
https://zeffon.bandcamp.com/album/ignore
https://zeffon.bandcamp.com/album/ii
https://zeffon.bandcamp.com/album/ii-beware-anticipation
https://zeffon.bandcamp.com/album/iii
https://zeffon.bandcamp.com/album/ijumadasce
https://zeffon.bandcamp.com/album/ill-be-joining-the-military-police-manipura-xiv
https://zeffon.bandcamp.com/album/industrial-sector
https://zeffon.bandcamp.com/album/intpreatchaton-dar-sulka
https://zeffon.bandcamp.com/album/inversion
https://zeffon.bandcamp.com/album/irote-e-feri-brautium
https://zeffon.bandcamp.com/album/jennifer
https://zeffon.bandcamp.com/album/jubedya
https://zeffon.bandcamp.com/album/jumadag-di-rii
https://zeffon.bandcamp.com/album/jumpi-n-medexx
https://zeffon.bandcamp.com/album/karl-tube
https://zeffon.bandcamp.com/album/keeping-the-geogr-pher-could-spe-k-masks-fool-the-river-into-flowing-east-krgeogr-s-ys
https://zeffon.bandcamp.com/album/kelu
https://zeffon.bandcamp.com/album/kerv-k-hstanderelictanmast
https://zeffon.bandcamp.com/album/key-reveal-the-door
https://zeffon.bandcamp.com/album/kilamacha-and-the-smallest-sovereign-territory
https://zeffon.bandcamp.com/album/killing-words
https://zeffon.bandcamp.com/album/kingdom-in-the-silk-road
https://zeffon.bandcamp.com/album/kiss-of-death-autumn-viii
https://zeffon.bandcamp.com/album/klimqaxis
https://zeffon.bandcamp.com/album/knee-hard
https://zeffon.bandcamp.com/album/kol
https://zeffon.bandcamp.com/album/krafty-dub
https://zeffon.bandcamp.com/album/krafty-soup
https://zeffon.bandcamp.com/album/kremkruta-tr-umije
https://zeffon.bandcamp.com/album/l-p-s-mpl-v-rs-n-j-d
https://zeffon.bandcamp.com/album/l-x
https://zeffon.bandcamp.com/album/lapis-lapis
https://zeffon.bandcamp.com/album/large-moon-music
https://zeffon.bandcamp.com/album/large-moon-musick
https://zeffon.bandcamp.com/album/lava
https://zeffon.bandcamp.com/album/leaves-and-honey-the-big-stick-iii
https://zeffon.bandcamp.com/album/lets-do-it
https://zeffon.bandcamp.com/album/liberty-flag
https://zeffon.bandcamp.com/album/libraria
https://zeffon.bandcamp.com/album/libraria-2
https://zeffon.bandcamp.com/album/libraria-3
https://zeffon.bandcamp.com/album/libraria-4-sudden-gag
https://zeffon.bandcamp.com/album/light-footed-knee-dub
https://zeffon.bandcamp.com/album/limbo
https://zeffon.bandcamp.com/album/lip-friction-moves
https://zeffon.bandcamp.com/album/lithium-metal
https://zeffon.bandcamp.com/album/liu-mrjattas-mjata-us
https://zeffon.bandcamp.com/album/lofi-zeffon-manipura-7
https://zeffon.bandcamp.com/album/longbow
https://zeffon.bandcamp.com/album/lotona
https://zeffon.bandcamp.com/album/lotus
https://zeffon.bandcamp.com/album/lotus-says-to-ignore
https://zeffon.bandcamp.com/album/lousip-pa-purchase
https://zeffon.bandcamp.com/album/ma-chamuto-tran-vi-perlltra
https://zeffon.bandcamp.com/album/mach-iuna
https://zeffon.bandcamp.com/album/magick
https://zeffon.bandcamp.com/album/maiduex-demo
https://zeffon.bandcamp.com/album/maledicta
https://zeffon.bandcamp.com/album/mangopool-s01-dream
https://zeffon.bandcamp.com/album/manipura-10-2
https://zeffon.bandcamp.com/album/manipura-11
https://zeffon.bandcamp.com/album/manipura-12
https://zeffon.bandcamp.com/album/manipura-13
https://zeffon.bandcamp.com/album/manipura-16-tragically-p-vse-ants-reduce-as-and-then-ashes
https://zeffon.bandcamp.com/album/manipura-2
https://zeffon.bandcamp.com/album/manipura-3
https://zeffon.bandcamp.com/album/manipura-4
https://zeffon.bandcamp.com/album/manipura-5
https://zeffon.bandcamp.com/album/manipura-6
https://zeffon.bandcamp.com/album/manipura-8
https://zeffon.bandcamp.com/album/manipura-9-2
https://zeffon.bandcamp.com/album/manipura-dub
https://zeffon.bandcamp.com/album/mark-of-the-beast-2
https://zeffon.bandcamp.com/album/masses
https://zeffon.bandcamp.com/album/massive-mudman-dub
https://zeffon.bandcamp.com/album/matheus
https://zeffon.bandcamp.com/album/mercury-in-my-blood
https://zeffon.bandcamp.com/album/merit-tyu
https://zeffon.bandcamp.com/album/meyga-the-dragon-taunts-dr-nsilane-at-the-base-of-the-tree
https://zeffon.bandcamp.com/album/midi-doesnt-like-you-midi-doesnt-like-your-ledge-for-towel
https://zeffon.bandcamp.com/album/midi-likes-you
https://zeffon.bandcamp.com/album/midi-without-a-soul-no-1
https://zeffon.bandcamp.com/album/midi-without-a-soul-no-2
https://zeffon.bandcamp.com/album/midi-without-a-soul-no-3
https://zeffon.bandcamp.com/album/mini-shadows
https://zeffon.bandcamp.com/album/mint-leaf-understood-by-exploitation-films-about-cannibals-christmas-time
https://zeffon.bandcamp.com/album/mirror-dr-nk
https://zeffon.bandcamp.com/album/mist
https://zeffon.bandcamp.com/album/mistakes-trouble-sheer-majesty
https://zeffon.bandcamp.com/album/moderate-scarring-saaatraaaa
https://zeffon.bandcamp.com/album/mokrt-the-shroud-of-the-multiplier-of-shapes-gold
https://zeffon.bandcamp.com/album/monsoon
https://zeffon.bandcamp.com/album/moon-cult
https://zeffon.bandcamp.com/album/moon-cult-ii
https://zeffon.bandcamp.com/album/morgan-ter-senbrahi
https://zeffon.bandcamp.com/album/mrrr-56
https://zeffon.bandcamp.com/album/muddy-swamp-cipher-iv-5
https://zeffon.bandcamp.com/album/music-for-the-burning-sun
https://zeffon.bandcamp.com/album/music-for-your-phone-speaker-manipura-1
https://zeffon.bandcamp.com/album/n-or-the-preachers-latitude-after-the-spiral-of-the-gracious
https://zeffon.bandcamp.com/album/nacadjaedmat-omwe
https://zeffon.bandcamp.com/album/naju-colurcoradu-urg-hr-r-hnd-sie
https://zeffon.bandcamp.com/album/nan-plain-amongst
https://zeffon.bandcamp.com/album/national-safety-concern
https://zeffon.bandcamp.com/album/necessary-foliage
https://zeffon.bandcamp.com/album/neosporin-cavity-xv
https://zeffon.bandcamp.com/album/night-time
https://zeffon.bandcamp.com/album/no-more-slaughter
https://zeffon.bandcamp.com/album/noffez-ep
https://zeffon.bandcamp.com/album/nomm-u-treo-buhreolan-trrgha-ost-nji-paraletytri-s
https://zeffon.bandcamp.com/album/nonsens-2-ab-ntgr-de-battlements
https://zeffon.bandcamp.com/album/normal-autumn
https://zeffon.bandcamp.com/album/nuia-terra
https://zeffon.bandcamp.com/album/numb-to-shapes-contacting-you
https://zeffon.bandcamp.com/album/oasimeeratara
https://zeffon.bandcamp.com/album/obscured
https://zeffon.bandcamp.com/album/obstrucktion
https://zeffon.bandcamp.com/album/obvious-omission-left-for-all-to-see
https://zeffon.bandcamp.com/album/odditt-heipaah-i-have-no-money-said-the-mysterious-hunchbacked-traveler
https://zeffon.bandcamp.com/album/old-order-of-authoritative-scribe
https://zeffon.bandcamp.com/album/omega
https://zeffon.bandcamp.com/album/omnipotent
https://zeffon.bandcamp.com/album/onto-more-and-more
https://zeffon.bandcamp.com/album/opehla
https://zeffon.bandcamp.com/album/open-cuts-through-the-gamma-crust
https://zeffon.bandcamp.com/album/open-eye-autumn-xii
https://zeffon.bandcamp.com/album/oropelera
https://zeffon.bandcamp.com/album/otd-rgraum
https://zeffon.bandcamp.com/album/our-finest-bread-and-flowers
https://zeffon.bandcamp.com/album/over-and-around
https://zeffon.bandcamp.com/album/ozca
https://zeffon.bandcamp.com/album/p-f
https://zeffon.bandcamp.com/album/painted-thermokarst
https://zeffon.bandcamp.com/album/paralyzing-glare-brought-upon-the-guard
https://zeffon.bandcamp.com/album/pathier
https://zeffon.bandcamp.com/album/pazxama
https://zeffon.bandcamp.com/album/perfect-night
https://zeffon.bandcamp.com/album/permanent-acts
https://zeffon.bandcamp.com/album/pestilence
https://zeffon.bandcamp.com/album/phantom-fire
https://zeffon.bandcamp.com/album/phantoms-wave-in-the-wind
https://zeffon.bandcamp.com/album/phosphorus
https://zeffon.bandcamp.com/album/pig
https://zeffon.bandcamp.com/album/piles-of-bones
https://zeffon.bandcamp.com/album/pinishian-muzak-xvi
https://zeffon.bandcamp.com/album/pink-blossom-by-pond
https://zeffon.bandcamp.com/album/pink-sky
https://zeffon.bandcamp.com/album/places-to-rest-and-contemplate
https://zeffon.bandcamp.com/album/plants-growing-through-sand
https://zeffon.bandcamp.com/album/point-to-the-sky
https://zeffon.bandcamp.com/album/poison
https://zeffon.bandcamp.com/album/poison-awake
https://zeffon.bandcamp.com/album/power-to-the-azure-and-working-classes
https://zeffon.bandcamp.com/album/ppo-or
https://zeffon.bandcamp.com/album/prehistoric-65-million-years-ago
https://zeffon.bandcamp.com/album/profiteering-side-issues
https://zeffon.bandcamp.com/album/program
https://zeffon.bandcamp.com/album/program-29
https://zeffon.bandcamp.com/album/program-32
https://zeffon.bandcamp.com/album/proof-of-concept
https://zeffon.bandcamp.com/album/prophecies-of-doom
https://zeffon.bandcamp.com/album/protection-from-harm
https://zeffon.bandcamp.com/album/protein-parade-in-zee-za-re-park
https://zeffon.bandcamp.com/album/proteins
https://zeffon.bandcamp.com/album/proteins-9
https://zeffon.bandcamp.com/album/psoty-chaosfoundry-m70
https://zeffon.bandcamp.com/album/psychics
https://zeffon.bandcamp.com/album/ptot-l-nfirm
https://zeffon.bandcamp.com/album/purchase
https://zeffon.bandcamp.com/album/pure
https://zeffon.bandcamp.com/album/purgatory
https://zeffon.bandcamp.com/album/pxaocrun
https://zeffon.bandcamp.com/album/q-ii
https://zeffon.bandcamp.com/album/quell-ont-m-a-harproam
https://zeffon.bandcamp.com/album/quicksand-trap-xi
https://zeffon.bandcamp.com/album/radiation-safety
https://zeffon.bandcamp.com/album/radio
https://zeffon.bandcamp.com/album/rah
https://zeffon.bandcamp.com/album/razor-cut-lsreullah-no-1
https://zeffon.bandcamp.com/album/re-amble-feasting-on-the-magic-spamming-berry
https://zeffon.bandcamp.com/album/red-rose-arc
https://zeffon.bandcamp.com/album/reel-version-1
https://zeffon.bandcamp.com/album/reel-version-2-2
https://zeffon.bandcamp.com/album/refea-lese-labor-theme
https://zeffon.bandcamp.com/album/relicaw
https://zeffon.bandcamp.com/album/religion
https://zeffon.bandcamp.com/album/religioss-semn-ns-fu-r-ha-rd-head-of-hearing
https://zeffon.bandcamp.com/album/resa-realm
https://zeffon.bandcamp.com/album/resolve
https://zeffon.bandcamp.com/album/reversed-womb-of-conjoined-laylepsulah-and-maa-no-1
https://zeffon.bandcamp.com/album/revv-l-b-luga-h-le-m-erdt-0111-0010-the-big-stick-ix
https://zeffon.bandcamp.com/album/rose-field
https://zeffon.bandcamp.com/album/rotating-brown-star-eye
https://zeffon.bandcamp.com/album/rust-gold
https://zeffon.bandcamp.com/album/rust-gold-is-a-sigma-of-proper-ritualistic-experiences-through-necessity
https://zeffon.bandcamp.com/album/s-artist-10-an-d-pcm-and-the-news-c-m-s-viadia-chanel22-r-did-the-mayans-know-about-americas-favorite-xmas-cookie
https://zeffon.bandcamp.com/album/s-fy-autumn-ix
https://zeffon.bandcamp.com/album/sacrifice-2
https://zeffon.bandcamp.com/album/sage-alone-on-a-new-island
https://zeffon.bandcamp.com/album/salt
https://zeffon.bandcamp.com/album/salt-of-the-earth
https://zeffon.bandcamp.com/album/sand
https://zeffon.bandcamp.com/album/santa-iohro-ko-47-2-ko-cassettes-for-the-december-holidays
https://zeffon.bandcamp.com/album/saturnine-autumn-xiii
https://zeffon.bandcamp.com/album/save-the-planet
https://zeffon.bandcamp.com/album/saxis-informibus-helicem-continentis-superbiam-pertinet-mantis-the-big-stick-vi
https://zeffon.bandcamp.com/album/saxis-warden-the-big-stick-vii
https://zeffon.bandcamp.com/album/search
https://zeffon.bandcamp.com/album/secondary-proteins
https://zeffon.bandcamp.com/album/secret
https://zeffon.bandcamp.com/album/sense-of-smell
https://zeffon.bandcamp.com/album/senseless-fighting
https://zeffon.bandcamp.com/album/serenade-for-the-dead-autumn-v
https://zeffon.bandcamp.com/album/shady-zuoo
https://zeffon.bandcamp.com/album/shards-of-ketchup-metal
https://zeffon.bandcamp.com/album/sheep-cotton
https://zeffon.bandcamp.com/album/shocker-infiltration-strategy
https://zeffon.bandcamp.com/album/shorelines-i
https://zeffon.bandcamp.com/album/shorelines-ii
https://zeffon.bandcamp.com/album/shorelines-iii
https://zeffon.bandcamp.com/album/shorelines-iv
https://zeffon.bandcamp.com/album/shorelines-v-wheat-for-the-big-stick-xi
https://zeffon.bandcamp.com/album/shorelines-vi-or-orshaiee-festival-tables-with-feasts-grow-wings
https://zeffon.bandcamp.com/album/shorelines-vii-pranks-of-bloodswords
https://zeffon.bandcamp.com/album/signal-radar-food
https://zeffon.bandcamp.com/album/signal-radar-ration
https://zeffon.bandcamp.com/album/signal-radar-ration-2
https://zeffon.bandcamp.com/album/silence-is-the-golden-principle
https://zeffon.bandcamp.com/album/silence-of-the-unseen-mudman
https://zeffon.bandcamp.com/album/silent-spring-of-mzweet-water
https://zeffon.bandcamp.com/album/silver-demo
https://zeffon.bandcamp.com/album/snow-1
https://zeffon.bandcamp.com/album/snow-zombies-vi
https://zeffon.bandcamp.com/album/social-cues
https://zeffon.bandcamp.com/album/soda-chalk-cliff
https://zeffon.bandcamp.com/album/sogidne
https://zeffon.bandcamp.com/album/soilrescentaija
https://zeffon.bandcamp.com/album/solar-flare
https://zeffon.bandcamp.com/album/solarpunk
https://zeffon.bandcamp.com/album/some-org
https://zeffon.bandcamp.com/album/something-wicked
https://zeffon.bandcamp.com/album/son-hra
https://zeffon.bandcamp.com/album/songs-of-the-dark-earth
https://zeffon.bandcamp.com/album/sound-of-fingers-on-wood
https://zeffon.bandcamp.com/album/source-of-the-flow
https://zeffon.bandcamp.com/album/sov
https://zeffon.bandcamp.com/album/spleen-knuckle-ruptured-stomach
https://zeffon.bandcamp.com/album/srf020
https://zeffon.bandcamp.com/album/sro-it-dero-latru-m
https://zeffon.bandcamp.com/album/stagourosrays
https://zeffon.bandcamp.com/album/star-trooper
https://zeffon.bandcamp.com/album/state-efforts-and-various-earthquakes
https://zeffon.bandcamp.com/album/state-of-being-idjuhiji
https://zeffon.bandcamp.com/album/state-of-mind
https://zeffon.bandcamp.com/album/state-of-the-world
https://zeffon.bandcamp.com/album/stomach
https://zeffon.bandcamp.com/album/stone-man
https://zeffon.bandcamp.com/album/stormbringer
https://zeffon.bandcamp.com/album/strange-day
https://zeffon.bandcamp.com/album/strawberry-mudman-dub
https://zeffon.bandcamp.com/album/striving-for-kindness
https://zeffon.bandcamp.com/album/stuka-food
https://zeffon.bandcamp.com/album/sublime
https://zeffon.bandcamp.com/album/sug-r-taffy-shorelines-viii
https://zeffon.bandcamp.com/album/summary-of-grady-way-a-collection-of-noise
https://zeffon.bandcamp.com/album/surf-is-ag-inzst-the-state
https://zeffon.bandcamp.com/album/sys000-the-big-stick-x
https://zeffon.bandcamp.com/album/system-no-1
https://zeffon.bandcamp.com/album/system-no-2
https://zeffon.bandcamp.com/album/t-ut-up-lt-f-nt-u-the-big-stick-xxiv
https://zeffon.bandcamp.com/album/tape-11
https://zeffon.bandcamp.com/album/tape-12
https://zeffon.bandcamp.com/album/tape-8
https://zeffon.bandcamp.com/album/tape-9
https://zeffon.bandcamp.com/album/te-ya-blood-shrouyd
https://zeffon.bandcamp.com/album/telescope-autumn-vii
https://zeffon.bandcamp.com/album/temple-of-the-sun
https://zeffon.bandcamp.com/album/terrify-kingdom
https://zeffon.bandcamp.com/album/tertiary-proteins-1
https://zeffon.bandcamp.com/album/tertiary-proteins-2
https://zeffon.bandcamp.com/album/tertiary-proteins-3
https://zeffon.bandcamp.com/album/the-art-of-being-a-man-with-morals-tolerance-or-finger-joints
https://zeffon.bandcamp.com/album/the-big-stick
https://zeffon.bandcamp.com/album/the-big-stick-v
https://zeffon.bandcamp.com/album/the-big-stick-xii
https://zeffon.bandcamp.com/album/the-big-stick-xiii
https://zeffon.bandcamp.com/album/the-broken-wheel
https://zeffon.bandcamp.com/album/the-chamber-is-mushroom-enjoyable-without-you-cassie-has-the-big-stick-xxiii
https://zeffon.bandcamp.com/album/the-copper-alloy
https://zeffon.bandcamp.com/album/the-crash-that-occurred-at-terra-skull-i-5
https://zeffon.bandcamp.com/album/the-creation
https://zeffon.bandcamp.com/album/the-demon-hunter-gets-trapped-in-the-evil-mist-and-becomes-a-worm
https://zeffon.bandcamp.com/album/the-divine-properties-of-copper
https://zeffon.bandcamp.com/album/the-excavation-pt-1
https://zeffon.bandcamp.com/album/the-excavation-pt-2
https://zeffon.bandcamp.com/album/the-extremely-hairy-man
https://zeffon.bandcamp.com/album/the-great-communication-in-the-sky-of-the-creators-wooden-teeth
https://zeffon.bandcamp.com/album/the-house-of-bera-mawr
https://zeffon.bandcamp.com/album/the-mysterious-package
https://zeffon.bandcamp.com/album/the-nt-fnl-bhg-st-cxk-no-12-baje-yield-eeze
https://zeffon.bandcamp.com/album/the-ocean-is-a-demon
https://zeffon.bandcamp.com/album/the-secret-eye-of-olici
https://zeffon.bandcamp.com/album/the-seraph-territories-atrocity
https://zeffon.bandcamp.com/album/the-shadow-exists-to-hide-the-entrance-chaosfoundry-m47
https://zeffon.bandcamp.com/album/the-sun-departs
https://zeffon.bandcamp.com/album/the-sun-moves
https://zeffon.bandcamp.com/album/the-system-is-trash
https://zeffon.bandcamp.com/album/the-temple-of-water
https://zeffon.bandcamp.com/album/the-troubled-cat
https://zeffon.bandcamp.com/album/the-unanswered-question
https://zeffon.bandcamp.com/album/the-unburied-sulka-town-exists-in-this-oblivi-s-realm-due-to-its-unfollowing-nature-that-allows-it-to-be-as-mist-pen-ing-m-d-ration-via-cia-and-spl-wz-at-evening-eventide-ix
https://zeffon.bandcamp.com/album/the-valley-of-the-dead
https://zeffon.bandcamp.com/album/the-white-magick-factory
https://zeffon.bandcamp.com/album/thematik-music-for-friends
https://zeffon.bandcamp.com/album/thj-mayrhhij-fer-zeinuss-dulaopmaai
https://zeffon.bandcamp.com/album/those-who-know-the-necessitated-frost
https://zeffon.bandcamp.com/album/tibell-j-heemaghtri-pan-bell-5-haroaundik
https://zeffon.bandcamp.com/album/tibet
https://zeffon.bandcamp.com/album/tin-can-part-i
https://zeffon.bandcamp.com/album/tin-can-part-ii
https://zeffon.bandcamp.com/album/to-gather
https://zeffon.bandcamp.com/album/to-the-end-of-discrimination-and-what-it-represents-in-the-mist
https://zeffon.bandcamp.com/album/too-faar
https://zeffon.bandcamp.com/album/trace-massive
https://zeffon.bandcamp.com/album/tragedies-of-knowing-too-much
https://zeffon.bandcamp.com/album/tree-being
https://zeffon.bandcamp.com/album/triangle
https://zeffon.bandcamp.com/album/trib-al-t-me-un-the-bruns
https://zeffon.bandcamp.com/album/tribal-sector
https://zeffon.bandcamp.com/album/trth-iu-dh-prote-nsa
https://zeffon.bandcamp.com/album/true-form-of-eye
https://zeffon.bandcamp.com/album/truly-a-shame
https://zeffon.bandcamp.com/album/tuhaw
https://zeffon.bandcamp.com/album/tuhigpl-fen-2
https://zeffon.bandcamp.com/album/turned-all-to-stone
https://zeffon.bandcamp.com/album/ultra-religion
https://zeffon.bandcamp.com/album/ultra-revenence
https://zeffon.bandcamp.com/album/ultraviolence
https://zeffon.bandcamp.com/album/ultuytraiun-effort-opp-3
https://zeffon.bandcamp.com/album/unatikmock-in-the-evil-forest
https://zeffon.bandcamp.com/album/undead-and-spiritual-anomalies
https://zeffon.bandcamp.com/album/unknown
https://zeffon.bandcamp.com/album/unknown-beast
https://zeffon.bandcamp.com/album/unknown-falls
https://zeffon.bandcamp.com/album/unstrewn-cavern-forest-ghost-under-weird-forest
https://zeffon.bandcamp.com/album/untitled
https://zeffon.bandcamp.com/album/untitled-13
https://zeffon.bandcamp.com/album/untitled-19
https://zeffon.bandcamp.com/album/untitled-5
https://zeffon.bandcamp.com/album/urbain-ghra
https://zeffon.bandcamp.com/album/urbanize-glaciate
https://zeffon.bandcamp.com/album/urg-hr-valeriseolemni
https://zeffon.bandcamp.com/album/v-breaks-the-juice-thermo-gravpyrid
https://zeffon.bandcamp.com/album/valentine
https://zeffon.bandcamp.com/album/variable-trauma
https://zeffon.bandcamp.com/album/vegetable-moon-sage
https://zeffon.bandcamp.com/album/vicious-human-cycle
https://zeffon.bandcamp.com/album/viiib-autumn-vi
https://zeffon.bandcamp.com/album/violence-asylum-and-its-martial-anthems
https://zeffon.bandcamp.com/album/visual-decay
https://zeffon.bandcamp.com/album/void
https://zeffon.bandcamp.com/album/voyager
https://zeffon.bandcamp.com/album/w-the-big-stick-xv
https://zeffon.bandcamp.com/album/waft
https://zeffon.bandcamp.com/album/water-may-to-the-reed
https://zeffon.bandcamp.com/album/water-punch-the-big-stick-xxv
https://zeffon.bandcamp.com/album/we-are-all-regular-nice-people
https://zeffon.bandcamp.com/album/we-have-visuals
https://zeffon.bandcamp.com/album/we-want-democratic-socialism
https://zeffon.bandcamp.com/album/weird-forest
https://zeffon.bandcamp.com/album/welcome
https://zeffon.bandcamp.com/album/what-does-your-hand-find
https://zeffon.bandcamp.com/album/white-tape
https://zeffon.bandcamp.com/album/wild-berries-cling-to-the-grapevines
https://zeffon.bandcamp.com/album/wilderness
https://zeffon.bandcamp.com/album/wounded-land
https://zeffon.bandcamp.com/album/wysteriascape
https://zeffon.bandcamp.com/album/x
https://zeffon.bandcamp.com/album/x-ray-meets-zeffon-for-another-time
https://zeffon.bandcamp.com/album/xerocole
https://zeffon.bandcamp.com/album/xezbr
https://zeffon.bandcamp.com/album/xhupa
https://zeffon.bandcamp.com/album/yes-yes-no
https://zeffon.bandcamp.com/album/yet-another-dimension
https://zeffon.bandcamp.com/album/you-in-the-gathering-this-strange-coconut-year
https://zeffon.bandcamp.com/album/you-remind-me-of-him
https://zeffon.bandcamp.com/album/zeff-n
https://zeffon.bandcamp.com/album/zeffen-im-prha-der-to-der-sulka-mentstro-i-maarr-lowlands
https://zeffon.bandcamp.com/album/zeffon-belauzzv-inssion-via-der-to-date-of-holiness
https://zeffon.bandcamp.com/album/zeffon-continues-to-travel-apocalypse
https://zeffon.bandcamp.com/album/zeffon-meets-dr-x
https://zeffon.bandcamp.com/album/zeffon-zygmythkaupt
https://zeffon.bandcamp.com/album/zeffons-3-best-music-on-tape-the-big-stick-ii
https://zeffon.bandcamp.com/album/zennias-the-big-stick-xxii
https://zeffon.bandcamp.com/album/zephyria-boujia
https://zeffon.bandcamp.com/album/zoftnlorazedhtainrcoebteyuriunegtarirlfeftoferhjeqtn-xiii
