https://marhaug.bandcamp.com/album/alive-2007
https://marhaug.bandcamp.com/album/all-music-at-once-2010
https://marhaug.bandcamp.com/album/angular-mass-2015
https://marhaug.bandcamp.com/album/april-15th-2020
https://marhaug.bandcamp.com/album/beauty-without-mercy-2010
https://marhaug.bandcamp.com/album/bella-tenebrosa-2003
https://marhaug.bandcamp.com/album/brakhage-2005
https://marhaug.bandcamp.com/album/bring-me-the-head-of-lasse-marhaug-2004
https://marhaug.bandcamp.com/album/capsaicin-2018
https://marhaug.bandcamp.com/album/carnival-of-souls-2005
https://marhaug.bandcamp.com/album/context
https://marhaug.bandcamp.com/album/document-2007
https://marhaug.bandcamp.com/album/ear-era-2008
https://marhaug.bandcamp.com/album/four-seasons-only-winter-2020
https://marhaug.bandcamp.com/album/harmonia-macrocosmica-2020
https://marhaug.bandcamp.com/album/harpoon-2017
https://marhaug.bandcamp.com/album/hell-is-empty-2006
https://marhaug.bandcamp.com/album/if-the-revolution-could-start-right-now-2007
https://marhaug.bandcamp.com/album/its-not-the-end-of-the-world-2007
https://marhaug.bandcamp.com/album/kalpa
https://marhaug.bandcamp.com/album/lensherrer-og-prelater-2019
https://marhaug.bandcamp.com/album/mer-mar-2012
https://marhaug.bandcamp.com/album/music-for-gardening-2009
https://marhaug.bandcamp.com/album/naga-mountain
https://marhaug.bandcamp.com/album/nothing-but-sound-from-now-2001
https://marhaug.bandcamp.com/album/objects-to-be-destroyed-2018
https://marhaug.bandcamp.com/album/on-the-silver-globe-2017
https://marhaug.bandcamp.com/album/outside-of-mount-meru-2018
https://marhaug.bandcamp.com/album/primeval-man-born-of-the-cosmic-egg-2013
https://marhaug.bandcamp.com/album/provoke
https://marhaug.bandcamp.com/album/quality-control-2007
https://marhaug.bandcamp.com/album/quantum-entanglement-2014
https://marhaug.bandcamp.com/album/re-make-re-model
https://marhaug.bandcamp.com/album/science-fiction-room-service-1996
https://marhaug.bandcamp.com/album/soul-stream-2015
https://marhaug.bandcamp.com/album/super-single-2013
https://marhaug.bandcamp.com/album/tapes-1990-1999-2007
https://marhaug.bandcamp.com/album/terminal-b-kirkenes-2017
https://marhaug.bandcamp.com/album/the-bastard-doesnt-dream-2019
https://marhaug.bandcamp.com/album/the-great-silence-2007
https://marhaug.bandcamp.com/album/the-orange-dome-chronicles-2009
https://marhaug.bandcamp.com/album/the-oslo-tapes-2014
https://marhaug.bandcamp.com/album/the-quiet-north-2010
https://marhaug.bandcamp.com/album/the-shape-of-rock-to-come-2004
https://marhaug.bandcamp.com/album/the-tan-2006
https://marhaug.bandcamp.com/album/white-inferno-1996
