https://controlledbleeding.bandcamp.com/album/between-tides
https://controlledbleeding.bandcamp.com/album/body-samples
https://controlledbleeding.bandcamp.com/album/carving-songs
https://controlledbleeding.bandcamp.com/album/core
https://controlledbleeding.bandcamp.com/album/curd
https://controlledbleeding.bandcamp.com/album/death-in-the-cameroon
https://controlledbleeding.bandcamp.com/album/distress-signals-i
https://controlledbleeding.bandcamp.com/album/distress-signals-ii
https://controlledbleeding.bandcamp.com/album/feet-hacked-rails
https://controlledbleeding.bandcamp.com/album/headcrack
https://controlledbleeding.bandcamp.com/album/knees-bones
https://controlledbleeding.bandcamp.com/album/larva-lumps-and-baby-bumps
https://controlledbleeding.bandcamp.com/album/music-for-gilded-chambers
https://controlledbleeding.bandcamp.com/album/music-for-stolen-icon
https://controlledbleeding.bandcamp.com/album/music-from-the-scourging-ground
https://controlledbleeding.bandcamp.com/album/songs-from-the-drain
