https://halmcgee.bandcamp.com/album/1909e
https://halmcgee.bandcamp.com/album/4230f
https://halmcgee.bandcamp.com/album/59-year-old-kid-with-a-tape-recorder
https://halmcgee.bandcamp.com/album/6j
https://halmcgee.bandcamp.com/album/a-letter-to-my-friends
https://halmcgee.bandcamp.com/album/a-series-of-lifestyle-circumstances
https://halmcgee.bandcamp.com/album/a-statisticians-intramural-crush
https://halmcgee.bandcamp.com/album/acrostics-meet
https://halmcgee.bandcamp.com/album/alien-progeny
https://halmcgee.bandcamp.com/album/almost-but-not-quite
https://halmcgee.bandcamp.com/album/april-2020-report
https://halmcgee.bandcamp.com/album/april-2022-report
https://halmcgee.bandcamp.com/album/april-investigations
https://halmcgee.bandcamp.com/album/at-home
https://halmcgee.bandcamp.com/album/atmaneers
https://halmcgee.bandcamp.com/album/audio-trash-sculpture-exhibition-tape-two
https://halmcgee.bandcamp.com/album/avoiding-our-void
https://halmcgee.bandcamp.com/album/b12
https://halmcgee.bandcamp.com/album/banana-split
https://halmcgee.bandcamp.com/album/banjo-problems
https://halmcgee.bandcamp.com/album/battery-operated
https://halmcgee.bandcamp.com/album/between-coincidence-and-augury
https://halmcgee.bandcamp.com/album/blue-planet
https://halmcgee.bandcamp.com/album/caesura
https://halmcgee.bandcamp.com/album/catapulting-babies
https://halmcgee.bandcamp.com/album/circuit-bent-casio-sk-1-improvisations
https://halmcgee.bandcamp.com/album/cobra
https://halmcgee.bandcamp.com/album/code-red
https://halmcgee.bandcamp.com/album/coincidence
https://halmcgee.bandcamp.com/album/collage-mania-1
https://halmcgee.bandcamp.com/album/collage-mania-2
https://halmcgee.bandcamp.com/album/columbus
https://halmcgee.bandcamp.com/album/columbus-trip
https://halmcgee.bandcamp.com/album/country-club
https://halmcgee.bandcamp.com/album/cross-contamination
https://halmcgee.bandcamp.com/album/cruststain
https://halmcgee.bandcamp.com/album/cry-of-the-banshee
https://halmcgee.bandcamp.com/album/damnation-for-rent
https://halmcgee.bandcamp.com/album/december-2020-report
https://halmcgee.bandcamp.com/album/december-2020-report-personal-mix
https://halmcgee.bandcamp.com/album/december-2022-report
https://halmcgee.bandcamp.com/album/decisive-thoughts-by-the-intermediate-flare
https://halmcgee.bandcamp.com/album/deep-space-search-engine
https://halmcgee.bandcamp.com/album/dictaphone-assemblage-from-heck
https://halmcgee.bandcamp.com/album/dictaphone-assemblage-is-my-life
https://halmcgee.bandcamp.com/album/dictaphonia-split-1
https://halmcgee.bandcamp.com/album/dictaphonia-split-2-2
https://halmcgee.bandcamp.com/album/dictaphonia-split-5
https://halmcgee.bandcamp.com/album/dictaphonia-split-6
https://halmcgee.bandcamp.com/album/dos-pollas
https://halmcgee.bandcamp.com/album/doubled
https://halmcgee.bandcamp.com/album/early-2007-solo-and-collaboration
https://halmcgee.bandcamp.com/album/ec-split-1
https://halmcgee.bandcamp.com/album/epic-fail
https://halmcgee.bandcamp.com/album/erroneous-futility
https://halmcgee.bandcamp.com/album/execution-operation
https://halmcgee.bandcamp.com/album/f5-beagle-and-dachshund-a-young-persons-guide
https://halmcgee.bandcamp.com/album/falling-into-the-cosmic-cabinet
https://halmcgee.bandcamp.com/album/february-2022-report
https://halmcgee.bandcamp.com/album/february-sessions
https://halmcgee.bandcamp.com/album/fester
https://halmcgee.bandcamp.com/album/florizona
https://halmcgee.bandcamp.com/album/for-the-sake-of-sound
https://halmcgee.bandcamp.com/album/four-days-in-june-2022
https://halmcgee.bandcamp.com/album/frozen-lake
https://halmcgee.bandcamp.com/album/guided-tours
https://halmcgee.bandcamp.com/album/hal-and-mark-visit-their-friend-dan-in-orlando
https://halmcgee.bandcamp.com/album/hal-mcgees-ear-tampons
https://halmcgee.bandcamp.com/album/hal-mcgees-microcassette-variety-hour-2012
https://halmcgee.bandcamp.com/album/halzine11
https://halmcgee.bandcamp.com/album/hoax
https://halmcgee.bandcamp.com/album/home-for-the-hellidays
https://halmcgee.bandcamp.com/album/homemade-alien-music-volume-1-split
https://halmcgee.bandcamp.com/album/i-am-a-black-hole
https://halmcgee.bandcamp.com/album/i-have-a-theory
https://halmcgee.bandcamp.com/album/implemental-music
https://halmcgee.bandcamp.com/album/in-loose-disorder
https://halmcgee.bandcamp.com/album/in-order-to-bring-back-to-the-original-shapes-it-is-necessary-for-you-to-do-the-process-as-follows
https://halmcgee.bandcamp.com/album/intermittent-transmission
https://halmcgee.bandcamp.com/album/jamz
https://halmcgee.bandcamp.com/album/july-2020-report
https://halmcgee.bandcamp.com/album/july-2022-report
https://halmcgee.bandcamp.com/album/june-2023-report
https://halmcgee.bandcamp.com/album/junely-2
https://halmcgee.bandcamp.com/album/l-chappatoire
https://halmcgee.bandcamp.com/album/left-devices
https://halmcgee.bandcamp.com/album/liquid-kumquat-generator
https://halmcgee.bandcamp.com/album/mag1ck-moments
https://halmcgee.bandcamp.com/album/magnetic-personality
https://halmcgee.bandcamp.com/album/maps-of-nowhere
https://halmcgee.bandcamp.com/album/march-28-2001
https://halmcgee.bandcamp.com/album/may-15-2022
https://halmcgee.bandcamp.com/album/may-2020-report
https://halmcgee.bandcamp.com/album/meshed-mixages
https://halmcgee.bandcamp.com/album/micro-meanies
https://halmcgee.bandcamp.com/album/microcassette-assemblage-for-my-friends
https://halmcgee.bandcamp.com/album/microcassette-split-2
https://halmcgee.bandcamp.com/album/microcassette-split-3
https://halmcgee.bandcamp.com/album/microcassette-split-6
https://halmcgee.bandcamp.com/album/mister-mcgees-neighborhood
https://halmcgee.bandcamp.com/album/moon-egg-rabbit-star
https://halmcgee.bandcamp.com/album/music-for-schizo-affective-schizophrenia
https://halmcgee.bandcamp.com/album/my-brain
https://halmcgee.bandcamp.com/album/my-intellectual-property-1-abfall-man
https://halmcgee.bandcamp.com/album/my-intellectual-property-2-big-audio-scrap-heap
https://halmcgee.bandcamp.com/album/my-intellectual-property-3-sedimental-music
https://halmcgee.bandcamp.com/album/my-new-tape
https://halmcgee.bandcamp.com/album/nature-guy
https://halmcgee.bandcamp.com/album/nimbus
https://halmcgee.bandcamp.com/album/no-title-comes-to-mind
https://halmcgee.bandcamp.com/album/november-2020-report
https://halmcgee.bandcamp.com/album/november-2022-report
https://halmcgee.bandcamp.com/album/octember
https://halmcgee.bandcamp.com/album/october-2022-report
https://halmcgee.bandcamp.com/album/officially-unofficial
https://halmcgee.bandcamp.com/album/oky-yamokie
https://halmcgee.bandcamp.com/album/on-2023-ec-compilations
https://halmcgee.bandcamp.com/album/one-of-a-kind-tape-for-everybody
https://halmcgee.bandcamp.com/album/one-sneaky-linguistic-secret
https://halmcgee.bandcamp.com/album/orion-the-hunter
https://halmcgee.bandcamp.com/album/otohal
https://halmcgee.bandcamp.com/album/parametric-paramedics
https://halmcgee.bandcamp.com/album/pig
https://halmcgee.bandcamp.com/album/plug-in
https://halmcgee.bandcamp.com/album/professor-mcgees-laboratory
https://halmcgee.bandcamp.com/album/pursuits
https://halmcgee.bandcamp.com/album/rastro-sonido
https://halmcgee.bandcamp.com/album/receding-hairlines-in-brooklyn
https://halmcgee.bandcamp.com/album/request-a-free-download-code
https://halmcgee.bandcamp.com/album/saturated-world
https://halmcgee.bandcamp.com/album/septirmagerd
https://halmcgee.bandcamp.com/album/septober
https://halmcgee.bandcamp.com/album/signal-load-patterns
https://halmcgee.bandcamp.com/album/since-1982
https://halmcgee.bandcamp.com/album/six-days-in-january
https://halmcgee.bandcamp.com/album/solid-state-life
https://halmcgee.bandcamp.com/album/sonic-holiday
https://halmcgee.bandcamp.com/album/sounds-from-micro-lounge
https://halmcgee.bandcamp.com/album/space-exploration
https://halmcgee.bandcamp.com/album/split
https://halmcgee.bandcamp.com/album/standing-as-never-before
https://halmcgee.bandcamp.com/album/stanruary
https://halmcgee.bandcamp.com/album/start-from-scratch
https://halmcgee.bandcamp.com/album/sticky-suit-with-tape
https://halmcgee.bandcamp.com/album/stoned-space-jams
https://halmcgee.bandcamp.com/album/stranded-on-earth
https://halmcgee.bandcamp.com/album/studies-in-sound-archaeology
https://halmcgee.bandcamp.com/album/synergistic-deconstruction
https://halmcgee.bandcamp.com/album/tapegerm-collection-vol-1
https://halmcgee.bandcamp.com/album/tapegerm-collection-vol-2
https://halmcgee.bandcamp.com/album/tapegerm-collection-vol-5
https://halmcgee.bandcamp.com/album/the-assemblage-is-the-story
https://halmcgee.bandcamp.com/album/the-electric-brains
https://halmcgee.bandcamp.com/album/the-exploitation-of-jiblit-dupree
https://halmcgee.bandcamp.com/album/the-ideas-of-march
https://halmcgee.bandcamp.com/album/the-microcassette-diaries
https://halmcgee.bandcamp.com/album/the-micromanipulators
https://halmcgee.bandcamp.com/album/this-is-br-tal-nap
https://halmcgee.bandcamp.com/album/this-is-what-60-sounds-like
https://halmcgee.bandcamp.com/album/tofu-tobacco
https://halmcgee.bandcamp.com/album/touch-of-cold
https://halmcgee.bandcamp.com/album/tsolf
https://halmcgee.bandcamp.com/album/twelvember
https://halmcgee.bandcamp.com/album/unholy-trinity
https://halmcgee.bandcamp.com/album/va10
https://halmcgee.bandcamp.com/album/wallay
https://halmcgee.bandcamp.com/album/we-both-lose
https://halmcgee.bandcamp.com/album/what-if-tomorrow-never-comes
https://halmcgee.bandcamp.com/album/when-we-wake-up
https://halmcgee.bandcamp.com/album/wired-for-sound
https://halmcgee.bandcamp.com/album/wormhole-field-guide
https://halmcgee.bandcamp.com/album/wrinkled-gray-blob
https://halmcgee.bandcamp.com/album/zen-and-the-art-of-the-tape-recorder
https://halmcgee.bandcamp.com/album/zip
https://halmcgee.bandcamp.com/releases
https://hymnslabel.bandcamp.com/album/chefkirk-hal-mcgee-ironing
https://jaypeele.bandcamp.com/album/center-of-the-universe
https://jaypeele.bandcamp.com/album/invisible-in-betweeners
https://jiblitdupree.bandcamp.com/album/the-stipulator-vs-glow-bell-worming
https://museumofmicrocassetteart.bandcamp.com/album/moma006-stanley
https://trotskyswatercooler.bandcamp.com/album/the-hey-judah-sessions
