https://guilhermerodrigues.bandcamp.com/album/-
https://guilhermerodrigues.bandcamp.com/album/0-minutes-and-0-seconds
https://guilhermerodrigues.bandcamp.com/album/3-phases-3-black
https://guilhermerodrigues.bandcamp.com/album/5-in-the-afternoon
https://guilhermerodrigues.bandcamp.com/album/a-late-evening-in-the-future
https://guilhermerodrigues.bandcamp.com/album/a-live-in-brussels
https://guilhermerodrigues.bandcamp.com/album/a-tale-unfolds
https://guilhermerodrigues.bandcamp.com/album/acoustic-reverb
https://guilhermerodrigues.bandcamp.com/album/aeon-2
https://guilhermerodrigues.bandcamp.com/album/aether
https://guilhermerodrigues.bandcamp.com/album/alba
https://guilhermerodrigues.bandcamp.com/album/aleph
https://guilhermerodrigues.bandcamp.com/album/amoa-hi
https://guilhermerodrigues.bandcamp.com/album/anamorphose
https://guilhermerodrigues.bandcamp.com/album/anthropom-trie-sans-titre
https://guilhermerodrigues.bandcamp.com/album/apteryx-mantelli
https://guilhermerodrigues.bandcamp.com/album/archipelago
https://guilhermerodrigues.bandcamp.com/album/as-we-read-along
https://guilhermerodrigues.bandcamp.com/album/assemblage
https://guilhermerodrigues.bandcamp.com/album/barium
https://guilhermerodrigues.bandcamp.com/album/beyond-the-mist-and-the-unforeseen-encounters
https://guilhermerodrigues.bandcamp.com/album/birds-humans
https://guilhermerodrigues.bandcamp.com/album/blattwerk
https://guilhermerodrigues.bandcamp.com/album/blue-rain
https://guilhermerodrigues.bandcamp.com/album/brecht
https://guilhermerodrigues.bandcamp.com/album/caesium
https://guilhermerodrigues.bandcamp.com/album/carlos-z-ngaro-guilherme-rodrigues-live-at-galeria-monumental
https://guilhermerodrigues.bandcamp.com/album/cascata
https://guilhermerodrigues.bandcamp.com/album/case-study-sert-o
https://guilhermerodrigues.bandcamp.com/album/cesura
https://guilhermerodrigues.bandcamp.com/album/chaos
https://guilhermerodrigues.bandcamp.com/album/chelonoidis-nigra
https://guilhermerodrigues.bandcamp.com/album/chess-music
https://guilhermerodrigues.bandcamp.com/album/con-versa-tions
https://guilhermerodrigues.bandcamp.com/album/conspiratorial-and-fulminate-things-happen
https://guilhermerodrigues.bandcamp.com/album/contre-plong-e-six-cuts-for-string-quartet
https://guilhermerodrigues.bandcamp.com/album/conundrum
https://guilhermerodrigues.bandcamp.com/album/convergence
https://guilhermerodrigues.bandcamp.com/album/cosmos
https://guilhermerodrigues.bandcamp.com/album/crane-cries
https://guilhermerodrigues.bandcamp.com/album/crossing-the-floor
https://guilhermerodrigues.bandcamp.com/album/cyclic-symmetry
https://guilhermerodrigues.bandcamp.com/album/d-col-age
https://guilhermerodrigues.bandcamp.com/album/d-rive
https://guilhermerodrigues.bandcamp.com/album/dietrich-petzold-ernesto-rodrigues-guilherme-rodrigues-matthias-bauer-k-hlspot-social-club
https://guilhermerodrigues.bandcamp.com/album/dis-con-sent
https://guilhermerodrigues.bandcamp.com/album/dots-and-dashes
https://guilhermerodrigues.bandcamp.com/album/double-x-double
https://guilhermerodrigues.bandcamp.com/album/dracaena-draco
https://guilhermerodrigues.bandcamp.com/album/drain
https://guilhermerodrigues.bandcamp.com/album/echoes-in-a-further-range
https://guilhermerodrigues.bandcamp.com/album/eclipse
https://guilhermerodrigues.bandcamp.com/album/egin
https://guilhermerodrigues.bandcamp.com/album/eris
https://guilhermerodrigues.bandcamp.com/album/ernesto-rodrigues-emilio-gordoa-guilherme-rodrigues-adrian-david-krok-sowieso
https://guilhermerodrigues.bandcamp.com/album/eterno-retorno
https://guilhermerodrigues.bandcamp.com/album/exa-phnes
https://guilhermerodrigues.bandcamp.com/album/fabrica-de-lanificios
https://guilhermerodrigues.bandcamp.com/album/falling-into-wide-spaces
https://guilhermerodrigues.bandcamp.com/album/fantasy-eight
https://guilhermerodrigues.bandcamp.com/album/ficta
https://guilhermerodrigues.bandcamp.com/album/fields-2
https://guilhermerodrigues.bandcamp.com/album/flight-rvw2349
https://guilhermerodrigues.bandcamp.com/album/fluxus
https://guilhermerodrigues.bandcamp.com/album/fower
https://guilhermerodrigues.bandcamp.com/album/get-your-own-picture
https://guilhermerodrigues.bandcamp.com/album/golden-towers-and-electric-frictions
https://guilhermerodrigues.bandcamp.com/album/gravity
https://guilhermerodrigues.bandcamp.com/album/guilherme-rodrigues-johan-moir-nicola-hein-casey-moir
https://guilhermerodrigues.bandcamp.com/album/han-jiae
https://guilhermerodrigues.bandcamp.com/album/heptaphonies
https://guilhermerodrigues.bandcamp.com/album/hippocampus-guttulatus
https://guilhermerodrigues.bandcamp.com/album/hollow-wood
https://guilhermerodrigues.bandcamp.com/album/hunter-underwater
https://guilhermerodrigues.bandcamp.com/album/hymn
https://guilhermerodrigues.bandcamp.com/album/ignis-fatuus
https://guilhermerodrigues.bandcamp.com/album/improvisations-for-cello-guitar
https://guilhermerodrigues.bandcamp.com/album/infinite-series
https://guilhermerodrigues.bandcamp.com/album/inner-lines
https://guilhermerodrigues.bandcamp.com/album/intenso-como-o-mar
https://guilhermerodrigues.bandcamp.com/album/iridium-string-quartet
https://guilhermerodrigues.bandcamp.com/album/jadis-la-pluie-tait-bleue
https://guilhermerodrigues.bandcamp.com/album/jardin-carr
https://guilhermerodrigues.bandcamp.com/album/kinetics
https://guilhermerodrigues.bandcamp.com/album/kompositionen
https://guilhermerodrigues.bandcamp.com/album/kreis
https://guilhermerodrigues.bandcamp.com/album/krypton
https://guilhermerodrigues.bandcamp.com/album/la-ge-de-l-oreille
https://guilhermerodrigues.bandcamp.com/album/la-v-rit-des-pierres
https://guilhermerodrigues.bandcamp.com/album/laura
https://guilhermerodrigues.bandcamp.com/album/le-havre
https://guilhermerodrigues.bandcamp.com/album/leipzig
https://guilhermerodrigues.bandcamp.com/album/lennui
https://guilhermerodrigues.bandcamp.com/album/letters-to-milena
https://guilhermerodrigues.bandcamp.com/album/lisboa
https://guilhermerodrigues.bandcamp.com/album/lithos
https://guilhermerodrigues.bandcamp.com/album/live-at-hosek-contemporary
https://guilhermerodrigues.bandcamp.com/album/live-at-richten25
https://guilhermerodrigues.bandcamp.com/album/live-at-sls
https://guilhermerodrigues.bandcamp.com/album/live-at-sonic-krause
https://guilhermerodrigues.bandcamp.com/album/live-at-the-casa-da-musica-porto
https://guilhermerodrigues.bandcamp.com/album/live-at-vekks
https://guilhermerodrigues.bandcamp.com/album/live-in-kreuzberg
https://guilhermerodrigues.bandcamp.com/album/ljubljana
https://guilhermerodrigues.bandcamp.com/album/llop
https://guilhermerodrigues.bandcamp.com/album/london
https://guilhermerodrigues.bandcamp.com/album/loneliness-in-saint-petersburg
https://guilhermerodrigues.bandcamp.com/album/los-ejes-de-mi-carreta
https://guilhermerodrigues.bandcamp.com/album/lulu-auf-dem-berg
https://guilhermerodrigues.bandcamp.com/album/m-nchen
https://guilhermerodrigues.bandcamp.com/album/m-nster
https://guilhermerodrigues.bandcamp.com/album/maadim-vallis
https://guilhermerodrigues.bandcamp.com/album/man-is-wolf-to-man
https://guilhermerodrigues.bandcamp.com/album/mare-tranquillitatis
https://guilhermerodrigues.bandcamp.com/album/marie-takahashi-guilherme-rodrigues-stephan-bleier
https://guilhermerodrigues.bandcamp.com/album/materials-structures-no1
https://guilhermerodrigues.bandcamp.com/album/may-there-be
https://guilhermerodrigues.bandcamp.com/album/meandros-e-vertentes
https://guilhermerodrigues.bandcamp.com/album/mesozoic
https://guilhermerodrigues.bandcamp.com/album/micrographia
https://guilhermerodrigues.bandcamp.com/album/mistika-jpeg-oscillations
https://guilhermerodrigues.bandcamp.com/album/mizutekiteki
https://guilhermerodrigues.bandcamp.com/album/monochrome-bleu-sans-titre
https://guilhermerodrigues.bandcamp.com/album/multiples
https://guilhermerodrigues.bandcamp.com/album/mycelial-studies-2
https://guilhermerodrigues.bandcamp.com/album/naoki-kita-guilherme-rodrigues-naoto-yamagishi
https://guilhermerodrigues.bandcamp.com/album/nickelsdorf-2
https://guilhermerodrigues.bandcamp.com/album/noite
https://guilhermerodrigues.bandcamp.com/album/not-bad
https://guilhermerodrigues.bandcamp.com/album/nuc-box-hums
https://guilhermerodrigues.bandcamp.com/album/oranges
https://guilhermerodrigues.bandcamp.com/album/ordinary-music-vol-3
https://guilhermerodrigues.bandcamp.com/album/ordinary-music-vol-35-textures
https://guilhermerodrigues.bandcamp.com/album/ornithorhynchus-anatinus
https://guilhermerodrigues.bandcamp.com/album/palimpsest
https://guilhermerodrigues.bandcamp.com/album/paradoxurus-hermaphroditus
https://guilhermerodrigues.bandcamp.com/album/past-dreams-in-rust
https://guilhermerodrigues.bandcamp.com/album/pataphysique
https://guilhermerodrigues.bandcamp.com/album/paura
https://guilhermerodrigues.bandcamp.com/album/penedo
https://guilhermerodrigues.bandcamp.com/album/pentahedron
https://guilhermerodrigues.bandcamp.com/album/pico
https://guilhermerodrigues.bandcamp.com/album/pieces-for-cellos
https://guilhermerodrigues.bandcamp.com/album/plane-line-segments-rays-and-some-dissipations
https://guilhermerodrigues.bandcamp.com/album/plot
https://guilhermerodrigues.bandcamp.com/album/poetics
https://guilhermerodrigues.bandcamp.com/album/points-of-dichotomy
https://guilhermerodrigues.bandcamp.com/album/porto-covo
https://guilhermerodrigues.bandcamp.com/album/prisma
https://guilhermerodrigues.bandcamp.com/album/quasar
https://guilhermerodrigues.bandcamp.com/album/quelque-chose-prie-la-patience-des-nuages
https://guilhermerodrigues.bandcamp.com/album/quentin-tolimieri-guilherme-rodrigues
https://guilhermerodrigues.bandcamp.com/album/radical-flowers
https://guilhermerodrigues.bandcamp.com/album/radium
https://guilhermerodrigues.bandcamp.com/album/rayon-blanc
https://guilhermerodrigues.bandcamp.com/album/rhinocerus
https://guilhermerodrigues.bandcamp.com/album/rombe
https://guilhermerodrigues.bandcamp.com/album/room-13
https://guilhermerodrigues.bandcamp.com/album/rrr
https://guilhermerodrigues.bandcamp.com/album/sacred-noise
https://guilhermerodrigues.bandcamp.com/album/sans-oublier-les-arbres
https://guilhermerodrigues.bandcamp.com/album/scope
https://guilhermerodrigues.bandcamp.com/album/sea-monster
https://guilhermerodrigues.bandcamp.com/album/secrets-under-trees
https://guilhermerodrigues.bandcamp.com/album/sen
https://guilhermerodrigues.bandcamp.com/album/serendipity
https://guilhermerodrigues.bandcamp.com/album/sfumato
https://guilhermerodrigues.bandcamp.com/album/signes-mergents
https://guilhermerodrigues.bandcamp.com/album/solitude
https://guilhermerodrigues.bandcamp.com/album/spiegel
https://guilhermerodrigues.bandcamp.com/album/spiegel-ii
https://guilhermerodrigues.bandcamp.com/album/spiric-sections
https://guilhermerodrigues.bandcamp.com/album/spontaneous-live-series-009
https://guilhermerodrigues.bandcamp.com/album/springtime-as-3-velhas
https://guilhermerodrigues.bandcamp.com/album/stills
https://guilhermerodrigues.bandcamp.com/album/straw
https://guilhermerodrigues.bandcamp.com/album/studies-on-event-density
https://guilhermerodrigues.bandcamp.com/album/sul
https://guilhermerodrigues.bandcamp.com/album/sur-nos-pas-dans-la-clart-du-jour
https://guilhermerodrigues.bandcamp.com/album/surfaces
https://guilhermerodrigues.bandcamp.com/album/suspens-o
https://guilhermerodrigues.bandcamp.com/album/synchronous-rotation
https://guilhermerodrigues.bandcamp.com/album/taedong
https://guilhermerodrigues.bandcamp.com/album/tellurium
https://guilhermerodrigues.bandcamp.com/album/temperature-difference
https://guilhermerodrigues.bandcamp.com/album/the-afterlife-of-trees
https://guilhermerodrigues.bandcamp.com/album/the-age-of-bronze
https://guilhermerodrigues.bandcamp.com/album/the-book-of-spirals
https://guilhermerodrigues.bandcamp.com/album/the-distant-sound-within
https://guilhermerodrigues.bandcamp.com/album/the-haecceity-of-things
https://guilhermerodrigues.bandcamp.com/album/the-nature-of-things-likes-to-hide
https://guilhermerodrigues.bandcamp.com/album/the-sage-flower
https://guilhermerodrigues.bandcamp.com/album/the-son-the-uncle-and-the-grandfather
https://guilhermerodrigues.bandcamp.com/album/the-treasures-are
https://guilhermerodrigues.bandcamp.com/album/this-full-mouth
https://guilhermerodrigues.bandcamp.com/album/three-shadows
https://guilhermerodrigues.bandcamp.com/album/threes
https://guilhermerodrigues.bandcamp.com/album/twrf-neus-ciglau
https://guilhermerodrigues.bandcamp.com/album/ulrichsberg
https://guilhermerodrigues.bandcamp.com/album/uncommon-symmetries
https://guilhermerodrigues.bandcamp.com/album/undecided-a-family-affair
https://guilhermerodrigues.bandcamp.com/album/underwater-music
https://guilhermerodrigues.bandcamp.com/album/unstable-molecules
https://guilhermerodrigues.bandcamp.com/album/untitled-dream
https://guilhermerodrigues.bandcamp.com/album/ur
https://guilhermerodrigues.bandcamp.com/album/urze
https://guilhermerodrigues.bandcamp.com/album/vinter
https://guilhermerodrigues.bandcamp.com/album/way-of-walking
https://guilhermerodrigues.bandcamp.com/album/we-still-have-bodies
https://guilhermerodrigues.bandcamp.com/album/whispers-in-the-moonlight-in-seven-movements
https://guilhermerodrigues.bandcamp.com/album/wind-elegy
https://guilhermerodrigues.bandcamp.com/album/wounds-of-light
https://guilhermerodrigues.bandcamp.com/album/xafnikes-synantiseis-2
https://guilhermerodrigues.bandcamp.com/album/xenon
https://guilhermerodrigues.bandcamp.com/album/your-dramatic-joy
https://guilhermerodrigues.bandcamp.com/album/zweige-2
https://guilhermerodrigues.bandcamp.com/album/zwosch-zwosch-zwosch
https://guilhermerodrigues.bandcamp.com/track/concert-at-studioacht-2017
https://guilhermerodrigues.bandcamp.com/track/guilherme-rodrigues-carlos-santos-live-at-small-format-materials-lisboa-2017
https://guilhermerodrigues.bandcamp.com/track/matthias-m-ller-guilherme-rodrigues-eric-wong-live-at-studioacht
