https://mnomized-fusions.bandcamp.com/album/ars-sonor-m-nomized-future-journeys-2013
https://mnomized-fusions.bandcamp.com/album/bunker-palace-hotel-demolition-by-m-nomized-2021
https://mnomized-fusions.bandcamp.com/album/christopher-alvarado-m-nomized-in-sky-on-earth-2016
https://mnomized-fusions.bandcamp.com/album/christopher-alvarado-m-nomized-over-the-clouds-2023
https://mnomized-fusions.bandcamp.com/album/consciousness-prism-m-nomized-william-spivey-bad-dreams-2012
https://mnomized-fusions.bandcamp.com/album/consistency-nature-m-nomized-motion-parallax-blue-2019
https://mnomized-fusions.bandcamp.com/album/dave-fuglewicz-m-nomized-outervisions-2011
https://mnomized-fusions.bandcamp.com/album/dawn-tuesday-m-nomized-in-a-confusion-of-a-stormy-sky-2017
https://mnomized-fusions.bandcamp.com/album/de-fabriek-m-nomized-language-of-lines-1-2020
https://mnomized-fusions.bandcamp.com/album/eisenlager-m-nomized-what-will-remain-2021
https://mnomized-fusions.bandcamp.com/album/fervex-m-nomized-insomnies-plurielles-2002
https://mnomized-fusions.bandcamp.com/album/hal-mcgee-m-nomized-a-future-world-of-sand-2008
https://mnomized-fusions.bandcamp.com/album/hotel-belvedere-m-nomized-face-ache-2009
https://mnomized-fusions.bandcamp.com/album/innocent-but-guilty-m-nomized-peyotl-2021
https://mnomized-fusions.bandcamp.com/album/kadaverik-m-nomized-fuckushima-2011
https://mnomized-fusions.bandcamp.com/album/kommissar-hjuler-und-frau-m-nomized-die-antizipation-des-generalized-other-2011
https://mnomized-fusions.bandcamp.com/album/lerouge-m-nomized-concert-subaquatique-2013
https://mnomized-fusions.bandcamp.com/album/lezet-m-nomized-bellies-retreated-2020
https://mnomized-fusions.bandcamp.com/album/light-collapse-m-nomized-combinat-2005
https://mnomized-fusions.bandcamp.com/album/m-nomized-christopher-alvarado-sad-moon-2014
https://mnomized-fusions.bandcamp.com/album/m-nomized-cystem-heart-bit-for-guitars-2007
https://mnomized-fusions.bandcamp.com/album/m-nomized-de-fabriek-hopeless-1999
https://mnomized-fusions.bandcamp.com/album/m-nomized-gs07-inversions-part-one-2007
https://mnomized-fusions.bandcamp.com/album/m-nomized-kora-blue-penetration-2001
https://mnomized-fusions.bandcamp.com/album/m-nomized-kromeshna-pulse-of-memory-2012
https://mnomized-fusions.bandcamp.com/album/m-nomized-marco-lucchi-amoeba-2016
https://mnomized-fusions.bandcamp.com/album/m-nomized-mental-anguish-opening-of-a-white-flower-2009
https://mnomized-fusions.bandcamp.com/album/m-nomized-obozdur-dubious-2012
https://mnomized-fusions.bandcamp.com/album/m-nomized-obozdur-remix-2008
https://mnomized-fusions.bandcamp.com/album/m-nomized-pete-swinton-86-2021
https://mnomized-fusions.bandcamp.com/album/m-nomized-pool-pervert-factories-with-soul-2022
https://mnomized-fusions.bandcamp.com/album/m-nomized-pool-perverts-soul-mirror-2020
https://mnomized-fusions.bandcamp.com/album/m-nomized-presents-de-fabriek-in-ausland-part-2-2021
https://mnomized-fusions.bandcamp.com/album/m-nomized-rmx-10-2019
https://mnomized-fusions.bandcamp.com/album/m-nomized-rmx-11-2020
https://mnomized-fusions.bandcamp.com/album/m-nomized-rmx-12-2021
https://mnomized-fusions.bandcamp.com/album/m-nomized-rmx-13-2022
https://mnomized-fusions.bandcamp.com/album/m-nomized-rmx-14-2022
https://mnomized-fusions.bandcamp.com/album/m-nomized-rmx-15-2023
https://mnomized-fusions.bandcamp.com/album/m-nomized-rmx-16-2024
https://mnomized-fusions.bandcamp.com/album/m-nomized-rmx-2-2013
https://mnomized-fusions.bandcamp.com/album/m-nomized-rmx-2012
https://mnomized-fusions.bandcamp.com/album/m-nomized-rmx-3-2014
https://mnomized-fusions.bandcamp.com/album/m-nomized-rmx-4-2015
https://mnomized-fusions.bandcamp.com/album/m-nomized-rmx-5-2016
https://mnomized-fusions.bandcamp.com/album/m-nomized-rmx-6-2017
https://mnomized-fusions.bandcamp.com/album/m-nomized-rmx-7-2018
https://mnomized-fusions.bandcamp.com/album/m-nomized-rmx-8-2018
https://mnomized-fusions.bandcamp.com/album/m-nomized-rmx-9-2019
https://mnomized-fusions.bandcamp.com/album/m-nomized-schizophonieraum-split-2018
https://mnomized-fusions.bandcamp.com/album/m-nomized-shambala-networks-wasted-world-2011
https://mnomized-fusions.bandcamp.com/album/m-nomized-siegfried-grundmann-seven-meditative-waves-2021
https://mnomized-fusions.bandcamp.com/album/m-nomized-srvtr-blackout-variations-2025
https://mnomized-fusions.bandcamp.com/album/m-nomized-srvtr-scape-ep-2016
https://mnomized-fusions.bandcamp.com/album/m-nomized-the-golozos-porcelin-coquin-2005
https://mnomized-fusions.bandcamp.com/album/m-nomized-the-head-cutter-featuring-srvtr-2020
https://mnomized-fusions.bandcamp.com/album/m-nomized-uranium-235-uranomix-3-2010
https://mnomized-fusions.bandcamp.com/album/m-nomized-william-spivey-glass-wall-2011
https://mnomized-fusions.bandcamp.com/album/m-nomized-william-spivey-six-realms-of-existence-2012
https://mnomized-fusions.bandcamp.com/album/m-nomized-william-spivey-utopia-planitia-2015
https://mnomized-fusions.bandcamp.com/album/m-nomized-winter-remixed-2021
https://mnomized-fusions.bandcamp.com/album/m-nomized-zreen-toyz-ice-2011
https://mnomized-fusions.bandcamp.com/album/marco-lucchi-m-nomized-the-paths-leading-to-the-red-hooks-2017
https://mnomized-fusions.bandcamp.com/album/marco-lucchi-pete-swinton-piano-patterns-floating-phase-reworked-by-m-nomized-2021
https://mnomized-fusions.bandcamp.com/album/mental-anguish-m-nomized-migrant-music-parts-1-6-2007
https://mnomized-fusions.bandcamp.com/album/metek-m-nomized-panels-2012
https://mnomized-fusions.bandcamp.com/album/michel-berthelot-m-nomized-23092001-2003
https://mnomized-fusions.bandcamp.com/album/mps-cardio-2017
https://mnomized-fusions.bandcamp.com/album/nigdeniya-remixed-by-srvtr-and-the-messenger-2016
https://mnomized-fusions.bandcamp.com/album/s-h-a-p-e-r-2-remixed-by-m-nomized-2022
https://mnomized-fusions.bandcamp.com/album/s-h-a-p-e-r-3-remixed-by-m-nomized-2022
https://mnomized-fusions.bandcamp.com/album/s-h-a-p-e-r-remixed-by-m-nomized-2021
https://mnomized-fusions.bandcamp.com/album/sylphides-automnal-remixed-by-m-nomized-2018
https://mnomized-fusions.bandcamp.com/album/sylphides-strange-effect-remixed-by-m-nomized-2017
https://mnomized-fusions.bandcamp.com/album/yann-pillas-the-zebra-nude-experience-remixed-by-m-nomized-2019
