https://danielmenche.bandcamp.com/album/acedia
https://danielmenche.bandcamp.com/album/against-the-gyre
https://danielmenche.bandcamp.com/album/animality
https://danielmenche.bandcamp.com/album/beast-resonator
https://danielmenche.bandcamp.com/album/beautiful-blood
https://danielmenche.bandcamp.com/album/bleeding-heavens
https://danielmenche.bandcamp.com/album/blind-whisper
https://danielmenche.bandcamp.com/album/blood-sand
https://danielmenche.bandcamp.com/album/body-melt
https://danielmenche.bandcamp.com/album/burrowed-time
https://danielmenche.bandcamp.com/album/catalepsy
https://danielmenche.bandcamp.com/album/cave-canem
https://danielmenche.bandcamp.com/album/cerberic-doxology
https://danielmenche.bandcamp.com/album/charred
https://danielmenche.bandcamp.com/album/cold-metals
https://danielmenche.bandcamp.com/album/concrete-sines
https://danielmenche.bandcamp.com/album/concussions
https://danielmenche.bandcamp.com/album/crater
https://danielmenche.bandcamp.com/album/crawling-towards-the-sun
https://danielmenche.bandcamp.com/album/creatures-of-cadence
https://danielmenche.bandcamp.com/album/deluge-and-sunder
https://danielmenche.bandcamp.com/album/desert-scars
https://danielmenche.bandcamp.com/album/desiccation
https://danielmenche.bandcamp.com/album/devouring-time
https://danielmenche.bandcamp.com/album/dirge
https://danielmenche.bandcamp.com/album/drowning-the-sky
https://danielmenche.bandcamp.com/album/drunk-gods
https://danielmenche.bandcamp.com/album/earliest-recordings-volume-one
https://danielmenche.bandcamp.com/album/earliest-recordings-volume-two
https://danielmenche.bandcamp.com/album/emanuel-hospital
https://danielmenche.bandcamp.com/album/eye-on-the-steel
https://danielmenche.bandcamp.com/album/face-of-vehemence
https://danielmenche.bandcamp.com/album/falling-silver
https://danielmenche.bandcamp.com/album/feral
https://danielmenche.bandcamp.com/album/field-of-skin-remaster-edition
https://danielmenche.bandcamp.com/album/flaming-tongues
https://danielmenche.bandcamp.com/album/forest-of-volts
https://danielmenche.bandcamp.com/album/from-here-to-electricity
https://danielmenche.bandcamp.com/album/frozen-ghosts
https://danielmenche.bandcamp.com/album/fume
https://danielmenche.bandcamp.com/album/furnace-2
https://danielmenche.bandcamp.com/album/gamut-of-the-void
https://danielmenche.bandcamp.com/album/garden
https://danielmenche.bandcamp.com/album/glass-forest
https://danielmenche.bandcamp.com/album/guts
https://danielmenche.bandcamp.com/album/heavy
https://danielmenche.bandcamp.com/album/hope-and-prey
https://danielmenche.bandcamp.com/album/hover
https://danielmenche.bandcamp.com/album/hull
https://danielmenche.bandcamp.com/album/hush
https://danielmenche.bandcamp.com/album/hymns-for-sliced-velocities-2
https://danielmenche.bandcamp.com/album/i-saw
https://danielmenche.bandcamp.com/album/incineration-remaster-edition
https://danielmenche.bandcamp.com/album/invoker
https://danielmenche.bandcamp.com/album/jugularis
https://danielmenche.bandcamp.com/album/kataract-alpha-mix
https://danielmenche.bandcamp.com/album/kataract-extended-version
https://danielmenche.bandcamp.com/album/legions-in-the-walls
https://danielmenche.bandcamp.com/album/leprous-drones
https://danielmenche.bandcamp.com/album/let-me-sleep-on-it
https://danielmenche.bandcamp.com/album/like-a-ghost-singing-to-you
https://danielmenche.bandcamp.com/album/live-on-wfmu-radio
https://danielmenche.bandcamp.com/album/lucid-decay
https://danielmenche.bandcamp.com/album/marriage-of-metals
https://danielmenche.bandcamp.com/album/marriage-of-metals-2
https://danielmenche.bandcamp.com/album/meld
https://danielmenche.bandcamp.com/album/mmxx-v-4424
https://danielmenche.bandcamp.com/album/nest
https://danielmenche.bandcamp.com/album/nothing-means-nothing
https://danielmenche.bandcamp.com/album/now-we-are-a-ghost-ship
https://danielmenche.bandcamp.com/album/octobers-larynx
https://danielmenche.bandcamp.com/album/odradek
https://danielmenche.bandcamp.com/album/perma-de-frost
https://danielmenche.bandcamp.com/album/permafrost
https://danielmenche.bandcamp.com/album/polarizer
https://danielmenche.bandcamp.com/album/primal-fictions
https://danielmenche.bandcamp.com/album/progeny-of-flies
https://danielmenche.bandcamp.com/album/quanta-of-light
https://danielmenche.bandcamp.com/album/raijin
https://danielmenche.bandcamp.com/album/raised-coils-of-the-giant-serpent-of-eternity
https://danielmenche.bandcamp.com/album/raw-cello-sessions
https://danielmenche.bandcamp.com/album/raw-recording-series
https://danielmenche.bandcamp.com/album/rust-to-rust
https://danielmenche.bandcamp.com/album/rustler
https://danielmenche.bandcamp.com/album/scattered-remains
https://danielmenche.bandcamp.com/album/screaming-caress-remaster-edition
https://danielmenche.bandcamp.com/album/silver-hell
https://danielmenche.bandcamp.com/album/sirocco
https://danielmenche.bandcamp.com/album/skadha
https://danielmenche.bandcamp.com/album/sleeper
https://danielmenche.bandcamp.com/album/sleeping-ink
https://danielmenche.bandcamp.com/album/slumber
https://danielmenche.bandcamp.com/album/smoke
https://danielmenche.bandcamp.com/album/smoldered-voices-2
https://danielmenche.bandcamp.com/album/somewhere-in-iceland
https://danielmenche.bandcamp.com/album/song-of-jike
https://danielmenche.bandcamp.com/album/sonorous-debris
https://danielmenche.bandcamp.com/album/soundtrack-for-the-book-dentre-les-morts
https://danielmenche.bandcamp.com/album/stalemate
https://danielmenche.bandcamp.com/album/static-burn-remaster-edition
https://danielmenche.bandcamp.com/album/terre-paroxysm
https://danielmenche.bandcamp.com/album/thatch
https://danielmenche.bandcamp.com/album/thaw-of-time
https://danielmenche.bandcamp.com/album/thawing-gravity
https://danielmenche.bandcamp.com/album/the-sky-below-and-the-earth-above
https://danielmenche.bandcamp.com/album/together-we-shall-melt-mountains-with-our-blood
https://danielmenche.bandcamp.com/album/ugly-as-sin
https://danielmenche.bandcamp.com/album/unleash
https://danielmenche.bandcamp.com/album/veer
https://danielmenche.bandcamp.com/album/vent-remaster-edition
https://danielmenche.bandcamp.com/album/vestige
https://danielmenche.bandcamp.com/album/vilk
https://danielmenche.bandcamp.com/album/where-language-ends
https://danielmenche.bandcamp.com/album/whorl
https://danielmenche.bandcamp.com/album/wings-on-fire-2
https://danielmenche.bandcamp.com/album/within-and-without
https://danielmenche.bandcamp.com/album/wolfs-milk
https://danielmenche.bandcamp.com/album/wound-storm
https://danielmenche.bandcamp.com/album/yagu-ovy
https://danielmenche.bandcamp.com/track/blood-of-the-land
https://danielmenche.bandcamp.com/track/grand-perpetuator
https://danielmenche.bandcamp.com/track/kanticle
