https://danielcarternyc.bandcamp.com/album/concrete-science
https://danielcarternyc.bandcamp.com/album/endless-season
https://danielcarternyc.bandcamp.com/album/friendship-lucid-shared-dreams-and-time-travel
https://danielcarternyc.bandcamp.com/album/home-is-where-you-are
https://danielcarternyc.bandcamp.com/album/in-ponta-delgada
https://danielcarternyc.bandcamp.com/album/life-station
https://danielcarternyc.bandcamp.com/album/magic-heart
https://danielcarternyc.bandcamp.com/album/open-question-vol-1
https://danielcarternyc.bandcamp.com/album/open-question-vol-2
https://danielcarternyc.bandcamp.com/album/peoples-resonance
https://danielcarternyc.bandcamp.com/album/radical-invisibility
https://danielcarternyc.bandcamp.com/album/shine-hear-vol-1
https://danielcarternyc.bandcamp.com/album/shine-hear-vol-2
https://danielcarternyc.bandcamp.com/album/stepping-out
https://danielcarternyc.bandcamp.com/album/the-uproar-in-bursts-of-sound-and-silence
https://danielcarternyc.bandcamp.com/album/trabajadores-de-energia
https://danielcarternyc.bandcamp.com/album/volume-1
https://danielcarternyc.bandcamp.com/album/wake-up
https://danielcarternyc.bandcamp.com/album/welcome-adventure-vol-1
https://danielcarternyc.bandcamp.com/album/welcome-adventure-vol-2
