https://loudvicar.bandcamp.com/album/another-batch
https://loudvicar.bandcamp.com/album/another-batch-2
https://loudvicar.bandcamp.com/album/brainwasher
https://loudvicar.bandcamp.com/album/brainwasher-vol-2
https://loudvicar.bandcamp.com/album/escape-visions
https://loudvicar.bandcamp.com/album/h-y-p-e-r-g-i-a-n-t-s
https://loudvicar.bandcamp.com/album/hi
https://loudvicar.bandcamp.com/album/hold
https://loudvicar.bandcamp.com/album/hyperloops-vol-1
https://loudvicar.bandcamp.com/album/hyperloops-vol-2
https://loudvicar.bandcamp.com/album/i-guess-u-had-2-be-there
https://loudvicar.bandcamp.com/album/i-hope-you-like-techno-because-thats-what-youre-getting
https://loudvicar.bandcamp.com/album/inner-peace
https://loudvicar.bandcamp.com/album/its-okay-if-you-feel-like-youre-losing-your-mind-sometimes
https://loudvicar.bandcamp.com/album/kindly
https://loudvicar.bandcamp.com/album/lilliputian
https://loudvicar.bandcamp.com/album/maybe-u-will-understand
https://loudvicar.bandcamp.com/album/my-massive-emotions-are-constantly-overwhelming-me
https://loudvicar.bandcamp.com/album/space-guitar-demos-vol-2-return-of-space-guitar-demos
https://loudvicar.bandcamp.com/album/space-guitar-demos-vol-3-the-lost-world
https://loudvicar.bandcamp.com/album/space-guitar-demos-vol-4-techno-interests-me
https://loudvicar.bandcamp.com/album/tascam
https://loudvicar.bandcamp.com/album/the-brainwasher
https://loudvicar.bandcamp.com/album/the-brainwasher-2
https://loudvicar.bandcamp.com/album/the-brainwasher-3-thinkin-real-hard
https://loudvicar.bandcamp.com/album/the-space-guitar-demos
https://loudvicar.bandcamp.com/album/unconquerable-soul
https://loudvicar.bandcamp.com/album/unconquerable-soul-2
https://loudvicar.bandcamp.com/album/while-you-were-sleeping
https://loudvicar.bandcamp.com/album/youve-been-through-too-much
https://loudvicar.bandcamp.com/track/chillstuck
https://loudvicar.bandcamp.com/track/the-techno-experiment
