https://kaeki.bandcamp.com/album/9-hours
https://kaeki.bandcamp.com/album/after-the-end-of-the-world
https://kaeki.bandcamp.com/album/amlurkojeramkoras
https://kaeki.bandcamp.com/album/amplified-silence-2
https://kaeki.bandcamp.com/album/birds-stuck-in-tar
https://kaeki.bandcamp.com/album/blood-moon-rituals
https://kaeki.bandcamp.com/album/dada-flesh
https://kaeki.bandcamp.com/album/drones-for-nothing
https://kaeki.bandcamp.com/album/eksy
https://kaeki.bandcamp.com/album/failures-abstractions
https://kaeki.bandcamp.com/album/for-to-end-yet-again
https://kaeki.bandcamp.com/album/huku
https://kaeki.bandcamp.com/album/i-have-been-here-before-monument-i
https://kaeki.bandcamp.com/album/junk-loops-3
https://kaeki.bandcamp.com/album/katoa
https://kaeki.bandcamp.com/album/kirikeriki
https://kaeki.bandcamp.com/album/rebirth
https://kaeki.bandcamp.com/album/still-lingers-in-the-air
https://kaeki.bandcamp.com/album/thought-patterns
https://kaeki.bandcamp.com/album/three-pieces-for-three-guitars-piano-and-junk-metal
https://kaeki.bandcamp.com/album/to-walk-to-the-end-of-the-landscape-and-then-disappear-without-a-trace
https://kaeki.bandcamp.com/album/valu
