https://bspliveseries.bandcamp.com/album/bsp-live-series-2008-10-06-oakland
https://bspliveseries.bandcamp.com/album/bsp-live-series-2009-02-06-moscow
https://bspliveseries.bandcamp.com/album/bsp-live-series-2009-02-06-moscow-2
https://bspliveseries.bandcamp.com/album/bsp-live-series-2009-06-02-esslingen
https://bspliveseries.bandcamp.com/album/bsp-live-series-2010-02-19-toronto
https://bspliveseries.bandcamp.com/album/bsp-live-series-2010-04-03-diksmuide
https://bspliveseries.bandcamp.com/album/bsp-live-series-2010-11-16-paris
https://bspliveseries.bandcamp.com/album/bsp-live-series-2011-04-29-krems
https://bspliveseries.bandcamp.com/album/bsp-live-series-2012-02-05-tokyo
https://bspliveseries.bandcamp.com/album/bsp-live-series-2013-11-22-rio-de-janeiro
https://bspliveseries.bandcamp.com/album/bsp-live-series-2014-11-15-berlin
https://bspliveseries.bandcamp.com/album/bsp-live-series-2015-08-06-berlin
https://bspliveseries.bandcamp.com/album/bsp-live-series-2015-08-27-berlin
https://bspliveseries.bandcamp.com/album/bsp-live-series-2015-14-03-oslo
https://bspliveseries.bandcamp.com/album/bsp-live-series-2017-04-01-berlin
https://bspliveseries.bandcamp.com/album/bsp-live-series-2017-10-21-paris
https://bspliveseries.bandcamp.com/album/bsp-live-series-2017-10-25-berlin
https://bspliveseries.bandcamp.com/album/bsp-live-series-2018-04-06-st-petersburg
https://bspliveseries.bandcamp.com/album/bsp-live-series-2018-04-07-moscow
https://bspliveseries.bandcamp.com/album/bsp-live-series-2018-07-20-berlin
https://bspliveseries.bandcamp.com/album/bsp-live-series-2020-04-26-tehran
https://bspliveseries.bandcamp.com/album/bsp-live-series-2020-09-26-warsaw
https://bspliveseries.bandcamp.com/album/bsp-live-series-2021-08-01-berlin
https://bspliveseries.bandcamp.com/album/bsp-live-series-2021-09-04-kharkiv
https://bspliveseries.bandcamp.com/album/bsp-live-series-2022-03-25-oslo
https://bspliveseries.bandcamp.com/album/bsp-live-series-2022-06-12-berlin
https://bspliveseries.bandcamp.com/album/bsp-live-series-2022-08-08-berlin
https://bspliveseries.bandcamp.com/album/bsp-live-series-2023-01-26-berlin
https://bspliveseries.bandcamp.com/album/bsp-live-series-2023-03-26-berlin
https://bspliveseries.bandcamp.com/album/bsp-live-series-2024-02-16-guadalajara
https://bspliveseries.bandcamp.com/album/bsp-live-series-2024-02-24-amsterdam
https://bspliveseries.bandcamp.com/album/bsp-live-series-2024-03-13-dijon
https://bspliveseries.bandcamp.com/album/bsp-live-series-2024-12-01-w-rzburg
https://bspliveseries.bandcamp.com/album/bsp-live-series-2025-01-04-hong-kong
