https://aliodie.bandcamp.com/album/a-circular-quest
https://aliodie.bandcamp.com/album/a-tapestry-for-sourcerers
https://aliodie.bandcamp.com/album/absolutely-deep
https://aliodie.bandcamp.com/album/ad-infinitum
https://aliodie.bandcamp.com/album/akupanga
https://aliodie.bandcamp.com/album/allegorical-traces-part-i
https://aliodie.bandcamp.com/album/allegorical-traces-part-ii
https://aliodie.bandcamp.com/album/almamantra
https://aliodie.bandcamp.com/album/amitabha
https://aliodie.bandcamp.com/album/an-unfathomable-convergence
https://aliodie.bandcamp.com/album/ancient-steam
https://aliodie.bandcamp.com/album/angels-fly-souvenir
https://aliodie.bandcamp.com/album/angelus
https://aliodie.bandcamp.com/album/apotheosis
https://aliodie.bandcamp.com/album/aqua-planing
https://aliodie.bandcamp.com/album/aquam-metallicam
https://aliodie.bandcamp.com/album/astrolabio
https://aliodie.bandcamp.com/album/aura-seminalis
https://aliodie.bandcamp.com/album/aurea-hora
https://aliodie.bandcamp.com/album/between-the-end-and-the-beginning
https://aliodie.bandcamp.com/album/brightness-of-the-days-gone-by
https://aliodie.bandcamp.com/album/calling-the-moon
https://aliodie.bandcamp.com/album/centurion
https://aliodie.bandcamp.com/album/circo-divino
https://aliodie.bandcamp.com/album/clouds-and-water-idealism
https://aliodie.bandcamp.com/album/coalescent-sketches
https://aliodie.bandcamp.com/album/corteggiando-le-messi
https://aliodie.bandcamp.com/album/cosmic-museum
https://aliodie.bandcamp.com/album/cosmospir
https://aliodie.bandcamp.com/album/cube-7-sospensione-destate
https://aliodie.bandcamp.com/album/descendre-cinq-lacs-au-travers-dune-voil
https://aliodie.bandcamp.com/album/descent
https://aliodie.bandcamp.com/album/distillation-of-time
https://aliodie.bandcamp.com/album/eight-parts-of-reality
https://aliodie.bandcamp.com/album/eleusian-sources
https://aliodie.bandcamp.com/album/elusive-metaphor
https://aliodie.bandcamp.com/album/empathy-fusion
https://aliodie.bandcamp.com/album/end-of-an-era
https://aliodie.bandcamp.com/album/enigma
https://aliodie.bandcamp.com/album/ephemeral-blue
https://aliodie.bandcamp.com/album/ephemeral-seasons
https://aliodie.bandcamp.com/album/existentialism
https://aliodie.bandcamp.com/album/figures-and-forms
https://aliodie.bandcamp.com/album/fino-alla-fine-della-notte
https://aliodie.bandcamp.com/album/floating-particles
https://aliodie.bandcamp.com/album/florealia-nocturna
https://aliodie.bandcamp.com/album/fragrant-shade
https://aliodie.bandcamp.com/album/gravitational-change
https://aliodie.bandcamp.com/album/healing-herbs-spirit
https://aliodie.bandcamp.com/album/hidden
https://aliodie.bandcamp.com/album/honeysuckle
https://aliodie.bandcamp.com/album/horas-tibi-serenas
https://aliodie.bandcamp.com/album/hymns
https://aliodie.bandcamp.com/album/il-giardino-ermeneutico
https://aliodie.bandcamp.com/album/il-sogno-di-un-piano-veneziano-a-parigi
https://aliodie.bandcamp.com/album/il-tempo-del-sogno
https://aliodie.bandcamp.com/album/il-tempo-magico-di-saturnia-pavonia
https://aliodie.bandcamp.com/album/imaginal-symmetry
https://aliodie.bandcamp.com/album/immanence
https://aliodie.bandcamp.com/album/immortal-presence
https://aliodie.bandcamp.com/album/impermanence
https://aliodie.bandcamp.com/album/implosion
https://aliodie.bandcamp.com/album/incandescence
https://aliodie.bandcamp.com/album/incantamento
https://aliodie.bandcamp.com/album/intangible-opacity
https://aliodie.bandcamp.com/album/invisible-cathedrals
https://aliodie.bandcamp.com/album/kalisz-concert
https://aliodie.bandcamp.com/album/khen-introduce-silence
https://aliodie.bandcamp.com/album/l-uscita-delle-anime-verso-la-luce-del-giorno
https://aliodie.bandcamp.com/album/la-sala-dei-cristalli
https://aliodie.bandcamp.com/album/la-solitudine-del-sole
https://aliodie.bandcamp.com/album/lacus-somniorum
https://aliodie.bandcamp.com/album/landing-on-earth
https://aliodie.bandcamp.com/album/latitude
https://aliodie.bandcamp.com/album/le-litanie-di-r
https://aliodie.bandcamp.com/album/le-stanze-della-trascendenza
https://aliodie.bandcamp.com/album/leaves-net
https://aliodie.bandcamp.com/album/leaves-thunderstorms
https://aliodie.bandcamp.com/album/lento
https://aliodie.bandcamp.com/album/let-the-brightness-in
https://aliodie.bandcamp.com/album/light-rooms
https://aliodie.bandcamp.com/album/light-sounds
https://aliodie.bandcamp.com/album/luminescence
https://aliodie.bandcamp.com/album/lunares-nectare
https://aliodie.bandcamp.com/album/melchiazek
https://aliodie.bandcamp.com/album/metempsicosi
https://aliodie.bandcamp.com/album/mondi-sensibili
https://aliodie.bandcamp.com/album/monsoon
https://aliodie.bandcamp.com/album/mother-sunrise
https://aliodie.bandcamp.com/album/music-infinity-meets-virtues
https://aliodie.bandcamp.com/album/naked-movements
https://aliodie.bandcamp.com/album/nights-in-nubiland
https://aliodie.bandcamp.com/album/nkisi
https://aliodie.bandcamp.com/album/offline-views
https://aliodie.bandcamp.com/album/opera-magnetica
https://aliodie.bandcamp.com/album/orphic-inscendence
https://aliodie.bandcamp.com/album/otherworldliness
https://aliodie.bandcamp.com/album/otter-songs-2
https://aliodie.bandcamp.com/album/out-of-the-way
https://aliodie.bandcamp.com/album/parabole-solitarie
https://aliodie.bandcamp.com/album/paraphrasing-the-infinite
https://aliodie.bandcamp.com/album/password-for-entheogenic-experience
https://aliodie.bandcamp.com/album/picture-frames
https://aliodie.bandcamp.com/album/platonica-filosofia-della-temperanza
https://aliodie.bandcamp.com/album/praha-meditations
https://aliodie.bandcamp.com/album/prayer-for-the-forest
https://aliodie.bandcamp.com/album/primeval-nebula
https://aliodie.bandcamp.com/album/primordial-passport
https://aliodie.bandcamp.com/album/private-history-of-the-clouds
https://aliodie.bandcamp.com/album/probing-the-depths
https://aliodie.bandcamp.com/album/quantum-consciousness
https://aliodie.bandcamp.com/album/quot-dies-resurgo
https://aliodie.bandcamp.com/album/r-verie
https://aliodie.bandcamp.com/album/raag-drone-theory-2
https://aliodie.bandcamp.com/album/remembering-the-wings
https://aliodie.bandcamp.com/album/reverberant-skies
https://aliodie.bandcamp.com/album/sacred-waters
https://aliodie.bandcamp.com/album/schwarzschild-radius
https://aliodie.bandcamp.com/album/seamlessly-bliss
https://aliodie.bandcamp.com/album/sensitive-gods
https://aliodie.bandcamp.com/album/sit-tibi-terra-levis-introspective
https://aliodie.bandcamp.com/album/sitar-meditations
https://aliodie.bandcamp.com/album/slow-movements
https://aliodie.bandcamp.com/album/sol-niger
https://aliodie.bandcamp.com/album/spirals-of-light
https://aliodie.bandcamp.com/album/standing-in-a-place
https://aliodie.bandcamp.com/album/static-soundscapes-three-lights-at-the-end-of-the-world
https://aliodie.bandcamp.com/album/sublimitas
https://aliodie.bandcamp.com/album/sunja
https://aliodie.bandcamp.com/album/suspended-feathers
https://aliodie.bandcamp.com/album/synapse-shaihulud
https://aliodie.bandcamp.com/album/tapestry
https://aliodie.bandcamp.com/album/tempus-fugit
https://aliodie.bandcamp.com/album/tempus-rei
https://aliodie.bandcamp.com/album/the-chapters-of-the-eclipse
https://aliodie.bandcamp.com/album/the-door-of-possibilities
https://aliodie.bandcamp.com/album/the-doorway
https://aliodie.bandcamp.com/album/the-fairy-tale-theater
https://aliodie.bandcamp.com/album/the-flight-of-real-image
https://aliodie.bandcamp.com/album/the-garland-of-dissolution
https://aliodie.bandcamp.com/album/the-hidden-spring
https://aliodie.bandcamp.com/album/the-inner-vaults
https://aliodie.bandcamp.com/album/the-reborn-of-the-rebel-angel
https://aliodie.bandcamp.com/album/the-sleep-of-seeds
https://aliodie.bandcamp.com/album/the-utopian-blossom
https://aliodie.bandcamp.com/album/they-grow-layers-of-life-within
https://aliodie.bandcamp.com/album/three-organic-experiences
https://aliodie.bandcamp.com/album/thumbnails-in-the-setting-sun
https://aliodie.bandcamp.com/album/time-zone-portal
https://aliodie.bandcamp.com/album/towards-edentea
https://aliodie.bandcamp.com/album/transcendental-geometries
https://aliodie.bandcamp.com/album/transience-merger
https://aliodie.bandcamp.com/album/tripudium-naturae
https://aliodie.bandcamp.com/album/unprofaned-twilight
https://aliodie.bandcamp.com/album/vayu-rouah
https://aliodie.bandcamp.com/album/vimana-ascensional-waves
https://aliodie.bandcamp.com/album/water-inside-the-light
https://aliodie.bandcamp.com/album/waves-from-the-sky
https://aliodie.bandcamp.com/album/white-maps
https://aliodie.bandcamp.com/album/without-age
https://aliodie.bandcamp.com/album/woodland-alcoves
