https://ifbwana.bandcamp.com/album/2-4-101-cz
https://ifbwana.bandcamp.com/album/2-4-12
https://ifbwana.bandcamp.com/album/3-works-for-voice
https://ifbwana.bandcamp.com/album/31
https://ifbwana.bandcamp.com/album/33-birds-went
https://ifbwana.bandcamp.com/album/6848
https://ifbwana.bandcamp.com/album/a-clarion-call
https://ifbwana.bandcamp.com/album/a-geography-of-the-imagination
https://ifbwana.bandcamp.com/album/a-live-morsel
https://ifbwana.bandcamp.com/album/a-trio-of-solo-duos
https://ifbwana.bandcamp.com/album/aaah-pie
https://ifbwana.bandcamp.com/album/assemble-age
https://ifbwana.bandcamp.com/album/athens-1966
https://ifbwana.bandcamp.com/album/aurora
https://ifbwana.bandcamp.com/album/before-the-rainy-season
https://ifbwana.bandcamp.com/album/bird-brain
https://ifbwana.bandcamp.com/album/bitterness-grows-in-the-soil-of-despair
https://ifbwana.bandcamp.com/album/bottles-for-sally
https://ifbwana.bandcamp.com/album/breathing
https://ifbwana.bandcamp.com/album/charles-darwin-takes-an-ocean-voyage
https://ifbwana.bandcamp.com/album/cinco-de-mayo
https://ifbwana.bandcamp.com/album/days-and-nights-in-the-forest
https://ifbwana.bandcamp.com/album/elektro-locution-2
https://ifbwana.bandcamp.com/album/favorite-encores
https://ifbwana.bandcamp.com/album/for
https://ifbwana.bandcamp.com/album/glockenspeed
https://ifbwana.bandcamp.com/album/gruntle
https://ifbwana.bandcamp.com/album/happy-clamping
https://ifbwana.bandcamp.com/album/i-angelica
https://ifbwana.bandcamp.com/album/japanese-by-spring
https://ifbwana.bandcamp.com/album/kempt
https://ifbwana.bandcamp.com/album/lines-of-sound
https://ifbwana.bandcamp.com/album/milk-day
https://ifbwana.bandcamp.com/album/neo-post-impressionist-phase-1
https://ifbwana.bandcamp.com/album/nnn-2
https://ifbwana.bandcamp.com/album/not-quite-for-jk-ch
https://ifbwana.bandcamp.com/album/oboes-for-noah
https://ifbwana.bandcamp.com/album/panique
https://ifbwana.bandcamp.com/album/peb
https://ifbwana.bandcamp.com/album/politics-and-power
https://ifbwana.bandcamp.com/album/ponzi-piece-re-boot-1
https://ifbwana.bandcamp.com/album/qa
https://ifbwana.bandcamp.com/album/quiet-wall
https://ifbwana.bandcamp.com/album/radio-slaves
https://ifbwana.bandcamp.com/album/red-one
https://ifbwana.bandcamp.com/album/rex-xhu-ping
https://ifbwana.bandcamp.com/album/rockets-and-feathers
https://ifbwana.bandcamp.com/album/sable
https://ifbwana.bandcamp.com/album/skyline-sunset
https://ifbwana.bandcamp.com/album/the-bong-hit-variations
https://ifbwana.bandcamp.com/album/the-cone-of-uncertainty
https://ifbwana.bandcamp.com/album/the-georgics
https://ifbwana.bandcamp.com/album/the-great-coarseness
https://ifbwana.bandcamp.com/album/the-hedonist
https://ifbwana.bandcamp.com/album/the-imperfect-and-future-tenses
https://ifbwana.bandcamp.com/album/the-joy-of-photography
https://ifbwana.bandcamp.com/album/the-rationale-for-a-space-telescope
https://ifbwana.bandcamp.com/album/the-silence-of-the-sea
https://ifbwana.bandcamp.com/album/therm
https://ifbwana.bandcamp.com/album/thirty
https://ifbwana.bandcamp.com/album/tripping-india
https://ifbwana.bandcamp.com/album/veils
https://ifbwana.bandcamp.com/album/wtf-10-trumpet-amplified
https://ifbwana.bandcamp.com/album/wtf-9
https://ifbwana.bandcamp.com/album/xymyx
https://ifbwana.bandcamp.com/track/4-minutes-of-heaven-live-at-330-main
https://ifbwana.bandcamp.com/track/casio-clicks
https://ifbwana.bandcamp.com/track/flowing
https://ifbwana.bandcamp.com/track/for-noah-creshevsky
https://ifbwana.bandcamp.com/track/from-of-for
https://ifbwana.bandcamp.com/track/genoa
https://ifbwana.bandcamp.com/track/guitar-s-of-march
https://ifbwana.bandcamp.com/track/guitarludes
https://ifbwana.bandcamp.com/track/live-at-533-warren
https://ifbwana.bandcamp.com/track/lrs-air
https://ifbwana.bandcamp.com/track/mysterial-1
https://ifbwana.bandcamp.com/track/nnn-1
https://ifbwana.bandcamp.com/track/ok-now-go-away
https://ifbwana.bandcamp.com/track/peau-souffle-e
https://ifbwana.bandcamp.com/track/ponzi-piece-large-ensemble-version-mad-e-off-with-the-money
https://ifbwana.bandcamp.com/track/quebec
https://ifbwana.bandcamp.com/track/som-for-craig-elizabeth
https://ifbwana.bandcamp.com/track/when-showers-were-shorter-and-didnt-use-water
https://ifbwana.bandcamp.com/track/wtf-1-nov-1-2017
https://ifbwana.bandcamp.com/track/wtf-2-nov-18-2017
https://ifbwana.bandcamp.com/track/wtf-3-nov-22-2017
https://ifbwana.bandcamp.com/track/wtf-4-nov-25-2017
https://ifbwana.bandcamp.com/track/wtf-5-acckorgion
https://ifbwana.bandcamp.com/track/wtf-6-dec-14-23
https://ifbwana.bandcamp.com/track/wtf-7-dec-21-bassoon
https://ifbwana.bandcamp.com/track/wtf-8-cymbals
