https://lorenconnorsnyc.bandcamp.com/album/angels-that-fall
https://lorenconnorsnyc.bandcamp.com/album/as-roses-bow-collected-airs-1992-2002
https://lorenconnorsnyc.bandcamp.com/album/at-the-old-factory
https://lorenconnorsnyc.bandcamp.com/album/at-the-top-of-the-stairs-2
https://lorenconnorsnyc.bandcamp.com/album/beautiful-dreamer
https://lorenconnorsnyc.bandcamp.com/album/blues-the-dark-paintings-of-mark-rothko
https://lorenconnorsnyc.bandcamp.com/album/domain-of-the-wind
https://lorenconnorsnyc.bandcamp.com/album/hells-kitchen-park
https://lorenconnorsnyc.bandcamp.com/album/into-the-night-sky
https://lorenconnorsnyc.bandcamp.com/album/leone-2
https://lorenconnorsnyc.bandcamp.com/album/light
https://lorenconnorsnyc.bandcamp.com/album/live-in-new-york
https://lorenconnorsnyc.bandcamp.com/album/mercury
https://lorenconnorsnyc.bandcamp.com/album/night-through-singles-collected-works-1976-2004
https://lorenconnorsnyc.bandcamp.com/album/nightfall
https://lorenconnorsnyc.bandcamp.com/album/red-mars
https://lorenconnorsnyc.bandcamp.com/album/robert-crotty-with-me-lorens-collection-1979-1987
https://lorenconnorsnyc.bandcamp.com/album/spitfire
https://lorenconnorsnyc.bandcamp.com/album/st-vincents-newsboy-home
https://lorenconnorsnyc.bandcamp.com/album/the-curse-of-midnight-mary
https://lorenconnorsnyc.bandcamp.com/album/the-departing-of-a-dream
https://lorenconnorsnyc.bandcamp.com/album/the-departing-of-a-dream-vol-ii
https://lorenconnorsnyc.bandcamp.com/album/the-departing-of-a-dream-vol-iii-juliet
https://lorenconnorsnyc.bandcamp.com/album/the-departing-of-a-dream-vol-v
https://lorenconnorsnyc.bandcamp.com/album/the-departing-of-a-dream-vol-vi
https://lorenconnorsnyc.bandcamp.com/album/the-departing-of-a-dream-vol-vii
https://lorenconnorsnyc.bandcamp.com/album/the-lost-mariner
https://lorenconnorsnyc.bandcamp.com/album/the-red-painting
https://lorenconnorsnyc.bandcamp.com/album/this-past-spring
https://lorenconnorsnyc.bandcamp.com/album/two-nice-catholic-boys
https://lorenconnorsnyc.bandcamp.com/album/two-nights
https://lorenconnorsnyc.bandcamp.com/album/untitled
https://lorenconnorsnyc.bandcamp.com/track/departing
https://lorenconnorsnyc.bandcamp.com/track/silent-night
https://lorenconnorsnyc.bandcamp.com/track/wait-until-day
