https://djchateaux.bandcamp.com/album/aight-bro-im-boutta-head-out
https://djchateaux.bandcamp.com/album/boi
https://djchateaux.bandcamp.com/album/boots-n-cats
https://djchateaux.bandcamp.com/album/bueno
https://djchateaux.bandcamp.com/album/can-robots-say-meow
https://djchateaux.bandcamp.com/album/dude-weed-lmao
https://djchateaux.bandcamp.com/album/i-used-to-give-a-damn
https://djchateaux.bandcamp.com/album/i-used-to-give-a-damn-vol-2-now-i-dont-even-give-a-fuck
https://djchateaux.bandcamp.com/album/i-used-to-now-vol-3-i-dont
https://djchateaux.bandcamp.com/album/meow
https://djchateaux.bandcamp.com/album/mrow
https://djchateaux.bandcamp.com/album/thanks
https://djchateaux.bandcamp.com/album/this-music-is-hard-to-dance-to
https://djchateaux.bandcamp.com/album/we-are-flying-through-space-my-dude-vol-1
https://djchateaux.bandcamp.com/album/we-are-flying-through-space-my-dude-vol-2-electric-boogaloo
https://djchateaux.bandcamp.com/album/we-back-at-it-again
https://djchateaux.bandcamp.com/album/what-the-are-you-doing-in-there
https://djchateaux.bandcamp.com/album/whip-hop-album
https://djchateaux.bandcamp.com/album/yuck
https://djchateaux.bandcamp.com/track/2-a-silly-picture-of-a-cat
https://djchateaux.bandcamp.com/track/a-happy-little-cat
https://djchateaux.bandcamp.com/track/a-silly-picture-of-a-cat
https://djchateaux.bandcamp.com/track/a-silly-picture-of-a-cat-3
https://djchateaux.bandcamp.com/track/big-moneys
https://djchateaux.bandcamp.com/track/gymnob-dies
https://djchateaux.bandcamp.com/track/hang-out
https://djchateaux.bandcamp.com/track/heat
https://djchateaux.bandcamp.com/track/hmmm
https://djchateaux.bandcamp.com/track/hmmm2
https://djchateaux.bandcamp.com/track/hoes-mad
https://djchateaux.bandcamp.com/track/kitty
https://djchateaux.bandcamp.com/track/leap
https://djchateaux.bandcamp.com/track/lord-help-me-im-back-on-my-bullshit
https://djchateaux.bandcamp.com/track/maybe-you-should-hust-as-hard-as
https://djchateaux.bandcamp.com/track/nap
https://djchateaux.bandcamp.com/track/sleepy
https://djchateaux.bandcamp.com/track/vihoc
https://djchateaux.bandcamp.com/track/waffle-house
https://djchateaux.bandcamp.com/track/youll-cowards-dont-even-smoke-crack
