https://muslimgauze.bandcamp.com/album/a-p-reworks-muslimgauze
https://muslimgauze.bandcamp.com/album/a-p-reworks-muslimgauze-two
https://muslimgauze.bandcamp.com/album/abyssinia-selasie
https://muslimgauze.bandcamp.com/album/al-jar-zia-audio
https://muslimgauze.bandcamp.com/album/ali-zarin
https://muslimgauze.bandcamp.com/album/ar-71-12-single
https://muslimgauze.bandcamp.com/album/arab-american-radio
https://muslimgauze.bandcamp.com/album/ayatollah-dollar
https://muslimgauze.bandcamp.com/album/azad
https://muslimgauze.bandcamp.com/album/azure-deux
https://muslimgauze.bandcamp.com/album/azzazin
https://muslimgauze.bandcamp.com/album/babylon-is-iraq
https://muslimgauze.bandcamp.com/album/baghdad
https://muslimgauze.bandcamp.com/album/bedouin-in-mercedes
https://muslimgauze.bandcamp.com/album/beirut-transister
https://muslimgauze.bandcamp.com/album/betrayal
https://muslimgauze.bandcamp.com/album/beyond-the-blue-mosque
https://muslimgauze.bandcamp.com/album/blue-mosque
https://muslimgauze.bandcamp.com/album/chechnya-over-dub
https://muslimgauze.bandcamp.com/album/cobra-head-soup
https://muslimgauze.bandcamp.com/album/damascus
https://muslimgauze.bandcamp.com/album/deceiver
https://muslimgauze.bandcamp.com/album/deceiver-vol-3-4
https://muslimgauze.bandcamp.com/album/demo
https://muslimgauze.bandcamp.com/album/drugsherpa
https://muslimgauze.bandcamp.com/album/eye-for-an-eye
https://muslimgauze.bandcamp.com/album/fedayeen
https://muslimgauze.bandcamp.com/album/hafaz-al-assad
https://muslimgauze.bandcamp.com/album/hamas-arc
https://muslimgauze.bandcamp.com/album/hamas-cinema-gaza-strip
https://muslimgauze.bandcamp.com/album/hammer-sickle-2
https://muslimgauze.bandcamp.com/album/hindu-kush-on
https://muslimgauze.bandcamp.com/album/home-demo-tracks
https://muslimgauze.bandcamp.com/album/in-search-of-ahmad-shah-masood-extra-noize-versions
https://muslimgauze.bandcamp.com/album/ingaza
https://muslimgauze.bandcamp.com/album/iran
https://muslimgauze.bandcamp.com/album/iranair-inflight-magazine
https://muslimgauze.bandcamp.com/album/iranian-female-olympic-table-tennis-team-theme
https://muslimgauze.bandcamp.com/album/islamic-songs
https://muslimgauze.bandcamp.com/album/izlamaphobia
https://muslimgauze.bandcamp.com/album/jaagheed-zarb
https://muslimgauze.bandcamp.com/album/jackal-the-invizible
https://muslimgauze.bandcamp.com/album/jah-mearab
https://muslimgauze.bandcamp.com/album/jebel-tariq
https://muslimgauze.bandcamp.com/album/jerusalaam
https://muslimgauze.bandcamp.com/album/kaliskinazure-tape-5
https://muslimgauze.bandcamp.com/album/kashmiri-queens
https://muslimgauze.bandcamp.com/album/keffeen-head
https://muslimgauze.bandcamp.com/album/lalique-gadaffi-handgrenade
https://muslimgauze.bandcamp.com/album/lazhareem-ul-leper
https://muslimgauze.bandcamp.com/album/libya-tour-guide
https://muslimgauze.bandcamp.com/album/live
https://muslimgauze.bandcamp.com/album/madrass-sitar-burner
https://muslimgauze.bandcamp.com/album/maroon
https://muslimgauze.bandcamp.com/album/melt
https://muslimgauze.bandcamp.com/album/minaret-speaker
https://muslimgauze.bandcamp.com/album/mohammad-ali-jinnah
https://muslimgauze.bandcamp.com/album/mort-aux-vaches
https://muslimgauze.bandcamp.com/album/muhammadunize
https://muslimgauze.bandcamp.com/album/muhammadunize-2
https://muslimgauze.bandcamp.com/album/mullah-said
https://muslimgauze.bandcamp.com/album/muslimgauze
https://muslimgauze.bandcamp.com/album/muslimgauze-memorial-mix-part-3
https://muslimgauze.bandcamp.com/album/muslimgauze-memorial-mix-part-4
https://muslimgauze.bandcamp.com/album/muslimgauze-memorial-mix-part-5
https://muslimgauze.bandcamp.com/album/muslimgauze-memorial-mixtape-1
https://muslimgauze.bandcamp.com/album/muslimgauze-memorial-mixtape-2
https://muslimgauze.bandcamp.com/album/muslimgauze-muslimlahore
https://muslimgauze.bandcamp.com/album/narcotic
https://muslimgauze.bandcamp.com/album/narcotic-lp
https://muslimgauze.bandcamp.com/album/no-human-rights-for-arabs-in-israel
https://muslimgauze.bandcamp.com/album/no-human-rights-for-arabs-in-israel-doublecd
https://muslimgauze.bandcamp.com/album/no-human-rights-for-arabs-in-israel-the-remix
https://muslimgauze.bandcamp.com/album/observe-with-sadiq-bey
https://muslimgauze.bandcamp.com/album/occupied-territories
https://muslimgauze.bandcamp.com/album/port-said
https://muslimgauze.bandcamp.com/album/port-said-audio-nl
https://muslimgauze.bandcamp.com/album/re-mixs-vol-3
https://muslimgauze.bandcamp.com/album/red-madrassa
https://muslimgauze.bandcamp.com/album/return-of-black-september
https://muslimgauze.bandcamp.com/album/rhiza-coil-of-resin
https://muslimgauze.bandcamp.com/album/sadaamschildren
https://muslimgauze.bandcamp.com/album/sandtrafikar
https://muslimgauze.bandcamp.com/album/sarin-israel-nes-ziona
https://muslimgauze.bandcamp.com/album/satyajit-eye
https://muslimgauze.bandcamp.com/album/sect-of-hari-krishna
https://muslimgauze.bandcamp.com/album/single-one
https://muslimgauze.bandcamp.com/album/single-three
https://muslimgauze.bandcamp.com/album/souk-bou-saada
https://muslimgauze.bandcamp.com/album/speaking-with-hamas
https://muslimgauze.bandcamp.com/album/staalplaat-sonderangebote-re-mixs
https://muslimgauze.bandcamp.com/album/sulaymaniyah
https://muslimgauze.bandcamp.com/album/sycophant-of-purdah
https://muslimgauze.bandcamp.com/album/tajik-and-persian-blind
https://muslimgauze.bandcamp.com/album/tandoor-dog
https://muslimgauze.bandcamp.com/album/tape-13
https://muslimgauze.bandcamp.com/album/techno-arabaqua
https://muslimgauze.bandcamp.com/album/the-remix
https://muslimgauze.bandcamp.com/album/turkish-berlina
https://muslimgauze.bandcamp.com/album/turn-on-arabic-american-radio
https://muslimgauze.bandcamp.com/album/un-used-re-mixs-1994-1995
https://muslimgauze.bandcamp.com/album/unfinished-mosque
https://muslimgauze.bandcamp.com/album/vampire-of-tehran
https://muslimgauze.bandcamp.com/album/your-mines-in-kabul
https://muslimgauze.bandcamp.com/album/zealot
https://muslimgauze.bandcamp.com/album/zealot-postcard
https://muslimgauze.bandcamp.com/album/zilver-feel-the-hiss
https://muslimgauze.bandcamp.com/album/zurif-moussa-part-three
https://muslimgauze.bandcamp.com/album/zuriff-moussa
