https://bike.bandcamp.com/album/ambike
https://bike.bandcamp.com/album/axontracs
https://bike.bandcamp.com/album/bncx4
https://bike.bandcamp.com/album/e560-a-126-2-x
https://bike.bandcamp.com/album/flanger
https://bike.bandcamp.com/album/leafman-effect
https://bike.bandcamp.com/album/lure
https://bike.bandcamp.com/album/mono-rot
https://bike.bandcamp.com/album/october-orange
https://bike.bandcamp.com/album/patchboard-utilities
https://bike.bandcamp.com/album/phi-lips
https://bike.bandcamp.com/album/phrygian
https://bike.bandcamp.com/album/rangefinder-1-3
https://bike.bandcamp.com/album/rangefinder-2-3
https://bike.bandcamp.com/album/rangefinder-3-3
https://bike.bandcamp.com/album/rector
https://bike.bandcamp.com/album/strickfadens
https://bike.bandcamp.com/album/sugarcube-teeth
https://bike.bandcamp.com/album/telefaun
https://bike.bandcamp.com/album/thayron-bazardo
https://bike.bandcamp.com/album/thayron-bazardo-2
https://bike.bandcamp.com/album/thayron-bazardo-3
https://bike.bandcamp.com/album/thayron-bazardo-4
