https://fabiokeiner.bandcamp.com/album/3-states-of-subtle-mind
https://fabiokeiner.bandcamp.com/album/a-requiem-for-charleston
https://fabiokeiner.bandcamp.com/album/absolutely-free
https://fabiokeiner.bandcamp.com/album/aleluyah
https://fabiokeiner.bandcamp.com/album/ashes
https://fabiokeiner.bandcamp.com/album/august-6th-hachigatsu-muika-1945
https://fabiokeiner.bandcamp.com/album/aural-landscapes
https://fabiokeiner.bandcamp.com/album/aural-meditation
https://fabiokeiner.bandcamp.com/album/auralis
https://fabiokeiner.bandcamp.com/album/birkat-hachama
https://fabiokeiner.bandcamp.com/album/bodytalk
https://fabiokeiner.bandcamp.com/album/bodytalk-ii
https://fabiokeiner.bandcamp.com/album/brahma
https://fabiokeiner.bandcamp.com/album/cakrasamvara
https://fabiokeiner.bandcamp.com/album/call-of-persephone
https://fabiokeiner.bandcamp.com/album/calling-echoes
https://fabiokeiner.bandcamp.com/album/cantar-de-noche
https://fabiokeiner.bandcamp.com/album/cantata-de-cuaresma
https://fabiokeiner.bandcamp.com/album/chandogya
https://fabiokeiner.bandcamp.com/album/contemplation
https://fabiokeiner.bandcamp.com/album/dance-like-branches
https://fabiokeiner.bandcamp.com/album/day-of-atonement
https://fabiokeiner.bandcamp.com/album/days-of-quarantaine
https://fabiokeiner.bandcamp.com/album/demon-dances-2
https://fabiokeiner.bandcamp.com/album/der-engel-des-angesichts
https://fabiokeiner.bandcamp.com/album/dominica-in-palmis
https://fabiokeiner.bandcamp.com/album/donns-curse
https://fabiokeiner.bandcamp.com/album/doomsday-morning
https://fabiokeiner.bandcamp.com/album/drone-day-2022
https://fabiokeiner.bandcamp.com/album/easter-songs
https://fabiokeiner.bandcamp.com/album/elegy
https://fabiokeiner.bandcamp.com/album/empyrean-spheres
https://fabiokeiner.bandcamp.com/album/endlessness
https://fabiokeiner.bandcamp.com/album/erdgeist
https://fabiokeiner.bandcamp.com/album/ereshkigal-dreaming
https://fabiokeiner.bandcamp.com/album/eruptions
https://fabiokeiner.bandcamp.com/album/ferguson-is-everywhere
https://fabiokeiner.bandcamp.com/album/feria-sexta-in-passione
https://fabiokeiner.bandcamp.com/album/ghost-in-a-bottle
https://fabiokeiner.bandcamp.com/album/golems-dream
https://fabiokeiner.bandcamp.com/album/heavens-gate
https://fabiokeiner.bandcamp.com/album/hiroshima-is-everywhere
https://fabiokeiner.bandcamp.com/album/hyperion
https://fabiokeiner.bandcamp.com/album/idus-martii
https://fabiokeiner.bandcamp.com/album/in-the-garden-of-reason
https://fabiokeiner.bandcamp.com/album/invocation-of-lilith
https://fabiokeiner.bandcamp.com/album/ishtar-dreaming
https://fabiokeiner.bandcamp.com/album/kasagumo
https://fabiokeiner.bandcamp.com/album/katatonic-dreamings
https://fabiokeiner.bandcamp.com/album/kirtimukha
https://fabiokeiner.bandcamp.com/album/koan
https://fabiokeiner.bandcamp.com/album/komorebi
https://fabiokeiner.bandcamp.com/album/kukulkan
https://fabiokeiner.bandcamp.com/album/lament
https://fabiokeiner.bandcamp.com/album/leviathan
https://fabiokeiner.bandcamp.com/album/liliths-song
https://fabiokeiner.bandcamp.com/album/mantra-para-mi-amor
https://fabiokeiner.bandcamp.com/album/memnons-song
https://fabiokeiner.bandcamp.com/album/metadrones
https://fabiokeiner.bandcamp.com/album/midnight-meditation
https://fabiokeiner.bandcamp.com/album/midnight-of-september-1st
https://fabiokeiner.bandcamp.com/album/mirror-of-souls
https://fabiokeiner.bandcamp.com/album/miss-halloween
https://fabiokeiner.bandcamp.com/album/missa-universalis
https://fabiokeiner.bandcamp.com/album/moai-songs
https://fabiokeiner.bandcamp.com/album/moonsongs
https://fabiokeiner.bandcamp.com/album/morrigans-lament
https://fabiokeiner.bandcamp.com/album/mu-meditation
https://fabiokeiner.bandcamp.com/album/njet-wojne-no-war
https://fabiokeiner.bandcamp.com/album/noise-artifacts
https://fabiokeiner.bandcamp.com/album/november-songs
https://fabiokeiner.bandcamp.com/album/nyepi-day-of-silence
https://fabiokeiner.bandcamp.com/album/offering-to-ganesha
https://fabiokeiner.bandcamp.com/album/okinoshima
https://fabiokeiner.bandcamp.com/album/oku
https://fabiokeiner.bandcamp.com/album/omine-okugakemichi-1
https://fabiokeiner.bandcamp.com/album/omine-okugakemichi-2
https://fabiokeiner.bandcamp.com/album/omine-okugakemichi-3
https://fabiokeiner.bandcamp.com/album/omine-okugakemichi-4
https://fabiokeiner.bandcamp.com/album/omine-okugakemichi-5
https://fabiokeiner.bandcamp.com/album/omine-okugakemichi-6
https://fabiokeiner.bandcamp.com/album/omine-okugakemichi-7
https://fabiokeiner.bandcamp.com/album/omine-okugakemichi-8
https://fabiokeiner.bandcamp.com/album/orion-rising
https://fabiokeiner.bandcamp.com/album/orphic-hymns
https://fabiokeiner.bandcamp.com/album/pentecostes
https://fabiokeiner.bandcamp.com/album/plenilunio
https://fabiokeiner.bandcamp.com/album/pranam
https://fabiokeiner.bandcamp.com/album/psalm-2
https://fabiokeiner.bandcamp.com/album/psalm-91
https://fabiokeiner.bandcamp.com/album/racism-kills
https://fabiokeiner.bandcamp.com/album/requiem
https://fabiokeiner.bandcamp.com/album/ruach-ha-kodesh
https://fabiokeiner.bandcamp.com/album/satyr
https://fabiokeiner.bandcamp.com/album/seagram-studies
https://fabiokeiner.bandcamp.com/album/sekhmet
https://fabiokeiner.bandcamp.com/album/siddiqun
https://fabiokeiner.bandcamp.com/album/singing-in-the-rain
https://fabiokeiner.bandcamp.com/album/sobre-los-angeles
https://fabiokeiner.bandcamp.com/album/solar-storm
https://fabiokeiner.bandcamp.com/album/songs-of-banshee
https://fabiokeiner.bandcamp.com/album/sophia
https://fabiokeiner.bandcamp.com/album/sound-gardens
https://fabiokeiner.bandcamp.com/album/sound-voyage
https://fabiokeiner.bandcamp.com/album/sutra
https://fabiokeiner.bandcamp.com/album/tamuke
https://fabiokeiner.bandcamp.com/album/tandava
https://fabiokeiner.bandcamp.com/album/tannhaeuser-gate
https://fabiokeiner.bandcamp.com/album/the-dawn
https://fabiokeiner.bandcamp.com/album/the-fate
https://fabiokeiner.bandcamp.com/album/the-rising
https://fabiokeiner.bandcamp.com/album/the-seventh-well
https://fabiokeiner.bandcamp.com/album/the-song-of-annwn
https://fabiokeiner.bandcamp.com/album/totengedenken
https://fabiokeiner.bandcamp.com/album/totensonntag
https://fabiokeiner.bandcamp.com/album/tres-recuerdos
https://fabiokeiner.bandcamp.com/album/triduum-paschale
https://fabiokeiner.bandcamp.com/album/trophonios
https://fabiokeiner.bandcamp.com/album/uriel-descending
https://fabiokeiner.bandcamp.com/album/venus-transit
https://fabiokeiner.bandcamp.com/album/voices-of-seraphim
https://fabiokeiner.bandcamp.com/album/voices-of-the-sea
https://fabiokeiner.bandcamp.com/album/windsongs-ii
https://fabiokeiner.bandcamp.com/album/woodsongs
https://fabiokeiner.bandcamp.com/album/yi-jing-oracle-i
https://fabiokeiner.bandcamp.com/album/yidam
https://fabiokeiner.bandcamp.com/album/yizkor
https://fabiokeiner.bandcamp.com/album/yuletide-meditations
https://fabiokeiner.bandcamp.com/track/capriccio-1
https://fabiokeiner.bandcamp.com/track/egun-emen-eta-biar-an
https://fabiokeiner.bandcamp.com/track/gefrorene-erinnerungen
https://fabiokeiner.bandcamp.com/track/incantation-sahar
https://fabiokeiner.bandcamp.com/track/lamias-lovesong
https://fabiokeiner.bandcamp.com/track/od-ana-queen-of-fire
https://fabiokeiner.bandcamp.com/track/raum-allein-zu-klein
