https://mikeshiflet.bandcamp.com/album/8317
https://mikeshiflet.bandcamp.com/album/at-land
https://mikeshiflet.bandcamp.com/album/awake
https://mikeshiflet.bandcamp.com/album/blurred-scorched
https://mikeshiflet.bandcamp.com/album/cannibal-frequencies
https://mikeshiflet.bandcamp.com/album/cycles
https://mikeshiflet.bandcamp.com/album/disrobed-spitting-blood
https://mikeshiflet.bandcamp.com/album/dithering
https://mikeshiflet.bandcamp.com/album/erased-tapes
https://mikeshiflet.bandcamp.com/album/every-possible-outcome
https://mikeshiflet.bandcamp.com/album/gutter-divas
https://mikeshiflet.bandcamp.com/album/hawkmoth
https://mikeshiflet.bandcamp.com/album/ichinomiya-536
https://mikeshiflet.bandcamp.com/album/last-of-the-american-sessions
https://mikeshiflet.bandcamp.com/album/lisa-2-v-10-original-soundtrack
https://mikeshiflet.bandcamp.com/album/live-new-york
https://mikeshiflet.bandcamp.com/album/llanos
https://mikeshiflet.bandcamp.com/album/meadowbathers
https://mikeshiflet.bandcamp.com/album/merciless
https://mikeshiflet.bandcamp.com/album/nature-seen
https://mikeshiflet.bandcamp.com/album/omen-chaser
https://mikeshiflet.bandcamp.com/album/omnivores
https://mikeshiflet.bandcamp.com/album/recent-widow-extended
https://mikeshiflet.bandcamp.com/album/seagulls
https://mikeshiflet.bandcamp.com/album/shiso-epilogues
https://mikeshiflet.bandcamp.com/album/stalemate
https://mikeshiflet.bandcamp.com/album/sufferers
https://mikeshiflet.bandcamp.com/album/supreme-trading
https://mikeshiflet.bandcamp.com/album/tetracosa-2024-volumes-1-4
https://mikeshiflet.bandcamp.com/album/tetracosa-2024-volumes-5-8
https://mikeshiflet.bandcamp.com/album/tetracosa-ensemble-volumes-1-4
https://mikeshiflet.bandcamp.com/album/tetracosa-ensemble-volumes-5-8
https://mikeshiflet.bandcamp.com/album/tetracosa-volume-eight
https://mikeshiflet.bandcamp.com/album/tetracosa-volume-five
https://mikeshiflet.bandcamp.com/album/tetracosa-volume-four
https://mikeshiflet.bandcamp.com/album/tetracosa-volume-one
https://mikeshiflet.bandcamp.com/album/tetracosa-volume-seven
https://mikeshiflet.bandcamp.com/album/tetracosa-volume-six
https://mikeshiflet.bandcamp.com/album/tetracosa-volume-three
https://mikeshiflet.bandcamp.com/album/tetracosa-volume-two
https://mikeshiflet.bandcamp.com/album/the-ocean-doesnt-care-that-youre-drowning
https://mikeshiflet.bandcamp.com/album/welcome-to-cleveland
