https://animebreaktvreceptor.bandcamp.com/album/c-end
https://animebreaktvreceptor.bandcamp.com/album/hold-me-dear-its-coming
https://animebreaktvreceptor.bandcamp.com/album/i-tane-no-seimei-atarash-mezame
https://animebreaktvreceptor.bandcamp.com/album/ii-erizabesu-to-tsunagaru-kanojo-wa-kuru
https://animebreaktvreceptor.bandcamp.com/album/iii-jidaiokure-no-sutairu-no-kurosu-b-renzoku-tai
https://animebreaktvreceptor.bandcamp.com/album/iv-burisufuruhapp-aizuau-ei
https://animebreaktvreceptor.bandcamp.com/album/ix-kuropputoppub-t-sh-tsu-y-koso-natsufuku-o-akiraka-ni-shi-aik-ka-no-tame-no-yume-o
https://animebreaktvreceptor.bandcamp.com/album/l-jitaku-no-p-ru-ni-chakuriku
https://animebreaktvreceptor.bandcamp.com/album/li-atsui-natsu-no-nihongohan
https://animebreaktvreceptor.bandcamp.com/album/lii
https://animebreaktvreceptor.bandcamp.com/album/liii-rupointo-de-k-bu-nashi
https://animebreaktvreceptor.bandcamp.com/album/liv-bimy-na-reinb-kansen
https://animebreaktvreceptor.bandcamp.com/album/lix-raifuf-jingutoriof-mingu
https://animebreaktvreceptor.bandcamp.com/album/lv-zannennagara-mukashi-no-kono-bikini-wa-sono-y-na-mune-no-omo-sa-o-sasaeru-koto-ga-dekimasendeshita
https://animebreaktvreceptor.bandcamp.com/album/lvi-megane-no-ue-ni-magatta-kuraku-natta-reinb
https://animebreaktvreceptor.bandcamp.com/album/lvii-baketsu-o-motsu-aoi-josei
https://animebreaktvreceptor.bandcamp.com/album/lviii-watashitachiha-kusari-hajimemasu
https://animebreaktvreceptor.bandcamp.com/album/lx-genjitsu-wa-minikui
https://animebreaktvreceptor.bandcamp.com/album/lxi-pureim-biru
https://animebreaktvreceptor.bandcamp.com/album/lxii-sakura-no-onnanoko
https://animebreaktvreceptor.bandcamp.com/album/lxiii-daun-pointo-roshutsu-do-no-takai-kosuch-mu
https://animebreaktvreceptor.bandcamp.com/album/lxiv-donyokuna-tabi-wa-tsudzuku
https://animebreaktvreceptor.bandcamp.com/album/lxix-s-ji-no-y-moa
https://animebreaktvreceptor.bandcamp.com/album/lxv-reddoribong-ru
https://animebreaktvreceptor.bandcamp.com/album/lxvi-inbijiburugesuto
https://animebreaktvreceptor.bandcamp.com/album/lxvii-yasashiku-ukabu-odayakana-beaburisu
https://animebreaktvreceptor.bandcamp.com/album/lxviii-shinpusonu-bu-no-fukkatsu
https://animebreaktvreceptor.bandcamp.com/album/lxx-wa-o-dakara-koko-ni-meidodoresu-ga-hy-ji-sa-rete-imasu
https://animebreaktvreceptor.bandcamp.com/album/lxxi
https://animebreaktvreceptor.bandcamp.com/album/lxxii-natsu-ga-kaettekita
https://animebreaktvreceptor.bandcamp.com/album/lxxiii-murasaki-no-z-en-de-dakishimeru-anata-o-sh-tai-suru-pinku-no-g-rufurendo-kore-o-yonde-iru-josei
https://animebreaktvreceptor.bandcamp.com/album/lxxiv-akuapurom-shonfukeshanp
https://animebreaktvreceptor.bandcamp.com/album/lxxix-summer-nightmare
https://animebreaktvreceptor.bandcamp.com/album/lxxv-sore-wa-subete-hada-uchinaru-shinjitsudesu
https://animebreaktvreceptor.bandcamp.com/album/lxxvi-jishin-o-motte-utsu-t-i-odoroki
https://animebreaktvreceptor.bandcamp.com/album/lxxvii-anata-ni-hikkurikaetta
https://animebreaktvreceptor.bandcamp.com/album/lxxviii-gyaku-sekitsui
https://animebreaktvreceptor.bandcamp.com/album/lxxx-meido-ga-shusai-suru-totemo-miryoku-tekina-h-h
https://animebreaktvreceptor.bandcamp.com/album/lxxxi-bur-furendor-anata-no-ue-ni-nuide
https://animebreaktvreceptor.bandcamp.com/album/lxxxii-watashi-no-ch-sana-y-j-atarash-jind-ni-muke-rareta
https://animebreaktvreceptor.bandcamp.com/album/lxxxiii-otenbamusume-no-mizu-kiti-de-asobigokoro-sentaku-tekina-tei-hinshitsu
https://animebreaktvreceptor.bandcamp.com/album/lxxxiv-henpin-kijun
https://animebreaktvreceptor.bandcamp.com/album/lxxxix-t-c-t-c-a-a-e-h-b-a-url-w-b-x-m-f-v-b
https://animebreaktvreceptor.bandcamp.com/album/lxxxv-bur-bur-subete-wa-mirai-no-bur-bur
https://animebreaktvreceptor.bandcamp.com/album/lxxxvi-2
https://animebreaktvreceptor.bandcamp.com/album/lxxxvii-reinb-wa-kar-jite-kakusa-rete-ori-tokubetsuna-tomodachi-ga-imasu
https://animebreaktvreceptor.bandcamp.com/album/lxxxviii-anata-no-sakuhin-ni-sanjigen-o-d-ny-suru
https://animebreaktvreceptor.bandcamp.com/album/s2e1-dawn-of-a-dawn-of-a-dawn-of-a-new-day
https://animebreaktvreceptor.bandcamp.com/album/s2e10-home-day-arc-9-what-if-the-sun-never-set-just-keep-it-orange-level-right-here-it-can-be-beautiful-and-we-relax-all-the-same
https://animebreaktvreceptor.bandcamp.com/album/s2e11-home-night-arc-1-oh-well-i-guess-the-sun-did-set-after-all-since-it-is-now-the-night-time-again-let-s-some-fun-moonlight
https://animebreaktvreceptor.bandcamp.com/album/s2e12-home-night-arc-2-when-the-moon-shines-this-is-when-we-can-really-stay-let-s-get-these-up-soon
https://animebreaktvreceptor.bandcamp.com/album/s2e13-home-night-arc-3-shhh-the-quiet-hours-are-really-where-we-are-at-and-feeling-it
https://animebreaktvreceptor.bandcamp.com/album/s2e14-home-night-arc-4-can-the-moon-night-amp-it-up-even-more-high-yes-you-can-bet-it-together
https://animebreaktvreceptor.bandcamp.com/album/s2e15-home-night-arc-5-and-what-if-we-turn-the-night-light-on-too-then-what-ensues
https://animebreaktvreceptor.bandcamp.com/album/s2e16-home-night-arc-6-yep-just-keep-on-lighting-less-dressing-even-better-friends
https://animebreaktvreceptor.bandcamp.com/album/s2e17-home-night-arc-7-can-you-even-keep-brighten-me-up-more-and-more-and-more-and-more-oh-yes-we-can
https://animebreaktvreceptor.bandcamp.com/album/s2e18-home-night-arc-8-the-light-the-light-in-the-retina-of-my-eye-interaction-habitat-deep-contained-in-such-bright
https://animebreaktvreceptor.bandcamp.com/album/s2e19-home-night-arc-9-brightness-still-untamed-dont-mind-the-fizzles-shine-forever-goes-up
https://animebreaktvreceptor.bandcamp.com/album/s2e2-home-day-arc-1-room-entrance-and-what-the-you-ve-been-so-lazy-all-these-days
https://animebreaktvreceptor.bandcamp.com/album/s2e20-home-night-arc-10-oh-my-goddess-the-light-power-force-speeds-into-crazier-view-across-all-spaces-in-which-one-could-observe-the-overwhelming-sense-of-bright-and-connect-so-we-continue-to-st
https://animebreaktvreceptor.bandcamp.com/album/s2e21-home-night-arc-11-but-i-can-t-forget-my-piano-practice-and-other-calmer-spots-amidst-the-light-noise
https://animebreaktvreceptor.bandcamp.com/album/s2e22-home-night-arc-12-so-it-seems-even-the-nights-can-be-so-calm-at-times-too-as-we-chill-sometimes-nice
https://animebreaktvreceptor.bandcamp.com/album/s2e23-home-night-arc-13-this-is-midnight-snack-sit-relax-and-give-in-and-exist
https://animebreaktvreceptor.bandcamp.com/album/s2e24-home-night-arc-14-well-us-in-the-light-area-are-okay-with-chilling-time-since-we-were-winding-down-anyway-see-this-aftermath
https://animebreaktvreceptor.bandcamp.com/album/s2e25-home-night-arc-15-at-the-end-of-this-session-it-s-sleepy-night-rest-time-tonight-where-will-a-dream-s-dream-take-us-later
https://animebreaktvreceptor.bandcamp.com/album/s2e26-home-dream-arc-1-what-where-in-this-dream-sky-beginning-have-i-found-myself-now
https://animebreaktvreceptor.bandcamp.com/album/s2e27-home-dream-arc-2-so-much-dreamy-bliss-beauty-to-take-in-blossoming-quite-the-scene
https://animebreaktvreceptor.bandcamp.com/album/s2e28-home-dream-arc-3-bubbling-up-into-view-bubbly-friends-bested-in-breast-so-free-flow-splash-in-the-mind
https://animebreaktvreceptor.bandcamp.com/album/s2e29-home-dream-arc-4-flying-high-see-upward-structures-airflow-sky-we-travel-freely-in-minds-eye
https://animebreaktvreceptor.bandcamp.com/album/s2e3-home-day-arc-2-well-okay-we-can-hear-you-out-albeit-still-lazy-come-on-in-cool-girls-what-hangout-options-available-activities-today
https://animebreaktvreceptor.bandcamp.com/album/s2e30-home-dream-arc-5-previous-hangouts-seen-bounce-around-the-mind-eternally-looking-forward-to-more-the-next-day
https://animebreaktvreceptor.bandcamp.com/album/s2e31-home-dream-arc-6-people-space-here-gets-strange-in-fun-ways-too-neat-species-on-non-toggleable-geometry-with-unique-directioning
https://animebreaktvreceptor.bandcamp.com/album/s2e32-home-dream-arc-7-get-so-weird-illustrated-psychedelia-before-me-and-her-and-her-and-her-and-all-of-us-colorfully-morphing
https://animebreaktvreceptor.bandcamp.com/album/s2e33-home-dream-arc-8-though-theres-strangely-lonesome-moments-in-headspace-too
https://animebreaktvreceptor.bandcamp.com/album/s2e34-home-dream-arc-9-no-just-back-to-beauty
https://animebreaktvreceptor.bandcamp.com/album/s2e35-home-dream-arc-10-distance-haze-mind-things-get-ghostly-in-somewhere
https://animebreaktvreceptor.bandcamp.com/album/s2e36-home-dream-arc-11-my-hangouts-always-nice-so-we-keep-thinking-of-them-and-stuff-like-that
https://animebreaktvreceptor.bandcamp.com/album/s2e37-home-dream-arc-12-any-kind-of-environment-can-be-transformed-and-remembered-in-dreamspace-even-unfamiliar-kinds
https://animebreaktvreceptor.bandcamp.com/album/s2e38-home-dream-arc-13-study-the-sludge-know-what-this-dream-is-and-what-it-could-be-meaning
https://animebreaktvreceptor.bandcamp.com/album/s2e39-home-dream-arc-14-void-revealing-a-blank-view-on-originating-strangeness
https://animebreaktvreceptor.bandcamp.com/album/s2e4-home-day-arc-3-so-here-we-go-offering-many-things-to-do-here-are-things-in-the-deeper-room-to-see
https://animebreaktvreceptor.bandcamp.com/album/s2e40-home-dream-arc-15-are-you-going-way-of-this-time-wording-how-are-you-good-today-reconstructed-from-beauty-memory-repeat-dream
https://animebreaktvreceptor.bandcamp.com/album/s2e41-home-dream-arc-16-got-startling-got-startled-by-reflection-in-the-tv-to-my-right-trust-me-it-is-a-battery
https://animebreaktvreceptor.bandcamp.com/album/s2e42-home-dream-arc-17-love-angel-music-benji-dimension-5t-anime-fighting-cream-of-consciousness
https://animebreaktvreceptor.bandcamp.com/album/s2e43-home-dream-arc-18-elysian-green-qd3539-339-silver-know-nothing-about-them-the-package-came
https://animebreaktvreceptor.bandcamp.com/album/s2e44-home-dream-arc-19-the-honeymoon-its-gonna-be-milkmoon
https://animebreaktvreceptor.bandcamp.com/album/s2e45-home-dream-arc-20-look-in-the-mirror-more-offten-what-will-you-see-learn-about-the-selves
https://animebreaktvreceptor.bandcamp.com/album/s2e46-home-dream-arc-21-i-was-to-say-that-maw-and-meggins-disclaim-all-responsibility-continued-the-other
https://animebreaktvreceptor.bandcamp.com/album/s2e47-home-dream-arc-22-time-to-reflect-seed-13158-reflect-wings-of-angle-occasional-reflection-is-nice
https://animebreaktvreceptor.bandcamp.com/album/s2e48-home-dream-arc-23-who-is-wanting-the-hangout-window-you-keep-recall-just-again-in-these-little-moments-still-can
https://animebreaktvreceptor.bandcamp.com/album/s2e49-home-dream-arc-24-those-waving-repetitions-you-always-shine-in-with-brain-revelations-soon-to-be-made
https://animebreaktvreceptor.bandcamp.com/album/s2e5-home-day-arc-4-room-angles-enveloping-nicely-hangout-time-it-seems-it-is-hangout-time-indeed-underway
https://animebreaktvreceptor.bandcamp.com/album/s2e50-home-dream-arc-25-melting-i-could-not-breath-i-could-not-breath-i-could-not-breath-might-be-nightmare
https://animebreaktvreceptor.bandcamp.com/album/s2e51-home-dream-arc-26-all-i-really-want
https://animebreaktvreceptor.bandcamp.com/album/s2e52-home-dream-arc-27-get-her-power-up-her-lucidity-up-this-must-be-the-end-of-this-dreams-now
https://animebreaktvreceptor.bandcamp.com/album/s2e53-home-dream-arc-28-vertigo-swish-the-last-falling-feeling-moment-before-the-end-of-a-dreams
https://animebreaktvreceptor.bandcamp.com/album/s2e54-home-morning-arc-1-empty-awaken-so-all-our-past-hangouts-were-merely-dreamlike-well-not-just-like-that-s-what-they-were-many-separate-alone-in-room
https://animebreaktvreceptor.bandcamp.com/album/s2e55-home-morning-arc-2-continued-disbelief-that-these-were-only-dream-keep-taking-in-surroundings-to-not-much-avail
https://animebreaktvreceptor.bandcamp.com/album/s2e56-home-morning-arc-3-the-morning-must-be-what-i-think-of-and-fully-process-but-it-is-such-a-struggle
https://animebreaktvreceptor.bandcamp.com/album/s2e57-home-morning-arc-4-i-only-ask-that-nobody-wake-me-i-would-much-rather-return-to-dream-the-bed-exit-is-such-shame
https://animebreaktvreceptor.bandcamp.com/album/s2e58-home-morning-arc-5-after-spending-some-further-time-in-the-rest-rectangle-i-guess-i-will-be-ready-to-exit-now-this-day-must-go-on
https://animebreaktvreceptor.bandcamp.com/album/s2e59-home-morning-arc-6-its-various-angles-of-day-preparation-i-say-better-be-ready
https://animebreaktvreceptor.bandcamp.com/album/s2e6-home-day-arc-5-lots-of-room-and-walls-in-here-we-stay-hangout-relation-building-inside
https://animebreaktvreceptor.bandcamp.com/album/s2e60-home-morning-arc-7-return-to-daily-entertain-it-may-seem-these-are-the-same-activities-you-just-yet-to-see
https://animebreaktvreceptor.bandcamp.com/album/s2e61-home-morning-arc-8-okay-no-more-of-this-complacency-condition-there-is-a-better-idea-ahead
https://animebreaktvreceptor.bandcamp.com/album/s2e62-home-clean-arc-1-so-when-is-the-last-time-i-have-tried-a-bathe-i-will-begin-this-next-instance-and-see-what-benefits
https://animebreaktvreceptor.bandcamp.com/album/s2e63-home-clean-arc-2-further-adjusting-to-these-watery-prospects
https://animebreaktvreceptor.bandcamp.com/album/s2e64-home-clean-arc-3-huh-it-seems-the-bath-path-has-greeted-me-with-a-real-friends-to-meet-with
https://animebreaktvreceptor.bandcamp.com/album/s2e65-home-clean-arc-4-this-wetter-place-is-really-getting-more-welcoming-today-when-so-populated-can-this-be-end-of-isolation
https://animebreaktvreceptor.bandcamp.com/album/s2e66-home-clean-arc-5-thinking-about-the-things-i-saw-in-the-water
https://animebreaktvreceptor.bandcamp.com/album/s2e67-home-clean-arc-6-gladly-returns-to-the-bath-water-gets-really-soothing-in-here
https://animebreaktvreceptor.bandcamp.com/album/s2e68-home-clean-arc-7-i-might-just-be-finding-love-in-the-bath-places
https://animebreaktvreceptor.bandcamp.com/album/s2e69-home-clean-arc-8-this-is-definitely-progress-already-but-i-must-remain-focus-on-the-cleaning-for-right-this-second
https://animebreaktvreceptor.bandcamp.com/album/s2e7-home-day-arc-6-it-s-still-indoor-for-me-change-and-get-it-pretty-great-structure-gusts-here-and-area-of-play-just-block-the-window
https://animebreaktvreceptor.bandcamp.com/album/s2e70-home-clean-arc-9-continually-amazed-by-the-soothed-healing-capabilities-of-cleaning-regions
https://animebreaktvreceptor.bandcamp.com/album/s2e71-home-clean-arc-10-all-gather-community-bathe-time-grouping-together-beautifully
https://animebreaktvreceptor.bandcamp.com/album/s2e72-home-clean-arc-11-escalate-show-up-further-together-here-this-is-the-bath-party-we-all-take-part-in
https://animebreaktvreceptor.bandcamp.com/album/s2e73-home-clean-arc-12-keep-gathering-we-are-all-splashing-this-really-is-the-best-after-all-i-think
https://animebreaktvreceptor.bandcamp.com/album/s2e74-home-clean-arc-13-wait-oh-inviting-theres-even-more-direct-way-to-wash-too-lets-try-the-shower-stream-as-well
https://animebreaktvreceptor.bandcamp.com/album/s2e75-home-clean-arc-14-yup-this-spray-is-so-soon-proving-to-be-another-new-soothing
https://animebreaktvreceptor.bandcamp.com/album/s2e76-home-clean-arc-15-come-on-in-here-every-friends-this-shower-of-grace-is-open-for-all-fun-things-for-us
https://animebreaktvreceptor.bandcamp.com/album/s2e77-home-clean-arc-16-and-we-can-still-keep-focus-on-the-lovely-watery-streams-themselves-too-feels-so-great
https://animebreaktvreceptor.bandcamp.com/album/s2e78-home-clean-arc-17-okay-and-lastly-towel-up-we-will-now-nicely-dry-and-decide-what-is-next-from-here-with-all-new-friends
https://animebreaktvreceptor.bandcamp.com/album/s2e79-home-clean-arc-18-actually-though-hold-on-what-are-these-strange-new-environments-we-sometimes-washed-in-i-hear-speak-of-an-outdoors
https://animebreaktvreceptor.bandcamp.com/album/s2e8-home-day-arc-7-let-s-soften-up-nicely-cushioning-comfy-these-walls-all-the-day-long
https://animebreaktvreceptor.bandcamp.com/album/s2e9-home-day-arc-8-oh-well-here-comes-the-sunset-again-but-should-that-stop-us-from-laying-around-i-m-afraid-not
https://animebreaktvreceptor.bandcamp.com/album/s3e1-nature-spring-arc-1-i-guess-there-really-must-be-more-out-there-you-say-let-s-try-it-she-show-its-soooo-fun-in-the-sun
https://animebreaktvreceptor.bandcamp.com/album/s3e10-nature-spring-arc-10-first-rain-experience-begin-so-gentle-down-it-flows
https://animebreaktvreceptor.bandcamp.com/album/s3e11-nature-spring-arc-11-first-rain-experience-continue-romantic-beautiful-rainbow-oh-and-that-is-why-its-called-a-rainbow
https://animebreaktvreceptor.bandcamp.com/album/s3e12-nature-spring-arc-12-what-a-great-first-day-outside-now-it-is-time-for-wind-down-night-see-you-tomorrow-for-play
https://animebreaktvreceptor.bandcamp.com/album/s3e13-nature-sport-arc-1-codifying-the-potential-play-methods-for-outdoor-escapades
https://animebreaktvreceptor.bandcamp.com/album/s3e14-nature-sport-arc-2-gathering-more-outdoor-activity-materials-ball-with-them-all
https://animebreaktvreceptor.bandcamp.com/album/s3e15-nature-sport-arc-3-skate-attitude-the-fun-intensifies-get-competitive-versus
https://animebreaktvreceptor.bandcamp.com/album/s3e16-nature-sport-arc-4-but-let-us-not-get-too-serious-or-mean-we-can-additionally-get-active-through-silly-playground-contraptions-welcome-final-sport-stop-for-now
https://animebreaktvreceptor.bandcamp.com/album/s3e17-nature-beach-arc-1-welcome-to-whole-new-kind-of-summer-fun-paradise-the-beach-season-is-here-to-play-welcome-to-the-beach-special-episodes
https://animebreaktvreceptor.bandcamp.com/album/s3e18-nature-beach-arc-2-splash-here-you-have-arrived-at-ocean-fun-light
https://animebreaktvreceptor.bandcamp.com/album/s3e19-nature-beach-arc-3-can-you-beach-you-all-can-comprehend-beach-thats-the-beauty
https://animebreaktvreceptor.bandcamp.com/album/s3e2-nature-spring-arc-2-wow-okay-lets-go-have-some-sunflower-fun-destress-undress-much-rest-ready-quick-to-play
https://animebreaktvreceptor.bandcamp.com/album/s3e20-nature-beach-arc-4-bubbly-beach-dance-evening-sung-this-is-whats-up
https://animebreaktvreceptor.bandcamp.com/album/s3e21-nature-beach-arc-5-sun-shines-wide-lap-top-sky-line-in-sight
https://animebreaktvreceptor.bandcamp.com/album/s3e22-nature-beach-arc-6-from-the-sand-shadows-more-girls-sprout-in-hand
https://animebreaktvreceptor.bandcamp.com/album/s3e3-nature-spring-arc-3-even-as-the-remaining-hesitators-watch-from-afar-at-home-i-will-be-discovering-the-lush-world-of-green-grass
https://animebreaktvreceptor.bandcamp.com/album/s3e4-nature-spring-arc-4-do-you-need-further-encouragement-look-at-soothing-natural-beauty-of-these-greens
https://animebreaktvreceptor.bandcamp.com/album/s3e5-nature-spring-arc-5-continue-to-new-find-newfound-understanding-of-outdoor-exploration-games
https://animebreaktvreceptor.bandcamp.com/album/s3e6-nature-spring-arc-6-to-stop-and-smell-the-gardens
https://animebreaktvreceptor.bandcamp.com/album/s3e7-nature-spring-arc-7-i-can-feel-it-reality-becoming-one-with-the-spring-and-together-we-are-the-greens
https://animebreaktvreceptor.bandcamp.com/album/s3e8-nature-spring-arc-8-because-spring-life-is-calming-life
https://animebreaktvreceptor.bandcamp.com/album/s3e9-nature-spring-arc-9-park-let-us-sit-let-us-rest-best-weather
https://animebreaktvreceptor.bandcamp.com/album/v-sh-totsu-wa-wakai-josei-o-haishi-shimasu
https://animebreaktvreceptor.bandcamp.com/album/vi-otoko-wa-misute-rarerudeshou-kanojo-no-toki-ga-watashi-ni-oritekuru
https://animebreaktvreceptor.bandcamp.com/album/vii-shinji-rarenai-hodo-no-donyokuna-niji-no-shita-hoka-no-josei-ni-nomi-au
https://animebreaktvreceptor.bandcamp.com/album/viii-nurunuru-shita-reseputakuru-no-ruiji-sei
https://animebreaktvreceptor.bandcamp.com/album/x-menomaede-nuide-yume-ga-ukabiagaru
https://animebreaktvreceptor.bandcamp.com/album/xc-virtual-world
https://animebreaktvreceptor.bandcamp.com/album/xci-virtual-nightmare
https://animebreaktvreceptor.bandcamp.com/album/xcii-virtual-worlds-end
https://animebreaktvreceptor.bandcamp.com/album/xciii-you-suffer
https://animebreaktvreceptor.bandcamp.com/album/xciv-but-why
https://animebreaktvreceptor.bandcamp.com/album/xcix-notice
https://animebreaktvreceptor.bandcamp.com/album/xcv-bikini-dream
https://animebreaktvreceptor.bandcamp.com/album/xcvi-new-friendly
https://animebreaktvreceptor.bandcamp.com/album/xcvii-a-day-at-the-beach-with-some-cute-anime-girls
https://animebreaktvreceptor.bandcamp.com/album/xcviii-rebirth
https://animebreaktvreceptor.bandcamp.com/album/xi-tanjun-ni-watashi-ni-furikakaru-tame-ni-suk-to-no-naka-no-watashi-no-koibito
https://animebreaktvreceptor.bandcamp.com/album/xii-new-awaken-ost
https://animebreaktvreceptor.bandcamp.com/album/xiii-end-14-night-of-thursday-14th-moon-shines-so-bright-romantic
https://animebreaktvreceptor.bandcamp.com/album/xiv-atarash-r-rupureingug-mu-o-daunr-do-suru
https://animebreaktvreceptor.bandcamp.com/album/xix-sakasama-to-shinpuson-no-y-na
https://animebreaktvreceptor.bandcamp.com/album/xl-sanjigen-no-chikaradzuyoi-me
https://animebreaktvreceptor.bandcamp.com/album/xli
https://animebreaktvreceptor.bandcamp.com/album/xlii-honenuki-ni-f-doau-ei-eviscerate-to-fade-away-fade-away-to-water
https://animebreaktvreceptor.bandcamp.com/album/xliii-fuwafuwa-no-tomodachi-o-dakishimeru
https://animebreaktvreceptor.bandcamp.com/album/xliv-issho-ni-zonbi-ka-p-t
https://animebreaktvreceptor.bandcamp.com/album/xlix-k-ch-de-no-utsukush-jiman
https://animebreaktvreceptor.bandcamp.com/album/xlv-faitinguredi-no-kikan
https://animebreaktvreceptor.bandcamp.com/album/xlvi-sent-ki-no-rakka-haiiro-de-modoru-koto-wa-arimasen
https://animebreaktvreceptor.bandcamp.com/album/xlvii-utsukush-murasakiiro-no-dan-b-ru-no-hon-no-p-z
https://animebreaktvreceptor.bandcamp.com/album/xlviii-janguru-kawa-no-utsukushi-sa
https://animebreaktvreceptor.bandcamp.com/album/xv-2
https://animebreaktvreceptor.bandcamp.com/album/xvi-anata-no-tame-no-sekai-hatsu-no-mury-etchikonpairu
https://animebreaktvreceptor.bandcamp.com/album/xvii-u-eitorifut-to-kyodai-miruk
https://animebreaktvreceptor.bandcamp.com/album/xviii-s-z-ij-ni-shitsu-no-hikui-tekisuto
https://animebreaktvreceptor.bandcamp.com/album/xx
https://animebreaktvreceptor.bandcamp.com/album/xxi-bideog-mu-no-g-rufurendo-no-kurasshuer
https://animebreaktvreceptor.bandcamp.com/album/xxii-watashitachi-wa-kanojo-ga-betsu-no-kakut-g-mu-kara-kita-to-gokai-shimashita
https://animebreaktvreceptor.bandcamp.com/album/xxiii-bur-dokyasuto-jikan-zentai-de-furagumento-o-bunkatsu-suru
https://animebreaktvreceptor.bandcamp.com/album/xxiv-kanojo-wa-nokori-no-kare-kara-inochiryoku-o-shimegoroshita
https://animebreaktvreceptor.bandcamp.com/album/xxix-watashi-no-chikara-no-sutansu-o-toru
https://animebreaktvreceptor.bandcamp.com/album/xxv-doresshingu-no-utsukushi-sa
https://animebreaktvreceptor.bandcamp.com/album/xxvi-taoru-nakama-to-shite-no-josei
https://animebreaktvreceptor.bandcamp.com/album/xxvii-hikari-no-kogane-no-ikari
https://animebreaktvreceptor.bandcamp.com/album/xxviii-d-ka-watashi-no-shippo-o-mitsumete-kudasai
https://animebreaktvreceptor.bandcamp.com/album/xxx-bunkatsu-jigen-3ttsu-no-esuk-pu
https://animebreaktvreceptor.bandcamp.com/album/xxxi-dent-tekina-bikini-no-yume
https://animebreaktvreceptor.bandcamp.com/album/xxxii-tokidoki-watashi-wa-midori-o-yumemiru
https://animebreaktvreceptor.bandcamp.com/album/xxxiii-yukkuri-to-eien-ni-hipparu
https://animebreaktvreceptor.bandcamp.com/album/xxxiv-yokub-subete-o-sh-hi-shi-heny-suru
https://animebreaktvreceptor.bandcamp.com/album/xxxix-furendor-na-zonbi-to-petto-no-neko
https://animebreaktvreceptor.bandcamp.com/album/xxxv-watashitachi-wa-heibonna-seikatsu-kara-nogareru-koto-o-yumemite-imasu
https://animebreaktvreceptor.bandcamp.com/album/xxxvi-ban-s-tsu-no-ruiji-sei
https://animebreaktvreceptor.bandcamp.com/album/xxxvii
https://animebreaktvreceptor.bandcamp.com/album/xxxviii-pinku-no-hoho
