https://falt.bandcamp.com/album/13-32
https://falt.bandcamp.com/album/2-stanze
https://falt.bandcamp.com/album/4-tudes-pour-magn-tophones-et-haut-parleurs-usag-s-for-tim-ingold
https://falt.bandcamp.com/album/a-distant-voice-unspooling
https://falt.bandcamp.com/album/a-measure-of-alienation
https://falt.bandcamp.com/album/a-year-in-any-other-place
https://falt.bandcamp.com/album/absence-practice
https://falt.bandcamp.com/album/acherusia
https://falt.bandcamp.com/album/acoustic-studies-for-sardinian-bells
https://falt.bandcamp.com/album/across-the-empty-lot
https://falt.bandcamp.com/album/adits
https://falt.bandcamp.com/album/aethyr
https://falt.bandcamp.com/album/after-amarillo
https://falt.bandcamp.com/album/all-around-along-ar-air-poems-rework
https://falt.bandcamp.com/album/alta-imperfezione
https://falt.bandcamp.com/album/always-carrying-a-hole
https://falt.bandcamp.com/album/always-to-be-somewhere-else
https://falt.bandcamp.com/album/anormal-et-troublant
https://falt.bandcamp.com/album/anti-crystalline
https://falt.bandcamp.com/album/anti-jazz
https://falt.bandcamp.com/album/approches
https://falt.bandcamp.com/album/atal-mor
https://falt.bandcamp.com/album/audio1-4
https://falt.bandcamp.com/album/august-cake-and-the-clicky-keyboards
https://falt.bandcamp.com/album/authentic-mistakes
https://falt.bandcamp.com/album/autrement-dit
https://falt.bandcamp.com/album/axis-askew
https://falt.bandcamp.com/album/because-its-invisible
https://falt.bandcamp.com/album/broken-ends-points
https://falt.bandcamp.com/album/c-a-s-i-u
https://falt.bandcamp.com/album/c15
https://falt.bandcamp.com/album/cancelled-tangents
https://falt.bandcamp.com/album/carbon-copy
https://falt.bandcamp.com/album/chained-to-the-world
https://falt.bandcamp.com/album/circulation-of-subtleties
https://falt.bandcamp.com/album/closer
https://falt.bandcamp.com/album/collagen
https://falt.bandcamp.com/album/collapse-of-empty-images
https://falt.bandcamp.com/album/concave-mirror
https://falt.bandcamp.com/album/confusion
https://falt.bandcamp.com/album/cosh
https://falt.bandcamp.com/album/cryptic-system
https://falt.bandcamp.com/album/d-formation-processionnelle
https://falt.bandcamp.com/album/deluge-array
https://falt.bandcamp.com/album/desinfektionest
https://falt.bandcamp.com/album/dezember-oh-trouble
https://falt.bandcamp.com/album/die-akustischen-konzerne
https://falt.bandcamp.com/album/diffusers
https://falt.bandcamp.com/album/dispiegarsi
https://falt.bandcamp.com/album/dissolving-tape
https://falt.bandcamp.com/album/ditch
https://falt.bandcamp.com/album/djebout
https://falt.bandcamp.com/album/duo-improvisations
https://falt.bandcamp.com/album/el-jardin
https://falt.bandcamp.com/album/empty-damage
https://falt.bandcamp.com/album/encyclopedia-of-foxes
https://falt.bandcamp.com/album/everything-is-a-lot
https://falt.bandcamp.com/album/fairly-used
https://falt.bandcamp.com/album/field-sketches-mmxix-xx
https://falt.bandcamp.com/album/field-sketches-mmxxii-mmxxiii
https://falt.bandcamp.com/album/flawed-gait
https://falt.bandcamp.com/album/fliegendes-band-floating-tape
https://falt.bandcamp.com/album/flint-and-tinder
https://falt.bandcamp.com/album/format-end-erase-tape
https://falt.bandcamp.com/album/fossils-and-vein
https://falt.bandcamp.com/album/fragmented-memories
https://falt.bandcamp.com/album/fyjk-furd
https://falt.bandcamp.com/album/garbagramophone
https://falt.bandcamp.com/album/glasbl-ser
https://falt.bandcamp.com/album/glauconite
https://falt.bandcamp.com/album/globulology
https://falt.bandcamp.com/album/green-above-the-blades
https://falt.bandcamp.com/album/grey-orchid
https://falt.bandcamp.com/album/grigio-gris
https://falt.bandcamp.com/album/hard-luggage
https://falt.bandcamp.com/album/helle-sachen-in-der-nacht
https://falt.bandcamp.com/album/hint
https://falt.bandcamp.com/album/holunderkurve
https://falt.bandcamp.com/album/holz-strom
https://falt.bandcamp.com/album/hope-it-rot
https://falt.bandcamp.com/album/hot-conversation
https://falt.bandcamp.com/album/how-to-spot-a-lizard-in-a-landscape
https://falt.bandcamp.com/album/humbucker-music
https://falt.bandcamp.com/album/hundreds-of-tiny-insects
https://falt.bandcamp.com/album/hysteresis-iv
https://falt.bandcamp.com/album/ibid
https://falt.bandcamp.com/album/ii
https://falt.bandcamp.com/album/il-nastro-non-e-vuoto
https://falt.bandcamp.com/album/imagined-geographies
https://falt.bandcamp.com/album/in-mono
https://falt.bandcamp.com/album/indeterminate-place
https://falt.bandcamp.com/album/intercapedine
https://falt.bandcamp.com/album/interpersonal-data
https://falt.bandcamp.com/album/interpretation-of-delphine-reist-chorale
https://falt.bandcamp.com/album/it-is-just-so-much-more-difficult
https://falt.bandcamp.com/album/jjjjjit
https://falt.bandcamp.com/album/june-9-10
https://falt.bandcamp.com/album/junk-material
https://falt.bandcamp.com/album/klanng-2
https://falt.bandcamp.com/album/knocklofty-transmettre
https://falt.bandcamp.com/album/koodi
https://falt.bandcamp.com/album/kw-13-15
https://falt.bandcamp.com/album/la-nuit-inqui-te
https://falt.bandcamp.com/album/lamentos-de-p-jaro-viejo
https://falt.bandcamp.com/album/late-situations
https://falt.bandcamp.com/album/les-particules-ultramondaines
https://falt.bandcamp.com/album/letter-to-falt
https://falt.bandcamp.com/album/lfdgf
https://falt.bandcamp.com/album/little-lambs-dance-along-the-edge
https://falt.bandcamp.com/album/ltc1799-detriutus
https://falt.bandcamp.com/album/luft
https://falt.bandcamp.com/album/machines-inutiles
https://falt.bandcamp.com/album/magnetic-loops
https://falt.bandcamp.com/album/maky
https://falt.bandcamp.com/album/mapwork
https://falt.bandcamp.com/album/mbira-locations-2018-2020
https://falt.bandcamp.com/album/meshes
https://falt.bandcamp.com/album/micro-glottis
https://falt.bandcamp.com/album/microca-ette
https://falt.bandcamp.com/album/mint-over-the-blow-critters
https://falt.bandcamp.com/album/monoblock-the-elusive-moose
https://falt.bandcamp.com/album/more-disrupted-songs
https://falt.bandcamp.com/album/mountain-muck
https://falt.bandcamp.com/album/museum
https://falt.bandcamp.com/album/music-by-the-metre-archive-2
https://falt.bandcamp.com/album/neuk-and-nab
https://falt.bandcamp.com/album/new-england-interiors
https://falt.bandcamp.com/album/node-rinse
https://falt.bandcamp.com/album/not-quite-ready-to-be-found
https://falt.bandcamp.com/album/ohne-plan-gegen-uns-selbst
https://falt.bandcamp.com/album/oka-no-shou
https://falt.bandcamp.com/album/okra
https://falt.bandcamp.com/album/on-a-clear-day
https://falt.bandcamp.com/album/on-second-ave-15-27-nyc
https://falt.bandcamp.com/album/onaip
https://falt.bandcamp.com/album/open-windowing-hey-champ
https://falt.bandcamp.com/album/otto-studi
https://falt.bandcamp.com/album/outre-exotica
https://falt.bandcamp.com/album/p-r
https://falt.bandcamp.com/album/p-rimentale
https://falt.bandcamp.com/album/pa-stedet-hvil
https://falt.bandcamp.com/album/perfect-voice
https://falt.bandcamp.com/album/phase
https://falt.bandcamp.com/album/plane
https://falt.bandcamp.com/album/playback-tape-zuspielband
https://falt.bandcamp.com/album/private-public
https://falt.bandcamp.com/album/punctum
https://falt.bandcamp.com/album/quatre-glissements-d-l-ments-de-lieux-et-de-choses-confondus
https://falt.bandcamp.com/album/quelques-usines-fantomes-2
https://falt.bandcamp.com/album/quiver
https://falt.bandcamp.com/album/recent-tape-works-measurement
https://falt.bandcamp.com/album/recollection
https://falt.bandcamp.com/album/risset-drum-piece
https://falt.bandcamp.com/album/rose-new-rose-is
https://falt.bandcamp.com/album/ruptures-continuit-s
https://falt.bandcamp.com/album/s-p-l-i-t-2024
https://falt.bandcamp.com/album/saahat
https://falt.bandcamp.com/album/sandpaper
https://falt.bandcamp.com/album/sant-et-efficacit
https://falt.bandcamp.com/album/scarno-acustico
https://falt.bandcamp.com/album/scattershot
https://falt.bandcamp.com/album/seal-rock
https://falt.bandcamp.com/album/seizure
https://falt.bandcamp.com/album/self-portrait
https://falt.bandcamp.com/album/several-audio-tests-for-magnetophones-and-magnetic-tapes
https://falt.bandcamp.com/album/silent-sound
https://falt.bandcamp.com/album/simulacrian-pattern-i-vii
https://falt.bandcamp.com/album/skatching-boxes
https://falt.bandcamp.com/album/skua
https://falt.bandcamp.com/album/solennelle
https://falt.bandcamp.com/album/some-music-for-mandolins
https://falt.bandcamp.com/album/stallo
https://falt.bandcamp.com/album/state
https://falt.bandcamp.com/album/status-quo
https://falt.bandcamp.com/album/staub-und-klang
https://falt.bandcamp.com/album/still-burning-memory
https://falt.bandcamp.com/album/stolen-lighters
https://falt.bandcamp.com/album/suspec-siluetti
https://falt.bandcamp.com/album/t
https://falt.bandcamp.com/album/table-garage-and-drainpipe
https://falt.bandcamp.com/album/tape-collage-piece-2011
https://falt.bandcamp.com/album/tensoplast
https://falt.bandcamp.com/album/terra
https://falt.bandcamp.com/album/territoires-anonymes
https://falt.bandcamp.com/album/the-arc-sessions
https://falt.bandcamp.com/album/the-contemporary-jazz-clarinet-of-massimo-magee-and-his-rhythm
https://falt.bandcamp.com/album/the-divide
https://falt.bandcamp.com/album/the-killer-smiles
https://falt.bandcamp.com/album/the-mosgrove-facility
https://falt.bandcamp.com/album/the-road-hears-signals-to-follow
https://falt.bandcamp.com/album/the-singing-work
https://falt.bandcamp.com/album/the-technoise-for-a-room-1
https://falt.bandcamp.com/album/the-twenty-second-of-the-second-month-2025
https://falt.bandcamp.com/album/theoretical-shelters
https://falt.bandcamp.com/album/through-thin-air
https://falt.bandcamp.com/album/to-someone-special
https://falt.bandcamp.com/album/totem
https://falt.bandcamp.com/album/tricycles-hide-and-seek
https://falt.bandcamp.com/album/trogloglauque
https://falt.bandcamp.com/album/two-kendamas
https://falt.bandcamp.com/album/two-three
https://falt.bandcamp.com/album/uncommon-places
https://falt.bandcamp.com/album/undercurrent-wanderlust
https://falt.bandcamp.com/album/unid-a0
https://falt.bandcamp.com/album/unrealistic-memory
https://falt.bandcamp.com/album/untitled
https://falt.bandcamp.com/album/untitled-6
https://falt.bandcamp.com/album/ur
https://falt.bandcamp.com/album/valence-and-error
https://falt.bandcamp.com/album/varitations-for-handwashing-and-ice
https://falt.bandcamp.com/album/weg-vom-k-nnen
https://falt.bandcamp.com/album/winterist
https://falt.bandcamp.com/album/within-without
https://falt.bandcamp.com/album/without
https://falt.bandcamp.com/album/woodcuts
https://falt.bandcamp.com/album/xyz
https://falt.bandcamp.com/album/you-settle-on-movement
