https://filmedinanairplane.bandcamp.com/track/alright-bobby
https://filmedinanairplane.bandcamp.com/track/arrrggghhh
https://filmedinanairplane.bandcamp.com/track/banksy
https://filmedinanairplane.bandcamp.com/track/based
https://filmedinanairplane.bandcamp.com/track/bbq-shoes
https://filmedinanairplane.bandcamp.com/track/beat-the-devil-out-of-it
https://filmedinanairplane.bandcamp.com/track/because-i-got-fat
https://filmedinanairplane.bandcamp.com/track/become-a-millionaire-in-5-easy-steps
https://filmedinanairplane.bandcamp.com/track/believe-in-yourself
https://filmedinanairplane.bandcamp.com/track/bideo-runner-2021
https://filmedinanairplane.bandcamp.com/track/big-dinner-2
https://filmedinanairplane.bandcamp.com/track/bofa
https://filmedinanairplane.bandcamp.com/track/brexit
https://filmedinanairplane.bandcamp.com/track/brr-brr-deng-aaaaaaaaaaaaaaa
https://filmedinanairplane.bandcamp.com/track/butter-dog
https://filmedinanairplane.bandcamp.com/track/cage-stated-that-4-33-was-in-his-opinion-his-most-important-work
https://filmedinanairplane.bandcamp.com/track/cant-find-a-butter-man
https://filmedinanairplane.bandcamp.com/track/chevaline
https://filmedinanairplane.bandcamp.com/track/chevaline-2
https://filmedinanairplane.bandcamp.com/track/chevaline-3
https://filmedinanairplane.bandcamp.com/track/chevaline-4
https://filmedinanairplane.bandcamp.com/track/cucumba
https://filmedinanairplane.bandcamp.com/track/david-lynchs-mcdonalds-pizza-experience
https://filmedinanairplane.bandcamp.com/track/dj-diapergiant-giant-poops
https://filmedinanairplane.bandcamp.com/track/dj-hypergiant-promo
https://filmedinanairplane.bandcamp.com/track/dj-hypergiants-guide-to-making-h-o-u-s-e-feat-dj-rozwell
https://filmedinanairplane.bandcamp.com/track/dont-look-at-it
https://filmedinanairplane.bandcamp.com/track/eat-da-poo-poo
https://filmedinanairplane.bandcamp.com/track/face-with-tears-of-joy
https://filmedinanairplane.bandcamp.com/track/frakes-or-fiction
https://filmedinanairplane.bandcamp.com/track/frakes-or-fiction-2
https://filmedinanairplane.bandcamp.com/track/free-ringtone
https://filmedinanairplane.bandcamp.com/track/giant-laughs
https://filmedinanairplane.bandcamp.com/track/gonki-be-shoppin
https://filmedinanairplane.bandcamp.com/track/gotem
https://filmedinanairplane.bandcamp.com/track/guy-who-really-likes-when-hayley-williams-says-blood
https://filmedinanairplane.bandcamp.com/track/have-u-tried
https://filmedinanairplane.bandcamp.com/track/hell-yeah-i-like-eatin-pussy
https://filmedinanairplane.bandcamp.com/track/ho-ho-ho
https://filmedinanairplane.bandcamp.com/track/how-they-got-their-name
https://filmedinanairplane.bandcamp.com/track/how-they-got-their-name-gorillaz
https://filmedinanairplane.bandcamp.com/track/how-to-learn-italian-fast
https://filmedinanairplane.bandcamp.com/track/i-been-holding-it-in-this-whole-time
https://filmedinanairplane.bandcamp.com/track/i-sell-propane
https://filmedinanairplane.bandcamp.com/track/ideology
https://filmedinanairplane.bandcamp.com/track/implications
https://filmedinanairplane.bandcamp.com/track/it-was-like-this-when-i-got-here
https://filmedinanairplane.bandcamp.com/track/its-unusual
https://filmedinanairplane.bandcamp.com/track/jebs-favorite-909-hit
https://filmedinanairplane.bandcamp.com/track/jonathans-nightmare
https://filmedinanairplane.bandcamp.com/track/ken-burns-presents
https://filmedinanairplane.bandcamp.com/track/kentucky-first-chevaline
https://filmedinanairplane.bandcamp.com/track/kentuckypride
https://filmedinanairplane.bandcamp.com/track/learn-any-pop-song-in-minutes
https://filmedinanairplane.bandcamp.com/track/learn-spanish
https://filmedinanairplane.bandcamp.com/track/left-wing-mob
https://filmedinanairplane.bandcamp.com/track/magical-christmas-special
https://filmedinanairplane.bandcamp.com/track/man-getting-bit-by-an-alligator-and-he-screams
https://filmedinanairplane.bandcamp.com/track/man-who-cant-control-his-volume-when-he-says-listerine
https://filmedinanairplane.bandcamp.com/track/mariah
https://filmedinanairplane.bandcamp.com/track/multi-factor-authentication
https://filmedinanairplane.bandcamp.com/track/nhip-halloween-promo
https://filmedinanairplane.bandcamp.com/track/nhip-hold-music
https://filmedinanairplane.bandcamp.com/track/now-thats-what-i-call-gonky-69
https://filmedinanairplane.bandcamp.com/track/okay-but-like
https://filmedinanairplane.bandcamp.com/track/okay-but-like-2
https://filmedinanairplane.bandcamp.com/track/only-40-more-years
https://filmedinanairplane.bandcamp.com/track/pagliacci
https://filmedinanairplane.bandcamp.com/track/peter-feat-the-wolf
https://filmedinanairplane.bandcamp.com/track/planned-convalescence
https://filmedinanairplane.bandcamp.com/track/pneumonia-blues
https://filmedinanairplane.bandcamp.com/track/police-dispatch
https://filmedinanairplane.bandcamp.com/track/pornography-is-disgustingly-unwatchable
https://filmedinanairplane.bandcamp.com/track/potion-seller
https://filmedinanairplane.bandcamp.com/track/quality-assurance-tape
https://filmedinanairplane.bandcamp.com/track/real-american-talk-radio
https://filmedinanairplane.bandcamp.com/track/refrigerator-bass
https://filmedinanairplane.bandcamp.com/track/relax
https://filmedinanairplane.bandcamp.com/track/rick-and-morgy
https://filmedinanairplane.bandcamp.com/track/robot-gaslighting
https://filmedinanairplane.bandcamp.com/track/scammer-type-beat
https://filmedinanairplane.bandcamp.com/track/seals-kiss-from-a-rose-explained
https://filmedinanairplane.bandcamp.com/track/shut-the-hell-up
https://filmedinanairplane.bandcamp.com/track/solitaire-support
https://filmedinanairplane.bandcamp.com/track/some-days-it-just-dont-pay-to-get-up-in-the-morning
https://filmedinanairplane.bandcamp.com/track/terrifying-sound
https://filmedinanairplane.bandcamp.com/track/tesla
https://filmedinanairplane.bandcamp.com/track/the-best-of-the-death-of-my-father-and-other-shell-corpus-audio-files
https://filmedinanairplane.bandcamp.com/track/the-bicameral-mind-and-our-constant-inner-monologue
https://filmedinanairplane.bandcamp.com/track/the-cave
https://filmedinanairplane.bandcamp.com/track/the-christmas-goon
https://filmedinanairplane.bandcamp.com/track/the-lick
https://filmedinanairplane.bandcamp.com/track/the-successful-achievement-of-a-task
https://filmedinanairplane.bandcamp.com/track/the-years-have-not-been-kind
https://filmedinanairplane.bandcamp.com/track/this-is-what-i-deal-with-every-time-i-eat
https://filmedinanairplane.bandcamp.com/track/this-was-actually-filmed-in-an-airplane
https://filmedinanairplane.bandcamp.com/track/top-40
https://filmedinanairplane.bandcamp.com/track/understanding-women
https://filmedinanairplane.bandcamp.com/track/untitled-voicemail
https://filmedinanairplane.bandcamp.com/track/vagina
https://filmedinanairplane.bandcamp.com/track/velcome-to-hell
https://filmedinanairplane.bandcamp.com/track/vitameatavegamin
https://filmedinanairplane.bandcamp.com/track/voicemail
https://filmedinanairplane.bandcamp.com/track/voicemail-2
https://filmedinanairplane.bandcamp.com/track/voicemail-3
https://filmedinanairplane.bandcamp.com/track/voicemail-4
https://filmedinanairplane.bandcamp.com/track/voicemail-6
https://filmedinanairplane.bandcamp.com/track/voicemail-7
https://filmedinanairplane.bandcamp.com/track/voicemail-8
https://filmedinanairplane.bandcamp.com/track/voicemail-9
https://filmedinanairplane.bandcamp.com/track/wait-til-you-see-my-ring
https://filmedinanairplane.bandcamp.com/track/walk-the-dinosaur-exe
https://filmedinanairplane.bandcamp.com/track/war
https://filmedinanairplane.bandcamp.com/track/warning-1-minute-of-monkey-sounds
https://filmedinanairplane.bandcamp.com/track/we-dont-need-to-hide-anymore
https://filmedinanairplane.bandcamp.com/track/we-in-the-bed-like
https://filmedinanairplane.bandcamp.com/track/what-da-hell
https://filmedinanairplane.bandcamp.com/track/what-happened-when-you-called-the-psneaky-records-hotline-and-dialed-223
https://filmedinanairplane.bandcamp.com/track/whats-the-deal-with
https://filmedinanairplane.bandcamp.com/track/whats-wrong-with-bill-cosby
https://filmedinanairplane.bandcamp.com/track/when-u-close-the-reddit-app
https://filmedinanairplane.bandcamp.com/track/wizad-lugah-contest
https://filmedinanairplane.bandcamp.com/track/yes-yes-yes
