https://fushiginaniwa.bandcamp.com/album/--10
https://fushiginaniwa.bandcamp.com/album/--11
https://fushiginaniwa.bandcamp.com/album/--13
https://fushiginaniwa.bandcamp.com/album/--14
https://fushiginaniwa.bandcamp.com/album/--16
https://fushiginaniwa.bandcamp.com/album/--18
https://fushiginaniwa.bandcamp.com/album/--19
https://fushiginaniwa.bandcamp.com/album/--20
https://fushiginaniwa.bandcamp.com/album/--22
https://fushiginaniwa.bandcamp.com/album/--23
https://fushiginaniwa.bandcamp.com/album/--25
https://fushiginaniwa.bandcamp.com/album/--26
https://fushiginaniwa.bandcamp.com/album/--27
https://fushiginaniwa.bandcamp.com/album/--28
https://fushiginaniwa.bandcamp.com/album/--29
https://fushiginaniwa.bandcamp.com/album/--3
https://fushiginaniwa.bandcamp.com/album/--30
https://fushiginaniwa.bandcamp.com/album/--31
https://fushiginaniwa.bandcamp.com/album/--32
https://fushiginaniwa.bandcamp.com/album/--33
https://fushiginaniwa.bandcamp.com/album/--41
https://fushiginaniwa.bandcamp.com/album/--46
https://fushiginaniwa.bandcamp.com/album/--47
https://fushiginaniwa.bandcamp.com/album/--48
https://fushiginaniwa.bandcamp.com/album/--5
https://fushiginaniwa.bandcamp.com/album/--7
https://fushiginaniwa.bandcamp.com/album/--8
https://fushiginaniwa.bandcamp.com/album/--9
https://fushiginaniwa.bandcamp.com/album/1st
https://fushiginaniwa.bandcamp.com/album/2012early-worksvol2
https://fushiginaniwa.bandcamp.com/album/2018-4-28-live-kouenji-knock
https://fushiginaniwa.bandcamp.com/album/2nd
https://fushiginaniwa.bandcamp.com/album/50-beats
https://fushiginaniwa.bandcamp.com/album/9697
https://fushiginaniwa.bandcamp.com/album/acoustic
https://fushiginaniwa.bandcamp.com/album/again-journey-of-mapeto
https://fushiginaniwa.bandcamp.com/album/against-inner-world-2
https://fushiginaniwa.bandcamp.com/album/all-that-mix
https://fushiginaniwa.bandcamp.com/album/black-album
https://fushiginaniwa.bandcamp.com/album/box
https://fushiginaniwa.bandcamp.com/album/collab-feat-guu-ghark-lisyun
https://fushiginaniwa.bandcamp.com/album/dark-market
https://fushiginaniwa.bandcamp.com/album/deathtopia
https://fushiginaniwa.bandcamp.com/album/dreamy-garden
https://fushiginaniwa.bandcamp.com/album/e-p
https://fushiginaniwa.bandcamp.com/album/early-days-2000-2019
https://fushiginaniwa.bandcamp.com/album/ep
https://fushiginaniwa.bandcamp.com/album/epmenihemu2014-2016
https://fushiginaniwa.bandcamp.com/album/ggg-alin
https://fushiginaniwa.bandcamp.com/album/gig-me-please
https://fushiginaniwa.bandcamp.com/album/happy-ocean-e-p-2
https://fushiginaniwa.bandcamp.com/album/hisomination
https://fushiginaniwa.bandcamp.com/album/i-touched-eternity
https://fushiginaniwa.bandcamp.com/album/i-will-finally-reach-there
https://fushiginaniwa.bandcamp.com/album/ice-floe-mix
https://fushiginaniwa.bandcamp.com/album/katu
https://fushiginaniwa.bandcamp.com/album/key-ward
https://fushiginaniwa.bandcamp.com/album/life-ov-love
https://fushiginaniwa.bandcamp.com/album/lights-ep
https://fushiginaniwa.bandcamp.com/album/live-archives-vol1
https://fushiginaniwa.bandcamp.com/album/live-archives-vol2
https://fushiginaniwa.bandcamp.com/album/live-at-firebard
https://fushiginaniwa.bandcamp.com/album/live-at-hisomine
https://fushiginaniwa.bandcamp.com/album/live-at-hisomine-part2
https://fushiginaniwa.bandcamp.com/album/live-hisomine-2
https://fushiginaniwa.bandcamp.com/album/lp
https://fushiginaniwa.bandcamp.com/album/marathon-sessions
https://fushiginaniwa.bandcamp.com/album/mee-and-fu-fus-remix-reconstruction-deconstruction
https://fushiginaniwa.bandcamp.com/album/metahop-ver-40-stoned-brain-dance
https://fushiginaniwa.bandcamp.com/album/mono
https://fushiginaniwa.bandcamp.com/album/nirvana
https://fushiginaniwa.bandcamp.com/album/no-000-fushigi-na-niwa
https://fushiginaniwa.bandcamp.com/album/no-001-fushigi-na-niwa
https://fushiginaniwa.bandcamp.com/album/old-mixer
https://fushiginaniwa.bandcamp.com/album/omnivorous-travel-close-encounters-of-the-third-kind
https://fushiginaniwa.bandcamp.com/album/original-color-samurai-beatnik
https://fushiginaniwa.bandcamp.com/album/r-c
https://fushiginaniwa.bandcamp.com/album/rave-memory-vs-bit-crash-chip
https://fushiginaniwa.bandcamp.com/album/remaster-of-old-works
https://fushiginaniwa.bandcamp.com/album/remix-metahop-ver30
https://fushiginaniwa.bandcamp.com/album/ruff-of-rules-rhyme-on-the-boundary
https://fushiginaniwa.bandcamp.com/album/scraping-short-mix-archive
https://fushiginaniwa.bandcamp.com/album/sea
https://fushiginaniwa.bandcamp.com/album/session
https://fushiginaniwa.bandcamp.com/album/slay
https://fushiginaniwa.bandcamp.com/album/slice-jam-yuki-2
https://fushiginaniwa.bandcamp.com/album/slice-mapeto-jams
https://fushiginaniwa.bandcamp.com/album/slice-mapeto-jams-remaster-ver
https://fushiginaniwa.bandcamp.com/album/slice-mapeto-jams2
https://fushiginaniwa.bandcamp.com/album/slice-yuki-jams
https://fushiginaniwa.bandcamp.com/album/sofianity-of-hemi
https://fushiginaniwa.bandcamp.com/album/soundpack-for-fx-and-glitch
https://fushiginaniwa.bandcamp.com/album/sputnik
https://fushiginaniwa.bandcamp.com/album/stardoppelganger
https://fushiginaniwa.bandcamp.com/album/stoned-octa-be
https://fushiginaniwa.bandcamp.com/album/thagkieyes
https://fushiginaniwa.bandcamp.com/album/this-is-japanese-hiphop-s
https://fushiginaniwa.bandcamp.com/album/toupematic
https://fushiginaniwa.bandcamp.com/album/triton-suite
https://fushiginaniwa.bandcamp.com/album/ukulele-bass-play-sing
https://fushiginaniwa.bandcamp.com/album/ukulele-bass-play-sing-2-binaural-deeplistening
https://fushiginaniwa.bandcamp.com/album/unit-qp-menihemu-neo-alternative
https://fushiginaniwa.bandcamp.com/album/vol3
https://fushiginaniwa.bandcamp.com/album/y-llowaut-l-s
https://fushiginaniwa.bandcamp.com/track/0-0-no-sekai
https://fushiginaniwa.bandcamp.com/track/bgm
https://fushiginaniwa.bandcamp.com/track/joke
https://fushiginaniwa.bandcamp.com/track/laceration
https://fushiginaniwa.bandcamp.com/track/politnik-public-enamy-and-korea-and-soul
https://fushiginaniwa.bandcamp.com/track/thagtagmix
https://fushiginaniwa.bandcamp.com/track/umis-things
