https://rottentrash.bandcamp.com/album/-
https://rottentrash.bandcamp.com/album/2020-provisiones-contra-la-asfixia
https://rottentrash.bandcamp.com/album/braindance-for-the-braindead
https://rottentrash.bandcamp.com/album/collected-ringtones
https://rottentrash.bandcamp.com/album/deixa-me-dormir
https://rottentrash.bandcamp.com/album/discoteca-abandonada-do-futuro-usada-para-experi-ncias-tecnossexuais-avan-adas
https://rottentrash.bandcamp.com/album/disorder
https://rottentrash.bandcamp.com/album/dj-never-again
https://rottentrash.bandcamp.com/album/dor-de-costuleta-deluxe-edition
https://rottentrash.bandcamp.com/album/electronic-genesis
https://rottentrash.bandcamp.com/album/elvas-minha-trindade
https://rottentrash.bandcamp.com/album/gatilho
https://rottentrash.bandcamp.com/album/illegal-self-harm-rave
https://rottentrash.bandcamp.com/album/isto-que-eu-chamo-drone-natal-cio
https://rottentrash.bandcamp.com/album/isto-que-eu-chamo-roubo
https://rottentrash.bandcamp.com/album/kodak-ghosts-go-xerox-yeast
https://rottentrash.bandcamp.com/album/manifestos-e-manifesta-es
https://rottentrash.bandcamp.com/album/nothing-is-anchored
https://rottentrash.bandcamp.com/album/rapid-fixer
https://rottentrash.bandcamp.com/album/re-naissance
https://rottentrash.bandcamp.com/album/re7
https://rottentrash.bandcamp.com/album/split
https://rottentrash.bandcamp.com/album/the-moon-below-your-face-above-your-eyes-aglow-this-withered-love
https://rottentrash.bandcamp.com/album/transient
https://rottentrash.bandcamp.com/album/universale-maschinenpet
https://rottentrash.bandcamp.com/album/urheimat
https://rottentrash.bandcamp.com/album/vest-party-dx-ultra
https://rottentrash.bandcamp.com/album/what-is-this-a-crossover-episode
