https://ubuibi.bandcamp.com/album/1986-annual
https://ubuibi.bandcamp.com/album/1987-annual
https://ubuibi.bandcamp.com/album/1988-annual
https://ubuibi.bandcamp.com/album/1989-annual
https://ubuibi.bandcamp.com/album/1990-annual
https://ubuibi.bandcamp.com/album/30th-anniversary
https://ubuibi.bandcamp.com/album/98-99
https://ubuibi.bandcamp.com/album/a-good-time-to-start-something-new
https://ubuibi.bandcamp.com/album/absence-sharpens-presents-strengthens
https://ubuibi.bandcamp.com/album/acacia
https://ubuibi.bandcamp.com/album/aime-morot
https://ubuibi.bandcamp.com/album/airre
https://ubuibi.bandcamp.com/album/and-when-we-get-homme-we-find-someone-elses-male
https://ubuibi.bandcamp.com/album/and-when-we-wake-up-there-is-sheep-in-our-eyes
https://ubuibi.bandcamp.com/album/anguilliform
https://ubuibi.bandcamp.com/album/animal-religion
https://ubuibi.bandcamp.com/album/arc-of-infinity
https://ubuibi.bandcamp.com/album/arph-arph-arph
https://ubuibi.bandcamp.com/album/azimuth
https://ubuibi.bandcamp.com/album/baobob
https://ubuibi.bandcamp.com/album/bco-deathranch-massacre-of-the-innocents
https://ubuibi.bandcamp.com/album/beatleshell
https://ubuibi.bandcamp.com/album/bell-book-candle
https://ubuibi.bandcamp.com/album/bob-hopes-fruit-loop-special
https://ubuibi.bandcamp.com/album/bretagne
https://ubuibi.bandcamp.com/album/cant-we-just-have-sex-instead
https://ubuibi.bandcamp.com/album/carnival-of-monsters
https://ubuibi.bandcamp.com/album/childhood-rememberences
https://ubuibi.bandcamp.com/album/chimpy
https://ubuibi.bandcamp.com/album/cjam-radio-special
https://ubuibi.bandcamp.com/album/cockamamie
https://ubuibi.bandcamp.com/album/collected-works-of-od-mcub
https://ubuibi.bandcamp.com/album/dada-is-dead-long-live-dada
https://ubuibi.bandcamp.com/album/dance-upon-nothing
https://ubuibi.bandcamp.com/album/daydreams-of-night
https://ubuibi.bandcamp.com/album/des-feurs
https://ubuibi.bandcamp.com/album/dont-let-him-touch-you
https://ubuibi.bandcamp.com/album/double-the-trouble
https://ubuibi.bandcamp.com/album/drone-gnomes
https://ubuibi.bandcamp.com/album/edge-of-destruction
https://ubuibi.bandcamp.com/album/eek
https://ubuibi.bandcamp.com/album/eerrily
https://ubuibi.bandcamp.com/album/eurotour-2001
https://ubuibi.bandcamp.com/album/everyman-is-a-volume
https://ubuibi.bandcamp.com/album/fan-club-tape-1
https://ubuibi.bandcamp.com/album/fan-club-tape-2
https://ubuibi.bandcamp.com/album/fan-club-tape-4
https://ubuibi.bandcamp.com/album/fan-club-tape-5
https://ubuibi.bandcamp.com/album/fly-not-fly
https://ubuibi.bandcamp.com/album/fresh-prezzies
https://ubuibi.bandcamp.com/album/fury-from-the-deep
https://ubuibi.bandcamp.com/album/gateway-of-fruitloops
https://ubuibi.bandcamp.com/album/greatest-hits-test-tones-out-takes-frak-ups
https://ubuibi.bandcamp.com/album/hand-of-fear
https://ubuibi.bandcamp.com/album/headache-remedy-2
https://ubuibi.bandcamp.com/album/hi-fi-stereo-test-record-for-pets
https://ubuibi.bandcamp.com/album/i-only-had-a-good-time-because-i-fell-asleep
https://ubuibi.bandcamp.com/album/icarus-abides
https://ubuibi.bandcamp.com/album/il-trovatore-the-troubador
https://ubuibi.bandcamp.com/album/in-a-persian-market
https://ubuibi.bandcamp.com/album/in-the-near-future
https://ubuibi.bandcamp.com/album/instructions-for-use-of-the-bxg-cxty-xrchxstrx-sound-effects-library
https://ubuibi.bandcamp.com/album/just-where-is-that-sound-coming-from
https://ubuibi.bandcamp.com/album/kalx-radio-special
https://ubuibi.bandcamp.com/album/kboo-radio-special
https://ubuibi.bandcamp.com/album/kgnu-radio-special
https://ubuibi.bandcamp.com/album/kismet
https://ubuibi.bandcamp.com/album/kucd-radio-special
https://ubuibi.bandcamp.com/album/kvsc-radio-special
https://ubuibi.bandcamp.com/album/long-term-stimulation
https://ubuibi.bandcamp.com/album/lost-our-heads-again
https://ubuibi.bandcamp.com/album/lullaby
https://ubuibi.bandcamp.com/album/magnetic-personality
https://ubuibi.bandcamp.com/album/man-of-steal
https://ubuibi.bandcamp.com/album/massacre-again
https://ubuibi.bandcamp.com/album/mile-after-mile
https://ubuibi.bandcamp.com/album/mind-bent-fancy-free
https://ubuibi.bandcamp.com/album/mind-of-evil
https://ubuibi.bandcamp.com/album/moisture
https://ubuibi.bandcamp.com/album/musical-box
https://ubuibi.bandcamp.com/album/muzak-for-the-common-beast-das
https://ubuibi.bandcamp.com/album/mysterioso
https://ubuibi.bandcamp.com/album/myth-makers
https://ubuibi.bandcamp.com/album/new-beat-for-baby
https://ubuibi.bandcamp.com/album/oblivion-realized
https://ubuibi.bandcamp.com/album/our-life-in-the-bush-of-kate
https://ubuibi.bandcamp.com/album/owlfull
https://ubuibi.bandcamp.com/album/painfull-audio-enema
https://ubuibi.bandcamp.com/album/parade-of-idiots
https://ubuibi.bandcamp.com/album/pixies
https://ubuibi.bandcamp.com/album/planet-of-giants
https://ubuibi.bandcamp.com/album/prattling-box
https://ubuibi.bandcamp.com/album/probe
https://ubuibi.bandcamp.com/album/quarks-in-law
https://ubuibi.bandcamp.com/album/radio-gagarin-special
https://ubuibi.bandcamp.com/album/radio-maribu-special
https://ubuibi.bandcamp.com/album/reach-to-the-moon
https://ubuibi.bandcamp.com/album/red-dog-9
https://ubuibi.bandcamp.com/album/resurrection-men
https://ubuibi.bandcamp.com/album/rites-of-wrong
https://ubuibi.bandcamp.com/album/round-eye
https://ubuibi.bandcamp.com/album/russolo
https://ubuibi.bandcamp.com/album/scarab
https://ubuibi.bandcamp.com/album/schall-und-rauch
https://ubuibi.bandcamp.com/album/screaming-meemee
https://ubuibi.bandcamp.com/album/seeds-of-doom
https://ubuibi.bandcamp.com/album/signals-code
https://ubuibi.bandcamp.com/album/smirky
https://ubuibi.bandcamp.com/album/so-much-better-than-exuberant
https://ubuibi.bandcamp.com/album/so-much-cleaner-than-a-subway
https://ubuibi.bandcamp.com/album/so-much-nearer-than-ubiquious
https://ubuibi.bandcamp.com/album/so-much-quicker-then-tomorrow
https://ubuibi.bandcamp.com/album/sound-choice-magazine-selection
https://ubuibi.bandcamp.com/album/sound-fx-library-14
https://ubuibi.bandcamp.com/album/sounders
https://ubuibi.bandcamp.com/album/substance-abuse
https://ubuibi.bandcamp.com/album/tallywags
https://ubuibi.bandcamp.com/album/telegraphe
https://ubuibi.bandcamp.com/album/the-other-wfmu-radio-special
https://ubuibi.bandcamp.com/album/theyve-got-a-secret
https://ubuibi.bandcamp.com/album/trail-of-destruction
https://ubuibi.bandcamp.com/album/trixxy-pixxy
https://ubuibi.bandcamp.com/album/ubradio-kalx-1991-1993
https://ubuibi.bandcamp.com/album/ubradio-kzsc-1982
https://ubuibi.bandcamp.com/album/ubradio-kzsc-1983
https://ubuibi.bandcamp.com/album/ubradio-kzsc-1984
https://ubuibi.bandcamp.com/album/ubradio-kzsc-1985
https://ubuibi.bandcamp.com/album/ubradio-kzsc-1986
https://ubuibi.bandcamp.com/album/ubradio-kzsc-1987
https://ubuibi.bandcamp.com/album/ubradio-kzsc-1988
https://ubuibi.bandcamp.com/album/ubradio-kzsc-1989
https://ubuibi.bandcamp.com/album/ubradio-kzsc-1990
https://ubuibi.bandcamp.com/album/verstimmt
https://ubuibi.bandcamp.com/album/villanella
https://ubuibi.bandcamp.com/album/walking-around-outside-in-the-dark-at-night-hitting-our-heads-over-over
https://ubuibi.bandcamp.com/album/water-bewitched
https://ubuibi.bandcamp.com/album/web-of-fear
https://ubuibi.bandcamp.com/album/welikenoise-too
https://ubuibi.bandcamp.com/album/welikenoize
https://ubuibi.bandcamp.com/album/welikenoize-threee
https://ubuibi.bandcamp.com/album/wfmu-radio-special
https://ubuibi.bandcamp.com/album/whsr-radio-special
https://ubuibi.bandcamp.com/album/would
https://ubuibi.bandcamp.com/track/arms-legs
https://ubuibi.bandcamp.com/track/lady-is-a-tramp
https://ubuibi.bandcamp.com/track/lets-play-bongos
https://ubuibi.bandcamp.com/track/topographic-trappings
