https://hakobune.bandcamp.com/album/-
https://hakobune.bandcamp.com/album/00
https://hakobune.bandcamp.com/album/a-distant-loss
https://hakobune.bandcamp.com/album/a-fan-strings-and-two-guitars
https://hakobune.bandcamp.com/album/a-fluid-photograph
https://hakobune.bandcamp.com/album/a-new-morning
https://hakobune.bandcamp.com/album/a-yearlong-thought
https://hakobune.bandcamp.com/album/above-the-northern-skies-shown
https://hakobune.bandcamp.com/album/adrift-2
https://hakobune.bandcamp.com/album/all-my-regret-for-nothing-remembered
https://hakobune.bandcamp.com/album/all-the-other-hearts-i-knew
https://hakobune.bandcamp.com/album/apparitions-just-outside-the-view
https://hakobune.bandcamp.com/album/apsidal-motion
https://hakobune.bandcamp.com/album/away-from-the-lunar-waters
https://hakobune.bandcamp.com/album/betelgeuse
https://hakobune.bandcamp.com/album/dead-leaves-crumble
https://hakobune.bandcamp.com/album/evergreen-faraway-2
https://hakobune.bandcamp.com/album/garden-of-ghosts
https://hakobune.bandcamp.com/album/getsumei-yamakage-kouyou
https://hakobune.bandcamp.com/album/hakobune-m-sage-split
https://hakobune.bandcamp.com/album/hange-ame
https://hakobune.bandcamp.com/album/heath-grass
https://hakobune.bandcamp.com/album/how-slowly-we-regret-2
https://hakobune.bandcamp.com/album/i-discover-im-missing
https://hakobune.bandcamp.com/album/impalpable-ashes
https://hakobune.bandcamp.com/album/in-arboreal-whispering
https://hakobune.bandcamp.com/album/in-sea-land
https://hakobune.bandcamp.com/album/iriomote
https://hakobune.bandcamp.com/album/isohel
https://hakobune.bandcamp.com/album/it-is-it-isnt
https://hakobune.bandcamp.com/album/kakogawa-2
https://hakobune.bandcamp.com/album/kazahana
https://hakobune.bandcamp.com/album/lighthouse
https://hakobune.bandcamp.com/album/looping-around-the-forest-i-thought-i-remembered-3
https://hakobune.bandcamp.com/album/love-knows-where
https://hakobune.bandcamp.com/album/melting-reminiscence
https://hakobune.bandcamp.com/album/mizukagami
https://hakobune.bandcamp.com/album/moraine
https://hakobune.bandcamp.com/album/nebulous-sequences
https://hakobune.bandcamp.com/album/necklace-as-downcasts
https://hakobune.bandcamp.com/album/november-light
https://hakobune.bandcamp.com/album/obelisk-2
https://hakobune.bandcamp.com/album/obscured-by-beams-of-sorrow
https://hakobune.bandcamp.com/album/parhelion
https://hakobune.bandcamp.com/album/rain-studies
https://hakobune.bandcamp.com/album/recalling-my-insubstantial-thoughts
https://hakobune.bandcamp.com/album/recalling-your-ghostly-thoughts
https://hakobune.bandcamp.com/album/ruminating-on-what-was-unsaid-2
https://hakobune.bandcamp.com/album/sazanami
https://hakobune.bandcamp.com/album/seamless-and-here-2
https://hakobune.bandcamp.com/album/sense-of-place
https://hakobune.bandcamp.com/album/shadow-on-the-lawn
https://hakobune.bandcamp.com/album/sinking-stars
https://hakobune.bandcamp.com/album/solitude
https://hakobune.bandcamp.com/album/the-cowboy-across-the-river
https://hakobune.bandcamp.com/album/the-fall-rises
https://hakobune.bandcamp.com/album/the-last-of-our-time-together
https://hakobune.bandcamp.com/album/the-still-life-of-reverie
https://hakobune.bandcamp.com/album/tonight-is-why
https://hakobune.bandcamp.com/album/torch
https://hakobune.bandcamp.com/album/trace-2
https://hakobune.bandcamp.com/album/trace-pt-2
https://hakobune.bandcamp.com/album/unnoticed-photograph
https://hakobune.bandcamp.com/album/vain-shapes-and-intricate-parapets-2
https://hakobune.bandcamp.com/album/vitex-negundo
https://hakobune.bandcamp.com/album/vitex-negundo-re-worked-de-constructed
https://hakobune.bandcamp.com/album/wandering-toward-what-was-unsaid
https://hakobune.bandcamp.com/album/watching-the-prescribed-burn
https://hakobune.bandcamp.com/album/we-left-the-window-open-sometimes
https://hakobune.bandcamp.com/album/where-i-belong
https://hakobune.bandcamp.com/album/while-shadows-sweep-across-the-lawn
https://hakobune.bandcamp.com/album/whispering-in-their-presence
https://hakobune.bandcamp.com/album/words-left-behind-on-ashes
https://hakobune.bandcamp.com/track/above-the-northern-skies-shorn
https://hakobune.bandcamp.com/track/egret-flight
