https://mnomized.bandcamp.com/album/m-nomized-26041986-2021
https://mnomized.bandcamp.com/album/m-nomized-a-strange-calling-1998
https://mnomized.bandcamp.com/album/m-nomized-armageddon-1998
https://mnomized.bandcamp.com/album/m-nomized-atmos-2010
https://mnomized.bandcamp.com/album/m-nomized-beneath-the-earth-2011
https://mnomized.bandcamp.com/album/m-nomized-boucles-1993
https://mnomized.bandcamp.com/album/m-nomized-cathedral-2022
https://mnomized.bandcamp.com/album/m-nomized-cells-2011
https://mnomized.bandcamp.com/album/m-nomized-clink-2006
https://mnomized.bandcamp.com/album/m-nomized-cold-winter-2006
https://mnomized.bandcamp.com/album/m-nomized-crystal-waves-variations-2025
https://mnomized.bandcamp.com/album/m-nomized-death-at-the-end-of-lines-2011
https://mnomized.bandcamp.com/album/m-nomized-death-at-the-end-of-lines-rarities-and-remixes-2012
https://mnomized.bandcamp.com/album/m-nomized-deposit-safe-2011
https://mnomized.bandcamp.com/album/m-nomized-desolation-in-the-sky-2011
https://mnomized.bandcamp.com/album/m-nomized-drowned-in-the-ground-2016
https://mnomized.bandcamp.com/album/m-nomized-dusty-works-part-1-2011
https://mnomized.bandcamp.com/album/m-nomized-dusty-works-part-2-2018
https://mnomized.bandcamp.com/album/m-nomized-dusty-works-part-3-2020
https://mnomized.bandcamp.com/album/m-nomized-dusty-works-part-4-2021
https://mnomized.bandcamp.com/album/m-nomized-dusty-works-part-5-2024
https://mnomized.bandcamp.com/album/m-nomized-eight-waves-1999
https://mnomized.bandcamp.com/album/m-nomized-el-ments-2009
https://mnomized.bandcamp.com/album/m-nomized-electronic-taxonomy-2011
https://mnomized.bandcamp.com/album/m-nomized-evidence-2010
https://mnomized.bandcamp.com/album/m-nomized-ex-sonic-2006
https://mnomized.bandcamp.com/album/m-nomized-experimentations-for-electric-guitar-2012
https://mnomized.bandcamp.com/album/m-nomized-family-2010
https://mnomized.bandcamp.com/album/m-nomized-family-rarities-2010
https://mnomized.bandcamp.com/album/m-nomized-foothills-of-ariloa-2012
https://mnomized.bandcamp.com/album/m-nomized-four-lines-2023
https://mnomized.bandcamp.com/album/m-nomized-galdrastafir-2018
https://mnomized.bandcamp.com/album/m-nomized-hold-out-2009
https://mnomized.bandcamp.com/album/m-nomized-ice-bells-a-tribute-to-bj-rk-2018
https://mnomized.bandcamp.com/album/m-nomized-in-the-morning-mist-2023
https://mnomized.bandcamp.com/album/m-nomized-kobalt-2006
https://mnomized.bandcamp.com/album/m-nomized-last-angel-2016
https://mnomized.bandcamp.com/album/m-nomized-last-respiration-2007
https://mnomized.bandcamp.com/album/m-nomized-le-cr-ateur-des-mondes-2013
https://mnomized.bandcamp.com/album/m-nomized-le-r-veur-a-tribute-to-no-unauthorized-2001
https://mnomized.bandcamp.com/album/m-nomized-leak-forward-2017
https://mnomized.bandcamp.com/album/m-nomized-lh-ritier-de-lavenir-1998
https://mnomized.bandcamp.com/album/m-nomized-love-and-prayer-2-2010
https://mnomized.bandcamp.com/album/m-nomized-love-and-prayer-2008
https://mnomized.bandcamp.com/album/m-nomized-machinery-2018
https://mnomized.bandcamp.com/album/m-nomized-memories-2020-2023
https://mnomized.bandcamp.com/album/m-nomized-memories-2021-2024
https://mnomized.bandcamp.com/album/m-nomized-memories-2022-2025
https://mnomized.bandcamp.com/album/m-nomized-memories-2023-2026
https://mnomized.bandcamp.com/album/m-nomized-memories-of-a-butterfly-2024
https://mnomized.bandcamp.com/album/m-nomized-minimal-stories-2011
https://mnomized.bandcamp.com/album/m-nomized-minimal-stories-the-remixes-collection-1-2011
https://mnomized.bandcamp.com/album/m-nomized-minimal-stories-the-remixes-collection-2-2012
https://mnomized.bandcamp.com/album/m-nomized-minimalist-experiences-2-2016
https://mnomized.bandcamp.com/album/m-nomized-minimalist-experiences-2015
https://mnomized.bandcamp.com/album/m-nomized-morsures-1997
https://mnomized.bandcamp.com/album/m-nomized-music-for-treated-violins-and-loops-long-version-2020
https://mnomized.bandcamp.com/album/m-nomized-music-for-treated-violins-and-loops-variations-2022
https://mnomized.bandcamp.com/album/m-nomized-music-in-free-parts-1996
https://mnomized.bandcamp.com/album/m-nomized-network-music-2002
https://mnomized.bandcamp.com/album/m-nomized-new-lands-2013
https://mnomized.bandcamp.com/album/m-nomized-obsessional-2005
https://mnomized.bandcamp.com/album/m-nomized-om-mani-padm-e-hum-hri-2008
https://mnomized.bandcamp.com/album/m-nomized-organicum-machina-2019
https://mnomized.bandcamp.com/album/m-nomized-painful-life-a-restrospective-2019
https://mnomized.bandcamp.com/album/m-nomized-past-2005
https://mnomized.bandcamp.com/album/m-nomized-piano-phase-slow-steve-reichs-cover-2018
https://mnomized.bandcamp.com/album/m-nomized-plastic-people-2010
https://mnomized.bandcamp.com/album/m-nomized-prison-of-souls-2010
https://mnomized.bandcamp.com/album/m-nomized-psychological-disorders-2009
https://mnomized.bandcamp.com/album/m-nomized-pulse-lines-2011
https://mnomized.bandcamp.com/album/m-nomized-re-production-2008
https://mnomized.bandcamp.com/album/m-nomized-restricted-area-1998
https://mnomized.bandcamp.com/album/m-nomized-ruins-2011-2
https://mnomized.bandcamp.com/album/m-nomized-short-2003
https://mnomized.bandcamp.com/album/m-nomized-shroud-of-clouds-2011
https://mnomized.bandcamp.com/album/m-nomized-squares-and-circles-2012
https://mnomized.bandcamp.com/album/m-nomized-struktur-2008
https://mnomized.bandcamp.com/album/m-nomized-struktur-aside-2011
https://mnomized.bandcamp.com/album/m-nomized-tantra-music-1996
https://mnomized.bandcamp.com/album/m-nomized-terra-incognita-2003
https://mnomized.bandcamp.com/album/m-nomized-textures-and-parasites-2015
https://mnomized.bandcamp.com/album/m-nomized-the-black-album-2014
https://mnomized.bandcamp.com/album/m-nomized-the-city-of-lights-2013
https://mnomized.bandcamp.com/album/m-nomized-the-last-city-2012
https://mnomized.bandcamp.com/album/m-nomized-tormentis-mechanica-2020
https://mnomized.bandcamp.com/album/m-nomized-vegvisir-2019
https://mnomized.bandcamp.com/album/m-nomized-visual-music-1-2017
https://mnomized.bandcamp.com/album/m-nomized-visual-music-2-2017
https://mnomized.bandcamp.com/album/m-nomized-visual-music-3-2017
https://mnomized.bandcamp.com/album/m-nomized-wave-form-2007
https://mnomized.bandcamp.com/album/m-nomized-white-on-blue-2011
https://mnomized.bandcamp.com/album/m-nomized-white-on-blue-soundscapes-for-paintings-2009
https://mnomized.bandcamp.com/album/m-nomized-winter-2021
https://mnomized.bandcamp.com/album/m-nomized-wooden-music-2002
