https://ashtraynavigations.bandcamp.com/album/1995-1997-hands-under-water-reaching-for-nothing
https://ashtraynavigations.bandcamp.com/album/a-candle-in-a-carrotstick
https://ashtraynavigations.bandcamp.com/album/a-mayflower-garland-2
https://ashtraynavigations.bandcamp.com/album/a-monument-to-british-rock-2
https://ashtraynavigations.bandcamp.com/album/a-paper-bag-breathing-in-and-out
https://ashtraynavigations.bandcamp.com/album/a-propos-de-naufrage
https://ashtraynavigations.bandcamp.com/album/abomination-rock
https://ashtraynavigations.bandcamp.com/album/aero-infinite
https://ashtraynavigations.bandcamp.com/album/animalinterior
https://ashtraynavigations.bandcamp.com/album/ashtray-navigations-death-factory
https://ashtraynavigations.bandcamp.com/album/ashtray-navigations-presents-the-mechanical-abrasions-of-volume-one
https://ashtraynavigations.bandcamp.com/album/ashtray-navigations-presents-the-mechanical-abrasions-of-volume-three
https://ashtraynavigations.bandcamp.com/album/ashtray-navigations-presents-the-mechanical-abrasions-of-volume-two
https://ashtraynavigations.bandcamp.com/album/ashtray-weeks
https://ashtraynavigations.bandcamp.com/album/aurora-grease-sweetrocket
https://ashtraynavigations.bandcamp.com/album/axe-attack-in-3d-unfuck-you
https://ashtraynavigations.bandcamp.com/album/backstage-education-august-tour-2007
https://ashtraynavigations.bandcamp.com/album/bananaurora-the-yellow-harvest
https://ashtraynavigations.bandcamp.com/album/beast-series
https://ashtraynavigations.bandcamp.com/album/bees-make-sick-honey
https://ashtraynavigations.bandcamp.com/album/before-you-play-this
https://ashtraynavigations.bandcamp.com/album/blues-and-authentic-river-songs
https://ashtraynavigations.bandcamp.com/album/blues-power-cake
https://ashtraynavigations.bandcamp.com/album/bored-by-the-old-fireside
https://ashtraynavigations.bandcamp.com/album/brittle-licks-666
https://ashtraynavigations.bandcamp.com/album/broadways-annual-holiday-sale-one
https://ashtraynavigations.bandcamp.com/album/broadways-annual-holiday-sale-three
https://ashtraynavigations.bandcamp.com/album/broadways-annual-holiday-sale-two
https://ashtraynavigations.bandcamp.com/album/caeduceus-black-sal
https://ashtraynavigations.bandcamp.com/album/cante-jodido-lookalike-contest
https://ashtraynavigations.bandcamp.com/album/cassetten-collage
https://ashtraynavigations.bandcamp.com/album/chronique-du-nord
https://ashtraynavigations.bandcamp.com/album/cinderella-stamps
https://ashtraynavigations.bandcamp.com/album/cloud-come-cadaver
https://ashtraynavigations.bandcamp.com/album/cobridge-red-church-and-other-visual-splendours
https://ashtraynavigations.bandcamp.com/album/creep
https://ashtraynavigations.bandcamp.com/album/dame-whiskey-mary-jane
https://ashtraynavigations.bandcamp.com/album/deadicated-to-the-sensory-armada
https://ashtraynavigations.bandcamp.com/album/doctor-artur-pills-c-w-hyacinth-zero
https://ashtraynavigations.bandcamp.com/album/early-years-tape-muck-1994-1997
https://ashtraynavigations.bandcamp.com/album/electric-lycanthrope-revisited
https://ashtraynavigations.bandcamp.com/album/electronically-rechanneled-band-and-street-choir
https://ashtraynavigations.bandcamp.com/album/end-of-the-pier-vault
https://ashtraynavigations.bandcamp.com/album/epsons-bladder-salts
https://ashtraynavigations.bandcamp.com/album/expose-your-eyes-ashtray-navigations-ongoing-psychology
https://ashtraynavigations.bandcamp.com/album/feet-deep-in-the-red-juice
https://ashtraynavigations.bandcamp.com/album/fluctuants
https://ashtraynavigations.bandcamp.com/album/flute-falling-vertically
https://ashtraynavigations.bandcamp.com/album/flying-red-spectrum
https://ashtraynavigations.bandcamp.com/album/four-more-raga-moods
https://ashtraynavigations.bandcamp.com/album/fuzzbottle-phenomena
https://ashtraynavigations.bandcamp.com/album/greatest-imaginary-band
https://ashtraynavigations.bandcamp.com/album/halogen-lazy-bunnys-birthday-etc
https://ashtraynavigations.bandcamp.com/album/heavy-invertebrates
https://ashtraynavigations.bandcamp.com/album/idiot-music-lavatory-floor-2
https://ashtraynavigations.bandcamp.com/album/in-liquid-bravado
https://ashtraynavigations.bandcamp.com/album/insect-descent
https://ashtraynavigations.bandcamp.com/album/insert-genre-here
https://ashtraynavigations.bandcamp.com/album/it-was-the-start-of-another-strange-week
https://ashtraynavigations.bandcamp.com/album/johnny-fuckoff-minotaur-easter-exit-2
https://ashtraynavigations.bandcamp.com/album/lemon-blossom-gently-pixelating-in-the-breeze
https://ashtraynavigations.bandcamp.com/album/light-consequences
https://ashtraynavigations.bandcamp.com/album/live-at-cafe-oto-london-31-jan-09
https://ashtraynavigations.bandcamp.com/album/live-in-etruria-temple-garden
https://ashtraynavigations.bandcamp.com/album/machine-cookin
https://ashtraynavigations.bandcamp.com/album/make-it-easy-on-yourself
https://ashtraynavigations.bandcamp.com/album/monocycle-americain
https://ashtraynavigations.bandcamp.com/album/more-slow-shit
https://ashtraynavigations.bandcamp.com/album/neon-eating-stationary-planes
https://ashtraynavigations.bandcamp.com/album/new-fashions-in-toilet-training
https://ashtraynavigations.bandcamp.com/album/one-from-then-another-2
https://ashtraynavigations.bandcamp.com/album/orange-proof-document
https://ashtraynavigations.bandcamp.com/album/para-sol-production
https://ashtraynavigations.bandcamp.com/album/piss-vinegar-sachet
https://ashtraynavigations.bandcamp.com/album/progressive-physical-relaxation-live-at-helderberg-house-nov-2nd-2009
https://ashtraynavigations.bandcamp.com/album/pubbores
https://ashtraynavigations.bandcamp.com/album/pussy-noise-3
https://ashtraynavigations.bandcamp.com/album/re-frost
https://ashtraynavigations.bandcamp.com/album/red-white-elephants-2
https://ashtraynavigations.bandcamp.com/album/remember-fun-live-at-wharf-chambers-march-11th-before-we-all-had-to-stay-at-home
https://ashtraynavigations.bandcamp.com/album/rocks-in-the-necropolis
https://ashtraynavigations.bandcamp.com/album/round-midnight-glamour-off-the-cutting-rm-fl
https://ashtraynavigations.bandcamp.com/album/running-on-autokinetic
https://ashtraynavigations.bandcamp.com/album/san-francisco-loops
https://ashtraynavigations.bandcamp.com/album/saturation
https://ashtraynavigations.bandcamp.com/album/sea-ii
https://ashtraynavigations.bandcamp.com/album/sinking-seagull
https://ashtraynavigations.bandcamp.com/album/skewered-by-clouds
https://ashtraynavigations.bandcamp.com/album/sky-whine
https://ashtraynavigations.bandcamp.com/album/slow-shit
https://ashtraynavigations.bandcamp.com/album/snakestrings-hollywood-taught-you-how-to-kiss
https://ashtraynavigations.bandcamp.com/album/spray
https://ashtraynavigations.bandcamp.com/album/srpls-provncl-hrbs
https://ashtraynavigations.bandcamp.com/album/ssssnares
https://ashtraynavigations.bandcamp.com/album/stranded-in-the-tea-standing-in-the-tea
https://ashtraynavigations.bandcamp.com/album/sugar-head-record
https://ashtraynavigations.bandcamp.com/album/sweet-iron-feet
https://ashtraynavigations.bandcamp.com/album/t-shirt
https://ashtraynavigations.bandcamp.com/album/ten-layer-terror
https://ashtraynavigations.bandcamp.com/album/the-apotheosis-of-vavavoom
https://ashtraynavigations.bandcamp.com/album/the-beak-stuck-out-of-the-snow
https://ashtraynavigations.bandcamp.com/album/the-cream-wheel
https://ashtraynavigations.bandcamp.com/album/the-fabulist
https://ashtraynavigations.bandcamp.com/album/the-night-time-is-the-right-time
https://ashtraynavigations.bandcamp.com/album/the-original-wooden-forest
https://ashtraynavigations.bandcamp.com/album/the-vulgar-glissandro
https://ashtraynavigations.bandcamp.com/album/those-are-pearls-that-were-his-eyes
https://ashtraynavigations.bandcamp.com/album/to-get-beyond-nihilism-by-revaluing-combat
https://ashtraynavigations.bandcamp.com/album/tristes-tropiques
https://ashtraynavigations.bandcamp.com/album/unretirement-principles-fox-and-newt-leeds-14th-december-2025
https://ashtraynavigations.bandcamp.com/album/vertical-ascent-of-a-blue-hotel
https://ashtraynavigations.bandcamp.com/album/water-hole-or-its-better-to-be-clean-than-fancy
https://ashtraynavigations.bandcamp.com/album/what-the-fuck-did-i-dream
https://ashtraynavigations.bandcamp.com/album/whos-been-rocking-my-dreamboat
https://ashtraynavigations.bandcamp.com/album/yesterdays-teeth-cast-in-gold
https://ashtraynavigations.bandcamp.com/album/zoom-up
