https://bloodstereo.bandcamp.com/album/-
https://bloodstereo.bandcamp.com/album/a-many-nippled-child
https://bloodstereo.bandcamp.com/album/all-are-ore-museum
https://bloodstereo.bandcamp.com/album/an-unripe-preoccupation-with-nongenarian-moroseness
https://bloodstereo.bandcamp.com/album/background-noise-for-eating-soup
https://bloodstereo.bandcamp.com/album/bicker-sweet
https://bloodstereo.bandcamp.com/album/day-music-night-music
https://bloodstereo.bandcamp.com/album/dont-chase-the-whisper-let-it-sleep
https://bloodstereo.bandcamp.com/album/dropout-elements
https://bloodstereo.bandcamp.com/album/dulles-unt-huso
https://bloodstereo.bandcamp.com/album/gukuruguh
https://bloodstereo.bandcamp.com/album/h-ra-r-ster-2
https://bloodstereo.bandcamp.com/album/hackit
https://bloodstereo.bandcamp.com/album/i-am-falling-down
https://bloodstereo.bandcamp.com/album/i-found-a-photocopy-of-a-dream-and-it-sent-me-to-sleep
https://bloodstereo.bandcamp.com/album/in-the-egg-2
https://bloodstereo.bandcamp.com/album/junk-operatics
https://bloodstereo.bandcamp.com/album/lalo-mendy
https://bloodstereo.bandcamp.com/album/life-is-but-a-smear-2
https://bloodstereo.bandcamp.com/album/mess-head
https://bloodstereo.bandcamp.com/album/my-disgusting-heart
https://bloodstereo.bandcamp.com/album/no-one-cares-about-the-drama-queens-potassium-intake
https://bloodstereo.bandcamp.com/album/nothing-to-see-hear
https://bloodstereo.bandcamp.com/album/nothing-to-see-hear-2
https://bloodstereo.bandcamp.com/album/old-scar-for-new-nose
https://bloodstereo.bandcamp.com/album/ouster-crawling
https://bloodstereo.bandcamp.com/album/palatine-arches
https://bloodstereo.bandcamp.com/album/peasant-swill
https://bloodstereo.bandcamp.com/album/perpetual-ear-brew
https://bloodstereo.bandcamp.com/album/pocket-mutations
https://bloodstereo.bandcamp.com/album/positively-susan
https://bloodstereo.bandcamp.com/album/recycled-soup
https://bloodstereo.bandcamp.com/album/rid-raw
https://bloodstereo.bandcamp.com/album/scunnered-at-breakfast
https://bloodstereo.bandcamp.com/album/still-asleep
https://bloodstereo.bandcamp.com/album/still-awake
https://bloodstereo.bandcamp.com/album/tape-hiss-for-brain-wash
https://bloodstereo.bandcamp.com/album/tape-loop-meditations
https://bloodstereo.bandcamp.com/album/the-creaking-thirst
https://bloodstereo.bandcamp.com/album/the-eight-thumbed-hand-serenades
https://bloodstereo.bandcamp.com/album/the-failing-chase
https://bloodstereo.bandcamp.com/album/the-final-fumes-from-the-soup-bowl
https://bloodstereo.bandcamp.com/album/the-flood-wants-silence-of-tongue
https://bloodstereo.bandcamp.com/album/the-junk-merchant
https://bloodstereo.bandcamp.com/album/the-lure-of-gurp
https://bloodstereo.bandcamp.com/album/the-toadstool-millionaires
https://bloodstereo.bandcamp.com/album/the-trunk-is-flexed
https://bloodstereo.bandcamp.com/album/therapeutic-effects
https://bloodstereo.bandcamp.com/album/two-drams
https://bloodstereo.bandcamp.com/album/two-paths-to-outer-edge
https://bloodstereo.bandcamp.com/album/unusual-dealers
https://bloodstereo.bandcamp.com/album/where-theres-raw-grace-in-garbage
https://bloodstereo.bandcamp.com/album/whit
https://bloodstereo.bandcamp.com/album/your-snakelike-king
https://bloodstereo.bandcamp.com/track/gong-off
