https://ivansandakov.bandcamp.com/album/-
https://ivansandakov.bandcamp.com/album/--2
https://ivansandakov.bandcamp.com/album/--3
https://ivansandakov.bandcamp.com/album/--4
https://ivansandakov.bandcamp.com/album/--5
https://ivansandakov.bandcamp.com/album/--6
https://ivansandakov.bandcamp.com/album/blossoming-of-a-dream
https://ivansandakov.bandcamp.com/album/blossoming-of-a-dream-2
https://ivansandakov.bandcamp.com/album/blossoming-of-a-dream-full-edition
https://ivansandakov.bandcamp.com/album/breathing-tree
https://ivansandakov.bandcamp.com/album/chyortov-cherenok
https://ivansandakov.bandcamp.com/album/coloring-of-bones
https://ivansandakov.bandcamp.com/album/dead-body-language
https://ivansandakov.bandcamp.com/album/dosis
https://ivansandakov.bandcamp.com/album/dreamstar-virgin
https://ivansandakov.bandcamp.com/album/eating-corroded-worms
https://ivansandakov.bandcamp.com/album/fade-threshold-of-deep-sleep
https://ivansandakov.bandcamp.com/album/flowering-hunger
https://ivansandakov.bandcamp.com/album/grey-amber
https://ivansandakov.bandcamp.com/album/greyhouse
https://ivansandakov.bandcamp.com/album/izvnegrani
https://ivansandakov.bandcamp.com/album/malopeschanka
https://ivansandakov.bandcamp.com/album/mekhanika-plesneveloi-tkani
https://ivansandakov.bandcamp.com/album/naperegonki
https://ivansandakov.bandcamp.com/album/no-descent
https://ivansandakov.bandcamp.com/album/pale-grape
https://ivansandakov.bandcamp.com/album/people-come-dead
https://ivansandakov.bandcamp.com/album/resistance
https://ivansandakov.bandcamp.com/album/scars-pierces
https://ivansandakov.bandcamp.com/album/shumka
https://ivansandakov.bandcamp.com/album/the-pigs-and-the-demons
https://ivansandakov.bandcamp.com/album/untitled-ivan-sandakov-remix
https://ivansandakov.bandcamp.com/album/wounded-fragments
