https://jimkirkwood.bandcamp.com/album/a-pilgrim-on-a-crooked-path
https://jimkirkwood.bandcamp.com/album/after-the-fire
https://jimkirkwood.bandcamp.com/album/amidst-the-dark-dark-trees
https://jimkirkwood.bandcamp.com/album/an-asylum-of-trees-crow-wood
https://jimkirkwood.bandcamp.com/album/archangel
https://jimkirkwood.bandcamp.com/album/by-the-light-of-the-morning-star-pt1-a-revelation-of-the-fall
https://jimkirkwood.bandcamp.com/album/by-the-light-of-the-morning-star-pt2-to-see-the-world-behind-the-mirror
https://jimkirkwood.bandcamp.com/album/by-the-light-of-the-morning-star-pt3-helmsman-on-a-ship-of-dreams
https://jimkirkwood.bandcamp.com/album/by-the-light-of-the-morning-star-pt4-a-once-and-future-heretic
https://jimkirkwood.bandcamp.com/album/canterbury-black
https://jimkirkwood.bandcamp.com/album/castles-of-sand-remaster
https://jimkirkwood.bandcamp.com/album/communion-of-the-damned
https://jimkirkwood.bandcamp.com/album/corvis-christi
https://jimkirkwood.bandcamp.com/album/decensus-ad-inferos
https://jimkirkwood.bandcamp.com/album/down-the-crow-road
https://jimkirkwood.bandcamp.com/album/eru-iluvatar-pt-2
https://jimkirkwood.bandcamp.com/album/eru-iluvatar-pt-3
https://jimkirkwood.bandcamp.com/album/eru-iluvatar-pt1
https://jimkirkwood.bandcamp.com/album/five-things-you-should-know-about-crows
https://jimkirkwood.bandcamp.com/album/foxhalt-edge
https://jimkirkwood.bandcamp.com/album/hawksmoor
https://jimkirkwood.bandcamp.com/album/herongale
https://jimkirkwood.bandcamp.com/album/in-the-deep-places-of-the-world
https://jimkirkwood.bandcamp.com/album/in-the-house-of-the-crowman
https://jimkirkwood.bandcamp.com/album/king-of-the-golden-hall
https://jimkirkwood.bandcamp.com/album/king-of-the-golden-hall-remaster
https://jimkirkwood.bandcamp.com/album/knight-of-a-dark-grail-promo-remaster
https://jimkirkwood.bandcamp.com/album/lord-of-the-dreaming-remaster
https://jimkirkwood.bandcamp.com/album/lost-in-a-wilderness-of-colliding-thoughts
https://jimkirkwood.bandcamp.com/album/master-of-dragons
https://jimkirkwood.bandcamp.com/album/master-of-dragons-remaster
https://jimkirkwood.bandcamp.com/album/memories-of-an-angel-in-amber
https://jimkirkwood.bandcamp.com/album/middle-earth
https://jimkirkwood.bandcamp.com/album/mother-redcaps-basket-of-strange-weather
https://jimkirkwood.bandcamp.com/album/narnia-magic-from-the-dawn-of-time
https://jimkirkwood.bandcamp.com/album/nightshade-in-eden
https://jimkirkwood.bandcamp.com/album/one-amongst-the-fallen
https://jimkirkwood.bandcamp.com/album/queen-of-the-golden-wood
https://jimkirkwood.bandcamp.com/album/raiders-of-the-lost-park
https://jimkirkwood.bandcamp.com/album/relics-from-a-future-age
https://jimkirkwood.bandcamp.com/album/rituals-of-intelligent-design
https://jimkirkwood.bandcamp.com/album/sacred-engines
https://jimkirkwood.bandcamp.com/album/souls-that-dance-on-the-edge-of-a-sword
https://jimkirkwood.bandcamp.com/album/souls-that-dance-on-the-edge-of-a-sword-remaster
https://jimkirkwood.bandcamp.com/album/tales-from-a-melnibone-tavern-remaster
https://jimkirkwood.bandcamp.com/album/tenebrae-a-presence-of-light
https://jimkirkwood.bandcamp.com/album/tenebrae-elric-a-winters-tale
https://jimkirkwood.bandcamp.com/album/tenebrae-the-fire-beyond-the-gate
https://jimkirkwood.bandcamp.com/album/tenebrae-the-garden-of-earthly-delights
https://jimkirkwood.bandcamp.com/album/tenebrae-the-garden-of-earthly-delights-vol2
https://jimkirkwood.bandcamp.com/album/the-apocalypse-of-a-soul-2
https://jimkirkwood.bandcamp.com/album/the-cello-tree
https://jimkirkwood.bandcamp.com/album/the-dark-well
https://jimkirkwood.bandcamp.com/album/the-darkening-hour
https://jimkirkwood.bandcamp.com/album/the-dreamtime-of-rust
https://jimkirkwood.bandcamp.com/album/the-foxhalt-years-and-various-mini-albums
https://jimkirkwood.bandcamp.com/album/the-hermit-of-bryn-or-garreg
https://jimkirkwood.bandcamp.com/album/the-midnight-tree
https://jimkirkwood.bandcamp.com/album/the-moonbeam-station
https://jimkirkwood.bandcamp.com/album/the-morning-star-pt5-kings-under-a-pale-sky
https://jimkirkwood.bandcamp.com/album/the-transfiguration
https://jimkirkwood.bandcamp.com/album/these-lanterns-of-dust-under-a-different-sky
https://jimkirkwood.bandcamp.com/album/they-walk-amongst-the-stars-like-giants
https://jimkirkwood.bandcamp.com/album/this-temple-of-strange-lights
https://jimkirkwood.bandcamp.com/album/through-a-dark-glass-remaster
https://jimkirkwood.bandcamp.com/album/twilight-of-the-celts
https://jimkirkwood.bandcamp.com/album/uruk-hai-remaster
https://jimkirkwood.bandcamp.com/album/voices-from-the-edge-of-night
https://jimkirkwood.bandcamp.com/album/walsingham
https://jimkirkwood.bandcamp.com/album/we-are-nightingales
https://jimkirkwood.bandcamp.com/album/we-keep-the-old-rituals
https://jimkirkwood.bandcamp.com/album/where-shadows-lie
https://jimkirkwood.bandcamp.com/album/where-shadows-lie-remaster
