https://johnedwards.bandcamp.com/album/7-compositions
https://johnedwards.bandcamp.com/album/adventures-in-the-front-room
https://johnedwards.bandcamp.com/album/cafe-oto-24-11-17
https://johnedwards.bandcamp.com/album/fgbh
https://johnedwards.bandcamp.com/album/fit-to-burst-2
https://johnedwards.bandcamp.com/album/gutbreath-i-iv
https://johnedwards.bandcamp.com/album/just-another-day-at-home
https://johnedwards.bandcamp.com/album/lisbon-solo-2
https://johnedwards.bandcamp.com/album/live-at-cafe-oto-2
https://johnedwards.bandcamp.com/album/no-picnics
https://johnedwards.bandcamp.com/album/oslo-solo-221019
https://johnedwards.bandcamp.com/album/paul-dunmall-john-edwards-live-at-the-new-vortex
https://johnedwards.bandcamp.com/album/remote-viewers-trio-live-at-iklectik-121217
https://johnedwards.bandcamp.com/album/remote-viewers-trio-live-at-iklectik-2020
https://johnedwards.bandcamp.com/album/scene-and-recalled
https://johnedwards.bandcamp.com/album/sequestered
https://johnedwards.bandcamp.com/album/solo-at-black-box-cuba
https://johnedwards.bandcamp.com/album/sparrow-dance
https://johnedwards.bandcamp.com/album/talk
https://johnedwards.bandcamp.com/album/the-feeling-principle
https://johnedwards.bandcamp.com/album/two
